--------------------------------------------------------------------------------------------------------------------------------------------------------------------------
Notes: 
  Total_num: the numbers of add/sub in rtl
  Module Name: the module name of the instantiated module calling directly the add/sub sub module
  Location/Inst Name: if linefile info exists(no optimization), print the codes location of add/sub in rtl, else print the inst name
  Count: the amount of lutcarry for add/sub
  Number: the numbers of add/sub with the same lutcarry counts and linefile

Detailed RTL Component Info :
-----Add :
               Total_Num :24
-----Sub :
               Total_Num :3
-----AddSub :
               Total_Num :0

Add_Sub_AddSub: Initial Mapping Report :
|-------------------------------|---------|---------|---------|-----------------------------------------------------------------------------|
|Module Name                    |Type     |Count    |Number   |Location/Inst Name                                                           |
|-------------------------------|---------|---------|---------|-----------------------------------------------------------------------------|
|u_alu                          |Add      |33       |1        |g_bram_profile.u_bram_profile/u_cpu/u_exu/u_alu/N48_9                        |
|-------------------------------|---------|---------|---------|-----------------------------------------------------------------------------|
|u_csr                          |Add      |64       |1        |../../cpu/Hcsr.v:151                                                         |
|-------------------------------|---------|---------|---------|-----------------------------------------------------------------------------|
|u_csr                          |Add      |64       |1        |../../cpu/Hcsr.v:163                                                         |
|-------------------------------|---------|---------|---------|-----------------------------------------------------------------------------|
|u_div                          |Add      |32       |1        |../../cpu/div.v:36                                                           |
|-------------------------------|---------|---------|---------|-----------------------------------------------------------------------------|
|u_div                          |Add      |32       |1        |../../cpu/div.v:37                                                           |
|-------------------------------|---------|---------|---------|-----------------------------------------------------------------------------|
|u_div                          |Add      |32       |1        |../../cpu/div.v:71                                                           |
|-------------------------------|---------|---------|---------|-----------------------------------------------------------------------------|
|u_div                          |Add      |32       |1        |../../cpu/div.v:74                                                           |
|-------------------------------|---------|---------|---------|-----------------------------------------------------------------------------|
|u_div                          |Sub      |33       |1        |g_bram_profile.u_bram_profile/u_cpu/u_exu/u_div/N16_3                        |
|-------------------------------|---------|---------|---------|-----------------------------------------------------------------------------|
|u_exu                          |Add      |30       |1        |../../cpu/Hexu.v:239                                                         |
|-------------------------------|---------|---------|---------|-----------------------------------------------------------------------------|
|u_flash_bram_boot              |Add      |18       |1        |../../soc/flash_boot/flash_bram_boot.v:156                                   |
|-------------------------------|---------|---------|---------|-----------------------------------------------------------------------------|
|u_flash_bram_boot              |Add      |32       |1        |../../soc/flash_boot/flash_bram_boot.v:163                                   |
|-------------------------------|---------|---------|---------|-----------------------------------------------------------------------------|
|u_flash_bram_boot              |Add      |13       |1        |../../soc/flash_boot/flash_bram_boot.v:209                                   |
|-------------------------------|---------|---------|---------|-----------------------------------------------------------------------------|
|u_flash_reader                 |Sub      |32       |1        |../../soc/flash_boot/spi_flash_byte_reader.v:129                             |
|-------------------------------|---------|---------|---------|-----------------------------------------------------------------------------|
|u_flash_reader                 |Add      |12       |1        |../../soc/flash_boot/spi_flash_byte_reader.v:35                              |
|-------------------------------|---------|---------|---------|-----------------------------------------------------------------------------|
|u_flash_reader                 |Add      |32       |1        |../../soc/flash_boot/spi_flash_byte_reader.v:74                              |
|-------------------------------|---------|---------|---------|-----------------------------------------------------------------------------|
|u_idu                          |Add      |33       |1        |../../cpu/Hidu.v:295                                                         |
|-------------------------------|---------|---------|---------|-----------------------------------------------------------------------------|
|u_idu                          |Add      |33       |1        |../../cpu/Hidu.v:296                                                         |
|-------------------------------|---------|---------|---------|-----------------------------------------------------------------------------|
|u_idu                          |Add      |30       |1        |../../cpu/Hidu.v:309                                                         |
|-------------------------------|---------|---------|---------|-----------------------------------------------------------------------------|
|u_ifu                          |Add      |30       |1        |../../cpu/Hifu.v:61                                                          |
|-------------------------------|---------|---------|---------|-----------------------------------------------------------------------------|
|u_ifu                          |Sub      |30       |1        |../../cpu/Hifu.v:89                                                          |
|-------------------------------|---------|---------|---------|-----------------------------------------------------------------------------|
|u_ifu                          |Add      |30       |1        |../../cpu/Hifu.v:97                                                          |
|-------------------------------|---------|---------|---------|-----------------------------------------------------------------------------|
|u_jtag_dm                      |Add      |33       |1        |../../jtag/jtag_dm.v:338                                                     |
|-------------------------------|---------|---------|---------|-----------------------------------------------------------------------------|
|u_mem                          |Add      |31       |1        |../../soc/axi_mem_backend.v:134                                              |
|-------------------------------|---------|---------|---------|-----------------------------------------------------------------------------|
|u_mem                          |Add      |31       |1        |../../soc/axi_mem_backend.v:135                                              |
|-------------------------------|---------|---------|---------|-----------------------------------------------------------------------------|
|u_mul                          |Add      |36       |1        |g_bram_profile.u_bram_profile/u_cpu/u_exu/u_mul/N32_3                        |
|-------------------------------|---------|---------|---------|-----------------------------------------------------------------------------|
|u_mul                          |Add      |49       |1        |g_bram_profile.u_bram_profile/u_cpu/u_exu/u_mul/N32_4                        |
|-------------------------------|---------|---------|---------|-----------------------------------------------------------------------------|
|u_uart0_tx                     |Add      |16       |1        |../../soc/Huart_tx.v:83                                                      |
|-------------------------------|---------|---------|---------|-----------------------------------------------------------------------------|

--------------------------------------------------------------------------------------------------------------------------------------------------------------------------

