-------------------------------------------------------------------------------------------------------------------------------------------------------------------------------------------------------------------------------------------------------------------------------------------------------------------------------------------------
Detailed RTL Component Info :
-----Module Name :
                    Hfpga_soc

-----Multipliers :
                    16 x 16     Multipliers := 1
                    17 x 17     Multipliers := 3

-----Adders :

APM: Final Mapping Report
|-------------------------------------------------------|-----------------------------------------------------------------|--------------|--------------|---------|---------|---------|---------|---------|---------|---------|---------|--------------|--------------|--------------|--------------|--------------|--------------|
| APM Inst Name                                         | APM Cascade                                                     | X Size       | Y Size       | Z Size  | XB Size | P Size  | X_REG   | Y_REG   | Z_REG   | XB_REG  | P_REG   | MULT_REG     | PREADD_REG   | USE_PREADD   | USE_POSTADD  | USE_MULT     | Primitives   |
|-------------------------------------------------------|-----------------------------------------------------------------|--------------|--------------|---------|---------|---------|---------|---------|---------|---------|---------|--------------|--------------|--------------|--------------|--------------|--------------|
| g_bram_profile.u_bram_profile/u_cpu/u_exu/u_mul/N19   | /                                                               | 17(signed)   | 17(signed)   | /       | /       | 32      | 0       | 0       | /       | /       | 0       | 1            | 0            | 0            | 0            | 1            | GTP_APM_E2   |
|-------------------------------------------------------|-----------------------------------------------------------------|--------------|--------------|---------|---------|---------|---------|---------|---------|---------|---------|--------------|--------------|--------------|--------------|--------------|--------------|
| g_bram_profile.u_bram_profile/u_cpu/u_exu/u_mul/N10   | /                                                               | 16(unsigned) | 16(unsigned) | /       | /       | 32      | 1       | 1       | /       | /       | 0       | 1            | 0            | 0            | 0            | 1            | GTP_APM_E2   |
|-------------------------------------------------------|-----------------------------------------------------------------|--------------|--------------|---------|---------|---------|---------|---------|---------|---------|---------|--------------|--------------|--------------|--------------|--------------|--------------|
| g_bram_profile.u_bram_profile/u_cpu/u_exu/u_mul/N13   | /                                                               | 16(unsigned) | 17(signed)   | /       | /       | 34      | 1       | 0       | /       | /       | 0       | 1            | 0            | 0            | 0            | 1            | GTP_APM_E2   |
|-------------------------------------------------------|-----------------------------------------------------------------|--------------|--------------|---------|---------|---------|---------|---------|---------|---------|---------|--------------|--------------|--------------|--------------|--------------|--------------|
| g_bram_profile.u_bram_profile/u_cpu/u_exu/u_mul/N16   | /                                                               | 17(signed)   | 16(unsigned) | /       | /       | 34      | 0       | 1       | /       | /       | 0       | 1            | 0            | 0            | 0            | 1            | GTP_APM_E2   |
|-------------------------------------------------------|-----------------------------------------------------------------|--------------|--------------|---------|---------|---------|---------|---------|---------|---------|---------|--------------|--------------|--------------|--------------|--------------|--------------|

-------------------------------------------------------------------------------------------------------------------------------------------------------------------------------------------------------------------------------------------------------------------------------------------------------------------------------------------------

