#Build: Fabric Compiler 2022.2-SP6.4, Build 146967, Jan 31 01:39 2024
#Install: F:\PDS_2022.2-SP6.4\bin
#Application name: pds_shell.exe
#OS: Windows 10 10.0.22621
#Hostname: ZHAO-Zhenxiang
Generated by Fabric Compiler (version 2022.2-SP6.4 build 146967) at Tue Oct  6 20:44:02 2026
Compiling verification operator library.
Compiling common defs.
Loading technology operator library.
Compiling technology operator library.
Compiling technology operator (valence) library.
Compiling operator packing rules.
Compiling prim grid devices.
Compiling gate devices.
Compiling gate operators.
Compiling tech operator impls.
Building architecture model.
Loading device packaging model.
Flattening design 'Hfpga_soc'
Device mapping started.
Optimizing circuit logic.
Checking design netlist.
Processing tech operator.
I: The instance clkbufg_0(GTP_CLKBUFG) has been inserted on the net g_bram_profile.u_bram_profile/cpu_clk in design, driver pin CLKOUT0(instance g_bram_profile.u_bram_profile/u_pll/u_gpll) -> load pin CLK(instance g_bram_profile.u_bram_profile/cpu_rst_cnt[0]).
I: The instance clkbufg_1(GTP_CLKBUFG) has been inserted on the net g_bram_profile.u_bram_profile/JTAG_TCK_in in design, driver pin O(instance g_bram_profile.u_bram_profile/u_jtag_tck_buf) -> load pin I(instance g_bram_profile.u_bram_profile/u_jtag/u_jtag_driver/N358).
Converting tech operator to gate operator.
Processing gate operator.
I: Infer CARRY group, base inst: g_bram_profile.u_bram_profile/u_flash_bram_boot/N59_2_0/gateop, insts:17.
I: Infer CARRY group, base inst: g_bram_profile.u_bram_profile/u_flash_bram_boot/N74_1_0/gateop, insts:2.
I: Infer CARRY group, base inst: g_bram_profile.u_bram_profile/u_flash_bram_boot/N155.eq_0/gateop, insts:16.
I: Infer CARRY group, base inst: g_bram_profile.u_bram_profile/u_flash_bram_boot/N164_1_1/gateop, insts:12.
I: Infer CARRY group, base inst: g_bram_profile.u_bram_profile/u_mem/N5_1_1/gateop, insts:30.
I: Infer CARRY group, base inst: g_bram_profile.u_bram_profile/u_mem/N11_1_1/gateop, insts:30.
I: Infer CARRY group, base inst: g_bram_profile.u_bram_profile/u_uart0_tx/N63.lt_0/gateop, insts:8.
I: Infer CARRY group, base inst: g_bram_profile.u_bram_profile/u_uart0_tx/N79_1_0/gateop, insts:16.
I: Infer CARRY group, base inst: g_bram_profile.u_bram_profile/u_cpu/u_btb/N2.eq_0/gateop, insts:13.
I: Infer CARRY group, base inst: g_bram_profile.u_bram_profile/u_cpu/u_btb/N167.eq_0/gateop, insts:13.
I: Infer CARRY group, base inst: g_bram_profile.u_bram_profile/u_cpu/u_exu/N131_1_1/gateop, insts:29.
I: Infer CARRY group, base inst: g_bram_profile.u_bram_profile/u_cpu/u_idu/N274.eq_0/gateop, insts:16.
I: Infer CARRY group, base inst: g_bram_profile.u_bram_profile/u_cpu/u_idu/N277.slt_0/gateop, insts:16.
I: Infer CARRY group, base inst: g_bram_profile.u_bram_profile/u_cpu/u_idu/N280.lt_0/gateop, insts:16.
I: Infer CARRY group, base inst: g_bram_profile.u_bram_profile/u_cpu/u_idu/N322_0/gateop, insts:33.
I: Infer CARRY group, base inst: g_bram_profile.u_bram_profile/u_cpu/u_idu/N325_1/gateop, insts:32.
I: Infer CARRY group, base inst: g_bram_profile.u_bram_profile/u_cpu/u_idu/N336_1_1/gateop, insts:29.
I: Infer CARRY group, base inst: g_bram_profile.u_bram_profile/u_cpu/u_idu/N338_0.eq_0/gateop, insts:16.
I: Infer CARRY group, base inst: g_bram_profile.u_bram_profile/u_cpu/u_idu/N338_1.eq_0/gateop, insts:16.
I: Infer CARRY group, base inst: g_bram_profile.u_bram_profile/u_cpu/u_ifu/N3_1_0/gateop, insts:30.
I: Infer CARRY group, base inst: g_bram_profile.u_bram_profile/u_cpu/u_ifu/N29_1.fsub_1/gateop, insts:29.
I: Infer CARRY group, base inst: g_bram_profile.u_bram_profile/u_cpu/u_ifu/N34_1_1/gateop, insts:29.
I: Infer CARRY group, base inst: g_bram_profile.u_bram_profile/u_flash_bram_boot/u_flash_reader/N39_1_1/gateop, insts:31.
I: Infer CARRY group, base inst: g_bram_profile.u_bram_profile/u_flash_bram_boot/u_flash_reader/N121_1.fsub_1/gateop, insts:31.
I: Infer CARRY group, base inst: g_bram_profile.u_bram_profile/u_jtag/u_jtag_dm/N260_0/gateop, insts:33.
I: Infer CARRY group, base inst: g_bram_profile.u_bram_profile/u_cpu/u_exu/u_alu/N11.slt_0/gateop, insts:16.
I: Infer CARRY group, base inst: g_bram_profile.u_bram_profile/u_cpu/u_exu/u_alu/N16.lt_0/gateop, insts:16.
I: Infer CARRY group, base inst: g_bram_profile.u_bram_profile/u_cpu/u_exu/u_alu/N48_9_0/gateop, insts:33.
I: Infer CARRY group, base inst: g_bram_profile.u_bram_profile/u_cpu/u_exu/u_csr/N0.lt_0/gateop, insts:32.
I: Infer CARRY group, base inst: g_bram_profile.u_bram_profile/u_cpu/u_exu/u_csr/N142_1_1/gateop, insts:63.
I: Infer CARRY group, base inst: g_bram_profile.u_bram_profile/u_cpu/u_exu/u_csr/N173_1_1/gateop, insts:63.
I: Infer CARRY group, base inst: g_bram_profile.u_bram_profile/u_cpu/u_exu/u_div/N3_1_0/gateop, insts:32.
I: Infer CARRY group, base inst: g_bram_profile.u_bram_profile/u_cpu/u_exu/u_div/N8_1_0/gateop, insts:32.
I: Infer CARRY group, base inst: g_bram_profile.u_bram_profile/u_cpu/u_exu/u_div/N12.lt_0/gateop, insts:16.
I: Infer CARRY group, base inst: g_bram_profile.u_bram_profile/u_cpu/u_exu/u_div/N16_3.fsub_1/gateop, insts:32.
I: Infer CARRY group, base inst: g_bram_profile.u_bram_profile/u_cpu/u_exu/u_div/N30_1_1/gateop, insts:31.
I: Infer CARRY group, base inst: g_bram_profile.u_bram_profile/u_cpu/u_exu/u_div/N34_1_0/gateop, insts:32.
I: Infer CARRY group, base inst: g_bram_profile.u_bram_profile/u_cpu/u_exu/u_mul/N32_3_1/gateop, insts:35.
I: Infer CARRY group, base inst: g_bram_profile.u_bram_profile/u_cpu/u_exu/u_mul/N32_4_1/gateop, insts:48.
Device Utilization Summary:
+------------------------------------------------------------------------+
| Logic Utilization     | Used     | Available     | Utilization(%)     
+------------------------------------------------------------------------+
| APM                   | 4        | 740           | 1                  
| FF                    | 4540     | 319600        | 2                  
| LUT                   | 4494     | 159800        | 3                  
| Distributed RAM       | 0        | 39500         | 0                  
| DRM                   | 20       | 415           | 5                  
| IO                    | 122      | 400           | 31                 
| RCKB                  | 0        | 40            | 0                  
| SCANCHAIN             | 0        | 1             | 0                  
| USCM                  | 2        | 32            | 7                  
| CCS                   | 1        | 1             | 100                
| ADC                   | 0        | 1             | 0                  
| DDR_PHY               | 0        | 40            | 0                  
| HSSTLP                | 0        | 2             | 0                  
| GPLL                  | 1        | 10            | 10                 
| PPLL                  | 0        | 10            | 0                  
| DDRPHY_CPD            | 0        | 20            | 0                  
| HCKB                  | 0        | 120           | 0                  
| IOCKB                 | 0        | 40            | 0                  
| MRCKB                 | 0        | 20            | 0                  
| PCIE                  | 0        | 1             | 0                  
| DDRPHY_IOCLK_DIV      | 0        | 10            | 0                  
| ANALOG                | 0        | 1             | 0                  
| TSERDES               | 0        | 80            | 0                  
| KEYRAM                | 0        | 1             | 0                  
+------------------------------------------------------------------------+

Device mapping done.
Total device mapping takes 0.27 sec.

Design 'Hfpga_soc' has been successfully mapped to architecture-specific objects.
Saving design to DB.
W: Public-4010: Pcf file F:/SocFpga/project/device_map/Hfpga_soc.pcf has been covered.
Action dev_map: Real time elapsed is 0h:0m:12s
Action dev_map: CPU time elapsed is 0h:0m:3s
Action dev_map: Process CPU time elapsed is 0h:0m:3s
Current time: Tue Oct  6 20:44:12 2026
Action dev_map: Peak memory pool usage is 504 MB
