#Build: Fabric Compiler 2022.2-SP6.4, Build 146967, Jan 31 01:39 2024
#Install: F:\PDS_2022.2-SP6.4\bin
#Application name: pds_shell.exe
#OS: Windows 10 10.0.22621
#Hostname: ZHAO-Zhenxiang
Generated by Fabric Compiler (version 2022.2-SP6.4 build 146967) at Sat Sep 26 15:29:56 2026
Compiling verification operator library.
Compiling common defs.
Loading technology operator library.
Compiling technology operator library.
Compiling technology operator (valence) library.
Compiling operator packing rules.
Compiling prim grid devices.
Compiling gate devices.
Compiling gate operators.
Compiling tech operator impls.
Building architecture model.
Loading device packaging model.
E: Flow-0037: Fic file is empty.
Program Error Out.
Action dev_map: Real time elapsed is 0h:0m:12s
Action dev_map: CPU time elapsed is 0h:0m:3s
Action dev_map: Process CPU time elapsed is 0h:0m:3s
Current time: Sat Sep 26 15:30:07 2026
Action dev_map: Peak memory pool usage is 467 MB
