#Build: Fabric Configuration 2022.2-SP6.4, Build 146967, Jan 31 01:39 2024
#Install: F:\PDS_2022.2-SP6.4\bin
#Application name: cdt_cfg.exe
#OS: Windows 10 10.0.22621
#Hostname: ZHAO-Zhenxiang
Generated by Fabric Configuration (version 2022.2-SP6.4 build 146967) at Thu Oct  1 21:33:58 2026
M_PROCESS_FINISH_STARTED

The Start Address of bit file F:/SocFpga/project/generate_bitstream/Hfpga_soc.sbit: 0x0
The Start Address of User Data F:/SocFpga/bsp/camera_app/camera_uart_debug_local.bin: 0xa00000
Connecting to server[127.0.0.1 : 65420].
Connect to server[127.0.0.1 : 65420] successfully.
COMMAND[check version information] execute successfully, takes 1.5 secs.
The cable List : 
Cable index 0:USB Cable II/fffffffffffffffe 

COMMAND[get_cable_paras] execute successfully, takes 2.0 secs.
Loading file 'F:/SocFpga/project/generate_bitstream/Hfpga_soc.sbit' done!
Added Device Logos2-PG2L200H successfully!
E: JtagServer-0006: Fail to open PANGO USB CABLE II cable.
E: JtagServer-0306: No devices detected while scanning the JTAG chain, failed detecting JTAG device chain.
W: Please check the device power, cable connection situation and whether put the chip in the right way or not.
   If these do not work, try to restart the software.
E: Configuration-0008: The command 'Open config cable' execute fail.
E: JtagServer-0336: Flash id is 0x0, maybe the clock frequency is high or this flash is not supported, please reduce the clock frequency of cable or replace with other flash.
E: Configuration-0008: The command 'Scan Outer SPI Flash' execute fail.
E: JtagServer-0336: Flash id is 0x0, maybe the clock frequency is high or this flash is not supported, please reduce the clock frequency of cable or replace with other flash.
E: Configuration-0008: The command 'Scan Outer SPI Flash' execute fail.
COMMAND[Scan Outer SPI Flash] execute successfully, takes 2.7 secs.
The start address of operating flash is 0x0.
COMMAND[Erase Outer Flash] execute finish, takes 35.3 secs.
The start address of operating flash is 0x0.
COMMAND[Program Outer Flash] execute finish, takes 166.5 secs.
The start address of operating flash is 0x0.
COMMAND[Verify Outer Flash] execute successfully, takes 10.9 secs.
The start address of operating flash is 0x0.
COMMAND[Verify Outer Flash] execute successfully, takes 10.7 secs.
The Start Address of bit file F:/SocFpga/project/generate_bitstream/Hfpga_soc.sbit: 0x0
The Start Address of User Data F:/SocFpga/bsp/camera_app/camera_uart_debug.bin: 0xa00000
The start address of operating flash is 0x0.
E: JtagServer-0306: No devices detected while scanning the JTAG chain, failed detecting JTAG device chain.
E: Configuration-0008: The command 'Erase Outer Flash' execute fail.
The start address of operating flash is 0x0.
COMMAND[Erase Outer Flash] execute finish, takes 35.3 secs.
The start address of operating flash is 0x0.
COMMAND[Program Outer Flash] execute finish, takes 166.5 secs.
The start address of operating flash is 0x0.
COMMAND[Verify Outer Flash] execute successfully, takes 11.0 secs.
The start address of operating flash is 0x0.
COMMAND[Verify Outer Flash] execute successfully, takes 10.8 secs.
