#Build: Fabric Compiler 2022.2-SP6.4, Build 146967, Jan 31 01:39 2024
#Install: F:\PDS_2022.2-SP6.4\bin
#Application name: pds_shell.exe
#OS: Windows 10 10.0.22621
#Hostname: ZHAO-Zhenxiang
Generated by Fabric Compiler (version 2022.2-SP6.4 build 146967) at Thu Oct  1 19:08:33 2026
Compiling verification operator library.
Compiling common defs.
Loading technology operator library.
Compiling technology operator library.
Compiling technology operator (valence) library.
Compiling operator packing rules.
Compiling prim grid devices.
Compiling gate devices.
Compiling gate operators.
Compiling tech operator impls.
Building architecture model.
Loading device packaging model.
Flattening design 'Hfpga_soc'
W: Public-4008: Instance 'u_ddr3_ctrl/u_ddrphy_top/ddrphy_reset_ctrl/ddrphy_ioclk_gate[2]' of 'GTP_DFF_P' unit is dangling and will be cleaned.
Device mapping started.
Optimizing circuit logic.
Checking design netlist.
Processing tech operator.
I: The instance clkbufg_0(GTP_CLKBUFG) has been inserted on the net cpu_clk in design, driver pin CLKOUT0(instance u_pll/u_gpll) -> load pin CLK(instance cpu_rst_cnt[0]).
I: The instance clkbufg_1(GTP_CLKBUFG) has been inserted on the net nt_cam1_pclk in design, driver pin O(instance cam1_pclk_ibuf) -> load pin CLK(instance u_cam1/drop_frame_pclk).
I: The instance clkbufg_2(GTP_CLKBUFG) has been inserted on the net JTAG_TCK_in in design, driver pin O(instance GTP_INBUF_inst) -> load pin I(instance u_jtag/u_jtag_driver/N358).
Converting tech operator to gate operator.
Processing gate operator.
I: Infer CARRY group, base inst: u_cam1/N433_1_1/gateop, insts:31.
I: Infer CARRY group, base inst: u_cam1/N440_1_1/gateop, insts:19.
I: Infer CARRY group, base inst: u_cam1/N727_1/gateop, insts:2.
I: Infer CARRY group, base inst: u_ddr3_ctrl/u_ips_ddrc_top/mcdq_axi_mc/mcdq_axi_channel0/mcdq_axi_wdata_align/u_axi_wdata_align_fifo/fifo_loop[2].ips2l_distributed_fifo_data/u_ips2l_distributed_fifo_distributed_fifo_v1_0/u_ips2l_distributed_fifo_ctr/N36.eq_0/gateop, insts:3.
I: Infer CARRY group, base inst: u_ddr3_ctrl/u_ips_ddrc_top/mcdq_axi_mc/mcdq_axi_channel0/mcdq_axi_wdata_align/u_axi_wdata_align_fifo/fifo_loop[3].ips2l_distributed_fifo_data/u_ips2l_distributed_fifo_distributed_fifo_v1_0/u_ips2l_distributed_fifo_ctr/N36.eq_0/gateop, insts:3.
I: Infer CARRY group, base inst: u_ddr3_ctrl/u_ips_ddrc_top/mcdq_axi_mc/mcdq_axi_channel0/mcdq_axi_wdata_align/u_axi_wdata_align_fifo/fifo_loop[4].ips2l_distributed_fifo_data/u_ips2l_distributed_fifo_distributed_fifo_v1_0/u_ips2l_distributed_fifo_ctr/N36.eq_0/gateop, insts:3.
I: Infer CARRY group, base inst: u_mem/N5_1_1/gateop, insts:30.
I: Infer CARRY group, base inst: u_mem/N11_1_1/gateop, insts:30.
I: Infer CARRY group, base inst: u_uart0_tx/N55.lt_0/gateop, insts:8.
I: Infer CARRY group, base inst: u_uart0_tx/N71_1_1/gateop, insts:15.
I: Infer CARRY group, base inst: u_cam1/u_dma/N10_0/gateop, insts:26.
I: Infer CARRY group, base inst: u_cam1/u_dma/N19_6/gateop, insts:2.
I: Infer CARRY group, base inst: u_cam1/u_dma/N94_1_1/gateop, insts:31.
I: Infer CARRY group, base inst: u_cam1/u_dma/N133_2_0/gateop, insts:20.
I: Infer CARRY group, base inst: u_cam1/u_dma/N230_1_0/gateop, insts:20.
I: Infer CARRY group, base inst: u_cam1/u_dma/N232_1_0/gateop, insts:31.
I: Infer CARRY group, base inst: u_cam1/u_dma/N234_1_0/gateop, insts:32.
I: Infer CARRY group, base inst: u_cam1/u_dma/N237_0/gateop, insts:33.
I: Infer CARRY group, base inst: u_cam1/u_dma/N791_1_1/gateop, insts:31.
I: Infer CARRY group, base inst: u_cam1/u_dma/N934_1_1/gateop, insts:24.
I: Infer CARRY group, base inst: u_cam1/u_dma/N972_1_1/gateop, insts:31.
I: Infer CARRY group, base inst: u_cam1/u_dma/N1517_4/gateop, insts:2.
I: Infer CARRY group, base inst: u_cam1/u_dma/N1836/gateop, insts:2.
I: Infer CARRY group, base inst: u_cam1/u_dvp_rx/N28_1_1/gateop, insts:31.
I: Infer CARRY group, base inst: u_cam1/u_dvp_rx/N69_1_0/gateop, insts:32.
I: Infer CARRY group, base inst: u_cam1/u_dvp_rx/N99_1_0/gateop, insts:32.
I: Infer CARRY group, base inst: u_cam1/u_dvp_rx/N121_1_1/gateop, insts:31.
I: Infer CARRY group, base inst: u_cam1/u_fifo/N8_1/gateop, insts:11.
I: Infer CARRY group, base inst: u_cam1/u_fifo/N11_1/gateop, insts:11.
I: Infer CARRY group, base inst: u_cam1/u_fifo/N31/gateop, insts:2.
I: Infer CARRY group, base inst: u_cam1/u_fifo/N88.eq_0/gateop, insts:6.
I: Infer CARRY group, base inst: u_cam1/u_fifo/N89.eq_0/gateop, insts:6.
I: Infer CARRY group, base inst: u_cam1/u_fifo/N102.fsub_0/gateop, insts:12.
I: Infer CARRY group, base inst: u_cam1/u_fifo/N104.lt_0/gateop, insts:6.
I: Infer CARRY group, base inst: u_cam1/u_fifo/N127.fsub_1/gateop, insts:11.
I: Infer CARRY group, base inst: u_ddr3_ctrl/u_ips_ddrc_top/mcdq_axi_mc/mcdq_axi_channel0/mcdq_axi_wdata_align/u_axi_wdata_align_fifo/fifo_loop[5].ips2l_distributed_fifo_data/u_ips2l_distributed_fifo_distributed_fifo_v1_0/u_ips2l_distributed_fifo_ctr/N36.eq_0/gateop, insts:3.
I: Infer CARRY group, base inst: u_ddr3_ctrl/u_ips_ddrc_top/mcdq_axi_mc/mcdq_axi_channel0/mcdq_axi_wdata_align/u_axi_wdata_align_fifo/fifo_loop[6].ips2l_distributed_fifo_data/u_ips2l_distributed_fifo_distributed_fifo_v1_0/u_ips2l_distributed_fifo_ctr/N36.eq_0/gateop, insts:3.
I: Infer CARRY group, base inst: u_cpu/u_btb/N2.eq_0/gateop, insts:13.
I: Infer CARRY group, base inst: u_ddr3_ctrl/u_ips_ddrc_top/mcdq_axi_mc/mcdq_axi_channel0/mcdq_axi_wdata_align/u_axi_wdata_align_fifo/fifo_loop[7].ips2l_distributed_fifo_data/u_ips2l_distributed_fifo_distributed_fifo_v1_0/u_ips2l_distributed_fifo_ctr/N36.eq_0/gateop, insts:3.
I: Infer CARRY group, base inst: u_ddr3_ctrl/u_ips_ddrc_top/mcdq_axi_mc/mcdq_axi_channel0/mcdq_axi_wdata_align/u_axi_wdata_align_fifo/ips2l_distributed_fifo_wstrb0/u_ips2l_distributed_fifo_distributed_fifo_v1_0/u_ips2l_distributed_fifo_ctr/N36.eq_0/gateop, insts:3.
I: Infer CARRY group, base inst: u_ddr3_ctrl/u_ips_ddrc_top/mcdq_axi_mc/mcdq_axi_channel0/mcdq_axi_wdata_align/u_axi_wrcmd_align_fifo/ips2l_distributed_fifo/u_ips2l_distributed_fifo_distributed_fifo_v1_0/u_ips2l_distributed_fifo_ctr/N24_1.fsub_1/gateop, insts:6.
I: Infer CARRY group, base inst: u_ddr3_ctrl/u_ips_ddrc_top/mcdq_axi_mc/mcdq_axi_channel0/mcdq_axi_wdata_align/u_axi_wrcmd_align_fifo/ips2l_distributed_fifo/u_ips2l_distributed_fifo_distributed_fifo_v1_0/u_ips2l_distributed_fifo_ctr/N30.fsub_1/gateop, insts:6.
I: Infer CARRY group, base inst: u_ddr3_ctrl/u_ips_ddrc_top/mcdq_axi_mc/mcdq_axi_channel0/mcdq_axi_rdata_align/u_mcdq_axi_rdata_arrange/u_axi_rdata_fifo/fifo_loop[0].ips2l_distributed_fifo_data/u_ips2l_distributed_fifo_distributed_fifo_v1_0/u_ips2l_distributed_fifo_ctr/N24_1.fsub_0/gateop, insts:7.
I: Infer CARRY group, base inst: u_ddr3_ctrl/u_ips_ddrc_top/mcdq_axi_mc/mcdq_axi_channel0/mcdq_axi_rdata_align/u_mcdq_axi_rdata_arrange/u_axi_rdata_fifo/fifo_loop[0].ips2l_distributed_fifo_data/u_ips2l_distributed_fifo_distributed_fifo_v1_0/u_ips2l_distributed_fifo_ctr/N30.fsub_0/gateop, insts:7.
I: Infer CARRY group, base inst: u_cpu/u_btb/N167.eq_0/gateop, insts:13.
I: Infer CARRY group, base inst: u_ddr3_ctrl/u_ips_ddrc_top/mcdq_axi_mc/mcdq_axi_channel0/mcdq_axi_rdata_align/u_mcdq_axi_rdata_arrange/u_axi_rdata_mac_fifo0/fifo_loop[0].ips2l_distributed_fifo/u_ips2l_distributed_fifo_distributed_fifo_v1_0/u_ips2l_distributed_fifo_ctr/N16.eq_0/gateop, insts:3.
I: Infer CARRY group, base inst: u_ddr3_ctrl/u_ips_ddrc_top/mcdq_axi_mc/mcdq_axi_channel0/mcdq_axi_rdata_align/u_mcdq_axi_rdata_arrange/u_axi_rdata_mac_fifo0/fifo_loop[0].ips2l_distributed_fifo/u_ips2l_distributed_fifo_distributed_fifo_v1_0/u_ips2l_distributed_fifo_ctr/N36.eq_0/gateop, insts:4.
I: Infer CARRY group, base inst: u_cpu/u_dcache/N940.eq_0/gateop, insts:4.
I: Infer CARRY group, base inst: u_cpu/u_dcache/N950.eq_0/gateop, insts:10.
I: Infer CARRY group, base inst: u_cpu/u_dcache/N953.eq_0/gateop, insts:10.
I: Infer CARRY group, base inst: u_cpu/u_dcache/N979_33/gateop, insts:2.
I: Infer CARRY group, base inst: u_cpu/u_dcache/N979_35/gateop, insts:2.
I: Infer CARRY group, base inst: u_cpu/u_dcache/N979_37/gateop, insts:2.
I: Infer CARRY group, base inst: u_cpu/u_dcache/N979_39/gateop, insts:2.
I: Infer CARRY group, base inst: u_cpu/u_dcache/N979_41/gateop, insts:2.
I: Infer CARRY group, base inst: u_cpu/u_dcache/N979_43/gateop, insts:2.
I: Infer CARRY group, base inst: u_cpu/u_dcache/N979_45/gateop, insts:2.
I: Infer CARRY group, base inst: u_cpu/u_dcache/N979_53/gateop, insts:2.
I: Infer CARRY group, base inst: u_cpu/u_dcache/N979_55/gateop, insts:2.
I: Infer CARRY group, base inst: u_cpu/u_dcache/N979_57/gateop, insts:2.
I: Infer CARRY group, base inst: u_cpu/u_dcache/N979_59/gateop, insts:2.
I: Infer CARRY group, base inst: u_cpu/u_dcache/N979_61/gateop, insts:2.
I: Infer CARRY group, base inst: u_cpu/u_dcache/N979_65/gateop, insts:2.
I: Infer CARRY group, base inst: u_cpu/u_dcache/N979_67/gateop, insts:2.
I: Infer CARRY group, base inst: u_cpu/u_dcache/N979_69/gateop, insts:2.
I: Infer CARRY group, base inst: u_cpu/u_dcache/N979_71/gateop, insts:2.
I: Infer CARRY group, base inst: u_cpu/u_dcache/N979_73/gateop, insts:2.
I: Infer CARRY group, base inst: u_cpu/u_dcache/N979_75/gateop, insts:2.
I: Infer CARRY group, base inst: u_cpu/u_dcache/N979_77/gateop, insts:2.
I: Infer CARRY group, base inst: u_cpu/u_dcache/N979_81/gateop, insts:2.
I: Infer CARRY group, base inst: u_cpu/u_dcache/N979_83/gateop, insts:2.
I: Infer CARRY group, base inst: u_cpu/u_dcache/N979_85/gateop, insts:2.
I: Infer CARRY group, base inst: u_cpu/u_dcache/N979_87/gateop, insts:2.
I: Infer CARRY group, base inst: u_cpu/u_dcache/N979_89/gateop, insts:2.
I: Infer CARRY group, base inst: u_cpu/u_dcache/N979_91/gateop, insts:2.
I: Infer CARRY group, base inst: u_cpu/u_dcache/N979_93/gateop, insts:2.
I: Infer CARRY group, base inst: u_cpu/u_dcache/N990.eq_0/gateop, insts:4.
I: Infer CARRY group, base inst: u_cpu/u_exu/N131_1_1/gateop, insts:29.
I: Infer CARRY group, base inst: u_cpu/u_exu/N141_21[7]/gateop, insts:3.
I: Infer CARRY group, base inst: u_cpu/u_exu/N141_21[22]/gateop, insts:3.
I: Infer CARRY group, base inst: u_cpu/u_exu/N141_21[23]/gateop, insts:3.
I: Infer CARRY group, base inst: u_cpu/u_exu/N141_21[24]/gateop, insts:3.
I: Infer CARRY group, base inst: u_cpu/u_exu/N141_21[25]/gateop, insts:3.
I: Infer CARRY group, base inst: u_cpu/u_exu/N141_21[26]/gateop, insts:3.
I: Infer CARRY group, base inst: u_cpu/u_exu/N141_21[27]/gateop, insts:3.
I: Infer CARRY group, base inst: u_cpu/u_exu/N141_21[28]/gateop, insts:3.
I: Infer CARRY group, base inst: u_cpu/u_exu/N141_21[29]/gateop, insts:3.
I: Infer CARRY group, base inst: u_cpu/u_exu/N141_21[30]/gateop, insts:3.
I: Infer CARRY group, base inst: u_cpu/u_exu/N141_21[31]/gateop, insts:3.
I: Infer CARRY group, base inst: u_ddr3_ctrl/u_ips_ddrc_top/mcdq_axi_mc/mcdq_axi_channel0/mcdq_axi_rdata_align/u_mcdq_axi_rdata_arrange/u_axi_rdata_mac_fifo0/fifo_loop[1].ips2l_distributed_fifo/u_ips2l_distributed_fifo_distributed_fifo_v1_0/u_ips2l_distributed_fifo_ctr/N16.eq_0/gateop, insts:3.
I: Infer CARRY group, base inst: u_ddr3_ctrl/u_ips_ddrc_top/mcdq_axi_mc/mcdq_axi_channel0/mcdq_axi_rdata_align/u_mcdq_axi_rdata_arrange/u_axi_rdata_mac_fifo0/fifo_loop[1].ips2l_distributed_fifo/u_ips2l_distributed_fifo_distributed_fifo_v1_0/u_ips2l_distributed_fifo_ctr/N36.eq_0/gateop, insts:4.
I: Infer CARRY group, base inst: u_cpu/u_exu/N141_24[1]/gateop, insts:2.
I: Infer CARRY group, base inst: u_cpu/u_exu/N141_24[2]/gateop, insts:2.
I: Infer CARRY group, base inst: u_cpu/u_exu/N141_24[5]/gateop, insts:2.
I: Infer CARRY group, base inst: u_cpu/u_exu/N141_24[6]/gateop, insts:2.
I: Infer CARRY group, base inst: u_cpu/u_exu/N141_24[16]/gateop, insts:2.
I: Infer CARRY group, base inst: u_cpu/u_exu/N141_24[17]/gateop, insts:2.
I: Infer CARRY group, base inst: u_cpu/u_exu/N141_24[18]/gateop, insts:2.
I: Infer CARRY group, base inst: u_cpu/u_exu/N141_24[19]/gateop, insts:2.
I: Infer CARRY group, base inst: u_cpu/u_exu/N141_24[20]/gateop, insts:2.
I: Infer CARRY group, base inst: u_cpu/u_exu/N141_24[21]/gateop, insts:2.
I: Infer CARRY group, base inst: u_cpu/u_icache/N106.eq_0/gateop, insts:10.
I: Infer CARRY group, base inst: u_cpu/u_icache/N109.eq_0/gateop, insts:10.
I: Infer CARRY group, base inst: u_ddr3_ctrl/u_ips_ddrc_top/mcdq_axi_mc/mcdq_axi_channel0/mcdq_axi_rdata_align/u_mcdq_axi_rdata_arrange/u_axi_rdata_mac_fifo0/fifo_loop[2].ips2l_distributed_fifo/u_ips2l_distributed_fifo_distributed_fifo_v1_0/u_ips2l_distributed_fifo_ctr/N16.eq_0/gateop, insts:3.
I: Infer CARRY group, base inst: u_ddr3_ctrl/u_ips_ddrc_top/mcdq_axi_mc/mcdq_axi_channel0/mcdq_axi_rdata_align/u_mcdq_axi_rdata_arrange/u_axi_rdata_mac_fifo0/fifo_loop[2].ips2l_distributed_fifo/u_ips2l_distributed_fifo_distributed_fifo_v1_0/u_ips2l_distributed_fifo_ctr/N36.eq_0/gateop, insts:4.
I: Infer CARRY group, base inst: u_ddr3_ctrl/u_ips_ddrc_top/mcdq_axi_mc/mcdq_axi_channel0/mcdq_axi_rdata_align/u_mcdq_axi_rdata_arrange/u_axi_rdata_mac_fifo0/fifo_loop[3].ips2l_distributed_fifo/u_ips2l_distributed_fifo_distributed_fifo_v1_0/u_ips2l_distributed_fifo_ctr/N16.eq_0/gateop, insts:3.
I: Infer CARRY group, base inst: u_ddr3_ctrl/u_ips_ddrc_top/mcdq_axi_mc/mcdq_axi_channel0/mcdq_axi_rdata_align/u_mcdq_axi_rdata_arrange/u_axi_rdata_mac_fifo0/fifo_loop[3].ips2l_distributed_fifo/u_ips2l_distributed_fifo_distributed_fifo_v1_0/u_ips2l_distributed_fifo_ctr/N36.eq_0/gateop, insts:4.
I: Infer CARRY group, base inst: u_ddr3_ctrl/u_ips_ddrc_top/mcdq_axi_mc/mcdq_axi_channel0/mcdq_axi_rdata_align/u_mcdq_axi_rdata_arrange/u_axi_rdata_mac_fifo0/fifo_loop[4].ips2l_distributed_fifo/u_ips2l_distributed_fifo_distributed_fifo_v1_0/u_ips2l_distributed_fifo_ctr/N16.eq_0/gateop, insts:3.
I: Infer CARRY group, base inst: u_ddr3_ctrl/u_ips_ddrc_top/mcdq_axi_mc/mcdq_axi_channel0/mcdq_axi_rdata_align/u_mcdq_axi_rdata_arrange/u_axi_rdata_mac_fifo0/fifo_loop[4].ips2l_distributed_fifo/u_ips2l_distributed_fifo_distributed_fifo_v1_0/u_ips2l_distributed_fifo_ctr/N36.eq_0/gateop, insts:4.
I: Infer CARRY group, base inst: u_ddr3_ctrl/u_ips_ddrc_top/mcdq_axi_mc/mcdq_axi_channel0/mcdq_axi_rdata_align/u_mcdq_axi_rdata_arrange/u_axi_rdata_mac_fifo0/fifo_loop[5].ips2l_distributed_fifo/u_ips2l_distributed_fifo_distributed_fifo_v1_0/u_ips2l_distributed_fifo_ctr/N16.eq_0/gateop, insts:3.
I: Infer CARRY group, base inst: u_ddr3_ctrl/u_ips_ddrc_top/mcdq_axi_mc/mcdq_axi_channel0/mcdq_axi_rdata_align/u_mcdq_axi_rdata_arrange/u_axi_rdata_mac_fifo0/fifo_loop[5].ips2l_distributed_fifo/u_ips2l_distributed_fifo_distributed_fifo_v1_0/u_ips2l_distributed_fifo_ctr/N36.eq_0/gateop, insts:4.
I: Infer CARRY group, base inst: u_ddr3_ctrl/u_ips_ddrc_top/mcdq_axi_mc/mcdq_axi_channel0/mcdq_axi_rdata_align/u_mcdq_axi_rdata_arrange/u_axi_rdata_mac_fifo0/fifo_loop[6].ips2l_distributed_fifo/u_ips2l_distributed_fifo_distributed_fifo_v1_0/u_ips2l_distributed_fifo_ctr/N16.eq_0/gateop, insts:3.
I: Infer CARRY group, base inst: u_ddr3_ctrl/u_ips_ddrc_top/mcdq_axi_mc/mcdq_axi_channel0/mcdq_axi_rdata_align/u_mcdq_axi_rdata_arrange/u_axi_rdata_mac_fifo0/fifo_loop[6].ips2l_distributed_fifo/u_ips2l_distributed_fifo_distributed_fifo_v1_0/u_ips2l_distributed_fifo_ctr/N36.eq_0/gateop, insts:4.
I: Infer CARRY group, base inst: u_ddr3_ctrl/u_ips_ddrc_top/mcdq_axi_mc/mcdq_axi_channel0/mcdq_axi_rdata_align/u_mcdq_axi_rdata_arrange/u_axi_rdata_mac_fifo0/fifo_loop[7].ips2l_distributed_fifo/u_ips2l_distributed_fifo_distributed_fifo_v1_0/u_ips2l_distributed_fifo_ctr/N16.eq_0/gateop, insts:3.
I: Infer CARRY group, base inst: u_ddr3_ctrl/u_ips_ddrc_top/mcdq_axi_mc/mcdq_axi_channel0/mcdq_axi_rdata_align/u_mcdq_axi_rdata_arrange/u_axi_rdata_mac_fifo0/fifo_loop[7].ips2l_distributed_fifo/u_ips2l_distributed_fifo_distributed_fifo_v1_0/u_ips2l_distributed_fifo_ctr/N36.eq_0/gateop, insts:4.
I: Infer CARRY group, base inst: u_ddr3_ctrl/u_ips_ddrc_top/mcdq_axi_mc/mcdq_axi_channel0/mcdq_axi_rdata_align/u_axi_rdcmd_align_fifo/ips2l_distributed_fifo/u_ips2l_distributed_fifo_distributed_fifo_v1_0/u_ips2l_distributed_fifo_ctr/N24_1.fsub_1/gateop, insts:6.
I: Infer CARRY group, base inst: u_ddr3_ctrl/u_ips_ddrc_top/mcdq_axi_mc/mcdq_axi_channel0/mcdq_axi_rdata_align/u_axi_rdcmd_align_fifo/ips2l_distributed_fifo/u_ips2l_distributed_fifo_distributed_fifo_v1_0/u_ips2l_distributed_fifo_ctr/N30.fsub_1/gateop, insts:6.
I: Infer CARRY group, base inst: u_ddr3_ctrl/u_ips_ddrc_top/mcdq_axi_mc/mcdq_axi_channel0/mcdq_axi_rdata_align/u_axi_rdcmd_back_fifo/ips2l_distributed_fifo/u_ips2l_distributed_fifo_distributed_fifo_v1_0/u_ips2l_distributed_fifo_ctr/N24_1.fsub_1/gateop, insts:6.
I: Infer CARRY group, base inst: u_ddr3_ctrl/u_ips_ddrc_top/mcdq_axi_mc/mcdq_axi_channel0/mcdq_axi_rdata_align/u_axi_rdcmd_back_fifo/ips2l_distributed_fifo/u_ips2l_distributed_fifo_distributed_fifo_v1_0/u_ips2l_distributed_fifo_ctr/N30.fsub_1/gateop, insts:6.
I: Infer CARRY group, base inst: u_ddr3_ctrl/u_ips_ddrc_top/mcdq_axi_mc/mcdq_axi_channel0/mcdq_axi_wdata_align/u_axi_wdata_align_fifo/fifo_loop[0].ips2l_distributed_fifo_data/u_ips2l_distributed_fifo_distributed_fifo_v1_0/u_ips2l_distributed_fifo_ctr/N19.lt_0/gateop, insts:3.
I: Infer CARRY group, base inst: u_ddr3_ctrl/u_ips_ddrc_top/mcdq_axi_mc/mcdq_axi_channel0/mcdq_axi_wdata_align/u_axi_wdata_align_fifo/fifo_loop[0].ips2l_distributed_fifo_data/u_ips2l_distributed_fifo_distributed_fifo_v1_0/u_ips2l_distributed_fifo_ctr/N24_1.fsub_0/gateop, insts:8.
I: Infer CARRY group, base inst: u_ddr3_ctrl/u_ips_ddrc_top/mcdq_axi_mc/mcdq_axi_channel0/mcdq_axi_wdata_align/u_axi_wdata_align_fifo/fifo_loop[0].ips2l_distributed_fifo_data/u_ips2l_distributed_fifo_distributed_fifo_v1_0/u_ips2l_distributed_fifo_ctr/N30.fsub_0/gateop, insts:8.
I: Infer CARRY group, base inst: u_cpu/u_idu/N274.eq_0/gateop, insts:16.
I: Infer CARRY group, base inst: u_cpu/u_idu/N277.slt_0/gateop, insts:16.
I: Infer CARRY group, base inst: u_cpu/u_idu/N280.lt_0/gateop, insts:16.
I: Infer CARRY group, base inst: u_cpu/u_idu/N289_2_4/gateop, insts:2.
I: Infer CARRY group, base inst: u_cpu/u_idu/N322_1/gateop, insts:32.
I: Infer CARRY group, base inst: u_cpu/u_idu/N325_1/gateop, insts:32.
I: Infer CARRY group, base inst: u_cpu/u_idu/N333/gateop, insts:2.
I: Infer CARRY group, base inst: u_cpu/u_idu/N336_1_1/gateop, insts:29.
I: Infer CARRY group, base inst: u_cpu/u_idu/N337[4]/gateop, insts:2.
I: Infer CARRY group, base inst: u_cpu/u_idu/N337[5]/gateop, insts:2.
I: Infer CARRY group, base inst: u_cpu/u_idu/N337[6]/gateop, insts:2.
I: Infer CARRY group, base inst: u_cpu/u_idu/N337[7]/gateop, insts:2.
I: Infer CARRY group, base inst: u_cpu/u_idu/N337[8]/gateop, insts:2.
I: Infer CARRY group, base inst: u_cpu/u_idu/N337[9]/gateop, insts:2.
I: Infer CARRY group, base inst: u_cpu/u_idu/N337[10]/gateop, insts:2.
I: Infer CARRY group, base inst: u_cpu/u_idu/N337[11]/gateop, insts:2.
I: Infer CARRY group, base inst: u_cpu/u_idu/N337[12]/gateop, insts:2.
I: Infer CARRY group, base inst: u_cpu/u_idu/N337[13]/gateop, insts:2.
I: Infer CARRY group, base inst: u_cpu/u_idu/N337[14]/gateop, insts:2.
I: Infer CARRY group, base inst: u_cpu/u_idu/N337[15]/gateop, insts:2.
I: Infer CARRY group, base inst: u_cpu/u_idu/N337[16]/gateop, insts:2.
I: Infer CARRY group, base inst: u_cpu/u_idu/N337[17]/gateop, insts:2.
I: Infer CARRY group, base inst: u_cpu/u_idu/N337[18]/gateop, insts:2.
I: Infer CARRY group, base inst: u_cpu/u_idu/N337[19]/gateop, insts:2.
I: Infer CARRY group, base inst: u_cpu/u_idu/N337[20]/gateop, insts:2.
I: Infer CARRY group, base inst: u_cpu/u_idu/N337[21]/gateop, insts:2.
I: Infer CARRY group, base inst: u_cpu/u_idu/N337[22]/gateop, insts:2.
I: Infer CARRY group, base inst: u_cpu/u_idu/N337[23]/gateop, insts:2.
I: Infer CARRY group, base inst: u_cpu/u_idu/N337[24]/gateop, insts:2.
I: Infer CARRY group, base inst: u_cpu/u_idu/N337[25]/gateop, insts:2.
I: Infer CARRY group, base inst: u_cpu/u_idu/N337[26]/gateop, insts:2.
I: Infer CARRY group, base inst: u_cpu/u_idu/N337[27]/gateop, insts:2.
I: Infer CARRY group, base inst: u_cpu/u_idu/N337[28]/gateop, insts:2.
I: Infer CARRY group, base inst: u_cpu/u_idu/N337[29]/gateop, insts:2.
I: Infer CARRY group, base inst: u_cpu/u_idu/N337[30]/gateop, insts:2.
I: Infer CARRY group, base inst: u_cpu/u_idu/N337[31]/gateop, insts:2.
I: Infer CARRY group, base inst: u_cpu/u_idu/N338_0.eq_0/gateop, insts:16.
I: Infer CARRY group, base inst: u_cpu/u_idu/N338_1.eq_0/gateop, insts:16.
I: Infer CARRY group, base inst: u_ddr3_ctrl/u_ips_ddrc_top/mcdq_axi_mc/mcdq_axi_channel0/mcdq_axi_wdata_align/u_axi_wdata_align_fifo/fifo_loop[0].ips2l_distributed_fifo_data/u_ips2l_distributed_fifo_distributed_fifo_v1_0/u_ips2l_distributed_fifo_ctr/N36.eq_0/gateop, insts:3.
I: Infer CARRY group, base inst: u_cpu/u_ifu/N3_1_0/gateop, insts:30.
I: Infer CARRY group, base inst: u_ddr3_ctrl/u_ips_ddrc_top/mcdq_axi_mc/mcdq_axi_channel0/mcdq_axi_wdata_align/u_axi_wdata_align_fifo/fifo_loop[1].ips2l_distributed_fifo_data/u_ips2l_distributed_fifo_distributed_fifo_v1_0/u_ips2l_distributed_fifo_ctr/N36.eq_0/gateop, insts:3.
I: Infer CARRY group, base inst: u_cpu/u_ifu/N16_1.fsub_0/gateop, insts:30.
I: Infer CARRY group, base inst: u_cpu/u_memu/N15_4_100[0]/gateop, insts:2.
I: Infer CARRY group, base inst: u_cpu/u_memu/N41_13[16]/gateop, insts:2.
I: Infer CARRY group, base inst: u_cpu/u_memu/N41_13[17]/gateop, insts:2.
I: Infer CARRY group, base inst: u_cpu/u_memu/N41_13[18]/gateop, insts:2.
I: Infer CARRY group, base inst: u_cpu/u_memu/N41_13[19]/gateop, insts:2.
I: Infer CARRY group, base inst: u_cpu/u_memu/N41_13[20]/gateop, insts:2.
I: Infer CARRY group, base inst: u_cpu/u_memu/N41_13[21]/gateop, insts:2.
I: Infer CARRY group, base inst: u_cpu/u_memu/N41_13[22]/gateop, insts:2.
I: Infer CARRY group, base inst: u_cpu/u_memu/N41_13[23]/gateop, insts:2.
I: Infer CARRY group, base inst: u_cpu/u_memu/N41_13[24]/gateop, insts:2.
I: Infer CARRY group, base inst: u_cpu/u_memu/N41_13[25]/gateop, insts:2.
I: Infer CARRY group, base inst: u_cpu/u_memu/N41_13[26]/gateop, insts:2.
I: Infer CARRY group, base inst: u_cpu/u_memu/N41_13[27]/gateop, insts:2.
I: Infer CARRY group, base inst: u_cpu/u_memu/N41_13[28]/gateop, insts:2.
I: Infer CARRY group, base inst: u_cpu/u_memu/N41_13[29]/gateop, insts:2.
I: Infer CARRY group, base inst: u_cpu/u_memu/N41_13[30]/gateop, insts:2.
I: Infer CARRY group, base inst: u_cpu/u_memu/N41_15[8]/gateop, insts:2.
I: Infer CARRY group, base inst: u_cpu/u_memu/N41_15[10]/gateop, insts:2.
I: Infer CARRY group, base inst: u_cpu/u_memu/N41_15[12]/gateop, insts:2.
I: Infer CARRY group, base inst: u_cpu/u_memu/N41_15[13]/gateop, insts:2.
I: Infer CARRY group, base inst: u_cpu/u_memu/N41_15[14]/gateop, insts:2.
I: Infer CARRY group, base inst: u_cpu/u_memu/N41_15[15]/gateop, insts:2.
I: Infer CARRY group, base inst: u_flash_ddr_boot/u_flash_reader/N39_1_1/gateop, insts:31.
I: Infer CARRY group, base inst: u_flash_ddr_boot/u_flash_reader/N121_1.fsub_1/gateop, insts:31.
I: Infer CARRY group, base inst: u_flash_ddr_boot/u_loader/N58_1_1/gateop, insts:26.
I: Infer CARRY group, base inst: u_flash_ddr_boot/u_loader/N106_2_2/gateop, insts:28.
I: Infer CARRY group, base inst: u_flash_ddr_boot/u_loader/N117_1_1/gateop, insts:31.
I: Infer CARRY group, base inst: u_flash_ddr_boot/u_loader/N229.eq_0/gateop, insts:16.
I: Infer CARRY group, base inst: u_jtag/u_jtag_dm/N260_0/gateop, insts:33.
I: Infer CARRY group, base inst: u_jtag/u_jtag_driver/N117_27[2]/gateop, insts:2.
I: Infer CARRY group, base inst: u_jtag/u_jtag_driver/N117_27[3]/gateop, insts:2.
I: Infer CARRY group, base inst: u_jtag/u_jtag_driver/N117_27[9]/gateop, insts:2.
I: Infer CARRY group, base inst: u_jtag/u_jtag_driver/N117_27[11]/gateop, insts:2.
I: Infer CARRY group, base inst: u_jtag/u_jtag_driver/N117_27[12]/gateop, insts:2.
I: Infer CARRY group, base inst: u_jtag/u_jtag_driver/N117_27[14]/gateop, insts:2.
I: Infer CARRY group, base inst: u_jtag/u_jtag_driver/N117_27[21]/gateop, insts:2.
I: Infer CARRY group, base inst: u_jtag/u_jtag_driver/N117_27[25]/gateop, insts:2.
I: Infer CARRY group, base inst: u_jtag/u_jtag_driver/N117_27[26]/gateop, insts:2.
I: Infer CARRY group, base inst: u_jtag/u_jtag_driver/N117_27[27]/gateop, insts:2.
I: Infer CARRY group, base inst: u_jtag/u_jtag_driver/N117_27[28]/gateop, insts:2.
I: Infer CARRY group, base inst: u_jtag/u_jtag_driver/N320_and[4][2]_1/gateop, insts:2.
I: Infer CARRY group, base inst: u_jtag/u_jtag_driver/N325_3/gateop, insts:2.
I: Infer CARRY group, base inst: u_cpu/u_exu/u_alu/N9_2_4/gateop, insts:2.
I: Infer CARRY group, base inst: u_cpu/u_exu/u_alu/N9_2_6/gateop, insts:2.
I: Infer CARRY group, base inst: u_cpu/u_exu/u_alu/N9_2_7/gateop, insts:2.
I: Infer CARRY group, base inst: u_cpu/u_exu/u_alu/N9_2_8/gateop, insts:2.
I: Infer CARRY group, base inst: u_cpu/u_exu/u_alu/N9_4_37[1]/gateop, insts:2.
I: Infer CARRY group, base inst: u_cpu/u_exu/u_alu/N9_4_37[10]/gateop, insts:2.
I: Infer CARRY group, base inst: u_cpu/u_exu/u_alu/N9_4_37[11]/gateop, insts:2.
I: Infer CARRY group, base inst: u_cpu/u_exu/u_alu/N9_4_37[12]/gateop, insts:2.
I: Infer CARRY group, base inst: u_cpu/u_exu/u_alu/N9_4_37[13]/gateop, insts:2.
I: Infer CARRY group, base inst: u_cpu/u_exu/u_alu/N11.slt_0/gateop, insts:17.
I: Infer CARRY group, base inst: u_cpu/u_exu/u_alu/N16.lt_0/gateop, insts:17.
I: Infer CARRY group, base inst: u_cpu/u_exu/u_alu/N25_2_20/gateop, insts:2.
I: Infer CARRY group, base inst: u_cpu/u_exu/u_alu/N48_9_0/gateop, insts:33.
I: Infer CARRY group, base inst: u_cpu/u_exu/u_alu/N49_26[2]/gateop, insts:2.
I: Infer CARRY group, base inst: u_cpu/u_exu/u_alu/N49_34[0]/gateop, insts:2.
I: Infer CARRY group, base inst: u_cpu/u_exu/u_csr/N0.lt_0/gateop, insts:32.
I: Infer CARRY group, base inst: u_cpu/u_exu/u_csr/N142_1_1/gateop, insts:63.
I: Infer CARRY group, base inst: u_cpu/u_exu/u_csr/N173_1_1/gateop, insts:63.
I: Infer CARRY group, base inst: u_cpu/u_exu/u_csr/csr_rdata_36[0]_2/gateop, insts:2.
I: Infer CARRY group, base inst: u_cpu/u_exu/u_csr/csr_rdata_36[1]_2/gateop, insts:2.
I: Infer CARRY group, base inst: u_cpu/u_exu/u_div/N3_1_0/gateop, insts:32.
I: Infer CARRY group, base inst: u_cpu/u_exu/u_div/N8_1_0/gateop, insts:32.
I: Infer CARRY group, base inst: u_cpu/u_exu/u_div/N12.lt_0/gateop, insts:16.
I: Infer CARRY group, base inst: u_cpu/u_exu/u_div/N16_3.fsub_1/gateop, insts:32.
I: Infer CARRY group, base inst: u_cpu/u_exu/u_div/N30_1_1/gateop, insts:31.
I: Infer CARRY group, base inst: u_cpu/u_exu/u_div/N34_1_0/gateop, insts:32.
I: Infer CARRY group, base inst: u_cpu/u_exu/u_mul/N32_3_1/gateop, insts:35.
I: Infer CARRY group, base inst: u_cpu/u_exu/u_mul/N32_4_1/gateop, insts:48.
I: Infer CARRY group, base inst: u_ddr3_ctrl/u_ddrphy_top/ddrphy_cpd_ctrl/N166_1_1/gateop, insts:9.
I: Infer CARRY group, base inst: u_ddr3_ctrl/u_ddrphy_top/ddrphy_dfi/N16/gateop, insts:3.
I: Infer CARRY group, base inst: u_ddr3_ctrl/u_ddrphy_top/ddrphy_dll_update_ctrl/N64_1_1/gateop, insts:18.
I: Infer CARRY group, base inst: u_ddr3_ctrl/u_ddrphy_top/ddrphy_dll_update_ctrl/N104/gateop, insts:2.
I: Infer CARRY group, base inst: u_ddr3_ctrl/u_ddrphy_top/u_ips2l_ddrphy_rst_clk_phase_adj/N89_1_1/gateop, insts:9.
I: Infer CARRY group, base inst: u_ddr3_ctrl/u_ddrphy_top/ddrphy_calib_top/ddrphy_init/N4_1_1/gateop, insts:19.
I: Infer CARRY group, base inst: u_ddr3_ctrl/u_ddrphy_top/ddrphy_calib_top/ddrphy_init/N24_1_1/gateop, insts:19.
I: Infer CARRY group, base inst: u_ddr3_ctrl/u_ddrphy_top/ddrphy_calib_top/ddrphy_init/N116_1_1/gateop, insts:9.
I: Infer CARRY group, base inst: u_ddr3_ctrl/u_ddrphy_top/ddrphy_calib_top/ddrphy_wrcal/N30_1_1/gateop, insts:17.
I: Infer CARRY group, base inst: u_ddr3_ctrl/u_ddrphy_top/ddrphy_reset_ctrl/ddrphy_pll_lock_debounce/N11_1_1/gateop, insts:18.
I: Infer CARRY group, base inst: u_ddr3_ctrl/u_ddrphy_top/ddrphy_reset_ctrl/ddrphy_pll_lock_debounce/N43_1/gateop, insts:2.
I: Infer CARRY group, base inst: u_ddr3_ctrl/u_ddrphy_top/ddrphy_slice_top/ddrphy_data_slice_wrcal/N222.lt_0/gateop, insts:4.
I: Infer CARRY group, base inst: u_ddr3_ctrl/u_ddrphy_top/ddrphy_slice_top/ddrphy_data_slice_wrcal/N251.lt_0/gateop, insts:4.
I: Infer CARRY group, base inst: u_ddr3_ctrl/u_ddrphy_top/ddrphy_slice_top/ddrphy_data_slice_wrcal/N280.lt_0/gateop, insts:4.
I: Infer CARRY group, base inst: u_ddr3_ctrl/u_ddrphy_top/ddrphy_slice_top/ddrphy_data_slice_wrcal/N309.lt_0/gateop, insts:4.
I: Infer CARRY group, base inst: u_ddr3_ctrl/u_ddrphy_top/ddrphy_slice_top/ddrphy_data_slice_wrcal/N338.lt_0/gateop, insts:4.
I: Infer CARRY group, base inst: u_ddr3_ctrl/u_ddrphy_top/ddrphy_slice_top/ddrphy_data_slice_wrcal/N367.lt_0/gateop, insts:4.
I: Infer CARRY group, base inst: u_ddr3_ctrl/u_ddrphy_top/ddrphy_slice_top/ddrphy_data_slice_wrcal/N396.lt_0/gateop, insts:4.
I: Infer CARRY group, base inst: u_ddr3_ctrl/u_ddrphy_top/ddrphy_slice_top/ddrphy_data_slice_wrcal/N425.lt_0/gateop, insts:4.
I: Infer CARRY group, base inst: u_ddr3_ctrl/u_ddrphy_top/ddrphy_slice_top/ddrphy_data_slice_wrcal/N1037_1_1/gateop, insts:9.
I: Infer CARRY group, base inst: u_ddr3_ctrl/u_ddrphy_top/ddrphy_slice_top/ddrphy_data_slice_wrcal/N1228.eq_0/gateop, insts:4.
I: Infer CARRY group, base inst: u_ddr3_ctrl/u_ddrphy_top/ddrphy_slice_top/ddrphy_data_slice_wrcal/N1246_1_1/gateop, insts:9.
I: Infer CARRY group, base inst: u_ddr3_ctrl/u_ddrphy_top/ddrphy_slice_top/ddrphy_data_slice_wrcal/N1435.eq_0/gateop, insts:4.
I: Infer CARRY group, base inst: u_ddr3_ctrl/u_ddrphy_top/ddrphy_slice_top/ddrphy_data_slice_wrcal/N1453_1_1/gateop, insts:9.
I: Infer CARRY group, base inst: u_ddr3_ctrl/u_ddrphy_top/ddrphy_slice_top/ddrphy_data_slice_wrcal/N1642.eq_0/gateop, insts:4.
I: Infer CARRY group, base inst: u_ddr3_ctrl/u_ddrphy_top/ddrphy_slice_top/ddrphy_data_slice_wrcal/N1660_1_1/gateop, insts:9.
I: Infer CARRY group, base inst: u_ddr3_ctrl/u_ddrphy_top/ddrphy_slice_top/ddrphy_data_slice_wrcal/N1849.eq_0/gateop, insts:4.
I: Infer CARRY group, base inst: u_ddr3_ctrl/u_ddrphy_top/ddrphy_slice_top/ddrphy_data_slice_wrcal/N2705_7_0/gateop, insts:9.
I: Infer CARRY group, base inst: u_ddr3_ctrl/u_ddrphy_top/ddrphy_slice_top/ddrphy_data_slice_wrcal/N2843_7_0/gateop, insts:9.
I: Infer CARRY group, base inst: u_ddr3_ctrl/u_ddrphy_top/ddrphy_slice_top/ddrphy_data_slice_wrcal/N3040_7_0/gateop, insts:9.
I: Infer CARRY group, base inst: u_ddr3_ctrl/u_ddrphy_top/ddrphy_slice_top/ddrphy_data_slice_wrcal/N3138_7_0/gateop, insts:9.
I: Infer CARRY group, base inst: u_ddr3_ctrl/u_ddrphy_top/ddrphy_slice_top/ddrphy_dqsi_rdel_cal/N80.lt_0/gateop, insts:4.
I: Infer CARRY group, base inst: u_ddr3_ctrl/u_ddrphy_top/ddrphy_slice_top/ddrphy_dqsi_rdel_cal/N983.lt_0/gateop, insts:4.
I: Infer CARRY group, base inst: u_ddr3_ctrl/u_ddrphy_top/ddrphy_slice_top/ddrphy_dqsi_rdel_cal/N1009.lt_0/gateop, insts:4.
I: Infer CARRY group, base inst: u_ddr3_ctrl/u_ddrphy_top/ddrphy_slice_top/ddrphy_dqsi_rdel_cal/N1035.lt_0/gateop, insts:4.
I: Infer CARRY group, base inst: u_ddr3_ctrl/u_ddrphy_top/ddrphy_slice_top/ddrphy_dqsi_rdel_cal/N1061.lt_0/gateop, insts:4.
I: Infer CARRY group, base inst: u_ddr3_ctrl/u_ddrphy_top/ddrphy_slice_top/ddrphy_dqsi_rdel_cal/N1087.lt_0/gateop, insts:4.
I: Infer CARRY group, base inst: u_ddr3_ctrl/u_ddrphy_top/ddrphy_slice_top/ddrphy_dqsi_rdel_cal/N1113.lt_0/gateop, insts:4.
I: Infer CARRY group, base inst: u_ddr3_ctrl/u_ddrphy_top/ddrphy_slice_top/ddrphy_dqsi_rdel_cal/N1139.lt_0/gateop, insts:4.
I: Infer CARRY group, base inst: u_ddr3_ctrl/u_ddrphy_top/ddrphy_slice_top/ddrphy_dqsi_rdel_cal/N1165.lt_0/gateop, insts:4.
I: Infer CARRY group, base inst: u_ddr3_ctrl/u_ddrphy_top/ddrphy_slice_top/ddrphy_dqsi_rdel_cal/N2148_7_0/gateop, insts:9.
I: Infer CARRY group, base inst: u_ddr3_ctrl/u_ddrphy_top/ddrphy_slice_top/ddrphy_dqsi_rdel_cal/N2226_7_0/gateop, insts:9.
I: Infer CARRY group, base inst: u_ddr3_ctrl/u_ddrphy_top/ddrphy_slice_top/ddrphy_data_slice_dqs_gate_cal/ddrphy_dqs_gate_coarse_cal/read_cmd_mux_adj_3[0]/gateop, insts:2.
I: Infer CARRY group, base inst: u_ddr3_ctrl/u_ddrphy_top/ddrphy_slice_top/ddrphy_data_slice_dqs_gate_cal/ddrphy_dqs_gate_coarse_cal/read_cmd_mux_adj_15[2]/gateop, insts:2.
I: Infer CARRY group, base inst: u_ddr3_ctrl/u_ddrphy_top/ddrphy_slice_top/ddrphy_data_slice_dqs_gate_cal/ddrphy_gatecal/N633_3/gateop, insts:2.
I: Infer CARRY group, base inst: u_ddr3_ctrl/u_ddrphy_top/ddrphy_slice_top/ddrphy_data_slice_dqs_gate_cal/ddrphy_gatecal/N738_8_0/gateop, insts:8.
I: Infer CARRY group, base inst: u_ddr3_ctrl/u_ddrphy_top/ddrphy_slice_top/ddrphy_data_slice_dqs_gate_cal/ddrphy_gatecal/N770_8_0/gateop, insts:8.
I: Infer CARRY group, base inst: u_ddr3_ctrl/u_ddrphy_top/ddrphy_slice_top/ddrphy_data_slice_dqs_gate_cal/ddrphy_gatecal/N804_8_0/gateop, insts:8.
I: Infer CARRY group, base inst: u_ddr3_ctrl/u_ddrphy_top/ddrphy_slice_top/ddrphy_data_slice_dqs_gate_cal/ddrphy_gatecal/N1013_8_0/gateop, insts:8.
I: Infer CARRY group, base inst: u_ddr3_ctrl/u_ips_ddrc_top/mcdq_axi_mc/mcdq_axi_channel0/mcdq_axi_rdata_align/N125_2_0/gateop, insts:26.
I: Infer CARRY group, base inst: u_ddr3_ctrl/u_ips_ddrc_top/mcdq_axi_mc/mcdq_axi_channel0/mcdq_axi_rdata_align/N346_5_0/gateop, insts:9.
I: Infer CARRY group, base inst: u_ddr3_ctrl/u_ips_ddrc_top/mcdq_axi_mc/mcdq_axi_channel0/mcdq_axi_wdata_align/N10_1_1/gateop, insts:21.
I: Infer CARRY group, base inst: u_ddr3_ctrl/u_ips_ddrc_top/mcdq_axi_mc/mcdq_axi_cmd_arb/mcdq_axi_dec/N39_2_1/gateop, insts:25.
I: Infer CARRY group, base inst: u_ddr3_ctrl/u_ips_ddrc_top/mcdq_axi_mc/mcdq_axi_cmd_arb/mcdq_axi_dec/N158.eq_0/gateop, insts:8.
I: Infer CARRY group, base inst: u_ddr3_ctrl/u_ips_ddrc_top/mcdq_axi_mc/mcdq_axi_cmd_arb/mcdq_axi_dec/column_addr_end_1_1/gateop, insts:7.
I: Infer CARRY group, base inst: u_ddr3_ctrl/u_ips_ddrc_top/mcdq_mac_top/mcdq_dcd_top/mcdq_dcd_bm/N37_1_1/gateop, insts:12.
I: Infer CARRY group, base inst: u_ddr3_ctrl/u_ips_ddrc_top/mcdq_axi_mc/mcdq_axi_channel0/mcdq_axi_wdata_align/u_axi_wdata_align_fifo/N5_0/gateop, insts:2.
I: Infer CARRY group, base inst: u_ddr3_ctrl/u_ips_ddrc_top/mcdq_mac_top/mcdq_dcp_top/mcdq_dcp_back_ctrl/timing_act_pass/N5[2]/gateop, insts:2.
I: Infer CARRY group, base inst: u_ddr3_ctrl/u_ips_ddrc_top/mcdq_mac_top/mcdq_dcp_top/mcdq_dcp_buf/A_ips2l_distributed_fifo/u_ips2l_distributed_fifo_distributed_fifo_v1_0/u_ips2l_distributed_fifo_ctr/N24_1.fsub_0/gateop, insts:7.
I: Infer CARRY group, base inst: u_ddr3_ctrl/u_ips_ddrc_top/mcdq_mac_top/mcdq_dcp_top/mcdq_dcp_buf/A_ips2l_distributed_fifo/u_ips2l_distributed_fifo_distributed_fifo_v1_0/u_ips2l_distributed_fifo_ctr/N30.fsub_0/gateop, insts:7.
I: Infer CARRY group, base inst: u_ddr3_ctrl/u_ips_ddrc_top/mcdq_mac_top/mcdq_dcp_top/mcdq_dcp_buf/B_ips2l_distributed_fifo/u_ips2l_distributed_fifo_distributed_fifo_v1_0/u_ips2l_distributed_fifo_ctr/N24_1.fsub_0/gateop, insts:7.
I: Infer CARRY group, base inst: u_ddr3_ctrl/u_ips_ddrc_top/mcdq_mac_top/mcdq_dcp_top/mcdq_dcp_buf/B_ips2l_distributed_fifo/u_ips2l_distributed_fifo_distributed_fifo_v1_0/u_ips2l_distributed_fifo_ctr/N30.fsub_0/gateop, insts:7.
I: Infer CARRY group, base inst: u_ddr3_ctrl/u_ips_ddrc_top/mcdq_axi_mc/mcdq_axi_channel0/mcdq_axi_bresp_buf/u_axi_bresp_fifo/ips2l_distributed_fifo/u_ips2l_distributed_fifo_distributed_fifo_v1_0/u_ips2l_distributed_fifo_ctr/N19.lt_0/gateop, insts:3.
I: Infer CARRY group, base inst: u_ddr3_ctrl/u_ips_ddrc_top/mcdq_axi_mc/mcdq_axi_channel0/mcdq_axi_bresp_buf/u_axi_bresp_fifo/ips2l_distributed_fifo/u_ips2l_distributed_fifo_distributed_fifo_v1_0/u_ips2l_distributed_fifo_ctr/N24_1.fsub_1/gateop, insts:7.
I: Infer CARRY group, base inst: u_ddr3_ctrl/u_ips_ddrc_top/mcdq_axi_mc/mcdq_axi_channel0/mcdq_axi_bresp_buf/u_axi_bresp_fifo/ips2l_distributed_fifo/u_ips2l_distributed_fifo_distributed_fifo_v1_0/u_ips2l_distributed_fifo_ctr/N30.fsub_1/gateop, insts:7.
I: Infer CARRY group, base inst: u_ddr3_ctrl/u_ips_ddrc_top/mcdq_axi_mc/mcdq_axi_channel0/mcdq_axi_bresp_buf/u_axi_bresp_fifo/ips2l_distributed_fifo/u_ips2l_distributed_fifo_distributed_fifo_v1_0/u_ips2l_distributed_fifo_ctr/N36.eq_0/gateop, insts:3.
I: Infer CARRY group, base inst: u_ddr3_ctrl/u_ips_ddrc_top/mcdq_axi_mc/mcdq_axi_channel0/mcdq_axi_buf/u_axi_rdcmd_fifo/ips2l_distributed_fifo/u_ips2l_distributed_fifo_distributed_fifo_v1_0/u_ips2l_distributed_fifo_ctr/N24_1.fsub_1/gateop, insts:6.
I: Infer CARRY group, base inst: u_ddr3_ctrl/u_ips_ddrc_top/mcdq_axi_mc/mcdq_axi_channel0/mcdq_axi_buf/u_axi_rdcmd_fifo/ips2l_distributed_fifo/u_ips2l_distributed_fifo_distributed_fifo_v1_0/u_ips2l_distributed_fifo_ctr/N30.fsub_1/gateop, insts:6.
I: Infer CARRY group, base inst: u_ddr3_ctrl/u_ips_ddrc_top/mcdq_axi_mc/mcdq_axi_channel0/mcdq_axi_buf/u_axi_wrcmd_fifo/ips2l_distributed_fifo/u_ips2l_distributed_fifo_distributed_fifo_v1_0/u_ips2l_distributed_fifo_ctr/N24_1.fsub_0/gateop, insts:7.
I: Infer CARRY group, base inst: u_ddr3_ctrl/u_ips_ddrc_top/mcdq_axi_mc/mcdq_axi_channel0/mcdq_axi_buf/u_axi_wrcmd_fifo/ips2l_distributed_fifo/u_ips2l_distributed_fifo_distributed_fifo_v1_0/u_ips2l_distributed_fifo_ctr/N30.fsub_0/gateop, insts:7.
I: Infer CARRY group, base inst: u_ddr3_ctrl/u_ips_ddrc_top/mcdq_axi_mc/mcdq_axi_channel0/mcdq_axi_buf/u_wdata_fifo/fifo_loop[0].ips2l_distributed_fifo_data/u_ips2l_distributed_fifo_distributed_fifo_v1_0/u_ips2l_distributed_fifo_ctr/N24_1.fsub_0/gateop, insts:7.
I: Infer CARRY group, base inst: u_ddr3_ctrl/u_ips_ddrc_top/mcdq_axi_mc/mcdq_axi_channel0/mcdq_axi_buf/u_wdata_fifo/fifo_loop[0].ips2l_distributed_fifo_data/u_ips2l_distributed_fifo_distributed_fifo_v1_0/u_ips2l_distributed_fifo_ctr/N30.fsub_0/gateop, insts:7.
I: Adm-6003: Trying to disconnect un-connected pin 'D_DLY' of instance 'u_ddr3_ctrl/u_ddrphy_top/ddrphy_slice_top/i_dqs_group[2].ddrphy_data_slice/dq_loop[5].u_odelay_dq/iodelay_inst'.
I: IDLAY of "u_ddr3_ctrl/u_ddrphy_top/ddrphy_slice_top/i_dqs_group[2].ddrphy_data_slice/dq_loop[5].u_iodelay_dq/iodelay_inst" has been packed in "IDLAY" of IOL "u_ddr3_ctrl/u_ddrphy_top/ddrphy_slice_top/i_dqs_group[2].ddrphy_data_slice/dq_loop[5].u_iobuf_dq/opit_1" success.
I: ODLAY of "u_ddr3_ctrl/u_ddrphy_top/ddrphy_slice_top/i_dqs_group[2].ddrphy_data_slice/dq_loop[5].u_odelay_dq/iodelay_inst" has been packed in "ODLAY" of IOL "u_ddr3_ctrl/u_ddrphy_top/ddrphy_slice_top/i_dqs_group[2].ddrphy_data_slice/dq_loop[5].u_iobuf_dq/opit_1" success.
I: Adm-6003: Trying to disconnect un-connected pin 'D_DLY' of instance 'u_ddr3_ctrl/u_ddrphy_top/ddrphy_slice_top/i_dqs_group[2].ddrphy_data_slice/dq_loop[6].u_odelay_dq/iodelay_inst'.
I: IDLAY of "u_ddr3_ctrl/u_ddrphy_top/ddrphy_slice_top/i_dqs_group[2].ddrphy_data_slice/dq_loop[6].u_iodelay_dq/iodelay_inst" has been packed in "IDLAY" of IOL "u_ddr3_ctrl/u_ddrphy_top/ddrphy_slice_top/i_dqs_group[2].ddrphy_data_slice/dq_loop[6].u_iobuf_dq/opit_1" success.
I: ODLAY of "u_ddr3_ctrl/u_ddrphy_top/ddrphy_slice_top/i_dqs_group[2].ddrphy_data_slice/dq_loop[6].u_odelay_dq/iodelay_inst" has been packed in "ODLAY" of IOL "u_ddr3_ctrl/u_ddrphy_top/ddrphy_slice_top/i_dqs_group[2].ddrphy_data_slice/dq_loop[6].u_iobuf_dq/opit_1" success.
I: Adm-6003: Trying to disconnect un-connected pin 'D_DLY' of instance 'u_ddr3_ctrl/u_ddrphy_top/ddrphy_slice_top/i_dqs_group[2].ddrphy_data_slice/dq_loop[7].u_odelay_dq/iodelay_inst'.
I: IDLAY of "u_ddr3_ctrl/u_ddrphy_top/ddrphy_slice_top/i_dqs_group[2].ddrphy_data_slice/dq_loop[7].u_iodelay_dq/iodelay_inst" has been packed in "IDLAY" of IOL "u_ddr3_ctrl/u_ddrphy_top/ddrphy_slice_top/i_dqs_group[2].ddrphy_data_slice/dq_loop[7].u_iobuf_dq/opit_1" success.
I: ODLAY of "u_ddr3_ctrl/u_ddrphy_top/ddrphy_slice_top/i_dqs_group[2].ddrphy_data_slice/dq_loop[7].u_odelay_dq/iodelay_inst" has been packed in "ODLAY" of IOL "u_ddr3_ctrl/u_ddrphy_top/ddrphy_slice_top/i_dqs_group[2].ddrphy_data_slice/dq_loop[7].u_iobuf_dq/opit_1" success.
I: Adm-6003: Trying to disconnect un-connected pin 'D_DLY' of instance 'u_ddr3_ctrl/u_ddrphy_top/ddrphy_slice_top/i_dqs_group[3].ddrphy_data_slice/dq_loop[0].u_odelay_dq/iodelay_inst'.
I: IDLAY of "u_ddr3_ctrl/u_ddrphy_top/ddrphy_slice_top/i_dqs_group[3].ddrphy_data_slice/dq_loop[0].u_iodelay_dq/iodelay_inst" has been packed in "IDLAY" of IOL "u_ddr3_ctrl/u_ddrphy_top/ddrphy_slice_top/i_dqs_group[3].ddrphy_data_slice/dq_loop[0].u_iobuf_dq/opit_1" success.
I: ODLAY of "u_ddr3_ctrl/u_ddrphy_top/ddrphy_slice_top/i_dqs_group[3].ddrphy_data_slice/dq_loop[0].u_odelay_dq/iodelay_inst" has been packed in "ODLAY" of IOL "u_ddr3_ctrl/u_ddrphy_top/ddrphy_slice_top/i_dqs_group[3].ddrphy_data_slice/dq_loop[0].u_iobuf_dq/opit_1" success.
I: Adm-6003: Trying to disconnect un-connected pin 'D_DLY' of instance 'u_ddr3_ctrl/u_ddrphy_top/ddrphy_slice_top/i_dqs_group[3].ddrphy_data_slice/dq_loop[1].u_odelay_dq/iodelay_inst'.
I: IDLAY of "u_ddr3_ctrl/u_ddrphy_top/ddrphy_slice_top/i_dqs_group[3].ddrphy_data_slice/dq_loop[1].u_iodelay_dq/iodelay_inst" has been packed in "IDLAY" of IOL "u_ddr3_ctrl/u_ddrphy_top/ddrphy_slice_top/i_dqs_group[3].ddrphy_data_slice/dq_loop[1].u_iobuf_dq/opit_1" success.
I: ODLAY of "u_ddr3_ctrl/u_ddrphy_top/ddrphy_slice_top/i_dqs_group[3].ddrphy_data_slice/dq_loop[1].u_odelay_dq/iodelay_inst" has been packed in "ODLAY" of IOL "u_ddr3_ctrl/u_ddrphy_top/ddrphy_slice_top/i_dqs_group[3].ddrphy_data_slice/dq_loop[1].u_iobuf_dq/opit_1" success.
I: Adm-6003: Trying to disconnect un-connected pin 'D_DLY' of instance 'u_ddr3_ctrl/u_ddrphy_top/ddrphy_slice_top/i_dqs_group[3].ddrphy_data_slice/dq_loop[2].u_odelay_dq/iodelay_inst'.
I: IDLAY of "u_ddr3_ctrl/u_ddrphy_top/ddrphy_slice_top/i_dqs_group[3].ddrphy_data_slice/dq_loop[2].u_iodelay_dq/iodelay_inst" has been packed in "IDLAY" of IOL "u_ddr3_ctrl/u_ddrphy_top/ddrphy_slice_top/i_dqs_group[3].ddrphy_data_slice/dq_loop[2].u_iobuf_dq/opit_1" success.
I: ODLAY of "u_ddr3_ctrl/u_ddrphy_top/ddrphy_slice_top/i_dqs_group[3].ddrphy_data_slice/dq_loop[2].u_odelay_dq/iodelay_inst" has been packed in "ODLAY" of IOL "u_ddr3_ctrl/u_ddrphy_top/ddrphy_slice_top/i_dqs_group[3].ddrphy_data_slice/dq_loop[2].u_iobuf_dq/opit_1" success.
I: Adm-6003: Trying to disconnect un-connected pin 'D_DLY' of instance 'u_ddr3_ctrl/u_ddrphy_top/ddrphy_slice_top/i_dqs_group[3].ddrphy_data_slice/dq_loop[3].u_odelay_dq/iodelay_inst'.
I: IDLAY of "u_ddr3_ctrl/u_ddrphy_top/ddrphy_slice_top/i_dqs_group[3].ddrphy_data_slice/dq_loop[3].u_iodelay_dq/iodelay_inst" has been packed in "IDLAY" of IOL "u_ddr3_ctrl/u_ddrphy_top/ddrphy_slice_top/i_dqs_group[3].ddrphy_data_slice/dq_loop[3].u_iobuf_dq/opit_1" success.
I: ODLAY of "u_ddr3_ctrl/u_ddrphy_top/ddrphy_slice_top/i_dqs_group[3].ddrphy_data_slice/dq_loop[3].u_odelay_dq/iodelay_inst" has been packed in "ODLAY" of IOL "u_ddr3_ctrl/u_ddrphy_top/ddrphy_slice_top/i_dqs_group[3].ddrphy_data_slice/dq_loop[3].u_iobuf_dq/opit_1" success.
I: Adm-6003: Trying to disconnect un-connected pin 'D_DLY' of instance 'u_ddr3_ctrl/u_ddrphy_top/ddrphy_slice_top/i_dqs_group[3].ddrphy_data_slice/dq_loop[4].u_odelay_dq/iodelay_inst'.
I: IDLAY of "u_ddr3_ctrl/u_ddrphy_top/ddrphy_slice_top/i_dqs_group[3].ddrphy_data_slice/dq_loop[4].u_iodelay_dq/iodelay_inst" has been packed in "IDLAY" of IOL "u_ddr3_ctrl/u_ddrphy_top/ddrphy_slice_top/i_dqs_group[3].ddrphy_data_slice/dq_loop[4].u_iobuf_dq/opit_1" success.
I: ODLAY of "u_ddr3_ctrl/u_ddrphy_top/ddrphy_slice_top/i_dqs_group[3].ddrphy_data_slice/dq_loop[4].u_odelay_dq/iodelay_inst" has been packed in "ODLAY" of IOL "u_ddr3_ctrl/u_ddrphy_top/ddrphy_slice_top/i_dqs_group[3].ddrphy_data_slice/dq_loop[4].u_iobuf_dq/opit_1" success.
I: Adm-6003: Trying to disconnect un-connected pin 'D_DLY' of instance 'u_ddr3_ctrl/u_ddrphy_top/ddrphy_slice_top/i_dqs_group[3].ddrphy_data_slice/dq_loop[5].u_odelay_dq/iodelay_inst'.
I: IDLAY of "u_ddr3_ctrl/u_ddrphy_top/ddrphy_slice_top/i_dqs_group[3].ddrphy_data_slice/dq_loop[5].u_iodelay_dq/iodelay_inst" has been packed in "IDLAY" of IOL "u_ddr3_ctrl/u_ddrphy_top/ddrphy_slice_top/i_dqs_group[3].ddrphy_data_slice/dq_loop[5].u_iobuf_dq/opit_1" success.
I: ODLAY of "u_ddr3_ctrl/u_ddrphy_top/ddrphy_slice_top/i_dqs_group[3].ddrphy_data_slice/dq_loop[5].u_odelay_dq/iodelay_inst" has been packed in "ODLAY" of IOL "u_ddr3_ctrl/u_ddrphy_top/ddrphy_slice_top/i_dqs_group[3].ddrphy_data_slice/dq_loop[5].u_iobuf_dq/opit_1" success.
I: Adm-6003: Trying to disconnect un-connected pin 'D_DLY' of instance 'u_ddr3_ctrl/u_ddrphy_top/ddrphy_slice_top/i_dqs_group[3].ddrphy_data_slice/dq_loop[6].u_odelay_dq/iodelay_inst'.
I: IDLAY of "u_ddr3_ctrl/u_ddrphy_top/ddrphy_slice_top/i_dqs_group[3].ddrphy_data_slice/dq_loop[6].u_iodelay_dq/iodelay_inst" has been packed in "IDLAY" of IOL "u_ddr3_ctrl/u_ddrphy_top/ddrphy_slice_top/i_dqs_group[3].ddrphy_data_slice/dq_loop[6].u_iobuf_dq/opit_1" success.
I: ODLAY of "u_ddr3_ctrl/u_ddrphy_top/ddrphy_slice_top/i_dqs_group[3].ddrphy_data_slice/dq_loop[6].u_odelay_dq/iodelay_inst" has been packed in "ODLAY" of IOL "u_ddr3_ctrl/u_ddrphy_top/ddrphy_slice_top/i_dqs_group[3].ddrphy_data_slice/dq_loop[6].u_iobuf_dq/opit_1" success.
I: Adm-6003: Trying to disconnect un-connected pin 'D_DLY' of instance 'u_ddr3_ctrl/u_ddrphy_top/ddrphy_slice_top/i_dqs_group[3].ddrphy_data_slice/dq_loop[7].u_odelay_dq/iodelay_inst'.
I: IDLAY of "u_ddr3_ctrl/u_ddrphy_top/ddrphy_slice_top/i_dqs_group[3].ddrphy_data_slice/dq_loop[7].u_iodelay_dq/iodelay_inst" has been packed in "IDLAY" of IOL "u_ddr3_ctrl/u_ddrphy_top/ddrphy_slice_top/i_dqs_group[3].ddrphy_data_slice/dq_loop[7].u_iobuf_dq/opit_1" success.
I: ODLAY of "u_ddr3_ctrl/u_ddrphy_top/ddrphy_slice_top/i_dqs_group[3].ddrphy_data_slice/dq_loop[7].u_odelay_dq/iodelay_inst" has been packed in "ODLAY" of IOL "u_ddr3_ctrl/u_ddrphy_top/ddrphy_slice_top/i_dqs_group[3].ddrphy_data_slice/dq_loop[7].u_iobuf_dq/opit_1" success.
I: Adm-6003: Trying to disconnect un-connected pin 'D_DLY' of instance 'u_ddr3_ctrl/u_ddrphy_top/ddrphy_slice_top/i_mem_addr_0[0].u_odelay_addr/iodelay_inst'.
I: ODLAY of "u_ddr3_ctrl/u_ddrphy_top/ddrphy_slice_top/i_mem_addr_0[0].u_odelay_addr/iodelay_inst" has been packed in "ODLAY" of IOL "u_ddr3_ctrl/u_ddrphy_top/ddrphy_slice_top/i_mem_addr_0[0].u_outbuft_addr0/opit_1" success.
I: Adm-6003: Trying to disconnect un-connected pin 'D_DLY' of instance 'u_ddr3_ctrl/u_ddrphy_top/ddrphy_slice_top/i_mem_addr_0[1].u_odelay_addr/iodelay_inst'.
I: ODLAY of "u_ddr3_ctrl/u_ddrphy_top/ddrphy_slice_top/i_mem_addr_0[1].u_odelay_addr/iodelay_inst" has been packed in "ODLAY" of IOL "u_ddr3_ctrl/u_ddrphy_top/ddrphy_slice_top/i_mem_addr_0[1].u_outbuft_addr0/opit_1" success.
I: Adm-6003: Trying to disconnect un-connected pin 'D_DLY' of instance 'u_ddr3_ctrl/u_ddrphy_top/ddrphy_slice_top/i_mem_addr_0[2].u_odelay_addr/iodelay_inst'.
I: ODLAY of "u_ddr3_ctrl/u_ddrphy_top/ddrphy_slice_top/i_mem_addr_0[2].u_odelay_addr/iodelay_inst" has been packed in "ODLAY" of IOL "u_ddr3_ctrl/u_ddrphy_top/ddrphy_slice_top/i_mem_addr_0[2].u_outbuft_addr0/opit_1" success.
I: Adm-6003: Trying to disconnect un-connected pin 'D_DLY' of instance 'u_ddr3_ctrl/u_ddrphy_top/ddrphy_slice_top/i_mem_addr_0[3].u_odelay_addr/iodelay_inst'.
I: ODLAY of "u_ddr3_ctrl/u_ddrphy_top/ddrphy_slice_top/i_mem_addr_0[3].u_odelay_addr/iodelay_inst" has been packed in "ODLAY" of IOL "u_ddr3_ctrl/u_ddrphy_top/ddrphy_slice_top/i_mem_addr_0[3].u_outbuft_addr0/opit_1" success.
I: Adm-6003: Trying to disconnect un-connected pin 'D_DLY' of instance 'u_ddr3_ctrl/u_ddrphy_top/ddrphy_slice_top/i_mem_addr_0[4].u_odelay_addr/iodelay_inst'.
I: ODLAY of "u_ddr3_ctrl/u_ddrphy_top/ddrphy_slice_top/i_mem_addr_0[4].u_odelay_addr/iodelay_inst" has been packed in "ODLAY" of IOL "u_ddr3_ctrl/u_ddrphy_top/ddrphy_slice_top/i_mem_addr_0[4].u_outbuft_addr0/opit_1" success.
I: Adm-6003: Trying to disconnect un-connected pin 'D_DLY' of instance 'u_ddr3_ctrl/u_ddrphy_top/ddrphy_slice_top/i_mem_addr_0[5].u_odelay_addr/iodelay_inst'.
I: ODLAY of "u_ddr3_ctrl/u_ddrphy_top/ddrphy_slice_top/i_mem_addr_0[5].u_odelay_addr/iodelay_inst" has been packed in "ODLAY" of IOL "u_ddr3_ctrl/u_ddrphy_top/ddrphy_slice_top/i_mem_addr_0[5].u_outbuft_addr0/opit_1" success.
I: Adm-6003: Trying to disconnect un-connected pin 'D_DLY' of instance 'u_ddr3_ctrl/u_ddrphy_top/ddrphy_slice_top/i_mem_addr_0[6].u_odelay_addr/iodelay_inst'.
I: ODLAY of "u_ddr3_ctrl/u_ddrphy_top/ddrphy_slice_top/i_mem_addr_0[6].u_odelay_addr/iodelay_inst" has been packed in "ODLAY" of IOL "u_ddr3_ctrl/u_ddrphy_top/ddrphy_slice_top/i_mem_addr_0[6].u_outbuft_addr0/opit_1" success.
I: Adm-6003: Trying to disconnect un-connected pin 'D_DLY' of instance 'u_ddr3_ctrl/u_ddrphy_top/ddrphy_slice_top/i_mem_addr_0[7].u_odelay_addr/iodelay_inst'.
I: ODLAY of "u_ddr3_ctrl/u_ddrphy_top/ddrphy_slice_top/i_mem_addr_0[7].u_odelay_addr/iodelay_inst" has been packed in "ODLAY" of IOL "u_ddr3_ctrl/u_ddrphy_top/ddrphy_slice_top/i_mem_addr_0[7].u_outbuft_addr0/opit_1" success.
I: Adm-6003: Trying to disconnect un-connected pin 'D_DLY' of instance 'u_ddr3_ctrl/u_ddrphy_top/ddrphy_slice_top/i_mem_addr_0[8].u_odelay_addr/iodelay_inst'.
I: ODLAY of "u_ddr3_ctrl/u_ddrphy_top/ddrphy_slice_top/i_mem_addr_0[8].u_odelay_addr/iodelay_inst" has been packed in "ODLAY" of IOL "u_ddr3_ctrl/u_ddrphy_top/ddrphy_slice_top/i_mem_addr_0[8].u_outbuft_addr0/opit_1" success.
I: Adm-6003: Trying to disconnect un-connected pin 'D_DLY' of instance 'u_ddr3_ctrl/u_ddrphy_top/ddrphy_slice_top/i_mem_addr_0[9].u_odelay_addr/iodelay_inst'.
I: ODLAY of "u_ddr3_ctrl/u_ddrphy_top/ddrphy_slice_top/i_mem_addr_0[9].u_odelay_addr/iodelay_inst" has been packed in "ODLAY" of IOL "u_ddr3_ctrl/u_ddrphy_top/ddrphy_slice_top/i_mem_addr_0[9].u_outbuft_addr0/opit_1" success.
I: Adm-6003: Trying to disconnect un-connected pin 'D_DLY' of instance 'u_ddr3_ctrl/u_ddrphy_top/ddrphy_slice_top/i_mem_addr_0[10].u_odelay_addr/iodelay_inst'.
I: ODLAY of "u_ddr3_ctrl/u_ddrphy_top/ddrphy_slice_top/i_mem_addr_0[10].u_odelay_addr/iodelay_inst" has been packed in "ODLAY" of IOL "u_ddr3_ctrl/u_ddrphy_top/ddrphy_slice_top/i_mem_addr_0[10].u_outbuft_addr0/opit_1" success.
I: Adm-6003: Trying to disconnect un-connected pin 'D_DLY' of instance 'u_ddr3_ctrl/u_ddrphy_top/ddrphy_slice_top/i_mem_addr_0[11].u_odelay_addr/iodelay_inst'.
I: ODLAY of "u_ddr3_ctrl/u_ddrphy_top/ddrphy_slice_top/i_mem_addr_0[11].u_odelay_addr/iodelay_inst" has been packed in "ODLAY" of IOL "u_ddr3_ctrl/u_ddrphy_top/ddrphy_slice_top/i_mem_addr_0[11].u_outbuft_addr0/opit_1" success.
I: Adm-6003: Trying to disconnect un-connected pin 'D_DLY' of instance 'u_ddr3_ctrl/u_ddrphy_top/ddrphy_slice_top/i_mem_addr_0[12].u_odelay_addr/iodelay_inst'.
I: ODLAY of "u_ddr3_ctrl/u_ddrphy_top/ddrphy_slice_top/i_mem_addr_0[12].u_odelay_addr/iodelay_inst" has been packed in "ODLAY" of IOL "u_ddr3_ctrl/u_ddrphy_top/ddrphy_slice_top/i_mem_addr_0[12].u_outbuft_addr0/opit_1" success.
I: Adm-6003: Trying to disconnect un-connected pin 'D_DLY' of instance 'u_ddr3_ctrl/u_ddrphy_top/ddrphy_slice_top/i_mem_addr_0[13].u_odelay_addr/iodelay_inst'.
I: ODLAY of "u_ddr3_ctrl/u_ddrphy_top/ddrphy_slice_top/i_mem_addr_0[13].u_odelay_addr/iodelay_inst" has been packed in "ODLAY" of IOL "u_ddr3_ctrl/u_ddrphy_top/ddrphy_slice_top/i_mem_addr_0[13].u_outbuft_addr0/opit_1" success.
I: Adm-6003: Trying to disconnect un-connected pin 'D_DLY' of instance 'u_ddr3_ctrl/u_ddrphy_top/ddrphy_slice_top/i_mem_addr_0[14].u_odelay_addr/iodelay_inst'.
I: ODLAY of "u_ddr3_ctrl/u_ddrphy_top/ddrphy_slice_top/i_mem_addr_0[14].u_odelay_addr/iodelay_inst" has been packed in "ODLAY" of IOL "u_ddr3_ctrl/u_ddrphy_top/ddrphy_slice_top/i_mem_addr_0[14].u_outbuft_addr0/opit_1" success.
I: Adm-6003: Trying to disconnect un-connected pin 'D_DLY' of instance 'u_ddr3_ctrl/u_ddrphy_top/ddrphy_slice_top/k_mem_ba[0].u_odelay_ba/iodelay_inst'.
I: ODLAY of "u_ddr3_ctrl/u_ddrphy_top/ddrphy_slice_top/k_mem_ba[0].u_odelay_ba/iodelay_inst" has been packed in "ODLAY" of IOL "u_ddr3_ctrl/u_ddrphy_top/ddrphy_slice_top/k_mem_ba[0].u_outbuft_ba/opit_1" success.
I: Adm-6003: Trying to disconnect un-connected pin 'D_DLY' of instance 'u_ddr3_ctrl/u_ddrphy_top/ddrphy_slice_top/k_mem_ba[1].u_odelay_ba/iodelay_inst'.
I: ODLAY of "u_ddr3_ctrl/u_ddrphy_top/ddrphy_slice_top/k_mem_ba[1].u_odelay_ba/iodelay_inst" has been packed in "ODLAY" of IOL "u_ddr3_ctrl/u_ddrphy_top/ddrphy_slice_top/k_mem_ba[1].u_outbuft_ba/opit_1" success.
I: Adm-6003: Trying to disconnect un-connected pin 'D_DLY' of instance 'u_ddr3_ctrl/u_ddrphy_top/ddrphy_slice_top/k_mem_ba[2].u_odelay_ba/iodelay_inst'.
I: ODLAY of "u_ddr3_ctrl/u_ddrphy_top/ddrphy_slice_top/k_mem_ba[2].u_odelay_ba/iodelay_inst" has been packed in "ODLAY" of IOL "u_ddr3_ctrl/u_ddrphy_top/ddrphy_slice_top/k_mem_ba[2].u_outbuft_ba/opit_1" success.
I: Adm-6003: Trying to disconnect un-connected pin 'D_DLY' of instance 'u_ddr3_ctrl/u_ddrphy_top/ddrphy_slice_top/u_odelay_casn/iodelay_inst'.
I: ODLAY of "u_ddr3_ctrl/u_ddrphy_top/ddrphy_slice_top/u_odelay_casn/iodelay_inst" has been packed in "ODLAY" of IOL "u_ddr3_ctrl/u_ddrphy_top/ddrphy_slice_top/u_outbuft_casn/opit_1" success.
I: Adm-6003: Trying to disconnect un-connected pin 'D_DLY' of instance 'u_ddr3_ctrl/u_ddrphy_top/ddrphy_slice_top/u_odelay_cke/iodelay_inst'.
I: ODLAY of "u_ddr3_ctrl/u_ddrphy_top/ddrphy_slice_top/u_odelay_cke/iodelay_inst" has been packed in "ODLAY" of IOL "u_ddr3_ctrl/u_ddrphy_top/ddrphy_slice_top/u_outbuft_cke/opit_1" success.
I: Adm-6003: Trying to disconnect un-connected pin 'D_DLY' of instance 'u_ddr3_ctrl/u_ddrphy_top/ddrphy_slice_top/u_odelay_csn/iodelay_inst'.
I: ODLAY of "u_ddr3_ctrl/u_ddrphy_top/ddrphy_slice_top/u_odelay_csn/iodelay_inst" has been packed in "ODLAY" of IOL "u_ddr3_ctrl/u_ddrphy_top/ddrphy_slice_top/u_outbuft_csn/opit_1" success.
I: Adm-6003: Trying to disconnect un-connected pin 'D_DLY' of instance 'u_ddr3_ctrl/u_ddrphy_top/ddrphy_slice_top/u_odelay_odt/iodelay_inst'.
I: ODLAY of "u_ddr3_ctrl/u_ddrphy_top/ddrphy_slice_top/u_odelay_odt/iodelay_inst" has been packed in "ODLAY" of IOL "u_ddr3_ctrl/u_ddrphy_top/ddrphy_slice_top/u_outbuft_odt/opit_1" success.
I: Adm-6003: Trying to disconnect un-connected pin 'D_DLY' of instance 'u_ddr3_ctrl/u_ddrphy_top/ddrphy_slice_top/u_odelay_rasn/iodelay_inst'.
I: ODLAY of "u_ddr3_ctrl/u_ddrphy_top/ddrphy_slice_top/u_odelay_rasn/iodelay_inst" has been packed in "ODLAY" of IOL "u_ddr3_ctrl/u_ddrphy_top/ddrphy_slice_top/u_outbuft_rasn/opit_1" success.
I: Adm-6003: Trying to disconnect un-connected pin 'D_DLY' of instance 'u_ddr3_ctrl/u_ddrphy_top/ddrphy_slice_top/u_odelay_wen/iodelay_inst'.
I: ODLAY of "u_ddr3_ctrl/u_ddrphy_top/ddrphy_slice_top/u_odelay_wen/iodelay_inst" has been packed in "ODLAY" of IOL "u_ddr3_ctrl/u_ddrphy_top/ddrphy_slice_top/u_outbuft_wen/opit_1" success.
I: Adm-6003: Trying to disconnect un-connected pin 'D_DLY' of instance 'u_ddr3_ctrl/u_ddrphy_top/ddrphy_slice_top/u_iodelay_dq/iodelay_inst'.
I: ODLAY of "u_ddr3_ctrl/u_ddrphy_top/ddrphy_slice_top/u_iodelay_dq/iodelay_inst" has been packed in "ODLAY" of IOL "u_ddr3_ctrl/u_ddrphy_top/ddrphy_slice_top/u_outbuftco_ck/opit_3" success.
I: Adm-6003: Trying to disconnect un-connected pin 'D_DLY' of instance 'u_ddr3_ctrl/u_ddrphy_top/ddrphy_slice_top/i_dqs_group[0].ddrphy_data_slice/dq_loop[0].u_odelay_dq/iodelay_inst'.
I: IDLAY of "u_ddr3_ctrl/u_ddrphy_top/ddrphy_slice_top/i_dqs_group[0].ddrphy_data_slice/dq_loop[0].u_iodelay_dq/iodelay_inst" has been packed in "IDLAY" of IOL "u_ddr3_ctrl/u_ddrphy_top/ddrphy_slice_top/i_dqs_group[0].ddrphy_data_slice/dq_loop[0].u_iobuf_dq/opit_1" success.
I: ODLAY of "u_ddr3_ctrl/u_ddrphy_top/ddrphy_slice_top/i_dqs_group[0].ddrphy_data_slice/dq_loop[0].u_odelay_dq/iodelay_inst" has been packed in "ODLAY" of IOL "u_ddr3_ctrl/u_ddrphy_top/ddrphy_slice_top/i_dqs_group[0].ddrphy_data_slice/dq_loop[0].u_iobuf_dq/opit_1" success.
I: Adm-6003: Trying to disconnect un-connected pin 'D_DLY' of instance 'u_ddr3_ctrl/u_ddrphy_top/ddrphy_slice_top/i_dqs_group[0].ddrphy_data_slice/dq_loop[1].u_odelay_dq/iodelay_inst'.
I: IDLAY of "u_ddr3_ctrl/u_ddrphy_top/ddrphy_slice_top/i_dqs_group[0].ddrphy_data_slice/dq_loop[1].u_iodelay_dq/iodelay_inst" has been packed in "IDLAY" of IOL "u_ddr3_ctrl/u_ddrphy_top/ddrphy_slice_top/i_dqs_group[0].ddrphy_data_slice/dq_loop[1].u_iobuf_dq/opit_1" success.
I: ODLAY of "u_ddr3_ctrl/u_ddrphy_top/ddrphy_slice_top/i_dqs_group[0].ddrphy_data_slice/dq_loop[1].u_odelay_dq/iodelay_inst" has been packed in "ODLAY" of IOL "u_ddr3_ctrl/u_ddrphy_top/ddrphy_slice_top/i_dqs_group[0].ddrphy_data_slice/dq_loop[1].u_iobuf_dq/opit_1" success.
I: Adm-6003: Trying to disconnect un-connected pin 'D_DLY' of instance 'u_ddr3_ctrl/u_ddrphy_top/ddrphy_slice_top/i_dqs_group[0].ddrphy_data_slice/dq_loop[2].u_odelay_dq/iodelay_inst'.
I: IDLAY of "u_ddr3_ctrl/u_ddrphy_top/ddrphy_slice_top/i_dqs_group[0].ddrphy_data_slice/dq_loop[2].u_iodelay_dq/iodelay_inst" has been packed in "IDLAY" of IOL "u_ddr3_ctrl/u_ddrphy_top/ddrphy_slice_top/i_dqs_group[0].ddrphy_data_slice/dq_loop[2].u_iobuf_dq/opit_1" success.
I: ODLAY of "u_ddr3_ctrl/u_ddrphy_top/ddrphy_slice_top/i_dqs_group[0].ddrphy_data_slice/dq_loop[2].u_odelay_dq/iodelay_inst" has been packed in "ODLAY" of IOL "u_ddr3_ctrl/u_ddrphy_top/ddrphy_slice_top/i_dqs_group[0].ddrphy_data_slice/dq_loop[2].u_iobuf_dq/opit_1" success.
I: Adm-6003: Trying to disconnect un-connected pin 'D_DLY' of instance 'u_ddr3_ctrl/u_ddrphy_top/ddrphy_slice_top/i_dqs_group[0].ddrphy_data_slice/dq_loop[3].u_odelay_dq/iodelay_inst'.
I: IDLAY of "u_ddr3_ctrl/u_ddrphy_top/ddrphy_slice_top/i_dqs_group[0].ddrphy_data_slice/dq_loop[3].u_iodelay_dq/iodelay_inst" has been packed in "IDLAY" of IOL "u_ddr3_ctrl/u_ddrphy_top/ddrphy_slice_top/i_dqs_group[0].ddrphy_data_slice/dq_loop[3].u_iobuf_dq/opit_1" success.
I: ODLAY of "u_ddr3_ctrl/u_ddrphy_top/ddrphy_slice_top/i_dqs_group[0].ddrphy_data_slice/dq_loop[3].u_odelay_dq/iodelay_inst" has been packed in "ODLAY" of IOL "u_ddr3_ctrl/u_ddrphy_top/ddrphy_slice_top/i_dqs_group[0].ddrphy_data_slice/dq_loop[3].u_iobuf_dq/opit_1" success.
I: Adm-6003: Trying to disconnect un-connected pin 'D_DLY' of instance 'u_ddr3_ctrl/u_ddrphy_top/ddrphy_slice_top/i_dqs_group[0].ddrphy_data_slice/dq_loop[4].u_odelay_dq/iodelay_inst'.
I: IDLAY of "u_ddr3_ctrl/u_ddrphy_top/ddrphy_slice_top/i_dqs_group[0].ddrphy_data_slice/dq_loop[4].u_iodelay_dq/iodelay_inst" has been packed in "IDLAY" of IOL "u_ddr3_ctrl/u_ddrphy_top/ddrphy_slice_top/i_dqs_group[0].ddrphy_data_slice/dq_loop[4].u_iobuf_dq/opit_1" success.
I: ODLAY of "u_ddr3_ctrl/u_ddrphy_top/ddrphy_slice_top/i_dqs_group[0].ddrphy_data_slice/dq_loop[4].u_odelay_dq/iodelay_inst" has been packed in "ODLAY" of IOL "u_ddr3_ctrl/u_ddrphy_top/ddrphy_slice_top/i_dqs_group[0].ddrphy_data_slice/dq_loop[4].u_iobuf_dq/opit_1" success.
I: Adm-6003: Trying to disconnect un-connected pin 'D_DLY' of instance 'u_ddr3_ctrl/u_ddrphy_top/ddrphy_slice_top/i_dqs_group[0].ddrphy_data_slice/dq_loop[5].u_odelay_dq/iodelay_inst'.
I: IDLAY of "u_ddr3_ctrl/u_ddrphy_top/ddrphy_slice_top/i_dqs_group[0].ddrphy_data_slice/dq_loop[5].u_iodelay_dq/iodelay_inst" has been packed in "IDLAY" of IOL "u_ddr3_ctrl/u_ddrphy_top/ddrphy_slice_top/i_dqs_group[0].ddrphy_data_slice/dq_loop[5].u_iobuf_dq/opit_1" success.
I: ODLAY of "u_ddr3_ctrl/u_ddrphy_top/ddrphy_slice_top/i_dqs_group[0].ddrphy_data_slice/dq_loop[5].u_odelay_dq/iodelay_inst" has been packed in "ODLAY" of IOL "u_ddr3_ctrl/u_ddrphy_top/ddrphy_slice_top/i_dqs_group[0].ddrphy_data_slice/dq_loop[5].u_iobuf_dq/opit_1" success.
I: Adm-6003: Trying to disconnect un-connected pin 'D_DLY' of instance 'u_ddr3_ctrl/u_ddrphy_top/ddrphy_slice_top/i_dqs_group[0].ddrphy_data_slice/dq_loop[6].u_odelay_dq/iodelay_inst'.
I: IDLAY of "u_ddr3_ctrl/u_ddrphy_top/ddrphy_slice_top/i_dqs_group[0].ddrphy_data_slice/dq_loop[6].u_iodelay_dq/iodelay_inst" has been packed in "IDLAY" of IOL "u_ddr3_ctrl/u_ddrphy_top/ddrphy_slice_top/i_dqs_group[0].ddrphy_data_slice/dq_loop[6].u_iobuf_dq/opit_1" success.
I: ODLAY of "u_ddr3_ctrl/u_ddrphy_top/ddrphy_slice_top/i_dqs_group[0].ddrphy_data_slice/dq_loop[6].u_odelay_dq/iodelay_inst" has been packed in "ODLAY" of IOL "u_ddr3_ctrl/u_ddrphy_top/ddrphy_slice_top/i_dqs_group[0].ddrphy_data_slice/dq_loop[6].u_iobuf_dq/opit_1" success.
I: Adm-6003: Trying to disconnect un-connected pin 'D_DLY' of instance 'u_ddr3_ctrl/u_ddrphy_top/ddrphy_slice_top/i_dqs_group[0].ddrphy_data_slice/dq_loop[7].u_odelay_dq/iodelay_inst'.
I: IDLAY of "u_ddr3_ctrl/u_ddrphy_top/ddrphy_slice_top/i_dqs_group[0].ddrphy_data_slice/dq_loop[7].u_iodelay_dq/iodelay_inst" has been packed in "IDLAY" of IOL "u_ddr3_ctrl/u_ddrphy_top/ddrphy_slice_top/i_dqs_group[0].ddrphy_data_slice/dq_loop[7].u_iobuf_dq/opit_1" success.
I: ODLAY of "u_ddr3_ctrl/u_ddrphy_top/ddrphy_slice_top/i_dqs_group[0].ddrphy_data_slice/dq_loop[7].u_odelay_dq/iodelay_inst" has been packed in "ODLAY" of IOL "u_ddr3_ctrl/u_ddrphy_top/ddrphy_slice_top/i_dqs_group[0].ddrphy_data_slice/dq_loop[7].u_iobuf_dq/opit_1" success.
I: Adm-6003: Trying to disconnect un-connected pin 'D_DLY' of instance 'u_ddr3_ctrl/u_ddrphy_top/ddrphy_slice_top/i_dqs_group[1].ddrphy_data_slice/dq_loop[0].u_odelay_dq/iodelay_inst'.
I: IDLAY of "u_ddr3_ctrl/u_ddrphy_top/ddrphy_slice_top/i_dqs_group[1].ddrphy_data_slice/dq_loop[0].u_iodelay_dq/iodelay_inst" has been packed in "IDLAY" of IOL "u_ddr3_ctrl/u_ddrphy_top/ddrphy_slice_top/i_dqs_group[1].ddrphy_data_slice/dq_loop[0].u_iobuf_dq/opit_1" success.
I: ODLAY of "u_ddr3_ctrl/u_ddrphy_top/ddrphy_slice_top/i_dqs_group[1].ddrphy_data_slice/dq_loop[0].u_odelay_dq/iodelay_inst" has been packed in "ODLAY" of IOL "u_ddr3_ctrl/u_ddrphy_top/ddrphy_slice_top/i_dqs_group[1].ddrphy_data_slice/dq_loop[0].u_iobuf_dq/opit_1" success.
I: Adm-6003: Trying to disconnect un-connected pin 'D_DLY' of instance 'u_ddr3_ctrl/u_ddrphy_top/ddrphy_slice_top/i_dqs_group[1].ddrphy_data_slice/dq_loop[1].u_odelay_dq/iodelay_inst'.
I: IDLAY of "u_ddr3_ctrl/u_ddrphy_top/ddrphy_slice_top/i_dqs_group[1].ddrphy_data_slice/dq_loop[1].u_iodelay_dq/iodelay_inst" has been packed in "IDLAY" of IOL "u_ddr3_ctrl/u_ddrphy_top/ddrphy_slice_top/i_dqs_group[1].ddrphy_data_slice/dq_loop[1].u_iobuf_dq/opit_1" success.
I: ODLAY of "u_ddr3_ctrl/u_ddrphy_top/ddrphy_slice_top/i_dqs_group[1].ddrphy_data_slice/dq_loop[1].u_odelay_dq/iodelay_inst" has been packed in "ODLAY" of IOL "u_ddr3_ctrl/u_ddrphy_top/ddrphy_slice_top/i_dqs_group[1].ddrphy_data_slice/dq_loop[1].u_iobuf_dq/opit_1" success.
I: Adm-6003: Trying to disconnect un-connected pin 'D_DLY' of instance 'u_ddr3_ctrl/u_ddrphy_top/ddrphy_slice_top/i_dqs_group[1].ddrphy_data_slice/dq_loop[2].u_odelay_dq/iodelay_inst'.
I: IDLAY of "u_ddr3_ctrl/u_ddrphy_top/ddrphy_slice_top/i_dqs_group[1].ddrphy_data_slice/dq_loop[2].u_iodelay_dq/iodelay_inst" has been packed in "IDLAY" of IOL "u_ddr3_ctrl/u_ddrphy_top/ddrphy_slice_top/i_dqs_group[1].ddrphy_data_slice/dq_loop[2].u_iobuf_dq/opit_1" success.
I: ODLAY of "u_ddr3_ctrl/u_ddrphy_top/ddrphy_slice_top/i_dqs_group[1].ddrphy_data_slice/dq_loop[2].u_odelay_dq/iodelay_inst" has been packed in "ODLAY" of IOL "u_ddr3_ctrl/u_ddrphy_top/ddrphy_slice_top/i_dqs_group[1].ddrphy_data_slice/dq_loop[2].u_iobuf_dq/opit_1" success.
I: Adm-6003: Trying to disconnect un-connected pin 'D_DLY' of instance 'u_ddr3_ctrl/u_ddrphy_top/ddrphy_slice_top/i_dqs_group[1].ddrphy_data_slice/dq_loop[3].u_odelay_dq/iodelay_inst'.
I: IDLAY of "u_ddr3_ctrl/u_ddrphy_top/ddrphy_slice_top/i_dqs_group[1].ddrphy_data_slice/dq_loop[3].u_iodelay_dq/iodelay_inst" has been packed in "IDLAY" of IOL "u_ddr3_ctrl/u_ddrphy_top/ddrphy_slice_top/i_dqs_group[1].ddrphy_data_slice/dq_loop[3].u_iobuf_dq/opit_1" success.
I: ODLAY of "u_ddr3_ctrl/u_ddrphy_top/ddrphy_slice_top/i_dqs_group[1].ddrphy_data_slice/dq_loop[3].u_odelay_dq/iodelay_inst" has been packed in "ODLAY" of IOL "u_ddr3_ctrl/u_ddrphy_top/ddrphy_slice_top/i_dqs_group[1].ddrphy_data_slice/dq_loop[3].u_iobuf_dq/opit_1" success.
I: Adm-6003: Trying to disconnect un-connected pin 'D_DLY' of instance 'u_ddr3_ctrl/u_ddrphy_top/ddrphy_slice_top/i_dqs_group[1].ddrphy_data_slice/dq_loop[4].u_odelay_dq/iodelay_inst'.
I: IDLAY of "u_ddr3_ctrl/u_ddrphy_top/ddrphy_slice_top/i_dqs_group[1].ddrphy_data_slice/dq_loop[4].u_iodelay_dq/iodelay_inst" has been packed in "IDLAY" of IOL "u_ddr3_ctrl/u_ddrphy_top/ddrphy_slice_top/i_dqs_group[1].ddrphy_data_slice/dq_loop[4].u_iobuf_dq/opit_1" success.
I: ODLAY of "u_ddr3_ctrl/u_ddrphy_top/ddrphy_slice_top/i_dqs_group[1].ddrphy_data_slice/dq_loop[4].u_odelay_dq/iodelay_inst" has been packed in "ODLAY" of IOL "u_ddr3_ctrl/u_ddrphy_top/ddrphy_slice_top/i_dqs_group[1].ddrphy_data_slice/dq_loop[4].u_iobuf_dq/opit_1" success.
I: Adm-6003: Trying to disconnect un-connected pin 'D_DLY' of instance 'u_ddr3_ctrl/u_ddrphy_top/ddrphy_slice_top/i_dqs_group[1].ddrphy_data_slice/dq_loop[5].u_odelay_dq/iodelay_inst'.
I: IDLAY of "u_ddr3_ctrl/u_ddrphy_top/ddrphy_slice_top/i_dqs_group[1].ddrphy_data_slice/dq_loop[5].u_iodelay_dq/iodelay_inst" has been packed in "IDLAY" of IOL "u_ddr3_ctrl/u_ddrphy_top/ddrphy_slice_top/i_dqs_group[1].ddrphy_data_slice/dq_loop[5].u_iobuf_dq/opit_1" success.
I: ODLAY of "u_ddr3_ctrl/u_ddrphy_top/ddrphy_slice_top/i_dqs_group[1].ddrphy_data_slice/dq_loop[5].u_odelay_dq/iodelay_inst" has been packed in "ODLAY" of IOL "u_ddr3_ctrl/u_ddrphy_top/ddrphy_slice_top/i_dqs_group[1].ddrphy_data_slice/dq_loop[5].u_iobuf_dq/opit_1" success.
I: Adm-6003: Trying to disconnect un-connected pin 'D_DLY' of instance 'u_ddr3_ctrl/u_ddrphy_top/ddrphy_slice_top/i_dqs_group[1].ddrphy_data_slice/dq_loop[6].u_odelay_dq/iodelay_inst'.
I: IDLAY of "u_ddr3_ctrl/u_ddrphy_top/ddrphy_slice_top/i_dqs_group[1].ddrphy_data_slice/dq_loop[6].u_iodelay_dq/iodelay_inst" has been packed in "IDLAY" of IOL "u_ddr3_ctrl/u_ddrphy_top/ddrphy_slice_top/i_dqs_group[1].ddrphy_data_slice/dq_loop[6].u_iobuf_dq/opit_1" success.
I: ODLAY of "u_ddr3_ctrl/u_ddrphy_top/ddrphy_slice_top/i_dqs_group[1].ddrphy_data_slice/dq_loop[6].u_odelay_dq/iodelay_inst" has been packed in "ODLAY" of IOL "u_ddr3_ctrl/u_ddrphy_top/ddrphy_slice_top/i_dqs_group[1].ddrphy_data_slice/dq_loop[6].u_iobuf_dq/opit_1" success.
I: Adm-6003: Trying to disconnect un-connected pin 'D_DLY' of instance 'u_ddr3_ctrl/u_ddrphy_top/ddrphy_slice_top/i_dqs_group[1].ddrphy_data_slice/dq_loop[7].u_odelay_dq/iodelay_inst'.
I: IDLAY of "u_ddr3_ctrl/u_ddrphy_top/ddrphy_slice_top/i_dqs_group[1].ddrphy_data_slice/dq_loop[7].u_iodelay_dq/iodelay_inst" has been packed in "IDLAY" of IOL "u_ddr3_ctrl/u_ddrphy_top/ddrphy_slice_top/i_dqs_group[1].ddrphy_data_slice/dq_loop[7].u_iobuf_dq/opit_1" success.
I: ODLAY of "u_ddr3_ctrl/u_ddrphy_top/ddrphy_slice_top/i_dqs_group[1].ddrphy_data_slice/dq_loop[7].u_odelay_dq/iodelay_inst" has been packed in "ODLAY" of IOL "u_ddr3_ctrl/u_ddrphy_top/ddrphy_slice_top/i_dqs_group[1].ddrphy_data_slice/dq_loop[7].u_iobuf_dq/opit_1" success.
I: Adm-6003: Trying to disconnect un-connected pin 'D_DLY' of instance 'u_ddr3_ctrl/u_ddrphy_top/ddrphy_slice_top/i_dqs_group[2].ddrphy_data_slice/dq_loop[0].u_odelay_dq/iodelay_inst'.
I: IDLAY of "u_ddr3_ctrl/u_ddrphy_top/ddrphy_slice_top/i_dqs_group[2].ddrphy_data_slice/dq_loop[0].u_iodelay_dq/iodelay_inst" has been packed in "IDLAY" of IOL "u_ddr3_ctrl/u_ddrphy_top/ddrphy_slice_top/i_dqs_group[2].ddrphy_data_slice/dq_loop[0].u_iobuf_dq/opit_1" success.
I: ODLAY of "u_ddr3_ctrl/u_ddrphy_top/ddrphy_slice_top/i_dqs_group[2].ddrphy_data_slice/dq_loop[0].u_odelay_dq/iodelay_inst" has been packed in "ODLAY" of IOL "u_ddr3_ctrl/u_ddrphy_top/ddrphy_slice_top/i_dqs_group[2].ddrphy_data_slice/dq_loop[0].u_iobuf_dq/opit_1" success.
I: Adm-6003: Trying to disconnect un-connected pin 'D_DLY' of instance 'u_ddr3_ctrl/u_ddrphy_top/ddrphy_slice_top/i_dqs_group[2].ddrphy_data_slice/dq_loop[1].u_odelay_dq/iodelay_inst'.
I: IDLAY of "u_ddr3_ctrl/u_ddrphy_top/ddrphy_slice_top/i_dqs_group[2].ddrphy_data_slice/dq_loop[1].u_iodelay_dq/iodelay_inst" has been packed in "IDLAY" of IOL "u_ddr3_ctrl/u_ddrphy_top/ddrphy_slice_top/i_dqs_group[2].ddrphy_data_slice/dq_loop[1].u_iobuf_dq/opit_1" success.
I: ODLAY of "u_ddr3_ctrl/u_ddrphy_top/ddrphy_slice_top/i_dqs_group[2].ddrphy_data_slice/dq_loop[1].u_odelay_dq/iodelay_inst" has been packed in "ODLAY" of IOL "u_ddr3_ctrl/u_ddrphy_top/ddrphy_slice_top/i_dqs_group[2].ddrphy_data_slice/dq_loop[1].u_iobuf_dq/opit_1" success.
I: Adm-6003: Trying to disconnect un-connected pin 'D_DLY' of instance 'u_ddr3_ctrl/u_ddrphy_top/ddrphy_slice_top/i_dqs_group[2].ddrphy_data_slice/dq_loop[2].u_odelay_dq/iodelay_inst'.
I: IDLAY of "u_ddr3_ctrl/u_ddrphy_top/ddrphy_slice_top/i_dqs_group[2].ddrphy_data_slice/dq_loop[2].u_iodelay_dq/iodelay_inst" has been packed in "IDLAY" of IOL "u_ddr3_ctrl/u_ddrphy_top/ddrphy_slice_top/i_dqs_group[2].ddrphy_data_slice/dq_loop[2].u_iobuf_dq/opit_1" success.
I: ODLAY of "u_ddr3_ctrl/u_ddrphy_top/ddrphy_slice_top/i_dqs_group[2].ddrphy_data_slice/dq_loop[2].u_odelay_dq/iodelay_inst" has been packed in "ODLAY" of IOL "u_ddr3_ctrl/u_ddrphy_top/ddrphy_slice_top/i_dqs_group[2].ddrphy_data_slice/dq_loop[2].u_iobuf_dq/opit_1" success.
I: Adm-6003: Trying to disconnect un-connected pin 'D_DLY' of instance 'u_ddr3_ctrl/u_ddrphy_top/ddrphy_slice_top/i_dqs_group[2].ddrphy_data_slice/dq_loop[3].u_odelay_dq/iodelay_inst'.
I: IDLAY of "u_ddr3_ctrl/u_ddrphy_top/ddrphy_slice_top/i_dqs_group[2].ddrphy_data_slice/dq_loop[3].u_iodelay_dq/iodelay_inst" has been packed in "IDLAY" of IOL "u_ddr3_ctrl/u_ddrphy_top/ddrphy_slice_top/i_dqs_group[2].ddrphy_data_slice/dq_loop[3].u_iobuf_dq/opit_1" success.
I: ODLAY of "u_ddr3_ctrl/u_ddrphy_top/ddrphy_slice_top/i_dqs_group[2].ddrphy_data_slice/dq_loop[3].u_odelay_dq/iodelay_inst" has been packed in "ODLAY" of IOL "u_ddr3_ctrl/u_ddrphy_top/ddrphy_slice_top/i_dqs_group[2].ddrphy_data_slice/dq_loop[3].u_iobuf_dq/opit_1" success.
I: Adm-6003: Trying to disconnect un-connected pin 'D_DLY' of instance 'u_ddr3_ctrl/u_ddrphy_top/ddrphy_slice_top/i_dqs_group[2].ddrphy_data_slice/dq_loop[4].u_odelay_dq/iodelay_inst'.
I: IDLAY of "u_ddr3_ctrl/u_ddrphy_top/ddrphy_slice_top/i_dqs_group[2].ddrphy_data_slice/dq_loop[4].u_iodelay_dq/iodelay_inst" has been packed in "IDLAY" of IOL "u_ddr3_ctrl/u_ddrphy_top/ddrphy_slice_top/i_dqs_group[2].ddrphy_data_slice/dq_loop[4].u_iobuf_dq/opit_1" success.
I: ODLAY of "u_ddr3_ctrl/u_ddrphy_top/ddrphy_slice_top/i_dqs_group[2].ddrphy_data_slice/dq_loop[4].u_odelay_dq/iodelay_inst" has been packed in "ODLAY" of IOL "u_ddr3_ctrl/u_ddrphy_top/ddrphy_slice_top/i_dqs_group[2].ddrphy_data_slice/dq_loop[4].u_iobuf_dq/opit_1" success.
I: OSERDES "u_ddr3_ctrl/u_ddrphy_top/ddrphy_slice_top/i_dqs_group[3].ddrphy_data_slice/u_oserdes_dm/oserdes_inst" has been packed in "ODDR" of IOL "u_ddr3_ctrl/u_ddrphy_top/ddrphy_slice_top/i_dqs_group[3].ddrphy_data_slice/u_outbuft_dm/opit_1" success.
I: ISERDES "u_ddr3_ctrl/u_ddrphy_top/ddrphy_slice_top/i_dqs_group[2].ddrphy_data_slice/dq_loop[5].u_iserdes_dq/iserdes_inst" has been packed in "IDDR" of IOL "u_ddr3_ctrl/u_ddrphy_top/ddrphy_slice_top/i_dqs_group[2].ddrphy_data_slice/dq_loop[5].u_iobuf_dq/opit_1" success.
I: OSERDES "u_ddr3_ctrl/u_ddrphy_top/ddrphy_slice_top/i_dqs_group[2].ddrphy_data_slice/dq_loop[5].u_oserdes_dq/oserdes_inst" has been packed in "ODDR" of IOL "u_ddr3_ctrl/u_ddrphy_top/ddrphy_slice_top/i_dqs_group[2].ddrphy_data_slice/dq_loop[5].u_iobuf_dq/opit_1" success.
I: ISERDES "u_ddr3_ctrl/u_ddrphy_top/ddrphy_slice_top/i_dqs_group[2].ddrphy_data_slice/dq_loop[6].u_iserdes_dq/iserdes_inst" has been packed in "IDDR" of IOL "u_ddr3_ctrl/u_ddrphy_top/ddrphy_slice_top/i_dqs_group[2].ddrphy_data_slice/dq_loop[6].u_iobuf_dq/opit_1" success.
I: OSERDES "u_ddr3_ctrl/u_ddrphy_top/ddrphy_slice_top/i_dqs_group[2].ddrphy_data_slice/dq_loop[6].u_oserdes_dq/oserdes_inst" has been packed in "ODDR" of IOL "u_ddr3_ctrl/u_ddrphy_top/ddrphy_slice_top/i_dqs_group[2].ddrphy_data_slice/dq_loop[6].u_iobuf_dq/opit_1" success.
I: ISERDES "u_ddr3_ctrl/u_ddrphy_top/ddrphy_slice_top/i_dqs_group[2].ddrphy_data_slice/dq_loop[7].u_iserdes_dq/iserdes_inst" has been packed in "IDDR" of IOL "u_ddr3_ctrl/u_ddrphy_top/ddrphy_slice_top/i_dqs_group[2].ddrphy_data_slice/dq_loop[7].u_iobuf_dq/opit_1" success.
I: OSERDES "u_ddr3_ctrl/u_ddrphy_top/ddrphy_slice_top/i_dqs_group[2].ddrphy_data_slice/dq_loop[7].u_oserdes_dq/oserdes_inst" has been packed in "ODDR" of IOL "u_ddr3_ctrl/u_ddrphy_top/ddrphy_slice_top/i_dqs_group[2].ddrphy_data_slice/dq_loop[7].u_iobuf_dq/opit_1" success.
I: OSERDES "u_ddr3_ctrl/u_ddrphy_top/ddrphy_slice_top/i_dqs_group[2].ddrphy_data_slice/u_oserdes_dqs/oserdes_inst" has been packed in "ODDR" of IOL "u_ddr3_ctrl/u_ddrphy_top/ddrphy_slice_top/i_dqs_group[2].ddrphy_data_slice/iobuf.u_iobufco_dqs/opit_2" success.
I: OSERDES "u_ddr3_ctrl/u_ddrphy_top/ddrphy_slice_top/i_dqs_group[2].ddrphy_data_slice/u_oserdes_dm/oserdes_inst" has been packed in "ODDR" of IOL "u_ddr3_ctrl/u_ddrphy_top/ddrphy_slice_top/i_dqs_group[2].ddrphy_data_slice/u_outbuft_dm/opit_1" success.
I: ISERDES "u_ddr3_ctrl/u_ddrphy_top/ddrphy_slice_top/i_dqs_group[3].ddrphy_data_slice/dq_loop[0].u_iserdes_dq/iserdes_inst" has been packed in "IDDR" of IOL "u_ddr3_ctrl/u_ddrphy_top/ddrphy_slice_top/i_dqs_group[3].ddrphy_data_slice/dq_loop[0].u_iobuf_dq/opit_1" success.
I: OSERDES "u_ddr3_ctrl/u_ddrphy_top/ddrphy_slice_top/i_dqs_group[3].ddrphy_data_slice/dq_loop[0].u_oserdes_dq/oserdes_inst" has been packed in "ODDR" of IOL "u_ddr3_ctrl/u_ddrphy_top/ddrphy_slice_top/i_dqs_group[3].ddrphy_data_slice/dq_loop[0].u_iobuf_dq/opit_1" success.
I: ISERDES "u_ddr3_ctrl/u_ddrphy_top/ddrphy_slice_top/i_dqs_group[3].ddrphy_data_slice/dq_loop[1].u_iserdes_dq/iserdes_inst" has been packed in "IDDR" of IOL "u_ddr3_ctrl/u_ddrphy_top/ddrphy_slice_top/i_dqs_group[3].ddrphy_data_slice/dq_loop[1].u_iobuf_dq/opit_1" success.
I: OSERDES "u_ddr3_ctrl/u_ddrphy_top/ddrphy_slice_top/i_dqs_group[3].ddrphy_data_slice/dq_loop[1].u_oserdes_dq/oserdes_inst" has been packed in "ODDR" of IOL "u_ddr3_ctrl/u_ddrphy_top/ddrphy_slice_top/i_dqs_group[3].ddrphy_data_slice/dq_loop[1].u_iobuf_dq/opit_1" success.
I: ISERDES "u_ddr3_ctrl/u_ddrphy_top/ddrphy_slice_top/i_dqs_group[3].ddrphy_data_slice/dq_loop[2].u_iserdes_dq/iserdes_inst" has been packed in "IDDR" of IOL "u_ddr3_ctrl/u_ddrphy_top/ddrphy_slice_top/i_dqs_group[3].ddrphy_data_slice/dq_loop[2].u_iobuf_dq/opit_1" success.
I: OSERDES "u_ddr3_ctrl/u_ddrphy_top/ddrphy_slice_top/i_dqs_group[3].ddrphy_data_slice/dq_loop[2].u_oserdes_dq/oserdes_inst" has been packed in "ODDR" of IOL "u_ddr3_ctrl/u_ddrphy_top/ddrphy_slice_top/i_dqs_group[3].ddrphy_data_slice/dq_loop[2].u_iobuf_dq/opit_1" success.
I: ISERDES "u_ddr3_ctrl/u_ddrphy_top/ddrphy_slice_top/i_dqs_group[3].ddrphy_data_slice/dq_loop[3].u_iserdes_dq/iserdes_inst" has been packed in "IDDR" of IOL "u_ddr3_ctrl/u_ddrphy_top/ddrphy_slice_top/i_dqs_group[3].ddrphy_data_slice/dq_loop[3].u_iobuf_dq/opit_1" success.
I: OSERDES "u_ddr3_ctrl/u_ddrphy_top/ddrphy_slice_top/i_dqs_group[3].ddrphy_data_slice/dq_loop[3].u_oserdes_dq/oserdes_inst" has been packed in "ODDR" of IOL "u_ddr3_ctrl/u_ddrphy_top/ddrphy_slice_top/i_dqs_group[3].ddrphy_data_slice/dq_loop[3].u_iobuf_dq/opit_1" success.
I: ISERDES "u_ddr3_ctrl/u_ddrphy_top/ddrphy_slice_top/i_dqs_group[3].ddrphy_data_slice/dq_loop[4].u_iserdes_dq/iserdes_inst" has been packed in "IDDR" of IOL "u_ddr3_ctrl/u_ddrphy_top/ddrphy_slice_top/i_dqs_group[3].ddrphy_data_slice/dq_loop[4].u_iobuf_dq/opit_1" success.
I: OSERDES "u_ddr3_ctrl/u_ddrphy_top/ddrphy_slice_top/i_dqs_group[3].ddrphy_data_slice/dq_loop[4].u_oserdes_dq/oserdes_inst" has been packed in "ODDR" of IOL "u_ddr3_ctrl/u_ddrphy_top/ddrphy_slice_top/i_dqs_group[3].ddrphy_data_slice/dq_loop[4].u_iobuf_dq/opit_1" success.
I: ISERDES "u_ddr3_ctrl/u_ddrphy_top/ddrphy_slice_top/i_dqs_group[3].ddrphy_data_slice/dq_loop[5].u_iserdes_dq/iserdes_inst" has been packed in "IDDR" of IOL "u_ddr3_ctrl/u_ddrphy_top/ddrphy_slice_top/i_dqs_group[3].ddrphy_data_slice/dq_loop[5].u_iobuf_dq/opit_1" success.
I: OSERDES "u_ddr3_ctrl/u_ddrphy_top/ddrphy_slice_top/i_dqs_group[3].ddrphy_data_slice/dq_loop[5].u_oserdes_dq/oserdes_inst" has been packed in "ODDR" of IOL "u_ddr3_ctrl/u_ddrphy_top/ddrphy_slice_top/i_dqs_group[3].ddrphy_data_slice/dq_loop[5].u_iobuf_dq/opit_1" success.
I: ISERDES "u_ddr3_ctrl/u_ddrphy_top/ddrphy_slice_top/i_dqs_group[3].ddrphy_data_slice/dq_loop[6].u_iserdes_dq/iserdes_inst" has been packed in "IDDR" of IOL "u_ddr3_ctrl/u_ddrphy_top/ddrphy_slice_top/i_dqs_group[3].ddrphy_data_slice/dq_loop[6].u_iobuf_dq/opit_1" success.
I: OSERDES "u_ddr3_ctrl/u_ddrphy_top/ddrphy_slice_top/i_dqs_group[3].ddrphy_data_slice/dq_loop[6].u_oserdes_dq/oserdes_inst" has been packed in "ODDR" of IOL "u_ddr3_ctrl/u_ddrphy_top/ddrphy_slice_top/i_dqs_group[3].ddrphy_data_slice/dq_loop[6].u_iobuf_dq/opit_1" success.
I: ISERDES "u_ddr3_ctrl/u_ddrphy_top/ddrphy_slice_top/i_dqs_group[3].ddrphy_data_slice/dq_loop[7].u_iserdes_dq/iserdes_inst" has been packed in "IDDR" of IOL "u_ddr3_ctrl/u_ddrphy_top/ddrphy_slice_top/i_dqs_group[3].ddrphy_data_slice/dq_loop[7].u_iobuf_dq/opit_1" success.
I: OSERDES "u_ddr3_ctrl/u_ddrphy_top/ddrphy_slice_top/i_dqs_group[3].ddrphy_data_slice/dq_loop[7].u_oserdes_dq/oserdes_inst" has been packed in "ODDR" of IOL "u_ddr3_ctrl/u_ddrphy_top/ddrphy_slice_top/i_dqs_group[3].ddrphy_data_slice/dq_loop[7].u_iobuf_dq/opit_1" success.
I: OSERDES "u_ddr3_ctrl/u_ddrphy_top/ddrphy_slice_top/i_dqs_group[3].ddrphy_data_slice/u_oserdes_dqs/oserdes_inst" has been packed in "ODDR" of IOL "u_ddr3_ctrl/u_ddrphy_top/ddrphy_slice_top/i_dqs_group[3].ddrphy_data_slice/iobuf.u_iobufco_dqs/opit_2" success.
I: OSERDES "u_ddr3_ctrl/u_ddrphy_top/ddrphy_slice_top/i_mem_addr_0[0].u_oserdes_addr/oserdes_inst" has been packed in "ODDR" of IOL "u_ddr3_ctrl/u_ddrphy_top/ddrphy_slice_top/i_mem_addr_0[0].u_outbuft_addr0/opit_1" success.
I: OSERDES "u_ddr3_ctrl/u_ddrphy_top/ddrphy_slice_top/i_mem_addr_0[1].u_oserdes_addr/oserdes_inst" has been packed in "ODDR" of IOL "u_ddr3_ctrl/u_ddrphy_top/ddrphy_slice_top/i_mem_addr_0[1].u_outbuft_addr0/opit_1" success.
I: OSERDES "u_ddr3_ctrl/u_ddrphy_top/ddrphy_slice_top/i_mem_addr_0[2].u_oserdes_addr/oserdes_inst" has been packed in "ODDR" of IOL "u_ddr3_ctrl/u_ddrphy_top/ddrphy_slice_top/i_mem_addr_0[2].u_outbuft_addr0/opit_1" success.
I: OSERDES "u_ddr3_ctrl/u_ddrphy_top/ddrphy_slice_top/i_mem_addr_0[3].u_oserdes_addr/oserdes_inst" has been packed in "ODDR" of IOL "u_ddr3_ctrl/u_ddrphy_top/ddrphy_slice_top/i_mem_addr_0[3].u_outbuft_addr0/opit_1" success.
I: OSERDES "u_ddr3_ctrl/u_ddrphy_top/ddrphy_slice_top/i_mem_addr_0[4].u_oserdes_addr/oserdes_inst" has been packed in "ODDR" of IOL "u_ddr3_ctrl/u_ddrphy_top/ddrphy_slice_top/i_mem_addr_0[4].u_outbuft_addr0/opit_1" success.
I: OSERDES "u_ddr3_ctrl/u_ddrphy_top/ddrphy_slice_top/i_mem_addr_0[5].u_oserdes_addr/oserdes_inst" has been packed in "ODDR" of IOL "u_ddr3_ctrl/u_ddrphy_top/ddrphy_slice_top/i_mem_addr_0[5].u_outbuft_addr0/opit_1" success.
I: OSERDES "u_ddr3_ctrl/u_ddrphy_top/ddrphy_slice_top/i_mem_addr_0[6].u_oserdes_addr/oserdes_inst" has been packed in "ODDR" of IOL "u_ddr3_ctrl/u_ddrphy_top/ddrphy_slice_top/i_mem_addr_0[6].u_outbuft_addr0/opit_1" success.
I: OSERDES "u_ddr3_ctrl/u_ddrphy_top/ddrphy_slice_top/i_mem_addr_0[7].u_oserdes_addr/oserdes_inst" has been packed in "ODDR" of IOL "u_ddr3_ctrl/u_ddrphy_top/ddrphy_slice_top/i_mem_addr_0[7].u_outbuft_addr0/opit_1" success.
I: OSERDES "u_ddr3_ctrl/u_ddrphy_top/ddrphy_slice_top/i_mem_addr_0[8].u_oserdes_addr/oserdes_inst" has been packed in "ODDR" of IOL "u_ddr3_ctrl/u_ddrphy_top/ddrphy_slice_top/i_mem_addr_0[8].u_outbuft_addr0/opit_1" success.
I: OSERDES "u_ddr3_ctrl/u_ddrphy_top/ddrphy_slice_top/i_mem_addr_0[9].u_oserdes_addr/oserdes_inst" has been packed in "ODDR" of IOL "u_ddr3_ctrl/u_ddrphy_top/ddrphy_slice_top/i_mem_addr_0[9].u_outbuft_addr0/opit_1" success.
I: OSERDES "u_ddr3_ctrl/u_ddrphy_top/ddrphy_slice_top/i_mem_addr_0[10].u_oserdes_addr/oserdes_inst" has been packed in "ODDR" of IOL "u_ddr3_ctrl/u_ddrphy_top/ddrphy_slice_top/i_mem_addr_0[10].u_outbuft_addr0/opit_1" success.
I: OSERDES "u_ddr3_ctrl/u_ddrphy_top/ddrphy_slice_top/i_mem_addr_0[11].u_oserdes_addr/oserdes_inst" has been packed in "ODDR" of IOL "u_ddr3_ctrl/u_ddrphy_top/ddrphy_slice_top/i_mem_addr_0[11].u_outbuft_addr0/opit_1" success.
I: OSERDES "u_ddr3_ctrl/u_ddrphy_top/ddrphy_slice_top/i_mem_addr_0[12].u_oserdes_addr/oserdes_inst" has been packed in "ODDR" of IOL "u_ddr3_ctrl/u_ddrphy_top/ddrphy_slice_top/i_mem_addr_0[12].u_outbuft_addr0/opit_1" success.
I: OSERDES "u_ddr3_ctrl/u_ddrphy_top/ddrphy_slice_top/i_mem_addr_0[13].u_oserdes_addr/oserdes_inst" has been packed in "ODDR" of IOL "u_ddr3_ctrl/u_ddrphy_top/ddrphy_slice_top/i_mem_addr_0[13].u_outbuft_addr0/opit_1" success.
I: OSERDES "u_ddr3_ctrl/u_ddrphy_top/ddrphy_slice_top/i_mem_addr_0[14].u_oserdes_addr/oserdes_inst" has been packed in "ODDR" of IOL "u_ddr3_ctrl/u_ddrphy_top/ddrphy_slice_top/i_mem_addr_0[14].u_outbuft_addr0/opit_1" success.
I: OSERDES "u_ddr3_ctrl/u_ddrphy_top/ddrphy_slice_top/k_mem_ba[0].u_oserdes_ba/oserdes_inst" has been packed in "ODDR" of IOL "u_ddr3_ctrl/u_ddrphy_top/ddrphy_slice_top/k_mem_ba[0].u_outbuft_ba/opit_1" success.
I: OSERDES "u_ddr3_ctrl/u_ddrphy_top/ddrphy_slice_top/k_mem_ba[1].u_oserdes_ba/oserdes_inst" has been packed in "ODDR" of IOL "u_ddr3_ctrl/u_ddrphy_top/ddrphy_slice_top/k_mem_ba[1].u_outbuft_ba/opit_1" success.
I: OSERDES "u_ddr3_ctrl/u_ddrphy_top/ddrphy_slice_top/k_mem_ba[2].u_oserdes_ba/oserdes_inst" has been packed in "ODDR" of IOL "u_ddr3_ctrl/u_ddrphy_top/ddrphy_slice_top/k_mem_ba[2].u_outbuft_ba/opit_1" success.
I: OSERDES "u_ddr3_ctrl/u_ddrphy_top/ddrphy_slice_top/u_oserdes_casn/oserdes_inst" has been packed in "ODDR" of IOL "u_ddr3_ctrl/u_ddrphy_top/ddrphy_slice_top/u_outbuft_casn/opit_1" success.
I: OSERDES "u_ddr3_ctrl/u_ddrphy_top/ddrphy_slice_top/u_oserdes_cke/oserdes_inst" has been packed in "ODDR" of IOL "u_ddr3_ctrl/u_ddrphy_top/ddrphy_slice_top/u_outbuft_cke/opit_1" success.
I: OSERDES "u_ddr3_ctrl/u_ddrphy_top/ddrphy_slice_top/u_oserdes_csn/oserdes_inst" has been packed in "ODDR" of IOL "u_ddr3_ctrl/u_ddrphy_top/ddrphy_slice_top/u_outbuft_csn/opit_1" success.
I: OSERDES "u_ddr3_ctrl/u_ddrphy_top/ddrphy_slice_top/u_oserdes_odt/oserdes_inst" has been packed in "ODDR" of IOL "u_ddr3_ctrl/u_ddrphy_top/ddrphy_slice_top/u_outbuft_odt/opit_1" success.
I: OSERDES "u_ddr3_ctrl/u_ddrphy_top/ddrphy_slice_top/u_oserdes_rasn/oserdes_inst" has been packed in "ODDR" of IOL "u_ddr3_ctrl/u_ddrphy_top/ddrphy_slice_top/u_outbuft_rasn/opit_1" success.
I: OSERDES "u_ddr3_ctrl/u_ddrphy_top/ddrphy_slice_top/u_oserdes_wen/oserdes_inst" has been packed in "ODDR" of IOL "u_ddr3_ctrl/u_ddrphy_top/ddrphy_slice_top/u_outbuft_wen/opit_1" success.
I: OSERDES "u_ddr3_ctrl/u_ddrphy_top/ddrphy_slice_top/u_oserdes_ck/oserdes_inst" has been packed in "ODDR" of IOL "u_ddr3_ctrl/u_ddrphy_top/ddrphy_slice_top/u_outbuftco_ck/opit_3" success.
I: ISERDES "u_ddr3_ctrl/u_ddrphy_top/ddrphy_slice_top/i_dqs_group[0].ddrphy_data_slice/dq_loop[0].u_iserdes_dq/iserdes_inst" has been packed in "IDDR" of IOL "u_ddr3_ctrl/u_ddrphy_top/ddrphy_slice_top/i_dqs_group[0].ddrphy_data_slice/dq_loop[0].u_iobuf_dq/opit_1" success.
I: OSERDES "u_ddr3_ctrl/u_ddrphy_top/ddrphy_slice_top/i_dqs_group[0].ddrphy_data_slice/dq_loop[0].u_oserdes_dq/oserdes_inst" has been packed in "ODDR" of IOL "u_ddr3_ctrl/u_ddrphy_top/ddrphy_slice_top/i_dqs_group[0].ddrphy_data_slice/dq_loop[0].u_iobuf_dq/opit_1" success.
I: ISERDES "u_ddr3_ctrl/u_ddrphy_top/ddrphy_slice_top/i_dqs_group[0].ddrphy_data_slice/dq_loop[1].u_iserdes_dq/iserdes_inst" has been packed in "IDDR" of IOL "u_ddr3_ctrl/u_ddrphy_top/ddrphy_slice_top/i_dqs_group[0].ddrphy_data_slice/dq_loop[1].u_iobuf_dq/opit_1" success.
I: OSERDES "u_ddr3_ctrl/u_ddrphy_top/ddrphy_slice_top/i_dqs_group[0].ddrphy_data_slice/dq_loop[1].u_oserdes_dq/oserdes_inst" has been packed in "ODDR" of IOL "u_ddr3_ctrl/u_ddrphy_top/ddrphy_slice_top/i_dqs_group[0].ddrphy_data_slice/dq_loop[1].u_iobuf_dq/opit_1" success.
I: ISERDES "u_ddr3_ctrl/u_ddrphy_top/ddrphy_slice_top/i_dqs_group[0].ddrphy_data_slice/dq_loop[2].u_iserdes_dq/iserdes_inst" has been packed in "IDDR" of IOL "u_ddr3_ctrl/u_ddrphy_top/ddrphy_slice_top/i_dqs_group[0].ddrphy_data_slice/dq_loop[2].u_iobuf_dq/opit_1" success.
I: OSERDES "u_ddr3_ctrl/u_ddrphy_top/ddrphy_slice_top/i_dqs_group[0].ddrphy_data_slice/dq_loop[2].u_oserdes_dq/oserdes_inst" has been packed in "ODDR" of IOL "u_ddr3_ctrl/u_ddrphy_top/ddrphy_slice_top/i_dqs_group[0].ddrphy_data_slice/dq_loop[2].u_iobuf_dq/opit_1" success.
I: ISERDES "u_ddr3_ctrl/u_ddrphy_top/ddrphy_slice_top/i_dqs_group[0].ddrphy_data_slice/dq_loop[3].u_iserdes_dq/iserdes_inst" has been packed in "IDDR" of IOL "u_ddr3_ctrl/u_ddrphy_top/ddrphy_slice_top/i_dqs_group[0].ddrphy_data_slice/dq_loop[3].u_iobuf_dq/opit_1" success.
I: OSERDES "u_ddr3_ctrl/u_ddrphy_top/ddrphy_slice_top/i_dqs_group[0].ddrphy_data_slice/dq_loop[3].u_oserdes_dq/oserdes_inst" has been packed in "ODDR" of IOL "u_ddr3_ctrl/u_ddrphy_top/ddrphy_slice_top/i_dqs_group[0].ddrphy_data_slice/dq_loop[3].u_iobuf_dq/opit_1" success.
I: ISERDES "u_ddr3_ctrl/u_ddrphy_top/ddrphy_slice_top/i_dqs_group[0].ddrphy_data_slice/dq_loop[4].u_iserdes_dq/iserdes_inst" has been packed in "IDDR" of IOL "u_ddr3_ctrl/u_ddrphy_top/ddrphy_slice_top/i_dqs_group[0].ddrphy_data_slice/dq_loop[4].u_iobuf_dq/opit_1" success.
I: OSERDES "u_ddr3_ctrl/u_ddrphy_top/ddrphy_slice_top/i_dqs_group[0].ddrphy_data_slice/dq_loop[4].u_oserdes_dq/oserdes_inst" has been packed in "ODDR" of IOL "u_ddr3_ctrl/u_ddrphy_top/ddrphy_slice_top/i_dqs_group[0].ddrphy_data_slice/dq_loop[4].u_iobuf_dq/opit_1" success.
I: ISERDES "u_ddr3_ctrl/u_ddrphy_top/ddrphy_slice_top/i_dqs_group[0].ddrphy_data_slice/dq_loop[5].u_iserdes_dq/iserdes_inst" has been packed in "IDDR" of IOL "u_ddr3_ctrl/u_ddrphy_top/ddrphy_slice_top/i_dqs_group[0].ddrphy_data_slice/dq_loop[5].u_iobuf_dq/opit_1" success.
I: OSERDES "u_ddr3_ctrl/u_ddrphy_top/ddrphy_slice_top/i_dqs_group[0].ddrphy_data_slice/dq_loop[5].u_oserdes_dq/oserdes_inst" has been packed in "ODDR" of IOL "u_ddr3_ctrl/u_ddrphy_top/ddrphy_slice_top/i_dqs_group[0].ddrphy_data_slice/dq_loop[5].u_iobuf_dq/opit_1" success.
I: ISERDES "u_ddr3_ctrl/u_ddrphy_top/ddrphy_slice_top/i_dqs_group[0].ddrphy_data_slice/dq_loop[6].u_iserdes_dq/iserdes_inst" has been packed in "IDDR" of IOL "u_ddr3_ctrl/u_ddrphy_top/ddrphy_slice_top/i_dqs_group[0].ddrphy_data_slice/dq_loop[6].u_iobuf_dq/opit_1" success.
I: OSERDES "u_ddr3_ctrl/u_ddrphy_top/ddrphy_slice_top/i_dqs_group[0].ddrphy_data_slice/dq_loop[6].u_oserdes_dq/oserdes_inst" has been packed in "ODDR" of IOL "u_ddr3_ctrl/u_ddrphy_top/ddrphy_slice_top/i_dqs_group[0].ddrphy_data_slice/dq_loop[6].u_iobuf_dq/opit_1" success.
I: ISERDES "u_ddr3_ctrl/u_ddrphy_top/ddrphy_slice_top/i_dqs_group[0].ddrphy_data_slice/dq_loop[7].u_iserdes_dq/iserdes_inst" has been packed in "IDDR" of IOL "u_ddr3_ctrl/u_ddrphy_top/ddrphy_slice_top/i_dqs_group[0].ddrphy_data_slice/dq_loop[7].u_iobuf_dq/opit_1" success.
I: OSERDES "u_ddr3_ctrl/u_ddrphy_top/ddrphy_slice_top/i_dqs_group[0].ddrphy_data_slice/dq_loop[7].u_oserdes_dq/oserdes_inst" has been packed in "ODDR" of IOL "u_ddr3_ctrl/u_ddrphy_top/ddrphy_slice_top/i_dqs_group[0].ddrphy_data_slice/dq_loop[7].u_iobuf_dq/opit_1" success.
I: OSERDES "u_ddr3_ctrl/u_ddrphy_top/ddrphy_slice_top/i_dqs_group[0].ddrphy_data_slice/u_oserdes_dqs/oserdes_inst" has been packed in "ODDR" of IOL "u_ddr3_ctrl/u_ddrphy_top/ddrphy_slice_top/i_dqs_group[0].ddrphy_data_slice/iobuf.u_iobufco_dqs/opit_2" success.
I: OSERDES "u_ddr3_ctrl/u_ddrphy_top/ddrphy_slice_top/i_dqs_group[0].ddrphy_data_slice/u_oserdes_dm/oserdes_inst" has been packed in "ODDR" of IOL "u_ddr3_ctrl/u_ddrphy_top/ddrphy_slice_top/i_dqs_group[0].ddrphy_data_slice/u_outbuft_dm/opit_1" success.
I: ISERDES "u_ddr3_ctrl/u_ddrphy_top/ddrphy_slice_top/i_dqs_group[1].ddrphy_data_slice/dq_loop[0].u_iserdes_dq/iserdes_inst" has been packed in "IDDR" of IOL "u_ddr3_ctrl/u_ddrphy_top/ddrphy_slice_top/i_dqs_group[1].ddrphy_data_slice/dq_loop[0].u_iobuf_dq/opit_1" success.
I: OSERDES "u_ddr3_ctrl/u_ddrphy_top/ddrphy_slice_top/i_dqs_group[1].ddrphy_data_slice/dq_loop[0].u_oserdes_dq/oserdes_inst" has been packed in "ODDR" of IOL "u_ddr3_ctrl/u_ddrphy_top/ddrphy_slice_top/i_dqs_group[1].ddrphy_data_slice/dq_loop[0].u_iobuf_dq/opit_1" success.
I: ISERDES "u_ddr3_ctrl/u_ddrphy_top/ddrphy_slice_top/i_dqs_group[1].ddrphy_data_slice/dq_loop[1].u_iserdes_dq/iserdes_inst" has been packed in "IDDR" of IOL "u_ddr3_ctrl/u_ddrphy_top/ddrphy_slice_top/i_dqs_group[1].ddrphy_data_slice/dq_loop[1].u_iobuf_dq/opit_1" success.
I: OSERDES "u_ddr3_ctrl/u_ddrphy_top/ddrphy_slice_top/i_dqs_group[1].ddrphy_data_slice/dq_loop[1].u_oserdes_dq/oserdes_inst" has been packed in "ODDR" of IOL "u_ddr3_ctrl/u_ddrphy_top/ddrphy_slice_top/i_dqs_group[1].ddrphy_data_slice/dq_loop[1].u_iobuf_dq/opit_1" success.
I: ISERDES "u_ddr3_ctrl/u_ddrphy_top/ddrphy_slice_top/i_dqs_group[1].ddrphy_data_slice/dq_loop[2].u_iserdes_dq/iserdes_inst" has been packed in "IDDR" of IOL "u_ddr3_ctrl/u_ddrphy_top/ddrphy_slice_top/i_dqs_group[1].ddrphy_data_slice/dq_loop[2].u_iobuf_dq/opit_1" success.
I: OSERDES "u_ddr3_ctrl/u_ddrphy_top/ddrphy_slice_top/i_dqs_group[1].ddrphy_data_slice/dq_loop[2].u_oserdes_dq/oserdes_inst" has been packed in "ODDR" of IOL "u_ddr3_ctrl/u_ddrphy_top/ddrphy_slice_top/i_dqs_group[1].ddrphy_data_slice/dq_loop[2].u_iobuf_dq/opit_1" success.
I: ISERDES "u_ddr3_ctrl/u_ddrphy_top/ddrphy_slice_top/i_dqs_group[1].ddrphy_data_slice/dq_loop[3].u_iserdes_dq/iserdes_inst" has been packed in "IDDR" of IOL "u_ddr3_ctrl/u_ddrphy_top/ddrphy_slice_top/i_dqs_group[1].ddrphy_data_slice/dq_loop[3].u_iobuf_dq/opit_1" success.
I: OSERDES "u_ddr3_ctrl/u_ddrphy_top/ddrphy_slice_top/i_dqs_group[1].ddrphy_data_slice/dq_loop[3].u_oserdes_dq/oserdes_inst" has been packed in "ODDR" of IOL "u_ddr3_ctrl/u_ddrphy_top/ddrphy_slice_top/i_dqs_group[1].ddrphy_data_slice/dq_loop[3].u_iobuf_dq/opit_1" success.
I: ISERDES "u_ddr3_ctrl/u_ddrphy_top/ddrphy_slice_top/i_dqs_group[1].ddrphy_data_slice/dq_loop[4].u_iserdes_dq/iserdes_inst" has been packed in "IDDR" of IOL "u_ddr3_ctrl/u_ddrphy_top/ddrphy_slice_top/i_dqs_group[1].ddrphy_data_slice/dq_loop[4].u_iobuf_dq/opit_1" success.
I: OSERDES "u_ddr3_ctrl/u_ddrphy_top/ddrphy_slice_top/i_dqs_group[1].ddrphy_data_slice/dq_loop[4].u_oserdes_dq/oserdes_inst" has been packed in "ODDR" of IOL "u_ddr3_ctrl/u_ddrphy_top/ddrphy_slice_top/i_dqs_group[1].ddrphy_data_slice/dq_loop[4].u_iobuf_dq/opit_1" success.
I: ISERDES "u_ddr3_ctrl/u_ddrphy_top/ddrphy_slice_top/i_dqs_group[1].ddrphy_data_slice/dq_loop[5].u_iserdes_dq/iserdes_inst" has been packed in "IDDR" of IOL "u_ddr3_ctrl/u_ddrphy_top/ddrphy_slice_top/i_dqs_group[1].ddrphy_data_slice/dq_loop[5].u_iobuf_dq/opit_1" success.
I: OSERDES "u_ddr3_ctrl/u_ddrphy_top/ddrphy_slice_top/i_dqs_group[1].ddrphy_data_slice/dq_loop[5].u_oserdes_dq/oserdes_inst" has been packed in "ODDR" of IOL "u_ddr3_ctrl/u_ddrphy_top/ddrphy_slice_top/i_dqs_group[1].ddrphy_data_slice/dq_loop[5].u_iobuf_dq/opit_1" success.
I: ISERDES "u_ddr3_ctrl/u_ddrphy_top/ddrphy_slice_top/i_dqs_group[1].ddrphy_data_slice/dq_loop[6].u_iserdes_dq/iserdes_inst" has been packed in "IDDR" of IOL "u_ddr3_ctrl/u_ddrphy_top/ddrphy_slice_top/i_dqs_group[1].ddrphy_data_slice/dq_loop[6].u_iobuf_dq/opit_1" success.
I: OSERDES "u_ddr3_ctrl/u_ddrphy_top/ddrphy_slice_top/i_dqs_group[1].ddrphy_data_slice/dq_loop[6].u_oserdes_dq/oserdes_inst" has been packed in "ODDR" of IOL "u_ddr3_ctrl/u_ddrphy_top/ddrphy_slice_top/i_dqs_group[1].ddrphy_data_slice/dq_loop[6].u_iobuf_dq/opit_1" success.
I: ISERDES "u_ddr3_ctrl/u_ddrphy_top/ddrphy_slice_top/i_dqs_group[1].ddrphy_data_slice/dq_loop[7].u_iserdes_dq/iserdes_inst" has been packed in "IDDR" of IOL "u_ddr3_ctrl/u_ddrphy_top/ddrphy_slice_top/i_dqs_group[1].ddrphy_data_slice/dq_loop[7].u_iobuf_dq/opit_1" success.
I: OSERDES "u_ddr3_ctrl/u_ddrphy_top/ddrphy_slice_top/i_dqs_group[1].ddrphy_data_slice/dq_loop[7].u_oserdes_dq/oserdes_inst" has been packed in "ODDR" of IOL "u_ddr3_ctrl/u_ddrphy_top/ddrphy_slice_top/i_dqs_group[1].ddrphy_data_slice/dq_loop[7].u_iobuf_dq/opit_1" success.
I: OSERDES "u_ddr3_ctrl/u_ddrphy_top/ddrphy_slice_top/i_dqs_group[1].ddrphy_data_slice/u_oserdes_dqs/oserdes_inst" has been packed in "ODDR" of IOL "u_ddr3_ctrl/u_ddrphy_top/ddrphy_slice_top/i_dqs_group[1].ddrphy_data_slice/iobuf.u_iobufco_dqs/opit_2" success.
I: OSERDES "u_ddr3_ctrl/u_ddrphy_top/ddrphy_slice_top/i_dqs_group[1].ddrphy_data_slice/u_oserdes_dm/oserdes_inst" has been packed in "ODDR" of IOL "u_ddr3_ctrl/u_ddrphy_top/ddrphy_slice_top/i_dqs_group[1].ddrphy_data_slice/u_outbuft_dm/opit_1" success.
I: ISERDES "u_ddr3_ctrl/u_ddrphy_top/ddrphy_slice_top/i_dqs_group[2].ddrphy_data_slice/dq_loop[0].u_iserdes_dq/iserdes_inst" has been packed in "IDDR" of IOL "u_ddr3_ctrl/u_ddrphy_top/ddrphy_slice_top/i_dqs_group[2].ddrphy_data_slice/dq_loop[0].u_iobuf_dq/opit_1" success.
I: OSERDES "u_ddr3_ctrl/u_ddrphy_top/ddrphy_slice_top/i_dqs_group[2].ddrphy_data_slice/dq_loop[0].u_oserdes_dq/oserdes_inst" has been packed in "ODDR" of IOL "u_ddr3_ctrl/u_ddrphy_top/ddrphy_slice_top/i_dqs_group[2].ddrphy_data_slice/dq_loop[0].u_iobuf_dq/opit_1" success.
I: ISERDES "u_ddr3_ctrl/u_ddrphy_top/ddrphy_slice_top/i_dqs_group[2].ddrphy_data_slice/dq_loop[1].u_iserdes_dq/iserdes_inst" has been packed in "IDDR" of IOL "u_ddr3_ctrl/u_ddrphy_top/ddrphy_slice_top/i_dqs_group[2].ddrphy_data_slice/dq_loop[1].u_iobuf_dq/opit_1" success.
I: OSERDES "u_ddr3_ctrl/u_ddrphy_top/ddrphy_slice_top/i_dqs_group[2].ddrphy_data_slice/dq_loop[1].u_oserdes_dq/oserdes_inst" has been packed in "ODDR" of IOL "u_ddr3_ctrl/u_ddrphy_top/ddrphy_slice_top/i_dqs_group[2].ddrphy_data_slice/dq_loop[1].u_iobuf_dq/opit_1" success.
I: ISERDES "u_ddr3_ctrl/u_ddrphy_top/ddrphy_slice_top/i_dqs_group[2].ddrphy_data_slice/dq_loop[2].u_iserdes_dq/iserdes_inst" has been packed in "IDDR" of IOL "u_ddr3_ctrl/u_ddrphy_top/ddrphy_slice_top/i_dqs_group[2].ddrphy_data_slice/dq_loop[2].u_iobuf_dq/opit_1" success.
I: OSERDES "u_ddr3_ctrl/u_ddrphy_top/ddrphy_slice_top/i_dqs_group[2].ddrphy_data_slice/dq_loop[2].u_oserdes_dq/oserdes_inst" has been packed in "ODDR" of IOL "u_ddr3_ctrl/u_ddrphy_top/ddrphy_slice_top/i_dqs_group[2].ddrphy_data_slice/dq_loop[2].u_iobuf_dq/opit_1" success.
I: ISERDES "u_ddr3_ctrl/u_ddrphy_top/ddrphy_slice_top/i_dqs_group[2].ddrphy_data_slice/dq_loop[3].u_iserdes_dq/iserdes_inst" has been packed in "IDDR" of IOL "u_ddr3_ctrl/u_ddrphy_top/ddrphy_slice_top/i_dqs_group[2].ddrphy_data_slice/dq_loop[3].u_iobuf_dq/opit_1" success.
I: OSERDES "u_ddr3_ctrl/u_ddrphy_top/ddrphy_slice_top/i_dqs_group[2].ddrphy_data_slice/dq_loop[3].u_oserdes_dq/oserdes_inst" has been packed in "ODDR" of IOL "u_ddr3_ctrl/u_ddrphy_top/ddrphy_slice_top/i_dqs_group[2].ddrphy_data_slice/dq_loop[3].u_iobuf_dq/opit_1" success.
I: ISERDES "u_ddr3_ctrl/u_ddrphy_top/ddrphy_slice_top/i_dqs_group[2].ddrphy_data_slice/dq_loop[4].u_iserdes_dq/iserdes_inst" has been packed in "IDDR" of IOL "u_ddr3_ctrl/u_ddrphy_top/ddrphy_slice_top/i_dqs_group[2].ddrphy_data_slice/dq_loop[4].u_iobuf_dq/opit_1" success.
I: OSERDES "u_ddr3_ctrl/u_ddrphy_top/ddrphy_slice_top/i_dqs_group[2].ddrphy_data_slice/dq_loop[4].u_oserdes_dq/oserdes_inst" has been packed in "ODDR" of IOL "u_ddr3_ctrl/u_ddrphy_top/ddrphy_slice_top/i_dqs_group[2].ddrphy_data_slice/dq_loop[4].u_iobuf_dq/opit_1" success.
Device Utilization Summary:
+-------------------------------------------------------------------------+
| Logic Utilization     | Used      | Available     | Utilization(%)     
+-------------------------------------------------------------------------+
| APM                   | 4         | 740           | 1                  
| FF                    | 17950     | 319600        | 6                  
| LUT                   | 15191     | 159800        | 10                 
| Distributed RAM       | 778       | 39500         | 2                  
| DRM                   | 10.5      | 415           | 3                  
| IO                    | 132       | 400           | 33                 
| RCKB                  | 2         | 40            | 5                  
| SCANCHAIN             | 0         | 1             | 0                  
| USCM                  | 5         | 32            | 16                 
| CCS                   | 1         | 1             | 100                
| ADC                   | 0         | 1             | 0                  
| DDR_PHY               | 7         | 40            | 18                 
| HSSTLP                | 0         | 2             | 0                  
| GPLL                  | 3         | 10            | 30                 
| PPLL                  | 2         | 10            | 20                 
| DDRPHY_CPD            | 1         | 20            | 5                  
| HCKB                  | 0         | 120           | 0                  
| IOCKB                 | 0         | 40            | 0                  
| MRCKB                 | 1         | 20            | 5                  
| PCIE                  | 0         | 1             | 0                  
| DDRPHY_IOCLK_DIV      | 2         | 10            | 20                 
| ANALOG                | 0         | 1             | 0                  
| TSERDES               | 14        | 80            | 18                 
| KEYRAM                | 0         | 1             | 0                  
+-------------------------------------------------------------------------+

Device mapping done.
Total device mapping takes 0.36 sec.

Design 'Hfpga_soc' has been successfully mapped to architecture-specific objects.
Saving design to DB.
W: Public-4010: Pcf file F:/SocFpga/project/device_map/Hfpga_soc.pcf has been covered.
Action dev_map: Real time elapsed is 0h:0m:26s
Action dev_map: CPU time elapsed is 0h:0m:1s
Action dev_map: Process CPU time elapsed is 0h:0m:1s
Current time: Thu Oct  1 19:08:57 2026
Action dev_map: Peak memory pool usage is 732 MB
