#Build: Fabric Compiler 2022.2-SP6.4, Build 146967, Jan 31 01:39 2024
#Install: F:\PDS_2022.2-SP6.4\bin
#Application name: pds_shell.exe
#OS: Windows 10 10.0.22621
#Hostname: ZHAO-Zhenxiang
Generated by Fabric Compiler (version 2022.2-SP6.4 build 146967) at Sat Sep 26 15:30:59 2026
Compiling verification operator library.
Compiling common defs.
Compiling prim grid devices.
Compiling gate devices.
Compiling gate operators.
Building architecture model.
Loading device packaging model.
pnr strategy configuration : 
strategy name : 0
Building architecture floorplan logic view.
Constraint check start.
Executing : def_port {fpioa[0]} LOC=C24 VCCIO=3.3 IOSTANDARD=LVCMOS33
C: ConstraintEditor-2009: fpioa[0] is lack of SLEW, OUTPUT or INOUT PORT had better set SLEW, the optional value is {SLOW, FAST}.
C: ConstraintEditor-2009: fpioa[0] is lack of DRIVE, OUTPUT or INOUT PORT had better set DRIVE, the optional value is {8, 4, 12, 16}.
Executing : def_port {fpioa[0]} LOC=C24 VCCIO=3.3 IOSTANDARD=LVCMOS33 successfully
Executing : def_port {fpioa[1]} LOC=B24 VCCIO=3.3 IOSTANDARD=LVCMOS33
C: ConstraintEditor-2009: fpioa[1] is lack of SLEW, OUTPUT or INOUT PORT had better set SLEW, the optional value is {SLOW, FAST}.
C: ConstraintEditor-2009: fpioa[1] is lack of DRIVE, OUTPUT or INOUT PORT had better set DRIVE, the optional value is {8, 4, 12, 16}.
Executing : def_port {fpioa[1]} LOC=B24 VCCIO=3.3 IOSTANDARD=LVCMOS33 successfully
Executing : def_port {fpioa[2]} LOC=T22 VCCIO=3.3 IOSTANDARD=LVCMOS33
C: ConstraintEditor-2009: fpioa[2] is lack of SLEW, OUTPUT or INOUT PORT had better set SLEW, the optional value is {SLOW, FAST}.
C: ConstraintEditor-2009: fpioa[2] is lack of DRIVE, OUTPUT or INOUT PORT had better set DRIVE, the optional value is {8, 4, 12, 16}.
C: ConstraintEditor-2002: [F:/SocFpga/project/device_map/Hfpga_soc.pcf(line number: 5)] | Port fpioa[2] has been placed at location T22, whose type is share pin.
Executing : def_port {fpioa[2]} LOC=T22 VCCIO=3.3 IOSTANDARD=LVCMOS33 successfully
Executing : def_port {fpioa[3]} LOC=K25 VCCIO=3.3 IOSTANDARD=LVCMOS33
C: ConstraintEditor-2009: fpioa[3] is lack of SLEW, OUTPUT or INOUT PORT had better set SLEW, the optional value is {SLOW, FAST}.
C: ConstraintEditor-2009: fpioa[3] is lack of DRIVE, OUTPUT or INOUT PORT had better set DRIVE, the optional value is {8, 4, 12, 16}.
C: ConstraintEditor-2002: [F:/SocFpga/project/device_map/Hfpga_soc.pcf(line number: 6)] | Port fpioa[3] has been placed at location K25, whose type is share pin.
Executing : def_port {fpioa[3]} LOC=K25 VCCIO=3.3 IOSTANDARD=LVCMOS33 successfully
Executing : def_port {fpioa[4]} LOC=L22 VCCIO=3.3 IOSTANDARD=LVCMOS33
C: ConstraintEditor-2009: fpioa[4] is lack of SLEW, OUTPUT or INOUT PORT had better set SLEW, the optional value is {SLOW, FAST}.
C: ConstraintEditor-2009: fpioa[4] is lack of DRIVE, OUTPUT or INOUT PORT had better set DRIVE, the optional value is {8, 4, 12, 16}.
Executing : def_port {fpioa[4]} LOC=L22 VCCIO=3.3 IOSTANDARD=LVCMOS33 successfully
Executing : def_port {fpioa[5]} LOC=Y25 VCCIO=3.3 IOSTANDARD=LVCMOS33
C: ConstraintEditor-2009: fpioa[5] is lack of SLEW, OUTPUT or INOUT PORT had better set SLEW, the optional value is {SLOW, FAST}.
C: ConstraintEditor-2009: fpioa[5] is lack of DRIVE, OUTPUT or INOUT PORT had better set DRIVE, the optional value is {8, 4, 12, 16}.
Executing : def_port {fpioa[5]} LOC=Y25 VCCIO=3.3 IOSTANDARD=LVCMOS33 successfully
Executing : def_port {fpioa[6]} LOC=AA24 VCCIO=3.3 IOSTANDARD=LVCMOS33
C: ConstraintEditor-2009: fpioa[6] is lack of SLEW, OUTPUT or INOUT PORT had better set SLEW, the optional value is {SLOW, FAST}.
C: ConstraintEditor-2009: fpioa[6] is lack of DRIVE, OUTPUT or INOUT PORT had better set DRIVE, the optional value is {8, 4, 12, 16}.
Executing : def_port {fpioa[6]} LOC=AA24 VCCIO=3.3 IOSTANDARD=LVCMOS33 successfully
Executing : def_port {fpioa[7]} LOC=AB24 VCCIO=3.3 IOSTANDARD=LVCMOS33
C: ConstraintEditor-2009: fpioa[7] is lack of SLEW, OUTPUT or INOUT PORT had better set SLEW, the optional value is {SLOW, FAST}.
C: ConstraintEditor-2009: fpioa[7] is lack of DRIVE, OUTPUT or INOUT PORT had better set DRIVE, the optional value is {8, 4, 12, 16}.
Executing : def_port {fpioa[7]} LOC=AB24 VCCIO=3.3 IOSTANDARD=LVCMOS33 successfully
Executing : def_port {fpioa[8]} LOC=C19 VCCIO=3.3 IOSTANDARD=LVCMOS33
C: ConstraintEditor-2009: fpioa[8] is lack of SLEW, OUTPUT or INOUT PORT had better set SLEW, the optional value is {SLOW, FAST}.
C: ConstraintEditor-2009: fpioa[8] is lack of DRIVE, OUTPUT or INOUT PORT had better set DRIVE, the optional value is {8, 4, 12, 16}.
Executing : def_port {fpioa[8]} LOC=C19 VCCIO=3.3 IOSTANDARD=LVCMOS33 successfully
Executing : def_port {fpioa[9]} LOC=C18 VCCIO=3.3 IOSTANDARD=LVCMOS33
C: ConstraintEditor-2009: fpioa[9] is lack of SLEW, OUTPUT or INOUT PORT had better set SLEW, the optional value is {SLOW, FAST}.
C: ConstraintEditor-2009: fpioa[9] is lack of DRIVE, OUTPUT or INOUT PORT had better set DRIVE, the optional value is {8, 4, 12, 16}.
Executing : def_port {fpioa[9]} LOC=C18 VCCIO=3.3 IOSTANDARD=LVCMOS33 successfully
Executing : def_port {fpioa[10]} LOC=E18 VCCIO=3.3 IOSTANDARD=LVCMOS33
C: ConstraintEditor-2009: fpioa[10] is lack of SLEW, OUTPUT or INOUT PORT had better set SLEW, the optional value is {SLOW, FAST}.
C: ConstraintEditor-2009: fpioa[10] is lack of DRIVE, OUTPUT or INOUT PORT had better set DRIVE, the optional value is {8, 4, 12, 16}.
Executing : def_port {fpioa[10]} LOC=E18 VCCIO=3.3 IOSTANDARD=LVCMOS33 successfully
Executing : def_port {fpioa[11]} LOC=A17 VCCIO=3.3 IOSTANDARD=LVCMOS33
C: ConstraintEditor-2009: fpioa[11] is lack of SLEW, OUTPUT or INOUT PORT had better set SLEW, the optional value is {SLOW, FAST}.
C: ConstraintEditor-2009: fpioa[11] is lack of DRIVE, OUTPUT or INOUT PORT had better set DRIVE, the optional value is {8, 4, 12, 16}.
Executing : def_port {fpioa[11]} LOC=A17 VCCIO=3.3 IOSTANDARD=LVCMOS33 successfully
Executing : def_port {fpioa[12]} LOC=C23 VCCIO=3.3 IOSTANDARD=LVCMOS33
C: ConstraintEditor-2009: fpioa[12] is lack of SLEW, OUTPUT or INOUT PORT had better set SLEW, the optional value is {SLOW, FAST}.
C: ConstraintEditor-2009: fpioa[12] is lack of DRIVE, OUTPUT or INOUT PORT had better set DRIVE, the optional value is {8, 4, 12, 16}.
Executing : def_port {fpioa[12]} LOC=C23 VCCIO=3.3 IOSTANDARD=LVCMOS33 successfully
Executing : def_port {fpioa[13]} LOC=B22 VCCIO=3.3 IOSTANDARD=LVCMOS33
C: ConstraintEditor-2009: fpioa[13] is lack of SLEW, OUTPUT or INOUT PORT had better set SLEW, the optional value is {SLOW, FAST}.
C: ConstraintEditor-2009: fpioa[13] is lack of DRIVE, OUTPUT or INOUT PORT had better set DRIVE, the optional value is {8, 4, 12, 16}.
Executing : def_port {fpioa[13]} LOC=B22 VCCIO=3.3 IOSTANDARD=LVCMOS33 successfully
Executing : def_port {fpioa[14]} LOC=A22 VCCIO=3.3 IOSTANDARD=LVCMOS33
C: ConstraintEditor-2009: fpioa[14] is lack of SLEW, OUTPUT or INOUT PORT had better set SLEW, the optional value is {SLOW, FAST}.
C: ConstraintEditor-2009: fpioa[14] is lack of DRIVE, OUTPUT or INOUT PORT had better set DRIVE, the optional value is {8, 4, 12, 16}.
Executing : def_port {fpioa[14]} LOC=A22 VCCIO=3.3 IOSTANDARD=LVCMOS33 successfully
Executing : def_port {fpioa[15]} LOC=B20 VCCIO=3.3 IOSTANDARD=LVCMOS33
C: ConstraintEditor-2009: fpioa[15] is lack of SLEW, OUTPUT or INOUT PORT had better set SLEW, the optional value is {SLOW, FAST}.
C: ConstraintEditor-2009: fpioa[15] is lack of DRIVE, OUTPUT or INOUT PORT had better set DRIVE, the optional value is {8, 4, 12, 16}.
Executing : def_port {fpioa[15]} LOC=B20 VCCIO=3.3 IOSTANDARD=LVCMOS33 successfully
Executing : def_port {fpioa[16]} LOC=L23 VCCIO=3.3 IOSTANDARD=LVCMOS33
C: ConstraintEditor-2009: fpioa[16] is lack of SLEW, OUTPUT or INOUT PORT had better set SLEW, the optional value is {SLOW, FAST}.
C: ConstraintEditor-2009: fpioa[16] is lack of DRIVE, OUTPUT or INOUT PORT had better set DRIVE, the optional value is {8, 4, 12, 16}.
Executing : def_port {fpioa[16]} LOC=L23 VCCIO=3.3 IOSTANDARD=LVCMOS33 successfully
Executing : def_port {fpioa[17]} LOC=AA25 VCCIO=3.3 IOSTANDARD=LVCMOS33
C: ConstraintEditor-2009: fpioa[17] is lack of SLEW, OUTPUT or INOUT PORT had better set SLEW, the optional value is {SLOW, FAST}.
C: ConstraintEditor-2009: fpioa[17] is lack of DRIVE, OUTPUT or INOUT PORT had better set DRIVE, the optional value is {8, 4, 12, 16}.
Executing : def_port {fpioa[17]} LOC=AA25 VCCIO=3.3 IOSTANDARD=LVCMOS33 successfully
Executing : def_port {fpioa[18]} LOC=AB25 VCCIO=3.3 IOSTANDARD=LVCMOS33
C: ConstraintEditor-2009: fpioa[18] is lack of SLEW, OUTPUT or INOUT PORT had better set SLEW, the optional value is {SLOW, FAST}.
C: ConstraintEditor-2009: fpioa[18] is lack of DRIVE, OUTPUT or INOUT PORT had better set DRIVE, the optional value is {8, 4, 12, 16}.
Executing : def_port {fpioa[18]} LOC=AB25 VCCIO=3.3 IOSTANDARD=LVCMOS33 successfully
Executing : def_port {fpioa[19]} LOC=AC24 VCCIO=3.3 IOSTANDARD=LVCMOS33
C: ConstraintEditor-2009: fpioa[19] is lack of SLEW, OUTPUT or INOUT PORT had better set SLEW, the optional value is {SLOW, FAST}.
C: ConstraintEditor-2009: fpioa[19] is lack of DRIVE, OUTPUT or INOUT PORT had better set DRIVE, the optional value is {8, 4, 12, 16}.
Executing : def_port {fpioa[19]} LOC=AC24 VCCIO=3.3 IOSTANDARD=LVCMOS33 successfully
Executing : def_port {fpioa[20]} LOC=R23 VCCIO=3.3 IOSTANDARD=LVCMOS33
C: ConstraintEditor-2009: fpioa[20] is lack of SLEW, OUTPUT or INOUT PORT had better set SLEW, the optional value is {SLOW, FAST}.
C: ConstraintEditor-2009: fpioa[20] is lack of DRIVE, OUTPUT or INOUT PORT had better set DRIVE, the optional value is {8, 4, 12, 16}.
C: ConstraintEditor-2002: [F:/SocFpga/project/device_map/Hfpga_soc.pcf(line number: 23)] | Port fpioa[20] has been placed at location R23, whose type is share pin.
Executing : def_port {fpioa[20]} LOC=R23 VCCIO=3.3 IOSTANDARD=LVCMOS33 successfully
Executing : def_port {fpioa[21]} LOC=T23 VCCIO=3.3 IOSTANDARD=LVCMOS33
C: ConstraintEditor-2009: fpioa[21] is lack of SLEW, OUTPUT or INOUT PORT had better set SLEW, the optional value is {SLOW, FAST}.
C: ConstraintEditor-2009: fpioa[21] is lack of DRIVE, OUTPUT or INOUT PORT had better set DRIVE, the optional value is {8, 4, 12, 16}.
C: ConstraintEditor-2002: [F:/SocFpga/project/device_map/Hfpga_soc.pcf(line number: 24)] | Port fpioa[21] has been placed at location T23, whose type is share pin.
Executing : def_port {fpioa[21]} LOC=T23 VCCIO=3.3 IOSTANDARD=LVCMOS33 successfully
Executing : def_port {fpioa[22]} LOC=P26 VCCIO=3.3 IOSTANDARD=LVCMOS33
C: ConstraintEditor-2009: fpioa[22] is lack of SLEW, OUTPUT or INOUT PORT had better set SLEW, the optional value is {SLOW, FAST}.
C: ConstraintEditor-2009: fpioa[22] is lack of DRIVE, OUTPUT or INOUT PORT had better set DRIVE, the optional value is {8, 4, 12, 16}.
C: ConstraintEditor-2002: [F:/SocFpga/project/device_map/Hfpga_soc.pcf(line number: 25)] | Port fpioa[22] has been placed at location P26, whose type is share pin.
Executing : def_port {fpioa[22]} LOC=P26 VCCIO=3.3 IOSTANDARD=LVCMOS33 successfully
Executing : def_port {fpioa[23]} LOC=R26 VCCIO=3.3 IOSTANDARD=LVCMOS33
C: ConstraintEditor-2009: fpioa[23] is lack of SLEW, OUTPUT or INOUT PORT had better set SLEW, the optional value is {SLOW, FAST}.
C: ConstraintEditor-2009: fpioa[23] is lack of DRIVE, OUTPUT or INOUT PORT had better set DRIVE, the optional value is {8, 4, 12, 16}.
C: ConstraintEditor-2002: [F:/SocFpga/project/device_map/Hfpga_soc.pcf(line number: 26)] | Port fpioa[23] has been placed at location R26, whose type is share pin.
Executing : def_port {fpioa[23]} LOC=R26 VCCIO=3.3 IOSTANDARD=LVCMOS33 successfully
Executing : def_port {fpioa[24]} LOC=M26 VCCIO=3.3 IOSTANDARD=LVCMOS33
C: ConstraintEditor-2009: fpioa[24] is lack of SLEW, OUTPUT or INOUT PORT had better set SLEW, the optional value is {SLOW, FAST}.
C: ConstraintEditor-2009: fpioa[24] is lack of DRIVE, OUTPUT or INOUT PORT had better set DRIVE, the optional value is {8, 4, 12, 16}.
C: ConstraintEditor-2002: [F:/SocFpga/project/device_map/Hfpga_soc.pcf(line number: 27)] | Port fpioa[24] has been placed at location M26, whose type is share pin.
Executing : def_port {fpioa[24]} LOC=M26 VCCIO=3.3 IOSTANDARD=LVCMOS33 successfully
Executing : def_port {fpioa[25]} LOC=N26 VCCIO=3.3 IOSTANDARD=LVCMOS33
C: ConstraintEditor-2009: fpioa[25] is lack of SLEW, OUTPUT or INOUT PORT had better set SLEW, the optional value is {SLOW, FAST}.
C: ConstraintEditor-2009: fpioa[25] is lack of DRIVE, OUTPUT or INOUT PORT had better set DRIVE, the optional value is {8, 4, 12, 16}.
C: ConstraintEditor-2002: [F:/SocFpga/project/device_map/Hfpga_soc.pcf(line number: 28)] | Port fpioa[25] has been placed at location N26, whose type is share pin.
Executing : def_port {fpioa[25]} LOC=N26 VCCIO=3.3 IOSTANDARD=LVCMOS33 successfully
Executing : def_port {fpioa[26]} LOC=M22 VCCIO=3.3 IOSTANDARD=LVCMOS33
C: ConstraintEditor-2009: fpioa[26] is lack of SLEW, OUTPUT or INOUT PORT had better set SLEW, the optional value is {SLOW, FAST}.
C: ConstraintEditor-2009: fpioa[26] is lack of DRIVE, OUTPUT or INOUT PORT had better set DRIVE, the optional value is {8, 4, 12, 16}.
Executing : def_port {fpioa[26]} LOC=M22 VCCIO=3.3 IOSTANDARD=LVCMOS33 successfully
Executing : def_port {fpioa[27]} LOC=M21 VCCIO=3.3 IOSTANDARD=LVCMOS33
C: ConstraintEditor-2009: fpioa[27] is lack of SLEW, OUTPUT or INOUT PORT had better set SLEW, the optional value is {SLOW, FAST}.
C: ConstraintEditor-2009: fpioa[27] is lack of DRIVE, OUTPUT or INOUT PORT had better set DRIVE, the optional value is {8, 4, 12, 16}.
Executing : def_port {fpioa[27]} LOC=M21 VCCIO=3.3 IOSTANDARD=LVCMOS33 successfully
Executing : def_port {fpioa[28]} LOC=U26 VCCIO=3.3 IOSTANDARD=LVCMOS33
C: ConstraintEditor-2009: fpioa[28] is lack of SLEW, OUTPUT or INOUT PORT had better set SLEW, the optional value is {SLOW, FAST}.
C: ConstraintEditor-2009: fpioa[28] is lack of DRIVE, OUTPUT or INOUT PORT had better set DRIVE, the optional value is {8, 4, 12, 16}.
Executing : def_port {fpioa[28]} LOC=U26 VCCIO=3.3 IOSTANDARD=LVCMOS33 successfully
Executing : def_port {fpioa[29]} LOC=U25 VCCIO=3.3 IOSTANDARD=LVCMOS33
C: ConstraintEditor-2009: fpioa[29] is lack of SLEW, OUTPUT or INOUT PORT had better set SLEW, the optional value is {SLOW, FAST}.
C: ConstraintEditor-2009: fpioa[29] is lack of DRIVE, OUTPUT or INOUT PORT had better set DRIVE, the optional value is {8, 4, 12, 16}.
Executing : def_port {fpioa[29]} LOC=U25 VCCIO=3.3 IOSTANDARD=LVCMOS33 successfully
Executing : def_port {fpioa[30]} LOC=AC26 VCCIO=3.3 IOSTANDARD=LVCMOS33
C: ConstraintEditor-2009: fpioa[30] is lack of SLEW, OUTPUT or INOUT PORT had better set SLEW, the optional value is {SLOW, FAST}.
C: ConstraintEditor-2009: fpioa[30] is lack of DRIVE, OUTPUT or INOUT PORT had better set DRIVE, the optional value is {8, 4, 12, 16}.
Executing : def_port {fpioa[30]} LOC=AC26 VCCIO=3.3 IOSTANDARD=LVCMOS33 successfully
Executing : def_port {fpioa[31]} LOC=AB26 VCCIO=3.3 IOSTANDARD=LVCMOS33
C: ConstraintEditor-2009: fpioa[31] is lack of SLEW, OUTPUT or INOUT PORT had better set SLEW, the optional value is {SLOW, FAST}.
C: ConstraintEditor-2009: fpioa[31] is lack of DRIVE, OUTPUT or INOUT PORT had better set DRIVE, the optional value is {8, 4, 12, 16}.
Executing : def_port {fpioa[31]} LOC=AB26 VCCIO=3.3 IOSTANDARD=LVCMOS33 successfully
Executing : def_port {mem_dq[0]} LOC=G5 VCCIO=1.5 IOSTANDARD=HSTL15_I DRIVE=8 SLEW=SLOW NONE=TRUE
Executing : def_port {mem_dq[0]} LOC=G5 VCCIO=1.5 IOSTANDARD=HSTL15_I DRIVE=8 SLEW=SLOW NONE=TRUE successfully
Executing : def_port {mem_dq[1]} LOC=J6 VCCIO=1.5 IOSTANDARD=HSTL15_I DRIVE=8 SLEW=SLOW NONE=TRUE
C: ConstraintEditor-2002: [F:/SocFpga/project/device_map/Hfpga_soc.pcf(line number: 36)] | Port mem_dq[1] has been placed at location J6, whose type is share pin.
Executing : def_port {mem_dq[1]} LOC=J6 VCCIO=1.5 IOSTANDARD=HSTL15_I DRIVE=8 SLEW=SLOW NONE=TRUE successfully
Executing : def_port {mem_dq[2]} LOC=F5 VCCIO=1.5 IOSTANDARD=HSTL15_I DRIVE=8 SLEW=SLOW NONE=TRUE
Executing : def_port {mem_dq[2]} LOC=F5 VCCIO=1.5 IOSTANDARD=HSTL15_I DRIVE=8 SLEW=SLOW NONE=TRUE successfully
Executing : def_port {mem_dq[3]} LOC=L8 VCCIO=1.5 IOSTANDARD=HSTL15_I DRIVE=8 SLEW=SLOW NONE=TRUE
C: ConstraintEditor-2002: [F:/SocFpga/project/device_map/Hfpga_soc.pcf(line number: 38)] | Port mem_dq[3] has been placed at location L8, whose type is share pin.
Executing : def_port {mem_dq[3]} LOC=L8 VCCIO=1.5 IOSTANDARD=HSTL15_I DRIVE=8 SLEW=SLOW NONE=TRUE successfully
Executing : def_port {mem_dq[4]} LOC=G4 VCCIO=1.5 IOSTANDARD=HSTL15_I DRIVE=8 SLEW=SLOW NONE=TRUE
Executing : def_port {mem_dq[4]} LOC=G4 VCCIO=1.5 IOSTANDARD=HSTL15_I DRIVE=8 SLEW=SLOW NONE=TRUE successfully
Executing : def_port {mem_dq[5]} LOC=K7 VCCIO=1.5 IOSTANDARD=HSTL15_I DRIVE=8 SLEW=SLOW NONE=TRUE
C: ConstraintEditor-2002: [F:/SocFpga/project/device_map/Hfpga_soc.pcf(line number: 40)] | Port mem_dq[5] has been placed at location K7, whose type is share pin.
Executing : def_port {mem_dq[5]} LOC=K7 VCCIO=1.5 IOSTANDARD=HSTL15_I DRIVE=8 SLEW=SLOW NONE=TRUE successfully
Executing : def_port {mem_dq[6]} LOC=F4 VCCIO=1.5 IOSTANDARD=HSTL15_I DRIVE=8 SLEW=SLOW NONE=TRUE
Executing : def_port {mem_dq[6]} LOC=F4 VCCIO=1.5 IOSTANDARD=HSTL15_I DRIVE=8 SLEW=SLOW NONE=TRUE successfully
Executing : def_port {mem_dq[7]} LOC=J5 VCCIO=1.5 IOSTANDARD=HSTL15_I DRIVE=8 SLEW=SLOW NONE=TRUE
C: ConstraintEditor-2002: [F:/SocFpga/project/device_map/Hfpga_soc.pcf(line number: 42)] | Port mem_dq[7] has been placed at location J5, whose type is share pin.
Executing : def_port {mem_dq[7]} LOC=J5 VCCIO=1.5 IOSTANDARD=HSTL15_I DRIVE=8 SLEW=SLOW NONE=TRUE successfully
Executing : def_port {mem_dq[8]} LOC=H6 VCCIO=1.5 IOSTANDARD=HSTL15_I DRIVE=8 SLEW=SLOW NONE=TRUE
C: ConstraintEditor-2002: [F:/SocFpga/project/device_map/Hfpga_soc.pcf(line number: 43)] | Port mem_dq[8] has been placed at location H6, whose type is share pin.
Executing : def_port {mem_dq[8]} LOC=H6 VCCIO=1.5 IOSTANDARD=HSTL15_I DRIVE=8 SLEW=SLOW NONE=TRUE successfully
Executing : def_port {mem_dq[9]} LOC=F8 VCCIO=1.5 IOSTANDARD=HSTL15_I DRIVE=8 SLEW=SLOW NONE=TRUE
Executing : def_port {mem_dq[9]} LOC=F8 VCCIO=1.5 IOSTANDARD=HSTL15_I DRIVE=8 SLEW=SLOW NONE=TRUE successfully
Executing : def_port {mem_dq[10]} LOC=H8 VCCIO=1.5 IOSTANDARD=HSTL15_I DRIVE=8 SLEW=SLOW NONE=TRUE
C: ConstraintEditor-2002: [F:/SocFpga/project/device_map/Hfpga_soc.pcf(line number: 45)] | Port mem_dq[10] has been placed at location H8, whose type is share pin.
Executing : def_port {mem_dq[10]} LOC=H8 VCCIO=1.5 IOSTANDARD=HSTL15_I DRIVE=8 SLEW=SLOW NONE=TRUE successfully
Executing : def_port {mem_dq[11]} LOC=D6 VCCIO=1.5 IOSTANDARD=HSTL15_I DRIVE=8 SLEW=SLOW NONE=TRUE
C: ConstraintEditor-2002: [F:/SocFpga/project/device_map/Hfpga_soc.pcf(line number: 46)] | Port mem_dq[11] has been placed at location D6, whose type is share pin.
Executing : def_port {mem_dq[11]} LOC=D6 VCCIO=1.5 IOSTANDARD=HSTL15_I DRIVE=8 SLEW=SLOW NONE=TRUE successfully
Executing : def_port {mem_dq[12]} LOC=G8 VCCIO=1.5 IOSTANDARD=HSTL15_I DRIVE=8 SLEW=SLOW NONE=TRUE
C: ConstraintEditor-2002: [F:/SocFpga/project/device_map/Hfpga_soc.pcf(line number: 47)] | Port mem_dq[12] has been placed at location G8, whose type is share pin.
Executing : def_port {mem_dq[12]} LOC=G8 VCCIO=1.5 IOSTANDARD=HSTL15_I DRIVE=8 SLEW=SLOW NONE=TRUE successfully
Executing : def_port {mem_dq[13]} LOC=E6 VCCIO=1.5 IOSTANDARD=HSTL15_I DRIVE=8 SLEW=SLOW NONE=TRUE
C: ConstraintEditor-2002: [F:/SocFpga/project/device_map/Hfpga_soc.pcf(line number: 48)] | Port mem_dq[13] has been placed at location E6, whose type is share pin.
Executing : def_port {mem_dq[13]} LOC=E6 VCCIO=1.5 IOSTANDARD=HSTL15_I DRIVE=8 SLEW=SLOW NONE=TRUE successfully
Executing : def_port {mem_dq[14]} LOC=H9 VCCIO=1.5 IOSTANDARD=HSTL15_I DRIVE=8 SLEW=SLOW NONE=TRUE
Executing : def_port {mem_dq[14]} LOC=H9 VCCIO=1.5 IOSTANDARD=HSTL15_I DRIVE=8 SLEW=SLOW NONE=TRUE successfully
Executing : def_port {mem_dq[15]} LOC=G6 VCCIO=1.5 IOSTANDARD=HSTL15_I DRIVE=8 SLEW=SLOW NONE=TRUE
C: ConstraintEditor-2002: [F:/SocFpga/project/device_map/Hfpga_soc.pcf(line number: 50)] | Port mem_dq[15] has been placed at location G6, whose type is share pin.
Executing : def_port {mem_dq[15]} LOC=G6 VCCIO=1.5 IOSTANDARD=HSTL15_I DRIVE=8 SLEW=SLOW NONE=TRUE successfully
Executing : def_port {mem_dq[16]} LOC=C4 VCCIO=1.5 IOSTANDARD=HSTL15_I DRIVE=8 SLEW=SLOW NONE=TRUE
Executing : def_port {mem_dq[16]} LOC=C4 VCCIO=1.5 IOSTANDARD=HSTL15_I DRIVE=8 SLEW=SLOW NONE=TRUE successfully
Executing : def_port {mem_dq[17]} LOC=D4 VCCIO=1.5 IOSTANDARD=HSTL15_I DRIVE=8 SLEW=SLOW NONE=TRUE
Executing : def_port {mem_dq[17]} LOC=D4 VCCIO=1.5 IOSTANDARD=HSTL15_I DRIVE=8 SLEW=SLOW NONE=TRUE successfully
Executing : def_port {mem_dq[18]} LOC=A4 VCCIO=1.5 IOSTANDARD=HSTL15_I DRIVE=8 SLEW=SLOW NONE=TRUE
Executing : def_port {mem_dq[18]} LOC=A4 VCCIO=1.5 IOSTANDARD=HSTL15_I DRIVE=8 SLEW=SLOW NONE=TRUE successfully
Executing : def_port {mem_dq[19]} LOC=E3 VCCIO=1.5 IOSTANDARD=HSTL15_I DRIVE=8 SLEW=SLOW NONE=TRUE
Executing : def_port {mem_dq[19]} LOC=E3 VCCIO=1.5 IOSTANDARD=HSTL15_I DRIVE=8 SLEW=SLOW NONE=TRUE successfully
Executing : def_port {mem_dq[20]} LOC=C3 VCCIO=1.5 IOSTANDARD=HSTL15_I DRIVE=8 SLEW=SLOW NONE=TRUE
Executing : def_port {mem_dq[20]} LOC=C3 VCCIO=1.5 IOSTANDARD=HSTL15_I DRIVE=8 SLEW=SLOW NONE=TRUE successfully
Executing : def_port {mem_dq[21]} LOC=F3 VCCIO=1.5 IOSTANDARD=HSTL15_I DRIVE=8 SLEW=SLOW NONE=TRUE
Executing : def_port {mem_dq[21]} LOC=F3 VCCIO=1.5 IOSTANDARD=HSTL15_I DRIVE=8 SLEW=SLOW NONE=TRUE successfully
Executing : def_port {mem_dq[22]} LOC=B4 VCCIO=1.5 IOSTANDARD=HSTL15_I DRIVE=8 SLEW=SLOW NONE=TRUE
Executing : def_port {mem_dq[22]} LOC=B4 VCCIO=1.5 IOSTANDARD=HSTL15_I DRIVE=8 SLEW=SLOW NONE=TRUE successfully
Executing : def_port {mem_dq[23]} LOC=D3 VCCIO=1.5 IOSTANDARD=HSTL15_I DRIVE=8 SLEW=SLOW NONE=TRUE
Executing : def_port {mem_dq[23]} LOC=D3 VCCIO=1.5 IOSTANDARD=HSTL15_I DRIVE=8 SLEW=SLOW NONE=TRUE successfully
Executing : def_port {mem_dq[24]} LOC=F2 VCCIO=1.5 IOSTANDARD=HSTL15_I DRIVE=8 SLEW=SLOW NONE=TRUE
Executing : def_port {mem_dq[24]} LOC=F2 VCCIO=1.5 IOSTANDARD=HSTL15_I DRIVE=8 SLEW=SLOW NONE=TRUE successfully
Executing : def_port {mem_dq[25]} LOC=D1 VCCIO=1.5 IOSTANDARD=HSTL15_I DRIVE=8 SLEW=SLOW NONE=TRUE
Executing : def_port {mem_dq[25]} LOC=D1 VCCIO=1.5 IOSTANDARD=HSTL15_I DRIVE=8 SLEW=SLOW NONE=TRUE successfully
Executing : def_port {mem_dq[26]} LOC=G1 VCCIO=1.5 IOSTANDARD=HSTL15_I DRIVE=8 SLEW=SLOW NONE=TRUE
Executing : def_port {mem_dq[26]} LOC=G1 VCCIO=1.5 IOSTANDARD=HSTL15_I DRIVE=8 SLEW=SLOW NONE=TRUE successfully
Executing : def_port {mem_dq[27]} LOC=A2 VCCIO=1.5 IOSTANDARD=HSTL15_I DRIVE=8 SLEW=SLOW NONE=TRUE
Executing : def_port {mem_dq[27]} LOC=A2 VCCIO=1.5 IOSTANDARD=HSTL15_I DRIVE=8 SLEW=SLOW NONE=TRUE successfully
Executing : def_port {mem_dq[28]} LOC=E1 VCCIO=1.5 IOSTANDARD=HSTL15_I DRIVE=8 SLEW=SLOW NONE=TRUE
Executing : def_port {mem_dq[28]} LOC=E1 VCCIO=1.5 IOSTANDARD=HSTL15_I DRIVE=8 SLEW=SLOW NONE=TRUE successfully
Executing : def_port {mem_dq[29]} LOC=A3 VCCIO=1.5 IOSTANDARD=HSTL15_I DRIVE=8 SLEW=SLOW NONE=TRUE
Executing : def_port {mem_dq[29]} LOC=A3 VCCIO=1.5 IOSTANDARD=HSTL15_I DRIVE=8 SLEW=SLOW NONE=TRUE successfully
Executing : def_port {mem_dq[30]} LOC=G2 VCCIO=1.5 IOSTANDARD=HSTL15_I DRIVE=8 SLEW=SLOW NONE=TRUE
Executing : def_port {mem_dq[30]} LOC=G2 VCCIO=1.5 IOSTANDARD=HSTL15_I DRIVE=8 SLEW=SLOW NONE=TRUE successfully
Executing : def_port {mem_dq[31]} LOC=C2 VCCIO=1.5 IOSTANDARD=HSTL15_I DRIVE=8 SLEW=SLOW NONE=TRUE
Executing : def_port {mem_dq[31]} LOC=C2 VCCIO=1.5 IOSTANDARD=HSTL15_I DRIVE=8 SLEW=SLOW NONE=TRUE successfully
Executing : def_port {mem_dqs[0]} LOC=J4 VCCIO=1.5 IOSTANDARD=HSTL15D_I DRIVE=8 SLEW=SLOW NONE=TRUE
C: ConstraintEditor-2002: [F:/SocFpga/project/device_map/Hfpga_soc.pcf(line number: 67)] | Port mem_dqs[0] has been placed at location J4, whose type is share pin.
Executing : def_port {mem_dqs[0]} LOC=J4 VCCIO=1.5 IOSTANDARD=HSTL15D_I DRIVE=8 SLEW=SLOW NONE=TRUE successfully
Executing : def_port {mem_dqs[1]} LOC=H7 VCCIO=1.5 IOSTANDARD=HSTL15D_I DRIVE=8 SLEW=SLOW NONE=TRUE
C: ConstraintEditor-2002: [F:/SocFpga/project/device_map/Hfpga_soc.pcf(line number: 68)] | Port mem_dqs[1] has been placed at location H7, whose type is share pin.
Executing : def_port {mem_dqs[1]} LOC=H7 VCCIO=1.5 IOSTANDARD=HSTL15D_I DRIVE=8 SLEW=SLOW NONE=TRUE successfully
Executing : def_port {mem_dqs[2]} LOC=B5 VCCIO=1.5 IOSTANDARD=HSTL15D_I DRIVE=8 SLEW=SLOW NONE=TRUE
Executing : def_port {mem_dqs[2]} LOC=B5 VCCIO=1.5 IOSTANDARD=HSTL15D_I DRIVE=8 SLEW=SLOW NONE=TRUE successfully
Executing : def_port {mem_dqs[3]} LOC=C1 VCCIO=1.5 IOSTANDARD=HSTL15D_I DRIVE=8 SLEW=SLOW NONE=TRUE
Executing : def_port {mem_dqs[3]} LOC=C1 VCCIO=1.5 IOSTANDARD=HSTL15D_I DRIVE=8 SLEW=SLOW NONE=TRUE successfully
Executing : def_port {mem_dqs_n[0]} LOC=H4 VCCIO=1.5 IOSTANDARD=HSTL15D_I DRIVE=8 SLEW=SLOW NONE=TRUE
C: ConstraintEditor-2002: [F:/SocFpga/project/device_map/Hfpga_soc.pcf(line number: 71)] | Port mem_dqs_n[0] has been placed at location H4, whose type is share pin.
Executing : def_port {mem_dqs_n[0]} LOC=H4 VCCIO=1.5 IOSTANDARD=HSTL15D_I DRIVE=8 SLEW=SLOW NONE=TRUE successfully
Executing : def_port {mem_dqs_n[1]} LOC=G7 VCCIO=1.5 IOSTANDARD=HSTL15D_I DRIVE=8 SLEW=SLOW NONE=TRUE
C: ConstraintEditor-2002: [F:/SocFpga/project/device_map/Hfpga_soc.pcf(line number: 72)] | Port mem_dqs_n[1] has been placed at location G7, whose type is share pin.
Executing : def_port {mem_dqs_n[1]} LOC=G7 VCCIO=1.5 IOSTANDARD=HSTL15D_I DRIVE=8 SLEW=SLOW NONE=TRUE successfully
Executing : def_port {mem_dqs_n[2]} LOC=A5 VCCIO=1.5 IOSTANDARD=HSTL15D_I DRIVE=8 SLEW=SLOW NONE=TRUE
Executing : def_port {mem_dqs_n[2]} LOC=A5 VCCIO=1.5 IOSTANDARD=HSTL15D_I DRIVE=8 SLEW=SLOW NONE=TRUE successfully
Executing : def_port {mem_dqs_n[3]} LOC=B1 VCCIO=1.5 IOSTANDARD=HSTL15D_I DRIVE=8 SLEW=SLOW NONE=TRUE
Executing : def_port {mem_dqs_n[3]} LOC=B1 VCCIO=1.5 IOSTANDARD=HSTL15D_I DRIVE=8 SLEW=SLOW NONE=TRUE successfully
Executing : def_port {JTAG_TDO} LOC=T24 VCCIO=3.3 IOSTANDARD=LVCMOS33 SLEW=FAST
C: ConstraintEditor-2009: JTAG_TDO is lack of DRIVE, OUTPUT or INOUT PORT had better set DRIVE, the optional value is {8, 4, 12, 16}.
Executing : def_port {JTAG_TDO} LOC=T24 VCCIO=3.3 IOSTANDARD=LVCMOS33 SLEW=FAST successfully
Executing : def_port {core_active} LOC=A20 VCCIO=3.3 IOSTANDARD=LVCMOS33
C: ConstraintEditor-2009: core_active is lack of SLEW, OUTPUT or INOUT PORT had better set SLEW, the optional value is {SLOW, FAST}.
C: ConstraintEditor-2009: core_active is lack of DRIVE, OUTPUT or INOUT PORT had better set DRIVE, the optional value is {8, 4, 12, 16}.
Executing : def_port {core_active} LOC=A20 VCCIO=3.3 IOSTANDARD=LVCMOS33 successfully
Executing : def_port {mem_a[0]} LOC=J1 VCCIO=1.5 IOSTANDARD=HSTL15_I DRIVE=8 SLEW=SLOW NONE=TRUE
Executing : def_port {mem_a[0]} LOC=J1 VCCIO=1.5 IOSTANDARD=HSTL15_I DRIVE=8 SLEW=SLOW NONE=TRUE successfully
Executing : def_port {mem_a[1]} LOC=L3 VCCIO=1.5 IOSTANDARD=HSTL15_I DRIVE=8 SLEW=SLOW NONE=TRUE
Executing : def_port {mem_a[1]} LOC=L3 VCCIO=1.5 IOSTANDARD=HSTL15_I DRIVE=8 SLEW=SLOW NONE=TRUE successfully
Executing : def_port {mem_a[2]} LOC=L2 VCCIO=1.5 IOSTANDARD=HSTL15_I DRIVE=8 SLEW=SLOW NONE=TRUE
Executing : def_port {mem_a[2]} LOC=L2 VCCIO=1.5 IOSTANDARD=HSTL15_I DRIVE=8 SLEW=SLOW NONE=TRUE successfully
Executing : def_port {mem_a[3]} LOC=P3 VCCIO=1.5 IOSTANDARD=HSTL15_I DRIVE=8 SLEW=SLOW NONE=TRUE
Executing : def_port {mem_a[3]} LOC=P3 VCCIO=1.5 IOSTANDARD=HSTL15_I DRIVE=8 SLEW=SLOW NONE=TRUE successfully
Executing : def_port {mem_a[4]} LOC=T2 VCCIO=1.5 IOSTANDARD=HSTL15_I DRIVE=8 SLEW=SLOW NONE=TRUE
Executing : def_port {mem_a[4]} LOC=T2 VCCIO=1.5 IOSTANDARD=HSTL15_I DRIVE=8 SLEW=SLOW NONE=TRUE successfully
Executing : def_port {mem_a[5]} LOC=M1 VCCIO=1.5 IOSTANDARD=HSTL15_I DRIVE=8 SLEW=SLOW NONE=TRUE
Executing : def_port {mem_a[5]} LOC=M1 VCCIO=1.5 IOSTANDARD=HSTL15_I DRIVE=8 SLEW=SLOW NONE=TRUE successfully
Executing : def_port {mem_a[6]} LOC=U1 VCCIO=1.5 IOSTANDARD=HSTL15_I DRIVE=8 SLEW=SLOW NONE=TRUE
Executing : def_port {mem_a[6]} LOC=U1 VCCIO=1.5 IOSTANDARD=HSTL15_I DRIVE=8 SLEW=SLOW NONE=TRUE successfully
Executing : def_port {mem_a[7]} LOC=K1 VCCIO=1.5 IOSTANDARD=HSTL15_I DRIVE=8 SLEW=SLOW NONE=TRUE
Executing : def_port {mem_a[7]} LOC=K1 VCCIO=1.5 IOSTANDARD=HSTL15_I DRIVE=8 SLEW=SLOW NONE=TRUE successfully
Executing : def_port {mem_a[8]} LOC=U2 VCCIO=1.5 IOSTANDARD=HSTL15_I DRIVE=8 SLEW=SLOW NONE=TRUE
Executing : def_port {mem_a[8]} LOC=U2 VCCIO=1.5 IOSTANDARD=HSTL15_I DRIVE=8 SLEW=SLOW NONE=TRUE successfully
Executing : def_port {mem_a[9]} LOC=K2 VCCIO=1.5 IOSTANDARD=HSTL15_I DRIVE=8 SLEW=SLOW NONE=TRUE
Executing : def_port {mem_a[9]} LOC=K2 VCCIO=1.5 IOSTANDARD=HSTL15_I DRIVE=8 SLEW=SLOW NONE=TRUE successfully
Executing : def_port {mem_a[10]} LOC=T3 VCCIO=1.5 IOSTANDARD=HSTL15_I DRIVE=8 SLEW=SLOW NONE=TRUE
Executing : def_port {mem_a[10]} LOC=T3 VCCIO=1.5 IOSTANDARD=HSTL15_I DRIVE=8 SLEW=SLOW NONE=TRUE successfully
Executing : def_port {mem_a[11]} LOC=P1 VCCIO=1.5 IOSTANDARD=HSTL15_I DRIVE=8 SLEW=SLOW NONE=TRUE
Executing : def_port {mem_a[11]} LOC=P1 VCCIO=1.5 IOSTANDARD=HSTL15_I DRIVE=8 SLEW=SLOW NONE=TRUE successfully
Executing : def_port {mem_a[12]} LOC=T4 VCCIO=1.5 IOSTANDARD=HSTL15_I DRIVE=8 SLEW=SLOW NONE=TRUE
Executing : def_port {mem_a[12]} LOC=T4 VCCIO=1.5 IOSTANDARD=HSTL15_I DRIVE=8 SLEW=SLOW NONE=TRUE successfully
Executing : def_port {mem_a[13]} LOC=M2 VCCIO=1.5 IOSTANDARD=HSTL15_I DRIVE=8 SLEW=SLOW NONE=TRUE
Executing : def_port {mem_a[13]} LOC=M2 VCCIO=1.5 IOSTANDARD=HSTL15_I DRIVE=8 SLEW=SLOW NONE=TRUE successfully
Executing : def_port {mem_a[14]} LOC=N1 VCCIO=1.5 IOSTANDARD=HSTL15_I DRIVE=8 SLEW=SLOW NONE=TRUE
Executing : def_port {mem_a[14]} LOC=N1 VCCIO=1.5 IOSTANDARD=HSTL15_I DRIVE=8 SLEW=SLOW NONE=TRUE successfully
Executing : def_port {mem_ba[0]} LOC=P4 VCCIO=1.5 IOSTANDARD=HSTL15_I DRIVE=8 SLEW=SLOW NONE=TRUE
Executing : def_port {mem_ba[0]} LOC=P4 VCCIO=1.5 IOSTANDARD=HSTL15_I DRIVE=8 SLEW=SLOW NONE=TRUE successfully
Executing : def_port {mem_ba[1]} LOC=R2 VCCIO=1.5 IOSTANDARD=HSTL15_I DRIVE=8 SLEW=SLOW NONE=TRUE
Executing : def_port {mem_ba[1]} LOC=R2 VCCIO=1.5 IOSTANDARD=HSTL15_I DRIVE=8 SLEW=SLOW NONE=TRUE successfully
Executing : def_port {mem_ba[2]} LOC=T5 VCCIO=1.5 IOSTANDARD=HSTL15_I DRIVE=8 SLEW=SLOW NONE=TRUE
Executing : def_port {mem_ba[2]} LOC=T5 VCCIO=1.5 IOSTANDARD=HSTL15_I DRIVE=8 SLEW=SLOW NONE=TRUE successfully
Executing : def_port {mem_cas_n} LOC=T7 VCCIO=1.5 IOSTANDARD=HSTL15_I DRIVE=8 SLEW=SLOW NONE=TRUE
Executing : def_port {mem_cas_n} LOC=T7 VCCIO=1.5 IOSTANDARD=HSTL15_I DRIVE=8 SLEW=SLOW NONE=TRUE successfully
Executing : def_port {mem_ck} LOC=U6 VCCIO=1.5 IOSTANDARD=HSTL15D_I DRIVE=8 SLEW=SLOW NONE=TRUE
Executing : def_port {mem_ck} LOC=U6 VCCIO=1.5 IOSTANDARD=HSTL15D_I DRIVE=8 SLEW=SLOW NONE=TRUE successfully
Executing : def_port {mem_ck_n} LOC=U5 VCCIO=1.5 IOSTANDARD=HSTL15D_I DRIVE=8 SLEW=SLOW NONE=TRUE
Executing : def_port {mem_ck_n} LOC=U5 VCCIO=1.5 IOSTANDARD=HSTL15D_I DRIVE=8 SLEW=SLOW NONE=TRUE successfully
Executing : def_port {mem_cke} LOC=R1 VCCIO=1.5 IOSTANDARD=HSTL15_I DRIVE=8 SLEW=SLOW NONE=TRUE
Executing : def_port {mem_cke} LOC=R1 VCCIO=1.5 IOSTANDARD=HSTL15_I DRIVE=8 SLEW=SLOW NONE=TRUE successfully
Executing : def_port {mem_cs_n} LOC=N4 VCCIO=1.5 IOSTANDARD=HSTL15_I DRIVE=8 SLEW=SLOW NONE=TRUE
Executing : def_port {mem_cs_n} LOC=N4 VCCIO=1.5 IOSTANDARD=HSTL15_I DRIVE=8 SLEW=SLOW NONE=TRUE successfully
Executing : def_port {mem_dm[0]} LOC=K6 VCCIO=1.5 IOSTANDARD=HSTL15_I DRIVE=8 SLEW=SLOW NONE=TRUE
C: ConstraintEditor-2002: [F:/SocFpga/project/device_map/Hfpga_soc.pcf(line number: 100)] | Port mem_dm[0] has been placed at location K6, whose type is share pin.
Executing : def_port {mem_dm[0]} LOC=K6 VCCIO=1.5 IOSTANDARD=HSTL15_I DRIVE=8 SLEW=SLOW NONE=TRUE successfully
Executing : def_port {mem_dm[1]} LOC=F7 VCCIO=1.5 IOSTANDARD=HSTL15_I DRIVE=8 SLEW=SLOW NONE=TRUE
Executing : def_port {mem_dm[1]} LOC=F7 VCCIO=1.5 IOSTANDARD=HSTL15_I DRIVE=8 SLEW=SLOW NONE=TRUE successfully
Executing : def_port {mem_dm[2]} LOC=D5 VCCIO=1.5 IOSTANDARD=HSTL15_I DRIVE=8 SLEW=SLOW NONE=TRUE
Executing : def_port {mem_dm[2]} LOC=D5 VCCIO=1.5 IOSTANDARD=HSTL15_I DRIVE=8 SLEW=SLOW NONE=TRUE successfully
Executing : def_port {mem_dm[3]} LOC=E2 VCCIO=1.5 IOSTANDARD=HSTL15_I DRIVE=8 SLEW=SLOW NONE=TRUE
Executing : def_port {mem_dm[3]} LOC=E2 VCCIO=1.5 IOSTANDARD=HSTL15_I DRIVE=8 SLEW=SLOW NONE=TRUE successfully
Executing : def_port {mem_odt} LOC=H2 VCCIO=1.5 IOSTANDARD=HSTL15_I DRIVE=8 SLEW=SLOW NONE=TRUE
Executing : def_port {mem_odt} LOC=H2 VCCIO=1.5 IOSTANDARD=HSTL15_I DRIVE=8 SLEW=SLOW NONE=TRUE successfully
Executing : def_port {mem_ras_n} LOC=P6 VCCIO=1.5 IOSTANDARD=HSTL15_I DRIVE=8 SLEW=SLOW NONE=TRUE
Executing : def_port {mem_ras_n} LOC=P6 VCCIO=1.5 IOSTANDARD=HSTL15_I DRIVE=8 SLEW=SLOW NONE=TRUE successfully
Executing : def_port {mem_rst_n} LOC=H1 VCCIO=1.5 IOSTANDARD=HSTL15_I DRIVE=8 SLEW=SLOW NONE=TRUE
Executing : def_port {mem_rst_n} LOC=H1 VCCIO=1.5 IOSTANDARD=HSTL15_I DRIVE=8 SLEW=SLOW NONE=TRUE successfully
Executing : def_port {mem_we_n} LOC=T8 VCCIO=1.5 IOSTANDARD=HSTL15_I DRIVE=8 SLEW=SLOW NONE=TRUE
Executing : def_port {mem_we_n} LOC=T8 VCCIO=1.5 IOSTANDARD=HSTL15_I DRIVE=8 SLEW=SLOW NONE=TRUE successfully
Executing : def_port {JTAG_TCK} LOC=M24 VCCIO=3.3 IOSTANDARD=LVCMOS33 NONE=TRUE
C: ConstraintEditor-2002: [F:/SocFpga/project/device_map/Hfpga_soc.pcf(line number: 108)] | Port JTAG_TCK has been placed at location M24, whose type is share pin.
Executing : def_port {JTAG_TCK} LOC=M24 VCCIO=3.3 IOSTANDARD=LVCMOS33 NONE=TRUE successfully
Executing : def_port {JTAG_TDI} LOC=R20 VCCIO=3.3 IOSTANDARD=LVCMOS33 NONE=TRUE
C: ConstraintEditor-2002: [F:/SocFpga/project/device_map/Hfpga_soc.pcf(line number: 109)] | Port JTAG_TDI has been placed at location R20, whose type is share pin.
Executing : def_port {JTAG_TDI} LOC=R20 VCCIO=3.3 IOSTANDARD=LVCMOS33 NONE=TRUE successfully
Executing : def_port {JTAG_TMS} LOC=P19 VCCIO=3.3 IOSTANDARD=LVCMOS33 NONE=TRUE
C: ConstraintEditor-2002: [F:/SocFpga/project/device_map/Hfpga_soc.pcf(line number: 110)] | Port JTAG_TMS has been placed at location P19, whose type is share pin.
Executing : def_port {JTAG_TMS} LOC=P19 VCCIO=3.3 IOSTANDARD=LVCMOS33 NONE=TRUE successfully
Executing : def_port {clk} LOC=D18 VCCIO=3.3 IOSTANDARD=LVCMOS33
Executing : def_port {clk} LOC=D18 VCCIO=3.3 IOSTANDARD=LVCMOS33 successfully
Executing : def_port {clk_n} LOC=N2 VCCIO=1.5 IOSTANDARD=HSTL15D_I NONE=TRUE
Executing : def_port {clk_n} LOC=N2 VCCIO=1.5 IOSTANDARD=HSTL15D_I NONE=TRUE successfully
Executing : def_port {clk_p} LOC=N3 VCCIO=1.5 IOSTANDARD=HSTL15D_I NONE=TRUE
Executing : def_port {clk_p} LOC=N3 VCCIO=1.5 IOSTANDARD=HSTL15D_I NONE=TRUE successfully
Executing : def_port {hard_rst_n} LOC=C22 VCCIO=3.3 IOSTANDARD=LVCMOS33
Executing : def_port {hard_rst_n} LOC=C22 VCCIO=3.3 IOSTANDARD=LVCMOS33 successfully
Constraint check end.
I: Column Clock Check open.
Read Column Clock Map.

Placement started.
Phase 1 Pre global placement started.
Mapping instance GRS_INST/grs_ccs to CCS_75_622.
Mapping instance u_ddr3_ctrl/u_ddrphy_top/ddrphy_gpll/u_gpll/gpll_inst to GPLL_727_769.
Mapping instance u_pll/u_gpll/gpll_inst to GPLL_7_1381.
Mapping instance u_ddr3_ctrl/u_ddrphy_top/ddrphy_slice_top/i_dqs_bank[0].u_ddrphy_ioclkdiv/ddrphy_ioclk_div_inst to DDRPHY_IOCLK_DIV_728_616.
Mapping instance u_ddr3_ctrl/u_ddrphy_top/ddrphy_slice_top/i_dqs_bank[0].ddrphy_ppll/u_ppll/ppll_inst to PPLL_727_613.
Mapping instance u_ddr3_ctrl/u_ddrphy_top/ddrphy_slice_top/i_ca_group.ca_group[0].u_ddc_ca/ddc_inst to DDR_PHY_729_769.
Mapping instance u_ddr3_ctrl/u_ddrphy_top/ddrphy_slice_top/i_ca_group.ca_group[1].u_ddc_ca/ddc_inst to DDR_PHY_729_615.
Mapping instance u_ddr3_ctrl/u_ddrphy_top/ddrphy_slice_top/i_ca_group.ca_group[2].u_ddc_ca/ddc_inst to DDR_PHY_729_613.
Mapping instance u_ddr3_ctrl/u_ddrphy_top/ddrphy_slice_top/i_dqs_bank[1].u_ddrphy_ioclkdiv/ddrphy_ioclk_div_inst to DDRPHY_IOCLK_DIV_728_922.
Mapping instance u_ddr3_ctrl/u_ddrphy_top/ddrphy_slice_top/i_dqs_bank[1].ddrphy_ppll/u_ppll/ppll_inst to PPLL_727_919.
Mapping instance u_ddr3_ctrl/u_ddrphy_top/ddrphy_slice_top/i_dqs_group[0].ddrphy_data_slice/DDC.u_ddc_dq/ddc_inst_PHY to DDR_PHY_729_1075.
Mapping instance u_ddr3_ctrl/u_ddrphy_top/ddrphy_slice_top/i_dqs_group[1].ddrphy_data_slice/DDC.u_ddc_dq/ddc_inst_PHY to DDR_PHY_729_1077.
Mapping instance u_ddr3_ctrl/u_ddrphy_top/ddrphy_slice_top/i_dqs_group[2].ddrphy_data_slice/DDC.u_ddc_dq/ddc_inst_PHY to DDR_PHY_729_921.
Mapping instance u_ddr3_ctrl/u_ddrphy_top/ddrphy_slice_top/i_dqs_group[3].ddrphy_data_slice/DDC.u_ddc_dq/ddc_inst_PHY to DDR_PHY_729_919.
Phase 1.1 1st GP placement started.
Design Utilization : 9%.
Build SRB system takes 1.39 sec.
Wirelength after clock region global placement is 224615, detour is 20 and checksum is F00299C9D7A65547.
1st GP placement takes 3.28 sec.

Phase 1.2 Clock placement started.
Mapping instance u_ddr3_ctrl/u_ddrphy_top/ddrphy_slice_top/i_dqs_bank[0].u_clkbufr/goprclk to RCKB_723_762.
Mapping instance u_ddr3_ctrl/u_ddrphy_top/ddrphy_slice_top/i_dqs_bank[1].u_clkbufr/goprclk to RCKB_723_1068.
Mapping instance u_ddr3_ctrl/u_ddrphy_top/u_clkbufm/clkbufm_inst to MRCKB_721_762.
Mapping instance u_ddr3_ctrl/u_ddrphy_top/u_sysclk_bufg/gopclkbufg to USCM_383_882.
Mapping instance clkbufg_0/gopclkbufg to USCM_383_930.
Mapping instance u_ddr3_ctrl/u_ddrphy_top/rst_clk_gpll/u_gpll/gpll_inst to GPLL_7_769.
Mapping instance u_ddr3_ctrl/u_ddrphy_top/u_rst_clk_bufg/gopclkbufg to USCM_383_885.
C: Place-2028: GLOBAL_CLOCK: the driver GTP_INBUF_inst/opit_1 fixed at IOLHR_16_798 is unreasonable. Sub-optimal placement for a clock source and a clock buffer.
Mapping instance clkbufg_1/gopclkbufg to USCM_383_888.
Clock placement takes 0.36 sec.

Wirelength after Pre Global Placement is 224615, detour is 20 and checksum is F00299C9D7A65547.
Pre global placement takes 4.02 sec.

Phase 2 Global placement started.
Phase 2.1 Fixed placement started.
First map gop timing takes 0.80 sec
Init coarse delay table.
Read place coarse delay table takes 0.78 sec.
Placed fixed group with base inst GTP_INBUF_inst/opit_1 on IOLHR_16_798.
Placed fixed group with base inst JTAG_TDI_ibuf/opit_1 on IOLHR_16_696.
Placed fixed group with base inst JTAG_TDO_obuf/opit_1 on IOLHR_16_660.
Placed fixed group with base inst JTAG_TMS_ibuf/opit_1 on IOLHR_16_720.
Placed fixed group with base inst clk_ibuf/opit_1 on IOLHR_16_1386.
Placed fixed group with base inst core_active_obuf/opit_1 on IOLHR_16_1338.
Placed fixed group with base inst hard_rst_n_ibuf/opit_1 on IOLHR_16_1296.
Placed fixed group with base inst mem_rst_n_obuf/opit_1 on IOLHR_724_792.
Placed fixed group with base inst u_ddr3_ctrl/u_ddrphy_top/ddrphy_slice_top/i_dqs_group[0].ddrphy_data_slice/dq_loop[0].u_iobuf_dq/opit_1 on IOLHR_724_1080.
Placed fixed group with base inst u_ddr3_ctrl/u_ddrphy_top/ddrphy_slice_top/i_dqs_group[0].ddrphy_data_slice/dq_loop[1].u_iobuf_dq/opit_1 on IOLHR_724_1140.
Placed fixed group with base inst u_ddr3_ctrl/u_ddrphy_top/ddrphy_slice_top/i_dqs_group[0].ddrphy_data_slice/dq_loop[2].u_iobuf_dq/opit_1 on IOLHR_724_1074.
Placed fixed group with base inst u_ddr3_ctrl/u_ddrphy_top/ddrphy_slice_top/i_dqs_group[0].ddrphy_data_slice/dq_loop[3].u_iobuf_dq/opit_1 on IOLHR_724_1128.
Placed fixed group with base inst u_ddr3_ctrl/u_ddrphy_top/ddrphy_slice_top/i_dqs_group[0].ddrphy_data_slice/dq_loop[4].u_iobuf_dq/opit_1 on IOLHR_724_1092.
Placed fixed group with base inst u_ddr3_ctrl/u_ddrphy_top/ddrphy_slice_top/i_dqs_group[0].ddrphy_data_slice/dq_loop[5].u_iobuf_dq/opit_1 on IOLHR_724_1104.
Placed fixed group with base inst u_ddr3_ctrl/u_ddrphy_top/ddrphy_slice_top/i_dqs_group[0].ddrphy_data_slice/dq_loop[6].u_iobuf_dq/opit_1 on IOLHR_724_1086.
Placed fixed group with base inst u_ddr3_ctrl/u_ddrphy_top/ddrphy_slice_top/i_dqs_group[0].ddrphy_data_slice/dq_loop[7].u_iobuf_dq/opit_1 on IOLHR_724_1134.
Placed fixed group with base inst u_ddr3_ctrl/u_ddrphy_top/ddrphy_slice_top/i_dqs_group[0].ddrphy_data_slice/iobuf.u_iobufco_dqs/opit_2 on IOLHR_724_1116.
Placed fixed group with base inst u_ddr3_ctrl/u_ddrphy_top/ddrphy_slice_top/i_dqs_group[0].ddrphy_data_slice/u_outbuft_dm/opit_1 on IOLHR_724_1098.
Placed fixed group with base inst u_ddr3_ctrl/u_ddrphy_top/ddrphy_slice_top/i_dqs_group[1].ddrphy_data_slice/dq_loop[0].u_iobuf_dq/opit_1 on IOLHR_724_1164.
Placed fixed group with base inst u_ddr3_ctrl/u_ddrphy_top/ddrphy_slice_top/i_dqs_group[1].ddrphy_data_slice/dq_loop[1].u_iobuf_dq/opit_1 on IOLHR_724_1176.
Placed fixed group with base inst u_ddr3_ctrl/u_ddrphy_top/ddrphy_slice_top/i_dqs_group[1].ddrphy_data_slice/dq_loop[2].u_iobuf_dq/opit_1 on IOLHR_724_1200.
Placed fixed group with base inst u_ddr3_ctrl/u_ddrphy_top/ddrphy_slice_top/i_dqs_group[1].ddrphy_data_slice/dq_loop[3].u_iobuf_dq/opit_1 on IOLHR_724_1206.
Placed fixed group with base inst u_ddr3_ctrl/u_ddrphy_top/ddrphy_slice_top/i_dqs_group[1].ddrphy_data_slice/dq_loop[4].u_iobuf_dq/opit_1 on IOLHR_724_1194.
Placed fixed group with base inst u_ddr3_ctrl/u_ddrphy_top/ddrphy_slice_top/i_dqs_group[1].ddrphy_data_slice/dq_loop[5].u_iobuf_dq/opit_1 on IOLHR_724_1212.
Placed fixed group with base inst u_ddr3_ctrl/u_ddrphy_top/ddrphy_slice_top/i_dqs_group[1].ddrphy_data_slice/dq_loop[6].u_iobuf_dq/opit_1 on IOLHR_724_1152.
Placed fixed group with base inst u_ddr3_ctrl/u_ddrphy_top/ddrphy_slice_top/i_dqs_group[1].ddrphy_data_slice/dq_loop[7].u_iobuf_dq/opit_1 on IOLHR_724_1158.
Placed fixed group with base inst u_ddr3_ctrl/u_ddrphy_top/ddrphy_slice_top/i_dqs_group[1].ddrphy_data_slice/iobuf.u_iobufco_dqs/opit_2 on IOLHR_724_1188.
Placed fixed group with base inst u_ddr3_ctrl/u_ddrphy_top/ddrphy_slice_top/i_dqs_group[1].ddrphy_data_slice/u_outbuft_dm/opit_1 on IOLHR_724_1170.
Placed fixed group with base inst u_ddr3_ctrl/u_ddrphy_top/ddrphy_slice_top/i_dqs_group[2].ddrphy_data_slice/dq_loop[0].u_iobuf_dq/opit_1 on IOLHR_724_1044.
Placed fixed group with base inst u_ddr3_ctrl/u_ddrphy_top/ddrphy_slice_top/i_dqs_group[2].ddrphy_data_slice/dq_loop[1].u_iobuf_dq/opit_1 on IOLHR_724_1050.
Placed fixed group with base inst u_ddr3_ctrl/u_ddrphy_top/ddrphy_slice_top/i_dqs_group[2].ddrphy_data_slice/dq_loop[2].u_iobuf_dq/opit_1 on IOLHR_724_1020.
Placed fixed group with base inst u_ddr3_ctrl/u_ddrphy_top/ddrphy_slice_top/i_dqs_group[2].ddrphy_data_slice/dq_loop[3].u_iobuf_dq/opit_1 on IOLHR_724_996.
Placed fixed group with base inst u_ddr3_ctrl/u_ddrphy_top/ddrphy_slice_top/i_dqs_group[2].ddrphy_data_slice/dq_loop[4].u_iobuf_dq/opit_1 on IOLHR_724_1008.
Placed fixed group with base inst u_ddr3_ctrl/u_ddrphy_top/ddrphy_slice_top/i_dqs_group[2].ddrphy_data_slice/dq_loop[5].u_iobuf_dq/opit_1 on IOLHR_724_1002.
Placed fixed group with base inst u_ddr3_ctrl/u_ddrphy_top/ddrphy_slice_top/i_dqs_group[2].ddrphy_data_slice/dq_loop[6].u_iobuf_dq/opit_1 on IOLHR_724_1026.
Placed fixed group with base inst u_ddr3_ctrl/u_ddrphy_top/ddrphy_slice_top/i_dqs_group[2].ddrphy_data_slice/dq_loop[7].u_iobuf_dq/opit_1 on IOLHR_724_1014.
Placed fixed group with base inst u_ddr3_ctrl/u_ddrphy_top/ddrphy_slice_top/i_dqs_group[2].ddrphy_data_slice/iobuf.u_iobufco_dqs/opit_2 on IOLHR_724_1038.
Placed fixed group with base inst u_ddr3_ctrl/u_ddrphy_top/ddrphy_slice_top/i_dqs_group[2].ddrphy_data_slice/u_outbuft_dm/opit_1 on IOLHR_724_1056.
Placed fixed group with base inst u_ddr3_ctrl/u_ddrphy_top/ddrphy_slice_top/i_dqs_group[3].ddrphy_data_slice/dq_loop[0].u_iobuf_dq/opit_1 on IOLHR_724_954.
Placed fixed group with base inst u_ddr3_ctrl/u_ddrphy_top/ddrphy_slice_top/i_dqs_group[3].ddrphy_data_slice/dq_loop[1].u_iobuf_dq/opit_1 on IOLHR_724_936.
Placed fixed group with base inst u_ddr3_ctrl/u_ddrphy_top/ddrphy_slice_top/i_dqs_group[3].ddrphy_data_slice/dq_loop[2].u_iobuf_dq/opit_1 on IOLHR_724_924.
Placed fixed group with base inst u_ddr3_ctrl/u_ddrphy_top/ddrphy_slice_top/i_dqs_group[3].ddrphy_data_slice/dq_loop[3].u_iobuf_dq/opit_1 on IOLHR_724_972.
Placed fixed group with base inst u_ddr3_ctrl/u_ddrphy_top/ddrphy_slice_top/i_dqs_group[3].ddrphy_data_slice/dq_loop[4].u_iobuf_dq/opit_1 on IOLHR_724_942.
Placed fixed group with base inst u_ddr3_ctrl/u_ddrphy_top/ddrphy_slice_top/i_dqs_group[3].ddrphy_data_slice/dq_loop[5].u_iobuf_dq/opit_1 on IOLHR_724_978.
Placed fixed group with base inst u_ddr3_ctrl/u_ddrphy_top/ddrphy_slice_top/i_dqs_group[3].ddrphy_data_slice/dq_loop[6].u_iobuf_dq/opit_1 on IOLHR_724_930.
Placed fixed group with base inst u_ddr3_ctrl/u_ddrphy_top/ddrphy_slice_top/i_dqs_group[3].ddrphy_data_slice/dq_loop[7].u_iobuf_dq/opit_1 on IOLHR_724_990.
Placed fixed group with base inst u_ddr3_ctrl/u_ddrphy_top/ddrphy_slice_top/i_dqs_group[3].ddrphy_data_slice/iobuf.u_iobufco_dqs/opit_2 on IOLHR_724_966.
Placed fixed group with base inst u_ddr3_ctrl/u_ddrphy_top/ddrphy_slice_top/i_dqs_group[3].ddrphy_data_slice/u_outbuft_dm/opit_1 on IOLHR_724_948.
Placed fixed group with base inst u_ddr3_ctrl/u_ddrphy_top/ddrphy_slice_top/i_mem_addr_0[0].u_outbuft_addr0/opit_1 on IOLHR_724_828.
Placed fixed group with base inst u_ddr3_ctrl/u_ddrphy_top/ddrphy_slice_top/i_mem_addr_0[1].u_outbuft_addr0/opit_1 on IOLHR_724_822.
Placed fixed group with base inst u_ddr3_ctrl/u_ddrphy_top/ddrphy_slice_top/i_mem_addr_0[2].u_outbuft_addr0/opit_1 on IOLHR_724_780.
Placed fixed group with base inst u_ddr3_ctrl/u_ddrphy_top/ddrphy_slice_top/i_mem_addr_0[3].u_outbuft_addr0/opit_1 on IOLHR_724_750.
Placed fixed group with base inst u_ddr3_ctrl/u_ddrphy_top/ddrphy_slice_top/i_mem_addr_0[4].u_outbuft_addr0/opit_1 on IOLHR_724_708.
Placed fixed group with base inst u_ddr3_ctrl/u_ddrphy_top/ddrphy_slice_top/i_mem_addr_0[5].u_outbuft_addr0/opit_1 on IOLHR_724_804.
Placed fixed group with base inst u_ddr3_ctrl/u_ddrphy_top/ddrphy_slice_top/i_mem_addr_0[6].u_outbuft_addr0/opit_1 on IOLHR_724_690.
Placed fixed group with base inst u_ddr3_ctrl/u_ddrphy_top/ddrphy_slice_top/i_mem_addr_0[7].u_outbuft_addr0/opit_1 on IOLHR_724_834.
Placed fixed group with base inst u_ddr3_ctrl/u_ddrphy_top/ddrphy_slice_top/i_mem_addr_0[8].u_outbuft_addr0/opit_1 on IOLHR_724_696.
Placed fixed group with base inst u_ddr3_ctrl/u_ddrphy_top/ddrphy_slice_top/i_mem_addr_0[9].u_outbuft_addr0/opit_1 on IOLHR_724_816.
Placed fixed group with base inst u_ddr3_ctrl/u_ddrphy_top/ddrphy_slice_top/i_mem_addr_0[10].u_outbuft_addr0/opit_1 on IOLHR_724_714.
Placed fixed group with base inst u_ddr3_ctrl/u_ddrphy_top/ddrphy_slice_top/i_mem_addr_0[11].u_outbuft_addr0/opit_1 on IOLHR_724_726.
Placed fixed group with base inst u_ddr3_ctrl/u_ddrphy_top/ddrphy_slice_top/i_mem_addr_0[12].u_outbuft_addr0/opit_1 on IOLHR_724_720.
Placed fixed group with base inst u_ddr3_ctrl/u_ddrphy_top/ddrphy_slice_top/i_mem_addr_0[13].u_outbuft_addr0/opit_1 on IOLHR_724_786.
Placed fixed group with base inst u_ddr3_ctrl/u_ddrphy_top/ddrphy_slice_top/i_mem_addr_0[14].u_outbuft_addr0/opit_1 on IOLHR_724_810.
Placed fixed group with base inst u_ddr3_ctrl/u_ddrphy_top/ddrphy_slice_top/k_mem_ba[0].u_outbuft_ba/opit_1 on IOLHR_724_744.
Placed fixed group with base inst u_ddr3_ctrl/u_ddrphy_top/ddrphy_slice_top/k_mem_ba[1].u_outbuft_ba/opit_1 on IOLHR_724_702.
Placed fixed group with base inst u_ddr3_ctrl/u_ddrphy_top/ddrphy_slice_top/k_mem_ba[2].u_outbuft_ba/opit_1 on IOLHR_724_672.
Placed fixed group with base inst u_ddr3_ctrl/u_ddrphy_top/ddrphy_slice_top/u_outbuft_casn/opit_1 on IOLHR_724_618.
Placed fixed group with base inst u_ddr3_ctrl/u_ddrphy_top/ddrphy_slice_top/u_outbuft_cke/opit_1 on IOLHR_724_732.
Placed fixed group with base inst u_ddr3_ctrl/u_ddrphy_top/ddrphy_slice_top/u_outbuft_csn/opit_1 on IOLHR_724_738.
Placed fixed group with base inst u_ddr3_ctrl/u_ddrphy_top/ddrphy_slice_top/u_outbuft_odt/opit_1 on IOLHR_724_798.
Placed fixed group with base inst u_ddr3_ctrl/u_ddrphy_top/ddrphy_slice_top/u_outbuft_rasn/opit_1 on IOLHR_724_684.
Placed fixed group with base inst u_ddr3_ctrl/u_ddrphy_top/ddrphy_slice_top/u_outbuft_wen/opit_1 on IOLHR_724_624.
Placed fixed group with base inst u_ddr3_ctrl/u_ddrphy_top/ddrphy_slice_top/u_outbuftco_ck/opit_3 on IOLHR_724_660.
Placed fixed group with base inst u_ddr_refclk_buf/opit_2 on IOLHR_724_774.
Placed fixed group with base inst u_fpioa.fpioa_tri[0]/opit_1 on IOLHR_16_1248.
Placed fixed group with base inst u_fpioa.fpioa_tri[1]/opit_1 on IOLHR_16_1242.
Placed fixed group with base inst u_fpioa.fpioa_tri[2]/opit_1 on IOLHR_16_636.
Placed fixed group with base inst u_fpioa.fpioa_tri[3]/opit_1 on IOLHR_16_834.
Placed fixed group with base inst u_fpioa.fpioa_tri[4]/opit_1 on IOLHR_16_786.
Placed fixed group with base inst u_fpioa.fpioa_tri[5]/opit_1 on IOLHR_16_552.
Placed fixed group with base inst u_fpioa.fpioa_tri[6]/opit_1 on IOLHR_16_528.
Placed fixed group with base inst u_fpioa.fpioa_tri[7]/opit_1 on IOLHR_16_504.
Placed fixed group with base inst u_fpioa.fpioa_tri[8]/opit_1 on IOLHR_16_1362.
Placed fixed group with base inst u_fpioa.fpioa_tri[9]/opit_1 on IOLHR_16_1380.
Placed fixed group with base inst u_fpioa.fpioa_tri[10]/opit_1 on IOLHR_16_1392.
Placed fixed group with base inst u_fpioa.fpioa_tri[11]/opit_1 on IOLHR_16_1422.
Placed fixed group with base inst u_fpioa.fpioa_tri[12]/opit_1 on IOLHR_16_1290.
Placed fixed group with base inst u_fpioa.fpioa_tri[13]/opit_1 on IOLHR_16_1320.
Placed fixed group with base inst u_fpioa.fpioa_tri[14]/opit_1 on IOLHR_16_1314.
Placed fixed group with base inst u_fpioa.fpioa_tri[15]/opit_1 on IOLHR_16_1344.
Placed fixed group with base inst u_fpioa.fpioa_tri[16]/opit_1 on IOLHR_16_780.
Placed fixed group with base inst u_fpioa.fpioa_tri[17]/opit_1 on IOLHR_16_546.
Placed fixed group with base inst u_fpioa.fpioa_tri[18]/opit_1 on IOLHR_16_522.
Placed fixed group with base inst u_fpioa.fpioa_tri[19]/opit_1 on IOLHR_16_498.
Placed fixed group with base inst u_fpioa.fpioa_tri[20]/opit_1 on IOLHR_16_618.
Placed fixed group with base inst u_fpioa.fpioa_tri[21]/opit_1 on IOLHR_16_624.
Placed fixed group with base inst u_fpioa.fpioa_tri[22]/opit_1 on IOLHR_16_642.
Placed fixed group with base inst u_fpioa.fpioa_tri[23]/opit_1 on IOLHR_16_648.
Placed fixed group with base inst u_fpioa.fpioa_tri[24]/opit_1 on IOLHR_16_666.
Placed fixed group with base inst u_fpioa.fpioa_tri[25]/opit_1 on IOLHR_16_672.
Placed fixed group with base inst u_fpioa.fpioa_tri[26]/opit_1 on IOLHR_16_768.
Placed fixed group with base inst u_fpioa.fpioa_tri[27]/opit_1 on IOLHR_16_774.
Placed fixed group with base inst u_fpioa.fpioa_tri[28]/opit_1 on IOLHR_16_594.
Placed fixed group with base inst u_fpioa.fpioa_tri[29]/opit_1 on IOLHR_16_600.
Placed fixed group with base inst u_fpioa.fpioa_tri[30]/opit_1 on IOLHR_16_570.
Placed fixed group with base inst u_fpioa.fpioa_tri[31]/opit_1 on IOLHR_16_576.
Placed fixed instance GRS_INST/grs_ccs on CCS_75_622.
Placed fixed instance clkbufg_0/gopclkbufg on USCM_383_930.
Placed fixed instance clkbufg_1/gopclkbufg on USCM_383_888.
Placed fixed instance u_ddr3_ctrl/u_ddrphy_top/ddrphy_gpll/u_gpll/gpll_inst on GPLL_727_769.
Placed fixed instance u_ddr3_ctrl/u_ddrphy_top/ddrphy_slice_top/i_ca_group.ca_group[0].u_ddc_ca/ddc_inst on DDR_PHY_729_769.
Placed fixed instance u_ddr3_ctrl/u_ddrphy_top/ddrphy_slice_top/i_ca_group.ca_group[1].u_ddc_ca/ddc_inst on DDR_PHY_729_615.
Placed fixed instance u_ddr3_ctrl/u_ddrphy_top/ddrphy_slice_top/i_ca_group.ca_group[2].u_ddc_ca/ddc_inst on DDR_PHY_729_613.
Placed fixed instance u_ddr3_ctrl/u_ddrphy_top/ddrphy_slice_top/i_dqs_bank[0].ddrphy_ppll/u_ppll/ppll_inst on PPLL_727_613.
Placed fixed instance u_ddr3_ctrl/u_ddrphy_top/ddrphy_slice_top/i_dqs_bank[0].u_clkbufr/goprclk on RCKB_723_762.
Placed fixed instance u_ddr3_ctrl/u_ddrphy_top/ddrphy_slice_top/i_dqs_bank[0].u_ddrphy_ioclkdiv/ddrphy_ioclk_div_inst on DDRPHY_IOCLK_DIV_728_616.
Placed fixed instance u_ddr3_ctrl/u_ddrphy_top/ddrphy_slice_top/i_dqs_bank[1].ddrphy_ppll/u_ppll/ppll_inst on PPLL_727_919.
Placed fixed instance u_ddr3_ctrl/u_ddrphy_top/ddrphy_slice_top/i_dqs_bank[1].u_clkbufr/goprclk on RCKB_723_1068.
Placed fixed instance u_ddr3_ctrl/u_ddrphy_top/ddrphy_slice_top/i_dqs_bank[1].u_ddrphy_ioclkdiv/ddrphy_ioclk_div_inst on DDRPHY_IOCLK_DIV_728_922.
Placed fixed instance u_ddr3_ctrl/u_ddrphy_top/ddrphy_slice_top/i_dqs_group[0].ddrphy_data_slice/DDC.u_ddc_dq/ddc_inst_PHY on DDR_PHY_729_1075.
Placed fixed instance u_ddr3_ctrl/u_ddrphy_top/ddrphy_slice_top/i_dqs_group[1].ddrphy_data_slice/DDC.u_ddc_dq/ddc_inst_PHY on DDR_PHY_729_1077.
Placed fixed instance u_ddr3_ctrl/u_ddrphy_top/ddrphy_slice_top/i_dqs_group[2].ddrphy_data_slice/DDC.u_ddc_dq/ddc_inst_PHY on DDR_PHY_729_921.
Placed fixed instance u_ddr3_ctrl/u_ddrphy_top/ddrphy_slice_top/i_dqs_group[3].ddrphy_data_slice/DDC.u_ddc_dq/ddc_inst_PHY on DDR_PHY_729_919.
Placed fixed instance u_ddr3_ctrl/u_ddrphy_top/rst_clk_gpll/u_gpll/gpll_inst on GPLL_7_769.
Placed fixed instance u_ddr3_ctrl/u_ddrphy_top/u_clkbufm/clkbufm_inst on MRCKB_721_762.
Placed fixed instance u_ddr3_ctrl/u_ddrphy_top/u_rst_clk_bufg/gopclkbufg on USCM_383_885.
Placed fixed instance u_ddr3_ctrl/u_ddrphy_top/u_sysclk_bufg/gopclkbufg on USCM_383_882.
Placed fixed instance u_pll/u_gpll/gpll_inst on GPLL_7_1381.
Placed fixed instance BKCL_auto_0 on BKCL_1_1258.
Placed fixed instance BKCL_auto_1 on BKCL_1_646.
Placed fixed instance BKCL_auto_2 on BKCL_1_340.
Placed fixed instance BKCL_auto_3 on BKCL_733_952.
Placed fixed instance BKCL_auto_4 on BKCL_733_646.
Fixed placement takes 2.28 sec.

Phase 2.2 Process placement started.
I: The IO driver of u_ddr3_ctrl/u_ddrphy_top/rst_clk_gpll/u_gpll/gpll_inst(CLKIN1) is not constraint at pllpad, its clock path will pass through SRB.
Process placement takes 0.00 sec.

Phase 2.3 IO placement started.
IO placement takes 0.02 sec.

PBM start.
Total cost after SA planning is 103783.874405.
SA total time: 1572 msec
PBM of GP end, takes 0.86 sec.
Phase 2.4 2nd GP placement started.
Run super clustering :
	Initial slack -12191.
	18 iterations finished.
	Final slack -5760.
Super clustering done.
Design Utilization : 9%.
I: GP end with result: density(0.001774)
Worst slack after global placement is 950
2nd GP placement takes 6.69 sec.

Wirelength after global placement is 257144 and checksum is 1152313D97905755.
Global placement takes 9.86 sec.

Phase 3 Post global placement started.
Phase 3.1 Macro cell placement started.
I: Process macros using "Global".
Wirelength after macro cell placement is 265859 and checksum is F47F1BFB78F4AE9E.
Macro cell placement takes 0.09 sec.

PBM start.
PBM of PostGP end, takes 0.00 sec.
Phase 3.2 3rd GP placement started.
Design Utilization : 9%.
I: GP end with result: density(0.001228)
Worst slack after post global placement is 1054
3rd GP placement takes 2.11 sec.

Wirelength after post global placement is 242481 and checksum is 681CD39C08B507DB.
Packing LUT6D started.
I: LUT6D pack result: There are 6517 LUT6 in collection, pack success:212
Packing LUT6D takes 1.28 sec.
Post global placement takes 3.52 sec.

Phase 4 Legalization started.
The average distance in LP is 0.335665.
Wirelength after legalization is 264021 and checksum is 1C88739B8E12E0D8.
Legalization takes 0.34 sec.

Phase 5 Timing-driven detailed placement started.
Phase 5.1 Replication placement started.
Worst slack before Replication Place is 409.
Replication placement takes 0.25 sec.

Wirelength after replication placement is 264021 and checksum is 1C88739B8E12E0D8.
Phase 5.2 Swapping placement started.
Worst slack before detailed placement is 409, TNS before detailed placement is 0. 
Cost at Swap iteration 0 : 409, wslk 508, tns 0, takes 0.22 sec.
    wire length at Swap iteration 0 : last 265015.00, curr 264998.00, change rate -0.01%
Cost at DP iteration 0 : 508, wslk 1361, tns 0, takes 0.23 sec.
    wire length at DP iteration 0 : last 264998.00, curr 266769.00, change rate 0.67%
Worst slack after detailed placement is 1361, TNS after detailed placement is 0. 
Swapping placement takes 0.61 sec.

Wirelength after detailed placement is 265502 and checksum is 24659060FBB9B0FE.
Timing-driven detailed placement takes 0.88 sec.

Worst slack is 1374, TNS after placement is 0.
Placement done.
Total placement takes 19.52 sec.
Finished placement.

Routing started.
Build routing arch for double attribute device.
Enter timing driven router mode.
Route thread size: 5
Building routing graph takes 8.77 sec.
Init coarse delay table.
Read place coarse delay table takes 0.88 sec.
Build SRB system takes 1.19 sec.
Setup STE netlist take 5043 msec.
Dispose control chain take 635 msec.
Collect const net info take 241 msec.
Worst slack is 1374, TNS before route is 0.
Total nets for routing: 22976.
Total loads for routing: 111303.
Direct connect net size: 3266
Build all design net take 1088 msec.
Processing design graph takes 7.02 sec.
Delay table total memory: 72.75514603 MB
Route graph total memory: 329.29610157 MB
Route design total memory: 33.04120636 MB
Global routing takes 0.00 sec.
Total 22974 subnets.
Unrouted clock nets at iteration 0 (0.162 sec): 4
Unrouted clock nets at iteration 1 (0.053 sec): 3
Unrouted clock nets at iteration 2 (0.024 sec): 2
Unrouted clock nets at iteration 3 (0.011 sec): 2
Unrouted clock nets at iteration 4 (0.010 sec): 2
Unrouted clock nets at iteration 5 (0.009 sec): 2
Unrouted clock nets at iteration 6 (0.006 sec): 2
Unrouted clock nets at iteration 7 (0.008 sec): 2
Unrouted clock nets at iteration 8 (0.005 sec): 2
Unrouted clock nets at iteration 9 (0.004 sec): 0
Total route nets size: 22943
Pre route takes 7.454 sec
Unrouted general nets at iteration 11 (MT total route time: 4.917 sec): 19788(overused: 133733)
Unrouted general nets at iteration 12 (MT total route time: 5.282 sec): 17352(overused: 99269)
Unrouted general nets at iteration 13 (MT total route time: 5.086 sec): 15114(overused: 71681)
Unrouted general nets at iteration 14 (MT total route time: 3.395 sec): 13103(overused: 51798)
Unrouted general nets at iteration 15 (MT total route time: 2.668 sec): 11447(overused: 40446)
Unrouted general nets at iteration 16 (MT total route time: 2.242 sec): 8784(overused: 33017)
Unrouted general nets at iteration 17 (MT total route time: 2.036 sec): 7028(overused: 25105)
Unrouted general nets at iteration 18 (MT total route time: 1.866 sec): 5655(overused: 19221)
Unrouted general nets at iteration 19 (MT total route time: 1.611 sec): 4705(overused: 15046)
Unrouted general nets at iteration 20 (MT total route time: 1.273 sec): 3758(overused: 11166)
Unrouted general nets at iteration 21 (MT total route time: 1.083 sec): 3126(overused: 8872)
Unrouted general nets at iteration 22 (MT total route time: 0.906 sec): 2571(overused: 7201)
Unrouted general nets at iteration 23 (MT total route time: 0.859 sec): 2246(overused: 5896)
Unrouted general nets at iteration 24 (MT total route time: 0.733 sec): 1852(overused: 4815)
Unrouted general nets at iteration 25 (MT total route time: 0.657 sec): 1604(overused: 3898)
Unrouted general nets at iteration 26 (MT total route time: 0.539 sec): 1321(overused: 3165)
Unrouted general nets at iteration 27 (MT total route time: 0.513 sec): 1151(overused: 2727)
Unrouted general nets at iteration 28 (MT total route time: 0.451 sec): 924(overused: 2163)
Unrouted general nets at iteration 29 (MT total route time: 0.358 sec): 759(overused: 1651)
Unrouted general nets at iteration 30 (MT total route time: 0.278 sec): 633(overused: 1277)
Unrouted general nets at iteration 31 (MT total route time: 0.280 sec): 591(overused: 1380)
Unrouted general nets at iteration 32 (MT total route time: 0.305 sec): 460(overused: 1078)
Unrouted general nets at iteration 33 (MT total route time: 0.216 sec): 355(overused: 739)
Unrouted general nets at iteration 34 (MT total route time: 0.260 sec): 405(overused: 948)
Unrouted general nets at iteration 35 (MT total route time: 0.237 sec): 334(overused: 703)
Unrouted general nets at iteration 36 (MT total route time: 0.192 sec): 254(overused: 504)
Unrouted general nets at iteration 37 (MT total route time: 0.203 sec): 226(overused: 429)
Unrouted general nets at iteration 38 (MT total route time: 0.170 sec): 172(overused: 374)
Unrouted general nets at iteration 39 (MT total route time: 0.143 sec): 139(overused: 274)
Unrouted general nets at iteration 40 (MT total route time: 0.155 sec): 106(overused: 258)
Unrouted general nets at iteration 41 (MT total route time: 0.123 sec): 88(overused: 172)
Unrouted general nets at iteration 42 (MT total route time: 0.113 sec): 56(overused: 108)
Unrouted general nets at iteration 43 (MT total route time: 0.126 sec): 39(overused: 72)
Unrouted general nets at iteration 44 (MT total route time: 0.088 sec): 29(overused: 54)
Unrouted general nets at iteration 45 (MT total route time: 0.083 sec): 19(overused: 26)
Unrouted general nets at iteration 46 (MT total route time: 0.102 sec): 37(overused: 84)
Unrouted general nets at iteration 47 (MT total route time: 0.103 sec): 36(overused: 90)
Unrouted general nets at iteration 48 (MT total route time: 0.092 sec): 24(overused: 54)
Unrouted general nets at iteration 49 (MT total route time: 0.102 sec): 29(overused: 56)
Unrouted general nets at iteration 50 (MT total route time: 0.167 sec): 43(overused: 76)
Unrouted general nets at iteration 51 (MT total route time: 0.117 sec): 33(overused: 70)
Unrouted general nets at iteration 52 (MT total route time: 0.094 sec): 27(overused: 60)
Unrouted general nets at iteration 53 (MT total route time: 0.095 sec): 16(overused: 24)
Unrouted general nets at iteration 54 (MT total route time: 0.109 sec): 12(overused: 16)
Unrouted general nets at iteration 55 (MT total route time: 0.095 sec): 5(overused: 10)
Unrouted general nets at iteration 56 (MT total route time: 0.074 sec): 7(overused: 12)
Unrouted general nets at iteration 57 (MT total route time: 0.070 sec): 4(overused: 6)
Unrouted general nets at iteration 58 (MT total route time: 0.079 sec): 4(overused: 4)
Unrouted general nets at iteration 59 (MT total route time: 0.078 sec): 2(overused: 2)
Unrouted general nets at iteration 60 (MT total route time: 0.084 sec): 2(overused: 2)
Unrouted general nets at iteration 61 (MT total route time: 0.096 sec): 2(overused: 4)
Unrouted general nets at iteration 62 (MT total route time: 0.080 sec): 0(overused: 0)
----General net take 0.077 sec(route net take 0.036 sec, inc cost take 0.041 sec, iter times: 1)
----const net route take 0.107 sec
Unrouted nets at iteration 63 (0.195 sec): 0
Detailed routing takes 65.14 sec.
I: Design net JTAG_TCK_in is routed by general path.
C: Route-2036: The clock path from GTP_INBUF_inst/opit_1:DI_TO_CLK to clkbufg_1/gopclkbufg:CLK is routed by SRB.
I: Design net ntclkbufg_1 is routed by general path.
C: Route-2036: The clock path from clkbufg_1/gopclkbufg:CLKOUT to u_jtag/u_jtag_driver/shift_reg[16]/opit_0_L6Q:CLK is routed by SRB.
Fix violation Finished.
No hold violation.
Hold Violation Fix in router takes 7.34 sec.
Sort Original Nets take 0.019 sec
Build solution node for device pins which were mapped to more than one design pin take 0.074 sec
Total net: 22976, route succeed net: 22976
Generate routing result take 0.051 sec
Handle PERMUX permutation take 1.144 sec
Handle const net take 0.048 sec
Handle route through take 0.019 sec
Handle loads' routing node take 0.198 sec
Used SRB routing arc is 249828.
Finish routing takes 2.05 sec.
Total routing takes 96.27 sec.


Device Utilization Summary :
+-------------------------------------------------------------------------------------+
| Logic Utilization                 | Used      | Available     | Utilization(%)     
+-------------------------------------------------------------------------------------+
| Use of ADC                        | 0         | 1             | 0                  
| Use of ANALOG                     | 0         | 1             | 0                  
| Use of APM                        | 4         | 740           | 1                  
| Use of BKCL                       | 5         | 10            | 50                 
| Use of CCS                        | 1         | 1             | 100                
| Use of CLMA                       | 3918      | 30075         | 14                 
|   FF                              | 11070     | 240600        | 5                  
|   LUT                             | 10521     | 120300        | 9                  
|   LUT-FF pairs                    | 4621      | 120300        | 4                  
| Use of CLMS                       | 1331      | 9875          | 14                 
|   FF                              | 4169      | 79000         | 6                  
|   LUT                             | 3475      | 39500         | 9                  
|   LUT-FF pairs                    | 1918      | 39500         | 5                  
|   Distributed RAM                 | 774       | 39500         | 2                  
| Use of DDRPHY_CPD                 | 1         | 20            | 5                  
| Use of DDRPHY_IOCLK_DIV           | 2         | 10            | 20                 
| Use of DDR_PHY                    | 7         | 40            | 18                 
| Use of DRM                        | 10        | 415           | 3                  
| Use of GCLK_INBUF_SYN             | 0         | 40            | 0                  
| Use of GPLL                       | 3         | 10            | 30                 
| Use of GSEB                       | 0         | 512           | 0                  
| Use of HARD0                      | 1470      | 25050         | 6                  
| Use of HCKB                       | 13        | 120           | 11                 
|  HCKB dataused                    | 0         | 120           | 0                  
| Use of HCKMUX_TEST                | 0         | 10            | 0                  
| Use of HSSTLP                     | 0         | 2             | 0                  
| Use of IO                         | 112       | 400           | 28                 
|   IOBD                            | 60        | 192           | 32                 
|   IOBS                            | 52        | 208           | 25                 
| Use of IOCKB                      | 0         | 40            | 0                  
| Use of IOCKMUX_TEST               | 0         | 10            | 0                  
| Use of IOLHR                      | 111       | 500           | 23                 
| Use of KEYRAM                     | 0         | 1             | 0                  
| Use of MFG_TEST                   | 0         | 1             | 0                  
| Use of MRCKB                      | 1         | 20            | 5                  
| Use of MRCKMUX_TEST               | 0         | 10            | 0                  
| Use of MRPOSTMUX_TEST             | 0         | 10            | 0                  
| Use of PCIE                       | 0         | 1             | 0                  
| Use of PCKMUX_TEST                | 0         | 20            | 0                  
| Use of PLLMRMUX_TEST              | 0         | 10            | 0                  
| Use of PLLREFMUX_TEST             | 0         | 10            | 0                  
| Use of POSTGMUXLR_TEST            | 0         | 4             | 0                  
| Use of PPLL                       | 2         | 10            | 20                 
| Use of PREGMUXC_TEST              | 0         | 3             | 0                  
| Use of PREGMUXC_X16_200H_TEST     | 0         | 4             | 0                  
| Use of PREGMUXLR_TEST             | 0         | 10            | 0                  
| Use of RCKB                       | 2         | 40            | 5                  
|  RCKB dataused                    | 2         | 40            | 5                  
| Use of RCKMUX_TEST                | 0         | 10            | 0                  
| Use of SCANCHAIN                  | 0         | 1             | 0                  
| Use of SCKMUX_TEST                | 0         | 20            | 0                  
| Use of SFB                        | 0         | 5075          | 0                  
| Use of SPAD                       | 0         | 8             | 0                  
| Use of TSERDES                    | 14        | 80            | 18                 
| Use of USCM                       | 4         | 32            | 13                 
|  USCM dataused                    | 0         | 32            | 0                  
| Use of USCMMUX_TEST               | 0         | 32            | 0                  
+-------------------------------------------------------------------------------------+

Finished routing.
Design 'Hfpga_soc' has been placed and routed successfully.
Saving design to DB.
Finished placement and routing.
Action pnr: Real time elapsed is 0h:3m:20s
Action pnr: CPU time elapsed is 0h:0m:43s
Action pnr: Process CPU time elapsed is 0h:0m:58s
Current time: Sat Sep 26 15:34:17 2026
Action pnr: Peak memory pool usage is 3,404 MB
