#Build: Fabric Compiler 2022.2-SP6.4, Build 146967, Jan 31 01:39 2024
#Install: F:\PDS_2022.2-SP6.4\bin
#Application name: pds_shell.exe
#OS: Windows 10 10.0.22621
#Hostname: ZHAO-Zhenxiang
Generated by Fabric Compiler (version 2022.2-SP6.4 build 146967) at Tue Oct  6 17:56:31 2026
Compiling verification operator library.
Compiling common defs.
Compiling prim grid devices.
Compiling gate devices.
Compiling gate operators.
Building architecture model.
Loading device packaging model.
pnr strategy configuration : 
strategy name : 0
Building architecture floorplan logic view.
Constraint check start.
Executing : def_port {cam1_scl} LOC=W21 VCCIO=3.3 IOSTANDARD=LVCMOS33 DRIVE=4
C: ConstraintEditor-2009: cam1_scl is lack of SLEW, OUTPUT or INOUT PORT had better set SLEW, the optional value is {SLOW, FAST}.
Executing : def_port {cam1_scl} LOC=W21 VCCIO=3.3 IOSTANDARD=LVCMOS33 DRIVE=4 successfully
Executing : def_port {cam1_sda} LOC=U14 VCCIO=3.3 IOSTANDARD=LVCMOS33 DRIVE=4
C: ConstraintEditor-2009: cam1_sda is lack of SLEW, OUTPUT or INOUT PORT had better set SLEW, the optional value is {SLOW, FAST}.
Executing : def_port {cam1_sda} LOC=U14 VCCIO=3.3 IOSTANDARD=LVCMOS33 DRIVE=4 successfully
Executing : def_port {cam2_scl} LOC=W19 VCCIO=3.3 IOSTANDARD=LVCMOS33 DRIVE=4
C: ConstraintEditor-2009: cam2_scl is lack of SLEW, OUTPUT or INOUT PORT had better set SLEW, the optional value is {SLOW, FAST}.
Executing : def_port {cam2_scl} LOC=W19 VCCIO=3.3 IOSTANDARD=LVCMOS33 DRIVE=4 successfully
Executing : def_port {cam2_sda} LOC=V16 VCCIO=3.3 IOSTANDARD=LVCMOS33 DRIVE=4
C: ConstraintEditor-2009: cam2_sda is lack of SLEW, OUTPUT or INOUT PORT had better set SLEW, the optional value is {SLOW, FAST}.
Executing : def_port {cam2_sda} LOC=V16 VCCIO=3.3 IOSTANDARD=LVCMOS33 DRIVE=4 successfully
Executing : def_port {fpioa[0]} LOC=C24 VCCIO=3.3 IOSTANDARD=LVCMOS33
C: ConstraintEditor-2009: fpioa[0] is lack of SLEW, OUTPUT or INOUT PORT had better set SLEW, the optional value is {SLOW, FAST}.
C: ConstraintEditor-2009: fpioa[0] is lack of DRIVE, OUTPUT or INOUT PORT had better set DRIVE, the optional value is {8, 4, 12, 16}.
Executing : def_port {fpioa[0]} LOC=C24 VCCIO=3.3 IOSTANDARD=LVCMOS33 successfully
Executing : def_port {fpioa[1]} LOC=B24 VCCIO=3.3 IOSTANDARD=LVCMOS33
C: ConstraintEditor-2009: fpioa[1] is lack of SLEW, OUTPUT or INOUT PORT had better set SLEW, the optional value is {SLOW, FAST}.
C: ConstraintEditor-2009: fpioa[1] is lack of DRIVE, OUTPUT or INOUT PORT had better set DRIVE, the optional value is {8, 4, 12, 16}.
Executing : def_port {fpioa[1]} LOC=B24 VCCIO=3.3 IOSTANDARD=LVCMOS33 successfully
Executing : def_port {fpioa[2]} LOC=T22 VCCIO=3.3 IOSTANDARD=LVCMOS33
C: ConstraintEditor-2009: fpioa[2] is lack of SLEW, OUTPUT or INOUT PORT had better set SLEW, the optional value is {SLOW, FAST}.
C: ConstraintEditor-2009: fpioa[2] is lack of DRIVE, OUTPUT or INOUT PORT had better set DRIVE, the optional value is {8, 4, 12, 16}.
C: ConstraintEditor-2002: [F:/SocFpga/project/device_map/Hfpga_soc.pcf(line number: 9)] | Port fpioa[2] has been placed at location T22, whose type is share pin.
Executing : def_port {fpioa[2]} LOC=T22 VCCIO=3.3 IOSTANDARD=LVCMOS33 successfully
Executing : def_port {fpioa[3]} LOC=K25 VCCIO=3.3 IOSTANDARD=LVCMOS33
C: ConstraintEditor-2009: fpioa[3] is lack of SLEW, OUTPUT or INOUT PORT had better set SLEW, the optional value is {SLOW, FAST}.
C: ConstraintEditor-2009: fpioa[3] is lack of DRIVE, OUTPUT or INOUT PORT had better set DRIVE, the optional value is {8, 4, 12, 16}.
C: ConstraintEditor-2002: [F:/SocFpga/project/device_map/Hfpga_soc.pcf(line number: 10)] | Port fpioa[3] has been placed at location K25, whose type is share pin.
Executing : def_port {fpioa[3]} LOC=K25 VCCIO=3.3 IOSTANDARD=LVCMOS33 successfully
Executing : def_port {fpioa[4]} LOC=L22 VCCIO=3.3 IOSTANDARD=LVCMOS33
C: ConstraintEditor-2009: fpioa[4] is lack of SLEW, OUTPUT or INOUT PORT had better set SLEW, the optional value is {SLOW, FAST}.
C: ConstraintEditor-2009: fpioa[4] is lack of DRIVE, OUTPUT or INOUT PORT had better set DRIVE, the optional value is {8, 4, 12, 16}.
Executing : def_port {fpioa[4]} LOC=L22 VCCIO=3.3 IOSTANDARD=LVCMOS33 successfully
Executing : def_port {fpioa[5]} LOC=Y25 VCCIO=3.3 IOSTANDARD=LVCMOS33
C: ConstraintEditor-2009: fpioa[5] is lack of SLEW, OUTPUT or INOUT PORT had better set SLEW, the optional value is {SLOW, FAST}.
C: ConstraintEditor-2009: fpioa[5] is lack of DRIVE, OUTPUT or INOUT PORT had better set DRIVE, the optional value is {8, 4, 12, 16}.
Executing : def_port {fpioa[5]} LOC=Y25 VCCIO=3.3 IOSTANDARD=LVCMOS33 successfully
Executing : def_port {fpioa[6]} LOC=AA24 VCCIO=3.3 IOSTANDARD=LVCMOS33
C: ConstraintEditor-2009: fpioa[6] is lack of SLEW, OUTPUT or INOUT PORT had better set SLEW, the optional value is {SLOW, FAST}.
C: ConstraintEditor-2009: fpioa[6] is lack of DRIVE, OUTPUT or INOUT PORT had better set DRIVE, the optional value is {8, 4, 12, 16}.
Executing : def_port {fpioa[6]} LOC=AA24 VCCIO=3.3 IOSTANDARD=LVCMOS33 successfully
Executing : def_port {fpioa[7]} LOC=AB24 VCCIO=3.3 IOSTANDARD=LVCMOS33
C: ConstraintEditor-2009: fpioa[7] is lack of SLEW, OUTPUT or INOUT PORT had better set SLEW, the optional value is {SLOW, FAST}.
C: ConstraintEditor-2009: fpioa[7] is lack of DRIVE, OUTPUT or INOUT PORT had better set DRIVE, the optional value is {8, 4, 12, 16}.
Executing : def_port {fpioa[7]} LOC=AB24 VCCIO=3.3 IOSTANDARD=LVCMOS33 successfully
Executing : def_port {fpioa[8]} LOC=C19 VCCIO=3.3 IOSTANDARD=LVCMOS33
C: ConstraintEditor-2009: fpioa[8] is lack of SLEW, OUTPUT or INOUT PORT had better set SLEW, the optional value is {SLOW, FAST}.
C: ConstraintEditor-2009: fpioa[8] is lack of DRIVE, OUTPUT or INOUT PORT had better set DRIVE, the optional value is {8, 4, 12, 16}.
Executing : def_port {fpioa[8]} LOC=C19 VCCIO=3.3 IOSTANDARD=LVCMOS33 successfully
Executing : def_port {fpioa[9]} LOC=C18 VCCIO=3.3 IOSTANDARD=LVCMOS33
C: ConstraintEditor-2009: fpioa[9] is lack of SLEW, OUTPUT or INOUT PORT had better set SLEW, the optional value is {SLOW, FAST}.
C: ConstraintEditor-2009: fpioa[9] is lack of DRIVE, OUTPUT or INOUT PORT had better set DRIVE, the optional value is {8, 4, 12, 16}.
Executing : def_port {fpioa[9]} LOC=C18 VCCIO=3.3 IOSTANDARD=LVCMOS33 successfully
Executing : def_port {fpioa[10]} LOC=E18 VCCIO=3.3 IOSTANDARD=LVCMOS33
C: ConstraintEditor-2009: fpioa[10] is lack of SLEW, OUTPUT or INOUT PORT had better set SLEW, the optional value is {SLOW, FAST}.
C: ConstraintEditor-2009: fpioa[10] is lack of DRIVE, OUTPUT or INOUT PORT had better set DRIVE, the optional value is {8, 4, 12, 16}.
Executing : def_port {fpioa[10]} LOC=E18 VCCIO=3.3 IOSTANDARD=LVCMOS33 successfully
Executing : def_port {fpioa[11]} LOC=A17 VCCIO=3.3 IOSTANDARD=LVCMOS33
C: ConstraintEditor-2009: fpioa[11] is lack of SLEW, OUTPUT or INOUT PORT had better set SLEW, the optional value is {SLOW, FAST}.
C: ConstraintEditor-2009: fpioa[11] is lack of DRIVE, OUTPUT or INOUT PORT had better set DRIVE, the optional value is {8, 4, 12, 16}.
Executing : def_port {fpioa[11]} LOC=A17 VCCIO=3.3 IOSTANDARD=LVCMOS33 successfully
Executing : def_port {fpioa[12]} LOC=C23 VCCIO=3.3 IOSTANDARD=LVCMOS33
C: ConstraintEditor-2009: fpioa[12] is lack of SLEW, OUTPUT or INOUT PORT had better set SLEW, the optional value is {SLOW, FAST}.
C: ConstraintEditor-2009: fpioa[12] is lack of DRIVE, OUTPUT or INOUT PORT had better set DRIVE, the optional value is {8, 4, 12, 16}.
Executing : def_port {fpioa[12]} LOC=C23 VCCIO=3.3 IOSTANDARD=LVCMOS33 successfully
Executing : def_port {fpioa[13]} LOC=B22 VCCIO=3.3 IOSTANDARD=LVCMOS33
C: ConstraintEditor-2009: fpioa[13] is lack of SLEW, OUTPUT or INOUT PORT had better set SLEW, the optional value is {SLOW, FAST}.
C: ConstraintEditor-2009: fpioa[13] is lack of DRIVE, OUTPUT or INOUT PORT had better set DRIVE, the optional value is {8, 4, 12, 16}.
Executing : def_port {fpioa[13]} LOC=B22 VCCIO=3.3 IOSTANDARD=LVCMOS33 successfully
Executing : def_port {fpioa[14]} LOC=A22 VCCIO=3.3 IOSTANDARD=LVCMOS33
C: ConstraintEditor-2009: fpioa[14] is lack of SLEW, OUTPUT or INOUT PORT had better set SLEW, the optional value is {SLOW, FAST}.
C: ConstraintEditor-2009: fpioa[14] is lack of DRIVE, OUTPUT or INOUT PORT had better set DRIVE, the optional value is {8, 4, 12, 16}.
Executing : def_port {fpioa[14]} LOC=A22 VCCIO=3.3 IOSTANDARD=LVCMOS33 successfully
Executing : def_port {fpioa[15]} LOC=B20 VCCIO=3.3 IOSTANDARD=LVCMOS33
C: ConstraintEditor-2009: fpioa[15] is lack of SLEW, OUTPUT or INOUT PORT had better set SLEW, the optional value is {SLOW, FAST}.
C: ConstraintEditor-2009: fpioa[15] is lack of DRIVE, OUTPUT or INOUT PORT had better set DRIVE, the optional value is {8, 4, 12, 16}.
Executing : def_port {fpioa[15]} LOC=B20 VCCIO=3.3 IOSTANDARD=LVCMOS33 successfully
Executing : def_port {fpioa[16]} LOC=L23 VCCIO=3.3 IOSTANDARD=LVCMOS33
C: ConstraintEditor-2009: fpioa[16] is lack of SLEW, OUTPUT or INOUT PORT had better set SLEW, the optional value is {SLOW, FAST}.
C: ConstraintEditor-2009: fpioa[16] is lack of DRIVE, OUTPUT or INOUT PORT had better set DRIVE, the optional value is {8, 4, 12, 16}.
Executing : def_port {fpioa[16]} LOC=L23 VCCIO=3.3 IOSTANDARD=LVCMOS33 successfully
Executing : def_port {fpioa[17]} LOC=AA25 VCCIO=3.3 IOSTANDARD=LVCMOS33
C: ConstraintEditor-2009: fpioa[17] is lack of SLEW, OUTPUT or INOUT PORT had better set SLEW, the optional value is {SLOW, FAST}.
C: ConstraintEditor-2009: fpioa[17] is lack of DRIVE, OUTPUT or INOUT PORT had better set DRIVE, the optional value is {8, 4, 12, 16}.
Executing : def_port {fpioa[17]} LOC=AA25 VCCIO=3.3 IOSTANDARD=LVCMOS33 successfully
Executing : def_port {fpioa[18]} LOC=AB25 VCCIO=3.3 IOSTANDARD=LVCMOS33
C: ConstraintEditor-2009: fpioa[18] is lack of SLEW, OUTPUT or INOUT PORT had better set SLEW, the optional value is {SLOW, FAST}.
C: ConstraintEditor-2009: fpioa[18] is lack of DRIVE, OUTPUT or INOUT PORT had better set DRIVE, the optional value is {8, 4, 12, 16}.
Executing : def_port {fpioa[18]} LOC=AB25 VCCIO=3.3 IOSTANDARD=LVCMOS33 successfully
Executing : def_port {fpioa[19]} LOC=AC24 VCCIO=3.3 IOSTANDARD=LVCMOS33
C: ConstraintEditor-2009: fpioa[19] is lack of SLEW, OUTPUT or INOUT PORT had better set SLEW, the optional value is {SLOW, FAST}.
C: ConstraintEditor-2009: fpioa[19] is lack of DRIVE, OUTPUT or INOUT PORT had better set DRIVE, the optional value is {8, 4, 12, 16}.
Executing : def_port {fpioa[19]} LOC=AC24 VCCIO=3.3 IOSTANDARD=LVCMOS33 successfully
Executing : def_port {fpioa[20]} LOC=R23 VCCIO=3.3 IOSTANDARD=LVCMOS33
C: ConstraintEditor-2009: fpioa[20] is lack of SLEW, OUTPUT or INOUT PORT had better set SLEW, the optional value is {SLOW, FAST}.
C: ConstraintEditor-2009: fpioa[20] is lack of DRIVE, OUTPUT or INOUT PORT had better set DRIVE, the optional value is {8, 4, 12, 16}.
C: ConstraintEditor-2002: [F:/SocFpga/project/device_map/Hfpga_soc.pcf(line number: 27)] | Port fpioa[20] has been placed at location R23, whose type is share pin.
Executing : def_port {fpioa[20]} LOC=R23 VCCIO=3.3 IOSTANDARD=LVCMOS33 successfully
Executing : def_port {fpioa[21]} LOC=T23 VCCIO=3.3 IOSTANDARD=LVCMOS33
C: ConstraintEditor-2009: fpioa[21] is lack of SLEW, OUTPUT or INOUT PORT had better set SLEW, the optional value is {SLOW, FAST}.
C: ConstraintEditor-2009: fpioa[21] is lack of DRIVE, OUTPUT or INOUT PORT had better set DRIVE, the optional value is {8, 4, 12, 16}.
C: ConstraintEditor-2002: [F:/SocFpga/project/device_map/Hfpga_soc.pcf(line number: 28)] | Port fpioa[21] has been placed at location T23, whose type is share pin.
Executing : def_port {fpioa[21]} LOC=T23 VCCIO=3.3 IOSTANDARD=LVCMOS33 successfully
Executing : def_port {fpioa[22]} LOC=P26 VCCIO=3.3 IOSTANDARD=LVCMOS33
C: ConstraintEditor-2009: fpioa[22] is lack of SLEW, OUTPUT or INOUT PORT had better set SLEW, the optional value is {SLOW, FAST}.
C: ConstraintEditor-2009: fpioa[22] is lack of DRIVE, OUTPUT or INOUT PORT had better set DRIVE, the optional value is {8, 4, 12, 16}.
C: ConstraintEditor-2002: [F:/SocFpga/project/device_map/Hfpga_soc.pcf(line number: 29)] | Port fpioa[22] has been placed at location P26, whose type is share pin.
Executing : def_port {fpioa[22]} LOC=P26 VCCIO=3.3 IOSTANDARD=LVCMOS33 successfully
Executing : def_port {fpioa[23]} LOC=R26 VCCIO=3.3 IOSTANDARD=LVCMOS33
C: ConstraintEditor-2009: fpioa[23] is lack of SLEW, OUTPUT or INOUT PORT had better set SLEW, the optional value is {SLOW, FAST}.
C: ConstraintEditor-2009: fpioa[23] is lack of DRIVE, OUTPUT or INOUT PORT had better set DRIVE, the optional value is {8, 4, 12, 16}.
C: ConstraintEditor-2002: [F:/SocFpga/project/device_map/Hfpga_soc.pcf(line number: 30)] | Port fpioa[23] has been placed at location R26, whose type is share pin.
Executing : def_port {fpioa[23]} LOC=R26 VCCIO=3.3 IOSTANDARD=LVCMOS33 successfully
Executing : def_port {fpioa[24]} LOC=M26 VCCIO=3.3 IOSTANDARD=LVCMOS33
C: ConstraintEditor-2009: fpioa[24] is lack of SLEW, OUTPUT or INOUT PORT had better set SLEW, the optional value is {SLOW, FAST}.
C: ConstraintEditor-2009: fpioa[24] is lack of DRIVE, OUTPUT or INOUT PORT had better set DRIVE, the optional value is {8, 4, 12, 16}.
C: ConstraintEditor-2002: [F:/SocFpga/project/device_map/Hfpga_soc.pcf(line number: 31)] | Port fpioa[24] has been placed at location M26, whose type is share pin.
Executing : def_port {fpioa[24]} LOC=M26 VCCIO=3.3 IOSTANDARD=LVCMOS33 successfully
Executing : def_port {fpioa[25]} LOC=N26 VCCIO=3.3 IOSTANDARD=LVCMOS33
C: ConstraintEditor-2009: fpioa[25] is lack of SLEW, OUTPUT or INOUT PORT had better set SLEW, the optional value is {SLOW, FAST}.
C: ConstraintEditor-2009: fpioa[25] is lack of DRIVE, OUTPUT or INOUT PORT had better set DRIVE, the optional value is {8, 4, 12, 16}.
C: ConstraintEditor-2002: [F:/SocFpga/project/device_map/Hfpga_soc.pcf(line number: 32)] | Port fpioa[25] has been placed at location N26, whose type is share pin.
Executing : def_port {fpioa[25]} LOC=N26 VCCIO=3.3 IOSTANDARD=LVCMOS33 successfully
Executing : def_port {fpioa[26]} LOC=M22 VCCIO=3.3 IOSTANDARD=LVCMOS33
C: ConstraintEditor-2009: fpioa[26] is lack of SLEW, OUTPUT or INOUT PORT had better set SLEW, the optional value is {SLOW, FAST}.
C: ConstraintEditor-2009: fpioa[26] is lack of DRIVE, OUTPUT or INOUT PORT had better set DRIVE, the optional value is {8, 4, 12, 16}.
Executing : def_port {fpioa[26]} LOC=M22 VCCIO=3.3 IOSTANDARD=LVCMOS33 successfully
Executing : def_port {fpioa[27]} LOC=M21 VCCIO=3.3 IOSTANDARD=LVCMOS33
C: ConstraintEditor-2009: fpioa[27] is lack of SLEW, OUTPUT or INOUT PORT had better set SLEW, the optional value is {SLOW, FAST}.
C: ConstraintEditor-2009: fpioa[27] is lack of DRIVE, OUTPUT or INOUT PORT had better set DRIVE, the optional value is {8, 4, 12, 16}.
Executing : def_port {fpioa[27]} LOC=M21 VCCIO=3.3 IOSTANDARD=LVCMOS33 successfully
Executing : def_port {fpioa[28]} LOC=U26 VCCIO=3.3 IOSTANDARD=LVCMOS33
C: ConstraintEditor-2009: fpioa[28] is lack of SLEW, OUTPUT or INOUT PORT had better set SLEW, the optional value is {SLOW, FAST}.
C: ConstraintEditor-2009: fpioa[28] is lack of DRIVE, OUTPUT or INOUT PORT had better set DRIVE, the optional value is {8, 4, 12, 16}.
Executing : def_port {fpioa[28]} LOC=U26 VCCIO=3.3 IOSTANDARD=LVCMOS33 successfully
Executing : def_port {fpioa[29]} LOC=U25 VCCIO=3.3 IOSTANDARD=LVCMOS33
C: ConstraintEditor-2009: fpioa[29] is lack of SLEW, OUTPUT or INOUT PORT had better set SLEW, the optional value is {SLOW, FAST}.
C: ConstraintEditor-2009: fpioa[29] is lack of DRIVE, OUTPUT or INOUT PORT had better set DRIVE, the optional value is {8, 4, 12, 16}.
Executing : def_port {fpioa[29]} LOC=U25 VCCIO=3.3 IOSTANDARD=LVCMOS33 successfully
Executing : def_port {fpioa[30]} LOC=AC26 VCCIO=3.3 IOSTANDARD=LVCMOS33
C: ConstraintEditor-2009: fpioa[30] is lack of SLEW, OUTPUT or INOUT PORT had better set SLEW, the optional value is {SLOW, FAST}.
C: ConstraintEditor-2009: fpioa[30] is lack of DRIVE, OUTPUT or INOUT PORT had better set DRIVE, the optional value is {8, 4, 12, 16}.
Executing : def_port {fpioa[30]} LOC=AC26 VCCIO=3.3 IOSTANDARD=LVCMOS33 successfully
Executing : def_port {fpioa[31]} LOC=AB26 VCCIO=3.3 IOSTANDARD=LVCMOS33
C: ConstraintEditor-2009: fpioa[31] is lack of SLEW, OUTPUT or INOUT PORT had better set SLEW, the optional value is {SLOW, FAST}.
C: ConstraintEditor-2009: fpioa[31] is lack of DRIVE, OUTPUT or INOUT PORT had better set DRIVE, the optional value is {8, 4, 12, 16}.
Executing : def_port {fpioa[31]} LOC=AB26 VCCIO=3.3 IOSTANDARD=LVCMOS33 successfully
Executing : def_port {mem_dq[0]} LOC=G5 VCCIO=1.5 IOSTANDARD=HSTL15_I DRIVE=8 SLEW=SLOW NONE=TRUE
Executing : def_port {mem_dq[0]} LOC=G5 VCCIO=1.5 IOSTANDARD=HSTL15_I DRIVE=8 SLEW=SLOW NONE=TRUE successfully
Executing : def_port {mem_dq[1]} LOC=J6 VCCIO=1.5 IOSTANDARD=HSTL15_I DRIVE=8 SLEW=SLOW NONE=TRUE
C: ConstraintEditor-2002: [F:/SocFpga/project/device_map/Hfpga_soc.pcf(line number: 40)] | Port mem_dq[1] has been placed at location J6, whose type is share pin.
Executing : def_port {mem_dq[1]} LOC=J6 VCCIO=1.5 IOSTANDARD=HSTL15_I DRIVE=8 SLEW=SLOW NONE=TRUE successfully
Executing : def_port {mem_dq[2]} LOC=F5 VCCIO=1.5 IOSTANDARD=HSTL15_I DRIVE=8 SLEW=SLOW NONE=TRUE
Executing : def_port {mem_dq[2]} LOC=F5 VCCIO=1.5 IOSTANDARD=HSTL15_I DRIVE=8 SLEW=SLOW NONE=TRUE successfully
Executing : def_port {mem_dq[3]} LOC=L8 VCCIO=1.5 IOSTANDARD=HSTL15_I DRIVE=8 SLEW=SLOW NONE=TRUE
C: ConstraintEditor-2002: [F:/SocFpga/project/device_map/Hfpga_soc.pcf(line number: 42)] | Port mem_dq[3] has been placed at location L8, whose type is share pin.
Executing : def_port {mem_dq[3]} LOC=L8 VCCIO=1.5 IOSTANDARD=HSTL15_I DRIVE=8 SLEW=SLOW NONE=TRUE successfully
Executing : def_port {mem_dq[4]} LOC=G4 VCCIO=1.5 IOSTANDARD=HSTL15_I DRIVE=8 SLEW=SLOW NONE=TRUE
Executing : def_port {mem_dq[4]} LOC=G4 VCCIO=1.5 IOSTANDARD=HSTL15_I DRIVE=8 SLEW=SLOW NONE=TRUE successfully
Executing : def_port {mem_dq[5]} LOC=K7 VCCIO=1.5 IOSTANDARD=HSTL15_I DRIVE=8 SLEW=SLOW NONE=TRUE
C: ConstraintEditor-2002: [F:/SocFpga/project/device_map/Hfpga_soc.pcf(line number: 44)] | Port mem_dq[5] has been placed at location K7, whose type is share pin.
Executing : def_port {mem_dq[5]} LOC=K7 VCCIO=1.5 IOSTANDARD=HSTL15_I DRIVE=8 SLEW=SLOW NONE=TRUE successfully
Executing : def_port {mem_dq[6]} LOC=F4 VCCIO=1.5 IOSTANDARD=HSTL15_I DRIVE=8 SLEW=SLOW NONE=TRUE
Executing : def_port {mem_dq[6]} LOC=F4 VCCIO=1.5 IOSTANDARD=HSTL15_I DRIVE=8 SLEW=SLOW NONE=TRUE successfully
Executing : def_port {mem_dq[7]} LOC=J5 VCCIO=1.5 IOSTANDARD=HSTL15_I DRIVE=8 SLEW=SLOW NONE=TRUE
C: ConstraintEditor-2002: [F:/SocFpga/project/device_map/Hfpga_soc.pcf(line number: 46)] | Port mem_dq[7] has been placed at location J5, whose type is share pin.
Executing : def_port {mem_dq[7]} LOC=J5 VCCIO=1.5 IOSTANDARD=HSTL15_I DRIVE=8 SLEW=SLOW NONE=TRUE successfully
Executing : def_port {mem_dq[8]} LOC=H6 VCCIO=1.5 IOSTANDARD=HSTL15_I DRIVE=8 SLEW=SLOW NONE=TRUE
C: ConstraintEditor-2002: [F:/SocFpga/project/device_map/Hfpga_soc.pcf(line number: 47)] | Port mem_dq[8] has been placed at location H6, whose type is share pin.
Executing : def_port {mem_dq[8]} LOC=H6 VCCIO=1.5 IOSTANDARD=HSTL15_I DRIVE=8 SLEW=SLOW NONE=TRUE successfully
Executing : def_port {mem_dq[9]} LOC=F8 VCCIO=1.5 IOSTANDARD=HSTL15_I DRIVE=8 SLEW=SLOW NONE=TRUE
Executing : def_port {mem_dq[9]} LOC=F8 VCCIO=1.5 IOSTANDARD=HSTL15_I DRIVE=8 SLEW=SLOW NONE=TRUE successfully
Executing : def_port {mem_dq[10]} LOC=H8 VCCIO=1.5 IOSTANDARD=HSTL15_I DRIVE=8 SLEW=SLOW NONE=TRUE
C: ConstraintEditor-2002: [F:/SocFpga/project/device_map/Hfpga_soc.pcf(line number: 49)] | Port mem_dq[10] has been placed at location H8, whose type is share pin.
Executing : def_port {mem_dq[10]} LOC=H8 VCCIO=1.5 IOSTANDARD=HSTL15_I DRIVE=8 SLEW=SLOW NONE=TRUE successfully
Executing : def_port {mem_dq[11]} LOC=D6 VCCIO=1.5 IOSTANDARD=HSTL15_I DRIVE=8 SLEW=SLOW NONE=TRUE
C: ConstraintEditor-2002: [F:/SocFpga/project/device_map/Hfpga_soc.pcf(line number: 50)] | Port mem_dq[11] has been placed at location D6, whose type is share pin.
Executing : def_port {mem_dq[11]} LOC=D6 VCCIO=1.5 IOSTANDARD=HSTL15_I DRIVE=8 SLEW=SLOW NONE=TRUE successfully
Executing : def_port {mem_dq[12]} LOC=G8 VCCIO=1.5 IOSTANDARD=HSTL15_I DRIVE=8 SLEW=SLOW NONE=TRUE
C: ConstraintEditor-2002: [F:/SocFpga/project/device_map/Hfpga_soc.pcf(line number: 51)] | Port mem_dq[12] has been placed at location G8, whose type is share pin.
Executing : def_port {mem_dq[12]} LOC=G8 VCCIO=1.5 IOSTANDARD=HSTL15_I DRIVE=8 SLEW=SLOW NONE=TRUE successfully
Executing : def_port {mem_dq[13]} LOC=E6 VCCIO=1.5 IOSTANDARD=HSTL15_I DRIVE=8 SLEW=SLOW NONE=TRUE
C: ConstraintEditor-2002: [F:/SocFpga/project/device_map/Hfpga_soc.pcf(line number: 52)] | Port mem_dq[13] has been placed at location E6, whose type is share pin.
Executing : def_port {mem_dq[13]} LOC=E6 VCCIO=1.5 IOSTANDARD=HSTL15_I DRIVE=8 SLEW=SLOW NONE=TRUE successfully
Executing : def_port {mem_dq[14]} LOC=H9 VCCIO=1.5 IOSTANDARD=HSTL15_I DRIVE=8 SLEW=SLOW NONE=TRUE
Executing : def_port {mem_dq[14]} LOC=H9 VCCIO=1.5 IOSTANDARD=HSTL15_I DRIVE=8 SLEW=SLOW NONE=TRUE successfully
Executing : def_port {mem_dq[15]} LOC=G6 VCCIO=1.5 IOSTANDARD=HSTL15_I DRIVE=8 SLEW=SLOW NONE=TRUE
C: ConstraintEditor-2002: [F:/SocFpga/project/device_map/Hfpga_soc.pcf(line number: 54)] | Port mem_dq[15] has been placed at location G6, whose type is share pin.
Executing : def_port {mem_dq[15]} LOC=G6 VCCIO=1.5 IOSTANDARD=HSTL15_I DRIVE=8 SLEW=SLOW NONE=TRUE successfully
Executing : def_port {mem_dq[16]} LOC=C4 VCCIO=1.5 IOSTANDARD=HSTL15_I DRIVE=8 SLEW=SLOW NONE=TRUE
Executing : def_port {mem_dq[16]} LOC=C4 VCCIO=1.5 IOSTANDARD=HSTL15_I DRIVE=8 SLEW=SLOW NONE=TRUE successfully
Executing : def_port {mem_dq[17]} LOC=D4 VCCIO=1.5 IOSTANDARD=HSTL15_I DRIVE=8 SLEW=SLOW NONE=TRUE
Executing : def_port {mem_dq[17]} LOC=D4 VCCIO=1.5 IOSTANDARD=HSTL15_I DRIVE=8 SLEW=SLOW NONE=TRUE successfully
Executing : def_port {mem_dq[18]} LOC=A4 VCCIO=1.5 IOSTANDARD=HSTL15_I DRIVE=8 SLEW=SLOW NONE=TRUE
Executing : def_port {mem_dq[18]} LOC=A4 VCCIO=1.5 IOSTANDARD=HSTL15_I DRIVE=8 SLEW=SLOW NONE=TRUE successfully
Executing : def_port {mem_dq[19]} LOC=E3 VCCIO=1.5 IOSTANDARD=HSTL15_I DRIVE=8 SLEW=SLOW NONE=TRUE
Executing : def_port {mem_dq[19]} LOC=E3 VCCIO=1.5 IOSTANDARD=HSTL15_I DRIVE=8 SLEW=SLOW NONE=TRUE successfully
Executing : def_port {mem_dq[20]} LOC=C3 VCCIO=1.5 IOSTANDARD=HSTL15_I DRIVE=8 SLEW=SLOW NONE=TRUE
Executing : def_port {mem_dq[20]} LOC=C3 VCCIO=1.5 IOSTANDARD=HSTL15_I DRIVE=8 SLEW=SLOW NONE=TRUE successfully
Executing : def_port {mem_dq[21]} LOC=F3 VCCIO=1.5 IOSTANDARD=HSTL15_I DRIVE=8 SLEW=SLOW NONE=TRUE
Executing : def_port {mem_dq[21]} LOC=F3 VCCIO=1.5 IOSTANDARD=HSTL15_I DRIVE=8 SLEW=SLOW NONE=TRUE successfully
Executing : def_port {mem_dq[22]} LOC=B4 VCCIO=1.5 IOSTANDARD=HSTL15_I DRIVE=8 SLEW=SLOW NONE=TRUE
Executing : def_port {mem_dq[22]} LOC=B4 VCCIO=1.5 IOSTANDARD=HSTL15_I DRIVE=8 SLEW=SLOW NONE=TRUE successfully
Executing : def_port {mem_dq[23]} LOC=D3 VCCIO=1.5 IOSTANDARD=HSTL15_I DRIVE=8 SLEW=SLOW NONE=TRUE
Executing : def_port {mem_dq[23]} LOC=D3 VCCIO=1.5 IOSTANDARD=HSTL15_I DRIVE=8 SLEW=SLOW NONE=TRUE successfully
Executing : def_port {mem_dq[24]} LOC=F2 VCCIO=1.5 IOSTANDARD=HSTL15_I DRIVE=8 SLEW=SLOW NONE=TRUE
Executing : def_port {mem_dq[24]} LOC=F2 VCCIO=1.5 IOSTANDARD=HSTL15_I DRIVE=8 SLEW=SLOW NONE=TRUE successfully
Executing : def_port {mem_dq[25]} LOC=D1 VCCIO=1.5 IOSTANDARD=HSTL15_I DRIVE=8 SLEW=SLOW NONE=TRUE
Executing : def_port {mem_dq[25]} LOC=D1 VCCIO=1.5 IOSTANDARD=HSTL15_I DRIVE=8 SLEW=SLOW NONE=TRUE successfully
Executing : def_port {mem_dq[26]} LOC=G1 VCCIO=1.5 IOSTANDARD=HSTL15_I DRIVE=8 SLEW=SLOW NONE=TRUE
Executing : def_port {mem_dq[26]} LOC=G1 VCCIO=1.5 IOSTANDARD=HSTL15_I DRIVE=8 SLEW=SLOW NONE=TRUE successfully
Executing : def_port {mem_dq[27]} LOC=A2 VCCIO=1.5 IOSTANDARD=HSTL15_I DRIVE=8 SLEW=SLOW NONE=TRUE
Executing : def_port {mem_dq[27]} LOC=A2 VCCIO=1.5 IOSTANDARD=HSTL15_I DRIVE=8 SLEW=SLOW NONE=TRUE successfully
Executing : def_port {mem_dq[28]} LOC=E1 VCCIO=1.5 IOSTANDARD=HSTL15_I DRIVE=8 SLEW=SLOW NONE=TRUE
Executing : def_port {mem_dq[28]} LOC=E1 VCCIO=1.5 IOSTANDARD=HSTL15_I DRIVE=8 SLEW=SLOW NONE=TRUE successfully
Executing : def_port {mem_dq[29]} LOC=A3 VCCIO=1.5 IOSTANDARD=HSTL15_I DRIVE=8 SLEW=SLOW NONE=TRUE
Executing : def_port {mem_dq[29]} LOC=A3 VCCIO=1.5 IOSTANDARD=HSTL15_I DRIVE=8 SLEW=SLOW NONE=TRUE successfully
Executing : def_port {mem_dq[30]} LOC=G2 VCCIO=1.5 IOSTANDARD=HSTL15_I DRIVE=8 SLEW=SLOW NONE=TRUE
Executing : def_port {mem_dq[30]} LOC=G2 VCCIO=1.5 IOSTANDARD=HSTL15_I DRIVE=8 SLEW=SLOW NONE=TRUE successfully
Executing : def_port {mem_dq[31]} LOC=C2 VCCIO=1.5 IOSTANDARD=HSTL15_I DRIVE=8 SLEW=SLOW NONE=TRUE
Executing : def_port {mem_dq[31]} LOC=C2 VCCIO=1.5 IOSTANDARD=HSTL15_I DRIVE=8 SLEW=SLOW NONE=TRUE successfully
Executing : def_port {mem_dqs[0]} LOC=J4 VCCIO=1.5 IOSTANDARD=HSTL15D_I DRIVE=8 SLEW=SLOW NONE=TRUE
C: ConstraintEditor-2002: [F:/SocFpga/project/device_map/Hfpga_soc.pcf(line number: 71)] | Port mem_dqs[0] has been placed at location J4, whose type is share pin.
E: ConstraintEditor-0007: [F:/SocFpga/project/device_map/Hfpga_soc.pcf(line number: 71)] IOSTANDARD value HSTL15D_I is illegal, please use other values.
Executing : def_port {mem_dqs[0]} LOC=J4 VCCIO=1.5 IOSTANDARD=HSTL15D_I DRIVE=8 SLEW=SLOW NONE=TRUE failed
Executing : def_port {mem_dqs[1]} LOC=H7 VCCIO=1.5 IOSTANDARD=HSTL15D_I DRIVE=8 SLEW=SLOW NONE=TRUE
C: ConstraintEditor-2002: [F:/SocFpga/project/device_map/Hfpga_soc.pcf(line number: 72)] | Port mem_dqs[1] has been placed at location H7, whose type is share pin.
E: ConstraintEditor-0007: [F:/SocFpga/project/device_map/Hfpga_soc.pcf(line number: 72)] IOSTANDARD value HSTL15D_I is illegal, please use other values.
Executing : def_port {mem_dqs[1]} LOC=H7 VCCIO=1.5 IOSTANDARD=HSTL15D_I DRIVE=8 SLEW=SLOW NONE=TRUE failed
Executing : def_port {mem_dqs[2]} LOC=B5 VCCIO=1.5 IOSTANDARD=HSTL15D_I DRIVE=8 SLEW=SLOW NONE=TRUE
E: ConstraintEditor-0007: [F:/SocFpga/project/device_map/Hfpga_soc.pcf(line number: 73)] IOSTANDARD value HSTL15D_I is illegal, please use other values.
Executing : def_port {mem_dqs[2]} LOC=B5 VCCIO=1.5 IOSTANDARD=HSTL15D_I DRIVE=8 SLEW=SLOW NONE=TRUE failed
Executing : def_port {mem_dqs[3]} LOC=C1 VCCIO=1.5 IOSTANDARD=HSTL15D_I DRIVE=8 SLEW=SLOW NONE=TRUE
E: ConstraintEditor-0007: [F:/SocFpga/project/device_map/Hfpga_soc.pcf(line number: 74)] IOSTANDARD value HSTL15D_I is illegal, please use other values.
Executing : def_port {mem_dqs[3]} LOC=C1 VCCIO=1.5 IOSTANDARD=HSTL15D_I DRIVE=8 SLEW=SLOW NONE=TRUE failed
Executing : def_port {mem_dqs_n[0]} LOC=H4 VCCIO=1.5 IOSTANDARD=HSTL15D_I DRIVE=8 SLEW=SLOW NONE=TRUE
C: ConstraintEditor-2002: [F:/SocFpga/project/device_map/Hfpga_soc.pcf(line number: 75)] | Port mem_dqs_n[0] has been placed at location H4, whose type is share pin.
E: ConstraintEditor-0007: [F:/SocFpga/project/device_map/Hfpga_soc.pcf(line number: 75)] IOSTANDARD value HSTL15D_I is illegal, please use other values.
Executing : def_port {mem_dqs_n[0]} LOC=H4 VCCIO=1.5 IOSTANDARD=HSTL15D_I DRIVE=8 SLEW=SLOW NONE=TRUE failed
Executing : def_port {mem_dqs_n[1]} LOC=G7 VCCIO=1.5 IOSTANDARD=HSTL15D_I DRIVE=8 SLEW=SLOW NONE=TRUE
C: ConstraintEditor-2002: [F:/SocFpga/project/device_map/Hfpga_soc.pcf(line number: 76)] | Port mem_dqs_n[1] has been placed at location G7, whose type is share pin.
E: ConstraintEditor-0007: [F:/SocFpga/project/device_map/Hfpga_soc.pcf(line number: 76)] IOSTANDARD value HSTL15D_I is illegal, please use other values.
Executing : def_port {mem_dqs_n[1]} LOC=G7 VCCIO=1.5 IOSTANDARD=HSTL15D_I DRIVE=8 SLEW=SLOW NONE=TRUE failed
Executing : def_port {mem_dqs_n[2]} LOC=A5 VCCIO=1.5 IOSTANDARD=HSTL15D_I DRIVE=8 SLEW=SLOW NONE=TRUE
E: ConstraintEditor-0007: [F:/SocFpga/project/device_map/Hfpga_soc.pcf(line number: 77)] IOSTANDARD value HSTL15D_I is illegal, please use other values.
Executing : def_port {mem_dqs_n[2]} LOC=A5 VCCIO=1.5 IOSTANDARD=HSTL15D_I DRIVE=8 SLEW=SLOW NONE=TRUE failed
Executing : def_port {mem_dqs_n[3]} LOC=B1 VCCIO=1.5 IOSTANDARD=HSTL15D_I DRIVE=8 SLEW=SLOW NONE=TRUE
E: ConstraintEditor-0007: [F:/SocFpga/project/device_map/Hfpga_soc.pcf(line number: 78)] IOSTANDARD value HSTL15D_I is illegal, please use other values.
Executing : def_port {mem_dqs_n[3]} LOC=B1 VCCIO=1.5 IOSTANDARD=HSTL15D_I DRIVE=8 SLEW=SLOW NONE=TRUE failed
Executing : def_port {JTAG_TDO} LOC=T24 VCCIO=3.3 IOSTANDARD=LVCMOS33 SLEW=FAST
C: ConstraintEditor-2009: JTAG_TDO is lack of DRIVE, OUTPUT or INOUT PORT had better set DRIVE, the optional value is {8, 4, 12, 16}.
Executing : def_port {JTAG_TDO} LOC=T24 VCCIO=3.3 IOSTANDARD=LVCMOS33 SLEW=FAST successfully
Executing : def_port {cam1_reset_n} LOC=T20 VCCIO=3.3 IOSTANDARD=LVCMOS33 DRIVE=4
C: ConstraintEditor-2009: cam1_reset_n is lack of SLEW, OUTPUT or INOUT PORT had better set SLEW, the optional value is {SLOW, FAST}.
Executing : def_port {cam1_reset_n} LOC=T20 VCCIO=3.3 IOSTANDARD=LVCMOS33 DRIVE=4 successfully
Executing : def_port {cam2_reset_n} LOC=Y20 VCCIO=3.3 IOSTANDARD=LVCMOS33 DRIVE=4
C: ConstraintEditor-2009: cam2_reset_n is lack of SLEW, OUTPUT or INOUT PORT had better set SLEW, the optional value is {SLOW, FAST}.
Executing : def_port {cam2_reset_n} LOC=Y20 VCCIO=3.3 IOSTANDARD=LVCMOS33 DRIVE=4 successfully
Executing : def_port {core_active} LOC=A20 VCCIO=3.3 IOSTANDARD=LVCMOS33
C: ConstraintEditor-2009: core_active is lack of SLEW, OUTPUT or INOUT PORT had better set SLEW, the optional value is {SLOW, FAST}.
C: ConstraintEditor-2009: core_active is lack of DRIVE, OUTPUT or INOUT PORT had better set DRIVE, the optional value is {8, 4, 12, 16}.
Executing : def_port {core_active} LOC=A20 VCCIO=3.3 IOSTANDARD=LVCMOS33 successfully
Executing : def_port {flash_cs2_n} LOC=F25 VCCIO=3.3 IOSTANDARD=LVCMOS33
C: ConstraintEditor-2009: flash_cs2_n is lack of SLEW, OUTPUT or INOUT PORT had better set SLEW, the optional value is {SLOW, FAST}.
C: ConstraintEditor-2009: flash_cs2_n is lack of DRIVE, OUTPUT or INOUT PORT had better set DRIVE, the optional value is {8, 4, 12, 16}.
C: ConstraintEditor-2002: [F:/SocFpga/project/device_map/Hfpga_soc.pcf(line number: 83)] | Port flash_cs2_n has been placed at location F25, whose type is share pin.
Executing : def_port {flash_cs2_n} LOC=F25 VCCIO=3.3 IOSTANDARD=LVCMOS33 successfully
Executing : def_port {flash_cs_n} LOC=P18 VCCIO=3.3 IOSTANDARD=LVCMOS33
C: ConstraintEditor-2009: flash_cs_n is lack of SLEW, OUTPUT or INOUT PORT had better set SLEW, the optional value is {SLOW, FAST}.
C: ConstraintEditor-2009: flash_cs_n is lack of DRIVE, OUTPUT or INOUT PORT had better set DRIVE, the optional value is {8, 4, 12, 16}.
C: ConstraintEditor-2002: [F:/SocFpga/project/device_map/Hfpga_soc.pcf(line number: 84)] | Port flash_cs_n has been placed at location P18, whose type is share pin.
Executing : def_port {flash_cs_n} LOC=P18 VCCIO=3.3 IOSTANDARD=LVCMOS33 successfully
Executing : def_port {flash_hold_n} LOC=N14 VCCIO=3.3 IOSTANDARD=LVCMOS33
C: ConstraintEditor-2009: flash_hold_n is lack of SLEW, OUTPUT or INOUT PORT had better set SLEW, the optional value is {SLOW, FAST}.
C: ConstraintEditor-2009: flash_hold_n is lack of DRIVE, OUTPUT or INOUT PORT had better set DRIVE, the optional value is {8, 4, 12, 16}.
C: ConstraintEditor-2002: [F:/SocFpga/project/device_map/Hfpga_soc.pcf(line number: 85)] | Port flash_hold_n has been placed at location N14, whose type is share pin.
Executing : def_port {flash_hold_n} LOC=N14 VCCIO=3.3 IOSTANDARD=LVCMOS33 successfully
Executing : def_port {flash_mosi} LOC=R14 VCCIO=3.3 IOSTANDARD=LVCMOS33
C: ConstraintEditor-2009: flash_mosi is lack of SLEW, OUTPUT or INOUT PORT had better set SLEW, the optional value is {SLOW, FAST}.
C: ConstraintEditor-2009: flash_mosi is lack of DRIVE, OUTPUT or INOUT PORT had better set DRIVE, the optional value is {8, 4, 12, 16}.
C: ConstraintEditor-2002: [F:/SocFpga/project/device_map/Hfpga_soc.pcf(line number: 86)] | Port flash_mosi has been placed at location R14, whose type is share pin.
Executing : def_port {flash_mosi} LOC=R14 VCCIO=3.3 IOSTANDARD=LVCMOS33 successfully
Executing : def_port {flash_wp_n} LOC=P14 VCCIO=3.3 IOSTANDARD=LVCMOS33
C: ConstraintEditor-2009: flash_wp_n is lack of SLEW, OUTPUT or INOUT PORT had better set SLEW, the optional value is {SLOW, FAST}.
C: ConstraintEditor-2009: flash_wp_n is lack of DRIVE, OUTPUT or INOUT PORT had better set DRIVE, the optional value is {8, 4, 12, 16}.
C: ConstraintEditor-2002: [F:/SocFpga/project/device_map/Hfpga_soc.pcf(line number: 87)] | Port flash_wp_n has been placed at location P14, whose type is share pin.
Executing : def_port {flash_wp_n} LOC=P14 VCCIO=3.3 IOSTANDARD=LVCMOS33 successfully
Executing : def_port {mem_a[0]} LOC=J1 VCCIO=1.5 IOSTANDARD=HSTL15_I DRIVE=8 SLEW=SLOW NONE=TRUE
Executing : def_port {mem_a[0]} LOC=J1 VCCIO=1.5 IOSTANDARD=HSTL15_I DRIVE=8 SLEW=SLOW NONE=TRUE successfully
Executing : def_port {mem_a[1]} LOC=L3 VCCIO=1.5 IOSTANDARD=HSTL15_I DRIVE=8 SLEW=SLOW NONE=TRUE
Executing : def_port {mem_a[1]} LOC=L3 VCCIO=1.5 IOSTANDARD=HSTL15_I DRIVE=8 SLEW=SLOW NONE=TRUE successfully
Executing : def_port {mem_a[2]} LOC=L2 VCCIO=1.5 IOSTANDARD=HSTL15_I DRIVE=8 SLEW=SLOW NONE=TRUE
Executing : def_port {mem_a[2]} LOC=L2 VCCIO=1.5 IOSTANDARD=HSTL15_I DRIVE=8 SLEW=SLOW NONE=TRUE successfully
Executing : def_port {mem_a[3]} LOC=P3 VCCIO=1.5 IOSTANDARD=HSTL15_I DRIVE=8 SLEW=SLOW NONE=TRUE
Executing : def_port {mem_a[3]} LOC=P3 VCCIO=1.5 IOSTANDARD=HSTL15_I DRIVE=8 SLEW=SLOW NONE=TRUE successfully
Executing : def_port {mem_a[4]} LOC=T2 VCCIO=1.5 IOSTANDARD=HSTL15_I DRIVE=8 SLEW=SLOW NONE=TRUE
Executing : def_port {mem_a[4]} LOC=T2 VCCIO=1.5 IOSTANDARD=HSTL15_I DRIVE=8 SLEW=SLOW NONE=TRUE successfully
Executing : def_port {mem_a[5]} LOC=M1 VCCIO=1.5 IOSTANDARD=HSTL15_I DRIVE=8 SLEW=SLOW NONE=TRUE
Executing : def_port {mem_a[5]} LOC=M1 VCCIO=1.5 IOSTANDARD=HSTL15_I DRIVE=8 SLEW=SLOW NONE=TRUE successfully
Executing : def_port {mem_a[6]} LOC=U1 VCCIO=1.5 IOSTANDARD=HSTL15_I DRIVE=8 SLEW=SLOW NONE=TRUE
Executing : def_port {mem_a[6]} LOC=U1 VCCIO=1.5 IOSTANDARD=HSTL15_I DRIVE=8 SLEW=SLOW NONE=TRUE successfully
Executing : def_port {mem_a[7]} LOC=K1 VCCIO=1.5 IOSTANDARD=HSTL15_I DRIVE=8 SLEW=SLOW NONE=TRUE
Executing : def_port {mem_a[7]} LOC=K1 VCCIO=1.5 IOSTANDARD=HSTL15_I DRIVE=8 SLEW=SLOW NONE=TRUE successfully
Executing : def_port {mem_a[8]} LOC=U2 VCCIO=1.5 IOSTANDARD=HSTL15_I DRIVE=8 SLEW=SLOW NONE=TRUE
Executing : def_port {mem_a[8]} LOC=U2 VCCIO=1.5 IOSTANDARD=HSTL15_I DRIVE=8 SLEW=SLOW NONE=TRUE successfully
Executing : def_port {mem_a[9]} LOC=K2 VCCIO=1.5 IOSTANDARD=HSTL15_I DRIVE=8 SLEW=SLOW NONE=TRUE
Executing : def_port {mem_a[9]} LOC=K2 VCCIO=1.5 IOSTANDARD=HSTL15_I DRIVE=8 SLEW=SLOW NONE=TRUE successfully
Executing : def_port {mem_a[10]} LOC=T3 VCCIO=1.5 IOSTANDARD=HSTL15_I DRIVE=8 SLEW=SLOW NONE=TRUE
Executing : def_port {mem_a[10]} LOC=T3 VCCIO=1.5 IOSTANDARD=HSTL15_I DRIVE=8 SLEW=SLOW NONE=TRUE successfully
Executing : def_port {mem_a[11]} LOC=P1 VCCIO=1.5 IOSTANDARD=HSTL15_I DRIVE=8 SLEW=SLOW NONE=TRUE
Executing : def_port {mem_a[11]} LOC=P1 VCCIO=1.5 IOSTANDARD=HSTL15_I DRIVE=8 SLEW=SLOW NONE=TRUE successfully
Executing : def_port {mem_a[12]} LOC=T4 VCCIO=1.5 IOSTANDARD=HSTL15_I DRIVE=8 SLEW=SLOW NONE=TRUE
Executing : def_port {mem_a[12]} LOC=T4 VCCIO=1.5 IOSTANDARD=HSTL15_I DRIVE=8 SLEW=SLOW NONE=TRUE successfully
Executing : def_port {mem_a[13]} LOC=M2 VCCIO=1.5 IOSTANDARD=HSTL15_I DRIVE=8 SLEW=SLOW NONE=TRUE
Executing : def_port {mem_a[13]} LOC=M2 VCCIO=1.5 IOSTANDARD=HSTL15_I DRIVE=8 SLEW=SLOW NONE=TRUE successfully
Executing : def_port {mem_a[14]} LOC=N1 VCCIO=1.5 IOSTANDARD=HSTL15_I DRIVE=8 SLEW=SLOW NONE=TRUE
Executing : def_port {mem_a[14]} LOC=N1 VCCIO=1.5 IOSTANDARD=HSTL15_I DRIVE=8 SLEW=SLOW NONE=TRUE successfully
Executing : def_port {mem_ba[0]} LOC=P4 VCCIO=1.5 IOSTANDARD=HSTL15_I DRIVE=8 SLEW=SLOW NONE=TRUE
Executing : def_port {mem_ba[0]} LOC=P4 VCCIO=1.5 IOSTANDARD=HSTL15_I DRIVE=8 SLEW=SLOW NONE=TRUE successfully
Executing : def_port {mem_ba[1]} LOC=R2 VCCIO=1.5 IOSTANDARD=HSTL15_I DRIVE=8 SLEW=SLOW NONE=TRUE
Executing : def_port {mem_ba[1]} LOC=R2 VCCIO=1.5 IOSTANDARD=HSTL15_I DRIVE=8 SLEW=SLOW NONE=TRUE successfully
Executing : def_port {mem_ba[2]} LOC=T5 VCCIO=1.5 IOSTANDARD=HSTL15_I DRIVE=8 SLEW=SLOW NONE=TRUE
Executing : def_port {mem_ba[2]} LOC=T5 VCCIO=1.5 IOSTANDARD=HSTL15_I DRIVE=8 SLEW=SLOW NONE=TRUE successfully
Executing : def_port {mem_cas_n} LOC=T7 VCCIO=1.5 IOSTANDARD=HSTL15_I DRIVE=8 SLEW=SLOW NONE=TRUE
Executing : def_port {mem_cas_n} LOC=T7 VCCIO=1.5 IOSTANDARD=HSTL15_I DRIVE=8 SLEW=SLOW NONE=TRUE successfully
Executing : def_port {mem_ck} LOC=U6 VCCIO=1.5 IOSTANDARD=HSTL15D_I DRIVE=8 SLEW=SLOW NONE=TRUE
E: ConstraintEditor-0007: [F:/SocFpga/project/device_map/Hfpga_soc.pcf(line number: 107)] IOSTANDARD value HSTL15D_I is illegal, please use other values.
Executing : def_port {mem_ck} LOC=U6 VCCIO=1.5 IOSTANDARD=HSTL15D_I DRIVE=8 SLEW=SLOW NONE=TRUE failed
Executing : def_port {mem_ck_n} LOC=U5 VCCIO=1.5 IOSTANDARD=HSTL15D_I DRIVE=8 SLEW=SLOW NONE=TRUE
E: ConstraintEditor-0007: [F:/SocFpga/project/device_map/Hfpga_soc.pcf(line number: 108)] IOSTANDARD value HSTL15D_I is illegal, please use other values.
Executing : def_port {mem_ck_n} LOC=U5 VCCIO=1.5 IOSTANDARD=HSTL15D_I DRIVE=8 SLEW=SLOW NONE=TRUE failed
Executing : def_port {mem_cke} LOC=R1 VCCIO=1.5 IOSTANDARD=HSTL15_I DRIVE=8 SLEW=SLOW NONE=TRUE
Executing : def_port {mem_cke} LOC=R1 VCCIO=1.5 IOSTANDARD=HSTL15_I DRIVE=8 SLEW=SLOW NONE=TRUE successfully
Executing : def_port {mem_cs_n} LOC=N4 VCCIO=1.5 IOSTANDARD=HSTL15_I DRIVE=8 SLEW=SLOW NONE=TRUE
Executing : def_port {mem_cs_n} LOC=N4 VCCIO=1.5 IOSTANDARD=HSTL15_I DRIVE=8 SLEW=SLOW NONE=TRUE successfully
Executing : def_port {mem_dm[0]} LOC=K6 VCCIO=1.5 IOSTANDARD=HSTL15_I DRIVE=8 SLEW=SLOW NONE=TRUE
C: ConstraintEditor-2002: [F:/SocFpga/project/device_map/Hfpga_soc.pcf(line number: 111)] | Port mem_dm[0] has been placed at location K6, whose type is share pin.
Executing : def_port {mem_dm[0]} LOC=K6 VCCIO=1.5 IOSTANDARD=HSTL15_I DRIVE=8 SLEW=SLOW NONE=TRUE successfully
Executing : def_port {mem_dm[1]} LOC=F7 VCCIO=1.5 IOSTANDARD=HSTL15_I DRIVE=8 SLEW=SLOW NONE=TRUE
Executing : def_port {mem_dm[1]} LOC=F7 VCCIO=1.5 IOSTANDARD=HSTL15_I DRIVE=8 SLEW=SLOW NONE=TRUE successfully
Executing : def_port {mem_dm[2]} LOC=D5 VCCIO=1.5 IOSTANDARD=HSTL15_I DRIVE=8 SLEW=SLOW NONE=TRUE
Executing : def_port {mem_dm[2]} LOC=D5 VCCIO=1.5 IOSTANDARD=HSTL15_I DRIVE=8 SLEW=SLOW NONE=TRUE successfully
Executing : def_port {mem_dm[3]} LOC=E2 VCCIO=1.5 IOSTANDARD=HSTL15_I DRIVE=8 SLEW=SLOW NONE=TRUE
Executing : def_port {mem_dm[3]} LOC=E2 VCCIO=1.5 IOSTANDARD=HSTL15_I DRIVE=8 SLEW=SLOW NONE=TRUE successfully
Executing : def_port {mem_odt} LOC=H2 VCCIO=1.5 IOSTANDARD=HSTL15_I DRIVE=8 SLEW=SLOW NONE=TRUE
Executing : def_port {mem_odt} LOC=H2 VCCIO=1.5 IOSTANDARD=HSTL15_I DRIVE=8 SLEW=SLOW NONE=TRUE successfully
Executing : def_port {mem_ras_n} LOC=P6 VCCIO=1.5 IOSTANDARD=HSTL15_I DRIVE=8 SLEW=SLOW NONE=TRUE
Executing : def_port {mem_ras_n} LOC=P6 VCCIO=1.5 IOSTANDARD=HSTL15_I DRIVE=8 SLEW=SLOW NONE=TRUE successfully
Executing : def_port {mem_rst_n} LOC=H1 VCCIO=1.5 IOSTANDARD=HSTL15_I DRIVE=8 SLEW=SLOW NONE=TRUE
Executing : def_port {mem_rst_n} LOC=H1 VCCIO=1.5 IOSTANDARD=HSTL15_I DRIVE=8 SLEW=SLOW NONE=TRUE successfully
Executing : def_port {mem_we_n} LOC=T8 VCCIO=1.5 IOSTANDARD=HSTL15_I DRIVE=8 SLEW=SLOW NONE=TRUE
Executing : def_port {mem_we_n} LOC=T8 VCCIO=1.5 IOSTANDARD=HSTL15_I DRIVE=8 SLEW=SLOW NONE=TRUE successfully
Executing : def_port {JTAG_TCK} LOC=M24 VCCIO=3.3 IOSTANDARD=LVCMOS33 NONE=TRUE
C: ConstraintEditor-2002: [F:/SocFpga/project/device_map/Hfpga_soc.pcf(line number: 119)] | Port JTAG_TCK has been placed at location M24, whose type is share pin.
Executing : def_port {JTAG_TCK} LOC=M24 VCCIO=3.3 IOSTANDARD=LVCMOS33 NONE=TRUE successfully
Executing : def_port {JTAG_TDI} LOC=R20 VCCIO=3.3 IOSTANDARD=LVCMOS33 NONE=TRUE
C: ConstraintEditor-2002: [F:/SocFpga/project/device_map/Hfpga_soc.pcf(line number: 120)] | Port JTAG_TDI has been placed at location R20, whose type is share pin.
Executing : def_port {JTAG_TDI} LOC=R20 VCCIO=3.3 IOSTANDARD=LVCMOS33 NONE=TRUE successfully
Executing : def_port {JTAG_TMS} LOC=P19 VCCIO=3.3 IOSTANDARD=LVCMOS33 NONE=TRUE
C: ConstraintEditor-2002: [F:/SocFpga/project/device_map/Hfpga_soc.pcf(line number: 121)] | Port JTAG_TMS has been placed at location P19, whose type is share pin.
Executing : def_port {JTAG_TMS} LOC=P19 VCCIO=3.3 IOSTANDARD=LVCMOS33 NONE=TRUE successfully
Executing : def_port {cam1_data[0]} LOC=T14 VCCIO=3.3 IOSTANDARD=LVCMOS33
C: ConstraintEditor-2001: [F:/SocFpga/project/device_map/Hfpga_soc.pcf(line number: 122)] Object 'cam1_data[0]' is dangling, which has no connection. it will be ignored.
Executing : def_port {cam1_data[0]} LOC=T14 VCCIO=3.3 IOSTANDARD=LVCMOS33 failed
Executing : def_port {cam1_data[1]} LOC=U20 VCCIO=3.3 IOSTANDARD=LVCMOS33
C: ConstraintEditor-2001: [F:/SocFpga/project/device_map/Hfpga_soc.pcf(line number: 123)] Object 'cam1_data[1]' is dangling, which has no connection. it will be ignored.
Executing : def_port {cam1_data[1]} LOC=U20 VCCIO=3.3 IOSTANDARD=LVCMOS33 failed
Executing : def_port {cam1_data[2]} LOC=Y26 VCCIO=3.3 IOSTANDARD=LVCMOS33
C: ConstraintEditor-2001: [F:/SocFpga/project/device_map/Hfpga_soc.pcf(line number: 124)] Object 'cam1_data[2]' is dangling, which has no connection. it will be ignored.
Executing : def_port {cam1_data[2]} LOC=Y26 VCCIO=3.3 IOSTANDARD=LVCMOS33 failed
Executing : def_port {cam1_data[3]} LOC=W25 VCCIO=3.3 IOSTANDARD=LVCMOS33
C: ConstraintEditor-2001: [F:/SocFpga/project/device_map/Hfpga_soc.pcf(line number: 125)] Object 'cam1_data[3]' is dangling, which has no connection. it will be ignored.
Executing : def_port {cam1_data[3]} LOC=W25 VCCIO=3.3 IOSTANDARD=LVCMOS33 failed
Executing : def_port {cam1_data[4]} LOC=T15 VCCIO=3.3 IOSTANDARD=LVCMOS33
C: ConstraintEditor-2001: [F:/SocFpga/project/device_map/Hfpga_soc.pcf(line number: 126)] Object 'cam1_data[4]' is dangling, which has no connection. it will be ignored.
Executing : def_port {cam1_data[4]} LOC=T15 VCCIO=3.3 IOSTANDARD=LVCMOS33 failed
Executing : def_port {cam1_data[5]} LOC=Y21 VCCIO=3.3 IOSTANDARD=LVCMOS33
C: ConstraintEditor-2001: [F:/SocFpga/project/device_map/Hfpga_soc.pcf(line number: 127)] Object 'cam1_data[5]' is dangling, which has no connection. it will be ignored.
Executing : def_port {cam1_data[5]} LOC=Y21 VCCIO=3.3 IOSTANDARD=LVCMOS33 failed
Executing : def_port {cam1_data[6]} LOC=V18 VCCIO=3.3 IOSTANDARD=LVCMOS33
C: ConstraintEditor-2001: [F:/SocFpga/project/device_map/Hfpga_soc.pcf(line number: 128)] Object 'cam1_data[6]' is dangling, which has no connection. it will be ignored.
Executing : def_port {cam1_data[6]} LOC=V18 VCCIO=3.3 IOSTANDARD=LVCMOS33 failed
Executing : def_port {cam1_data[7]} LOC=V14 VCCIO=3.3 IOSTANDARD=LVCMOS33
C: ConstraintEditor-2001: [F:/SocFpga/project/device_map/Hfpga_soc.pcf(line number: 129)] Object 'cam1_data[7]' is dangling, which has no connection. it will be ignored.
Executing : def_port {cam1_data[7]} LOC=V14 VCCIO=3.3 IOSTANDARD=LVCMOS33 failed
Executing : def_port {cam1_href} LOC=W18 VCCIO=3.3 IOSTANDARD=LVCMOS33
C: ConstraintEditor-2001: [F:/SocFpga/project/device_map/Hfpga_soc.pcf(line number: 130)] Object 'cam1_href' is dangling, which has no connection. it will be ignored.
Executing : def_port {cam1_href} LOC=W18 VCCIO=3.3 IOSTANDARD=LVCMOS33 failed
Executing : def_port {cam1_pclk} LOC=Y22 VCCIO=3.3 IOSTANDARD=LVCMOS33
C: ConstraintEditor-2001: [F:/SocFpga/project/device_map/Hfpga_soc.pcf(line number: 131)] Object 'cam1_pclk' is dangling, which has no connection. it will be ignored.
Executing : def_port {cam1_pclk} LOC=Y22 VCCIO=3.3 IOSTANDARD=LVCMOS33 failed
Executing : def_port {cam1_vsync} LOC=Y23 VCCIO=3.3 IOSTANDARD=LVCMOS33
C: ConstraintEditor-2001: [F:/SocFpga/project/device_map/Hfpga_soc.pcf(line number: 132)] Object 'cam1_vsync' is dangling, which has no connection. it will be ignored.
Executing : def_port {cam1_vsync} LOC=Y23 VCCIO=3.3 IOSTANDARD=LVCMOS33 failed
Executing : def_port {cam2_data0} LOC=V21 VCCIO=3.3 IOSTANDARD=LVCMOS33
C: ConstraintEditor-2001: [F:/SocFpga/project/device_map/Hfpga_soc.pcf(line number: 133)] Object 'cam2_data0' is dangling, which has no connection. it will be ignored.
Executing : def_port {cam2_data0} LOC=V21 VCCIO=3.3 IOSTANDARD=LVCMOS33 failed
Executing : def_port {cam2_data3} LOC=V19 VCCIO=3.3 IOSTANDARD=LVCMOS33
C: ConstraintEditor-2001: [F:/SocFpga/project/device_map/Hfpga_soc.pcf(line number: 134)] Object 'cam2_data3' is dangling, which has no connection. it will be ignored.
Executing : def_port {cam2_data3} LOC=V19 VCCIO=3.3 IOSTANDARD=LVCMOS33 failed
Executing : def_port {cam2_data_hi[0]} LOC=AA23 VCCIO=3.3 IOSTANDARD=LVCMOS33
C: ConstraintEditor-2001: [F:/SocFpga/project/device_map/Hfpga_soc.pcf(line number: 135)] Object 'cam2_data_hi[0]' is dangling, which has no connection. it will be ignored.
Executing : def_port {cam2_data_hi[0]} LOC=AA23 VCCIO=3.3 IOSTANDARD=LVCMOS33 failed
Executing : def_port {cam2_data_hi[1]} LOC=T17 VCCIO=3.3 IOSTANDARD=LVCMOS33
C: ConstraintEditor-2001: [F:/SocFpga/project/device_map/Hfpga_soc.pcf(line number: 136)] Object 'cam2_data_hi[1]' is dangling, which has no connection. it will be ignored.
Executing : def_port {cam2_data_hi[1]} LOC=T17 VCCIO=3.3 IOSTANDARD=LVCMOS33 failed
Executing : def_port {cam2_data_hi[2]} LOC=T18 VCCIO=3.3 IOSTANDARD=LVCMOS33
C: ConstraintEditor-2001: [F:/SocFpga/project/device_map/Hfpga_soc.pcf(line number: 137)] Object 'cam2_data_hi[2]' is dangling, which has no connection. it will be ignored.
Executing : def_port {cam2_data_hi[2]} LOC=T18 VCCIO=3.3 IOSTANDARD=LVCMOS33 failed
Executing : def_port {cam2_href} LOC=W23 VCCIO=3.3 IOSTANDARD=LVCMOS33
C: ConstraintEditor-2001: [F:/SocFpga/project/device_map/Hfpga_soc.pcf(line number: 138)] Object 'cam2_href' is dangling, which has no connection. it will be ignored.
Executing : def_port {cam2_href} LOC=W23 VCCIO=3.3 IOSTANDARD=LVCMOS33 failed
Executing : def_port {cam2_pclk} LOC=U21 VCCIO=3.3 IOSTANDARD=LVCMOS33
C: ConstraintEditor-2001: [F:/SocFpga/project/device_map/Hfpga_soc.pcf(line number: 139)] Object 'cam2_pclk' is dangling, which has no connection. it will be ignored.
Executing : def_port {cam2_pclk} LOC=U21 VCCIO=3.3 IOSTANDARD=LVCMOS33 failed
Executing : def_port {cam2_vsync} LOC=V23 VCCIO=3.3 IOSTANDARD=LVCMOS33
C: ConstraintEditor-2001: [F:/SocFpga/project/device_map/Hfpga_soc.pcf(line number: 140)] Object 'cam2_vsync' is dangling, which has no connection. it will be ignored.
Executing : def_port {cam2_vsync} LOC=V23 VCCIO=3.3 IOSTANDARD=LVCMOS33 failed
Executing : def_port {clk} LOC=D18 VCCIO=3.3 IOSTANDARD=LVCMOS33
Executing : def_port {clk} LOC=D18 VCCIO=3.3 IOSTANDARD=LVCMOS33 successfully
Executing : def_port {clk_n} LOC=N2 VCCIO=1.5 IOSTANDARD=HSTL15D_I NONE=TRUE
C: ConstraintEditor-2001: [F:/SocFpga/project/device_map/Hfpga_soc.pcf(line number: 142)] Object 'clk_n' is dangling, which has no connection. it will be ignored.
Executing : def_port {clk_n} LOC=N2 VCCIO=1.5 IOSTANDARD=HSTL15D_I NONE=TRUE failed
Executing : def_port {clk_p} LOC=N3 VCCIO=1.5 IOSTANDARD=HSTL15D_I NONE=TRUE
C: ConstraintEditor-2001: [F:/SocFpga/project/device_map/Hfpga_soc.pcf(line number: 143)] Object 'clk_p' is dangling, which has no connection. it will be ignored.
Executing : def_port {clk_p} LOC=N3 VCCIO=1.5 IOSTANDARD=HSTL15D_I NONE=TRUE failed
Executing : def_port {flash_miso} LOC=R15 VCCIO=3.3 IOSTANDARD=LVCMOS33
C: ConstraintEditor-2002: [F:/SocFpga/project/device_map/Hfpga_soc.pcf(line number: 144)] | Port flash_miso has been placed at location R15, whose type is share pin.
Executing : def_port {flash_miso} LOC=R15 VCCIO=3.3 IOSTANDARD=LVCMOS33 successfully
Executing : def_port {hard_rst_n} LOC=C22 VCCIO=3.3 IOSTANDARD=LVCMOS33
Executing : def_port {hard_rst_n} LOC=C22 VCCIO=3.3 IOSTANDARD=LVCMOS33 successfully
Constraint check end.
Action pnr: Real time elapsed is 0h:0m:13s
Action pnr: CPU time elapsed is 0h:0m:7s
Action pnr: Process CPU time elapsed is 0h:0m:7s
Current time: Tue Oct  6 17:56:42 2026
Action pnr: Peak memory pool usage is 767 MB
