#Build: Fabric Compiler 2022.2-SP6.4, Build 146967, Jan 31 01:39 2024
#Install: F:\PDS_2022.2-SP6.4\bin
#Application name: pds_shell.exe
#OS: Windows 10 10.0.22621
#Hostname: ZHAO-Zhenxiang
Generated by Fabric Compiler (version 2022.2-SP6.4 build 146967) at Tue Oct  6 18:14:02 2026
Compiling verification operator library.
Compiling common defs.
Compiling prim grid devices.
Compiling gate devices.
Compiling gate operators.
Building architecture model.
Loading device packaging model.
pnr strategy configuration : 
strategy name : 0
Building architecture floorplan logic view.
Constraint check start.
Executing : def_port {cam1_scl} LOC=W21 VCCIO=3.3 IOSTANDARD=LVCMOS33 DRIVE=4
C: ConstraintEditor-2009: cam1_scl is lack of SLEW, OUTPUT or INOUT PORT had better set SLEW, the optional value is {SLOW, FAST}.
Executing : def_port {cam1_scl} LOC=W21 VCCIO=3.3 IOSTANDARD=LVCMOS33 DRIVE=4 successfully
Executing : def_port {cam1_sda} LOC=U14 VCCIO=3.3 IOSTANDARD=LVCMOS33 DRIVE=4
C: ConstraintEditor-2009: cam1_sda is lack of SLEW, OUTPUT or INOUT PORT had better set SLEW, the optional value is {SLOW, FAST}.
Executing : def_port {cam1_sda} LOC=U14 VCCIO=3.3 IOSTANDARD=LVCMOS33 DRIVE=4 successfully
Executing : def_port {cam2_scl} LOC=W19 VCCIO=3.3 IOSTANDARD=LVCMOS33 DRIVE=4
C: ConstraintEditor-2009: cam2_scl is lack of SLEW, OUTPUT or INOUT PORT had better set SLEW, the optional value is {SLOW, FAST}.
Executing : def_port {cam2_scl} LOC=W19 VCCIO=3.3 IOSTANDARD=LVCMOS33 DRIVE=4 successfully
Executing : def_port {cam2_sda} LOC=V16 VCCIO=3.3 IOSTANDARD=LVCMOS33 DRIVE=4
C: ConstraintEditor-2009: cam2_sda is lack of SLEW, OUTPUT or INOUT PORT had better set SLEW, the optional value is {SLOW, FAST}.
Executing : def_port {cam2_sda} LOC=V16 VCCIO=3.3 IOSTANDARD=LVCMOS33 DRIVE=4 successfully
Executing : def_port {fpioa[0]} LOC=C24 VCCIO=3.3 IOSTANDARD=LVCMOS33
C: ConstraintEditor-2009: fpioa[0] is lack of SLEW, OUTPUT or INOUT PORT had better set SLEW, the optional value is {SLOW, FAST}.
C: ConstraintEditor-2009: fpioa[0] is lack of DRIVE, OUTPUT or INOUT PORT had better set DRIVE, the optional value is {8, 4, 12, 16}.
Executing : def_port {fpioa[0]} LOC=C24 VCCIO=3.3 IOSTANDARD=LVCMOS33 successfully
Executing : def_port {fpioa[1]} LOC=B24 VCCIO=3.3 IOSTANDARD=LVCMOS33
C: ConstraintEditor-2009: fpioa[1] is lack of SLEW, OUTPUT or INOUT PORT had better set SLEW, the optional value is {SLOW, FAST}.
C: ConstraintEditor-2009: fpioa[1] is lack of DRIVE, OUTPUT or INOUT PORT had better set DRIVE, the optional value is {8, 4, 12, 16}.
Executing : def_port {fpioa[1]} LOC=B24 VCCIO=3.3 IOSTANDARD=LVCMOS33 successfully
Executing : def_port {fpioa[2]} LOC=T22 VCCIO=3.3 IOSTANDARD=LVCMOS33
C: ConstraintEditor-2009: fpioa[2] is lack of SLEW, OUTPUT or INOUT PORT had better set SLEW, the optional value is {SLOW, FAST}.
C: ConstraintEditor-2009: fpioa[2] is lack of DRIVE, OUTPUT or INOUT PORT had better set DRIVE, the optional value is {8, 4, 12, 16}.
C: ConstraintEditor-2002: [F:/SocFpga/project/device_map/Hfpga_soc.pcf(line number: 9)] | Port fpioa[2] has been placed at location T22, whose type is share pin.
Executing : def_port {fpioa[2]} LOC=T22 VCCIO=3.3 IOSTANDARD=LVCMOS33 successfully
Executing : def_port {fpioa[3]} LOC=K25 VCCIO=3.3 IOSTANDARD=LVCMOS33
C: ConstraintEditor-2009: fpioa[3] is lack of SLEW, OUTPUT or INOUT PORT had better set SLEW, the optional value is {SLOW, FAST}.
C: ConstraintEditor-2009: fpioa[3] is lack of DRIVE, OUTPUT or INOUT PORT had better set DRIVE, the optional value is {8, 4, 12, 16}.
C: ConstraintEditor-2002: [F:/SocFpga/project/device_map/Hfpga_soc.pcf(line number: 10)] | Port fpioa[3] has been placed at location K25, whose type is share pin.
Executing : def_port {fpioa[3]} LOC=K25 VCCIO=3.3 IOSTANDARD=LVCMOS33 successfully
Executing : def_port {fpioa[4]} LOC=L22 VCCIO=3.3 IOSTANDARD=LVCMOS33
C: ConstraintEditor-2009: fpioa[4] is lack of SLEW, OUTPUT or INOUT PORT had better set SLEW, the optional value is {SLOW, FAST}.
C: ConstraintEditor-2009: fpioa[4] is lack of DRIVE, OUTPUT or INOUT PORT had better set DRIVE, the optional value is {8, 4, 12, 16}.
Executing : def_port {fpioa[4]} LOC=L22 VCCIO=3.3 IOSTANDARD=LVCMOS33 successfully
Executing : def_port {fpioa[5]} LOC=Y25 VCCIO=3.3 IOSTANDARD=LVCMOS33
C: ConstraintEditor-2009: fpioa[5] is lack of SLEW, OUTPUT or INOUT PORT had better set SLEW, the optional value is {SLOW, FAST}.
C: ConstraintEditor-2009: fpioa[5] is lack of DRIVE, OUTPUT or INOUT PORT had better set DRIVE, the optional value is {8, 4, 12, 16}.
Executing : def_port {fpioa[5]} LOC=Y25 VCCIO=3.3 IOSTANDARD=LVCMOS33 successfully
Executing : def_port {fpioa[6]} LOC=AA24 VCCIO=3.3 IOSTANDARD=LVCMOS33
C: ConstraintEditor-2009: fpioa[6] is lack of SLEW, OUTPUT or INOUT PORT had better set SLEW, the optional value is {SLOW, FAST}.
C: ConstraintEditor-2009: fpioa[6] is lack of DRIVE, OUTPUT or INOUT PORT had better set DRIVE, the optional value is {8, 4, 12, 16}.
Executing : def_port {fpioa[6]} LOC=AA24 VCCIO=3.3 IOSTANDARD=LVCMOS33 successfully
Executing : def_port {fpioa[7]} LOC=AB24 VCCIO=3.3 IOSTANDARD=LVCMOS33
C: ConstraintEditor-2009: fpioa[7] is lack of SLEW, OUTPUT or INOUT PORT had better set SLEW, the optional value is {SLOW, FAST}.
C: ConstraintEditor-2009: fpioa[7] is lack of DRIVE, OUTPUT or INOUT PORT had better set DRIVE, the optional value is {8, 4, 12, 16}.
Executing : def_port {fpioa[7]} LOC=AB24 VCCIO=3.3 IOSTANDARD=LVCMOS33 successfully
Executing : def_port {fpioa[8]} LOC=C19 VCCIO=3.3 IOSTANDARD=LVCMOS33
C: ConstraintEditor-2009: fpioa[8] is lack of SLEW, OUTPUT or INOUT PORT had better set SLEW, the optional value is {SLOW, FAST}.
C: ConstraintEditor-2009: fpioa[8] is lack of DRIVE, OUTPUT or INOUT PORT had better set DRIVE, the optional value is {8, 4, 12, 16}.
Executing : def_port {fpioa[8]} LOC=C19 VCCIO=3.3 IOSTANDARD=LVCMOS33 successfully
Executing : def_port {fpioa[9]} LOC=C18 VCCIO=3.3 IOSTANDARD=LVCMOS33
C: ConstraintEditor-2009: fpioa[9] is lack of SLEW, OUTPUT or INOUT PORT had better set SLEW, the optional value is {SLOW, FAST}.
C: ConstraintEditor-2009: fpioa[9] is lack of DRIVE, OUTPUT or INOUT PORT had better set DRIVE, the optional value is {8, 4, 12, 16}.
Executing : def_port {fpioa[9]} LOC=C18 VCCIO=3.3 IOSTANDARD=LVCMOS33 successfully
Executing : def_port {fpioa[10]} LOC=E18 VCCIO=3.3 IOSTANDARD=LVCMOS33
C: ConstraintEditor-2009: fpioa[10] is lack of SLEW, OUTPUT or INOUT PORT had better set SLEW, the optional value is {SLOW, FAST}.
C: ConstraintEditor-2009: fpioa[10] is lack of DRIVE, OUTPUT or INOUT PORT had better set DRIVE, the optional value is {8, 4, 12, 16}.
Executing : def_port {fpioa[10]} LOC=E18 VCCIO=3.3 IOSTANDARD=LVCMOS33 successfully
Executing : def_port {fpioa[11]} LOC=A17 VCCIO=3.3 IOSTANDARD=LVCMOS33
C: ConstraintEditor-2009: fpioa[11] is lack of SLEW, OUTPUT or INOUT PORT had better set SLEW, the optional value is {SLOW, FAST}.
C: ConstraintEditor-2009: fpioa[11] is lack of DRIVE, OUTPUT or INOUT PORT had better set DRIVE, the optional value is {8, 4, 12, 16}.
Executing : def_port {fpioa[11]} LOC=A17 VCCIO=3.3 IOSTANDARD=LVCMOS33 successfully
Executing : def_port {fpioa[12]} LOC=C23 VCCIO=3.3 IOSTANDARD=LVCMOS33
C: ConstraintEditor-2009: fpioa[12] is lack of SLEW, OUTPUT or INOUT PORT had better set SLEW, the optional value is {SLOW, FAST}.
C: ConstraintEditor-2009: fpioa[12] is lack of DRIVE, OUTPUT or INOUT PORT had better set DRIVE, the optional value is {8, 4, 12, 16}.
Executing : def_port {fpioa[12]} LOC=C23 VCCIO=3.3 IOSTANDARD=LVCMOS33 successfully
Executing : def_port {fpioa[13]} LOC=B22 VCCIO=3.3 IOSTANDARD=LVCMOS33
C: ConstraintEditor-2009: fpioa[13] is lack of SLEW, OUTPUT or INOUT PORT had better set SLEW, the optional value is {SLOW, FAST}.
C: ConstraintEditor-2009: fpioa[13] is lack of DRIVE, OUTPUT or INOUT PORT had better set DRIVE, the optional value is {8, 4, 12, 16}.
Executing : def_port {fpioa[13]} LOC=B22 VCCIO=3.3 IOSTANDARD=LVCMOS33 successfully
Executing : def_port {fpioa[14]} LOC=A22 VCCIO=3.3 IOSTANDARD=LVCMOS33
C: ConstraintEditor-2009: fpioa[14] is lack of SLEW, OUTPUT or INOUT PORT had better set SLEW, the optional value is {SLOW, FAST}.
C: ConstraintEditor-2009: fpioa[14] is lack of DRIVE, OUTPUT or INOUT PORT had better set DRIVE, the optional value is {8, 4, 12, 16}.
Executing : def_port {fpioa[14]} LOC=A22 VCCIO=3.3 IOSTANDARD=LVCMOS33 successfully
Executing : def_port {fpioa[15]} LOC=B20 VCCIO=3.3 IOSTANDARD=LVCMOS33
C: ConstraintEditor-2009: fpioa[15] is lack of SLEW, OUTPUT or INOUT PORT had better set SLEW, the optional value is {SLOW, FAST}.
C: ConstraintEditor-2009: fpioa[15] is lack of DRIVE, OUTPUT or INOUT PORT had better set DRIVE, the optional value is {8, 4, 12, 16}.
Executing : def_port {fpioa[15]} LOC=B20 VCCIO=3.3 IOSTANDARD=LVCMOS33 successfully
Executing : def_port {fpioa[16]} LOC=L23 VCCIO=3.3 IOSTANDARD=LVCMOS33
C: ConstraintEditor-2009: fpioa[16] is lack of SLEW, OUTPUT or INOUT PORT had better set SLEW, the optional value is {SLOW, FAST}.
C: ConstraintEditor-2009: fpioa[16] is lack of DRIVE, OUTPUT or INOUT PORT had better set DRIVE, the optional value is {8, 4, 12, 16}.
Executing : def_port {fpioa[16]} LOC=L23 VCCIO=3.3 IOSTANDARD=LVCMOS33 successfully
Executing : def_port {fpioa[17]} LOC=AA25 VCCIO=3.3 IOSTANDARD=LVCMOS33
C: ConstraintEditor-2009: fpioa[17] is lack of SLEW, OUTPUT or INOUT PORT had better set SLEW, the optional value is {SLOW, FAST}.
C: ConstraintEditor-2009: fpioa[17] is lack of DRIVE, OUTPUT or INOUT PORT had better set DRIVE, the optional value is {8, 4, 12, 16}.
Executing : def_port {fpioa[17]} LOC=AA25 VCCIO=3.3 IOSTANDARD=LVCMOS33 successfully
Executing : def_port {fpioa[18]} LOC=AB25 VCCIO=3.3 IOSTANDARD=LVCMOS33
C: ConstraintEditor-2009: fpioa[18] is lack of SLEW, OUTPUT or INOUT PORT had better set SLEW, the optional value is {SLOW, FAST}.
C: ConstraintEditor-2009: fpioa[18] is lack of DRIVE, OUTPUT or INOUT PORT had better set DRIVE, the optional value is {8, 4, 12, 16}.
Executing : def_port {fpioa[18]} LOC=AB25 VCCIO=3.3 IOSTANDARD=LVCMOS33 successfully
Executing : def_port {fpioa[19]} LOC=AC24 VCCIO=3.3 IOSTANDARD=LVCMOS33
C: ConstraintEditor-2009: fpioa[19] is lack of SLEW, OUTPUT or INOUT PORT had better set SLEW, the optional value is {SLOW, FAST}.
C: ConstraintEditor-2009: fpioa[19] is lack of DRIVE, OUTPUT or INOUT PORT had better set DRIVE, the optional value is {8, 4, 12, 16}.
Executing : def_port {fpioa[19]} LOC=AC24 VCCIO=3.3 IOSTANDARD=LVCMOS33 successfully
Executing : def_port {fpioa[20]} LOC=R23 VCCIO=3.3 IOSTANDARD=LVCMOS33
C: ConstraintEditor-2009: fpioa[20] is lack of SLEW, OUTPUT or INOUT PORT had better set SLEW, the optional value is {SLOW, FAST}.
C: ConstraintEditor-2009: fpioa[20] is lack of DRIVE, OUTPUT or INOUT PORT had better set DRIVE, the optional value is {8, 4, 12, 16}.
C: ConstraintEditor-2002: [F:/SocFpga/project/device_map/Hfpga_soc.pcf(line number: 27)] | Port fpioa[20] has been placed at location R23, whose type is share pin.
Executing : def_port {fpioa[20]} LOC=R23 VCCIO=3.3 IOSTANDARD=LVCMOS33 successfully
Executing : def_port {fpioa[21]} LOC=T23 VCCIO=3.3 IOSTANDARD=LVCMOS33
C: ConstraintEditor-2009: fpioa[21] is lack of SLEW, OUTPUT or INOUT PORT had better set SLEW, the optional value is {SLOW, FAST}.
C: ConstraintEditor-2009: fpioa[21] is lack of DRIVE, OUTPUT or INOUT PORT had better set DRIVE, the optional value is {8, 4, 12, 16}.
C: ConstraintEditor-2002: [F:/SocFpga/project/device_map/Hfpga_soc.pcf(line number: 28)] | Port fpioa[21] has been placed at location T23, whose type is share pin.
Executing : def_port {fpioa[21]} LOC=T23 VCCIO=3.3 IOSTANDARD=LVCMOS33 successfully
Executing : def_port {fpioa[22]} LOC=P26 VCCIO=3.3 IOSTANDARD=LVCMOS33
C: ConstraintEditor-2009: fpioa[22] is lack of SLEW, OUTPUT or INOUT PORT had better set SLEW, the optional value is {SLOW, FAST}.
C: ConstraintEditor-2009: fpioa[22] is lack of DRIVE, OUTPUT or INOUT PORT had better set DRIVE, the optional value is {8, 4, 12, 16}.
C: ConstraintEditor-2002: [F:/SocFpga/project/device_map/Hfpga_soc.pcf(line number: 29)] | Port fpioa[22] has been placed at location P26, whose type is share pin.
Executing : def_port {fpioa[22]} LOC=P26 VCCIO=3.3 IOSTANDARD=LVCMOS33 successfully
Executing : def_port {fpioa[23]} LOC=R26 VCCIO=3.3 IOSTANDARD=LVCMOS33
C: ConstraintEditor-2009: fpioa[23] is lack of SLEW, OUTPUT or INOUT PORT had better set SLEW, the optional value is {SLOW, FAST}.
C: ConstraintEditor-2009: fpioa[23] is lack of DRIVE, OUTPUT or INOUT PORT had better set DRIVE, the optional value is {8, 4, 12, 16}.
C: ConstraintEditor-2002: [F:/SocFpga/project/device_map/Hfpga_soc.pcf(line number: 30)] | Port fpioa[23] has been placed at location R26, whose type is share pin.
Executing : def_port {fpioa[23]} LOC=R26 VCCIO=3.3 IOSTANDARD=LVCMOS33 successfully
Executing : def_port {fpioa[24]} LOC=M26 VCCIO=3.3 IOSTANDARD=LVCMOS33
C: ConstraintEditor-2009: fpioa[24] is lack of SLEW, OUTPUT or INOUT PORT had better set SLEW, the optional value is {SLOW, FAST}.
C: ConstraintEditor-2009: fpioa[24] is lack of DRIVE, OUTPUT or INOUT PORT had better set DRIVE, the optional value is {8, 4, 12, 16}.
C: ConstraintEditor-2002: [F:/SocFpga/project/device_map/Hfpga_soc.pcf(line number: 31)] | Port fpioa[24] has been placed at location M26, whose type is share pin.
Executing : def_port {fpioa[24]} LOC=M26 VCCIO=3.3 IOSTANDARD=LVCMOS33 successfully
Executing : def_port {fpioa[25]} LOC=N26 VCCIO=3.3 IOSTANDARD=LVCMOS33
C: ConstraintEditor-2009: fpioa[25] is lack of SLEW, OUTPUT or INOUT PORT had better set SLEW, the optional value is {SLOW, FAST}.
C: ConstraintEditor-2009: fpioa[25] is lack of DRIVE, OUTPUT or INOUT PORT had better set DRIVE, the optional value is {8, 4, 12, 16}.
C: ConstraintEditor-2002: [F:/SocFpga/project/device_map/Hfpga_soc.pcf(line number: 32)] | Port fpioa[25] has been placed at location N26, whose type is share pin.
Executing : def_port {fpioa[25]} LOC=N26 VCCIO=3.3 IOSTANDARD=LVCMOS33 successfully
Executing : def_port {fpioa[26]} LOC=M22 VCCIO=3.3 IOSTANDARD=LVCMOS33
C: ConstraintEditor-2009: fpioa[26] is lack of SLEW, OUTPUT or INOUT PORT had better set SLEW, the optional value is {SLOW, FAST}.
C: ConstraintEditor-2009: fpioa[26] is lack of DRIVE, OUTPUT or INOUT PORT had better set DRIVE, the optional value is {8, 4, 12, 16}.
Executing : def_port {fpioa[26]} LOC=M22 VCCIO=3.3 IOSTANDARD=LVCMOS33 successfully
Executing : def_port {fpioa[27]} LOC=M21 VCCIO=3.3 IOSTANDARD=LVCMOS33
C: ConstraintEditor-2009: fpioa[27] is lack of SLEW, OUTPUT or INOUT PORT had better set SLEW, the optional value is {SLOW, FAST}.
C: ConstraintEditor-2009: fpioa[27] is lack of DRIVE, OUTPUT or INOUT PORT had better set DRIVE, the optional value is {8, 4, 12, 16}.
Executing : def_port {fpioa[27]} LOC=M21 VCCIO=3.3 IOSTANDARD=LVCMOS33 successfully
Executing : def_port {fpioa[28]} LOC=U26 VCCIO=3.3 IOSTANDARD=LVCMOS33
C: ConstraintEditor-2009: fpioa[28] is lack of SLEW, OUTPUT or INOUT PORT had better set SLEW, the optional value is {SLOW, FAST}.
C: ConstraintEditor-2009: fpioa[28] is lack of DRIVE, OUTPUT or INOUT PORT had better set DRIVE, the optional value is {8, 4, 12, 16}.
Executing : def_port {fpioa[28]} LOC=U26 VCCIO=3.3 IOSTANDARD=LVCMOS33 successfully
Executing : def_port {fpioa[29]} LOC=U25 VCCIO=3.3 IOSTANDARD=LVCMOS33
C: ConstraintEditor-2009: fpioa[29] is lack of SLEW, OUTPUT or INOUT PORT had better set SLEW, the optional value is {SLOW, FAST}.
C: ConstraintEditor-2009: fpioa[29] is lack of DRIVE, OUTPUT or INOUT PORT had better set DRIVE, the optional value is {8, 4, 12, 16}.
Executing : def_port {fpioa[29]} LOC=U25 VCCIO=3.3 IOSTANDARD=LVCMOS33 successfully
Executing : def_port {fpioa[30]} LOC=AC26 VCCIO=3.3 IOSTANDARD=LVCMOS33
C: ConstraintEditor-2009: fpioa[30] is lack of SLEW, OUTPUT or INOUT PORT had better set SLEW, the optional value is {SLOW, FAST}.
C: ConstraintEditor-2009: fpioa[30] is lack of DRIVE, OUTPUT or INOUT PORT had better set DRIVE, the optional value is {8, 4, 12, 16}.
Executing : def_port {fpioa[30]} LOC=AC26 VCCIO=3.3 IOSTANDARD=LVCMOS33 successfully
Executing : def_port {fpioa[31]} LOC=AB26 VCCIO=3.3 IOSTANDARD=LVCMOS33
C: ConstraintEditor-2009: fpioa[31] is lack of SLEW, OUTPUT or INOUT PORT had better set SLEW, the optional value is {SLOW, FAST}.
C: ConstraintEditor-2009: fpioa[31] is lack of DRIVE, OUTPUT or INOUT PORT had better set DRIVE, the optional value is {8, 4, 12, 16}.
Executing : def_port {fpioa[31]} LOC=AB26 VCCIO=3.3 IOSTANDARD=LVCMOS33 successfully
Executing : def_port {mem_dq[0]} LOC=G5 VCCIO=1.5 IOSTANDARD=HSTL15_I DRIVE=8 SLEW=SLOW NONE=TRUE
Executing : def_port {mem_dq[0]} LOC=G5 VCCIO=1.5 IOSTANDARD=HSTL15_I DRIVE=8 SLEW=SLOW NONE=TRUE successfully
Executing : def_port {mem_dq[1]} LOC=J6 VCCIO=1.5 IOSTANDARD=HSTL15_I DRIVE=8 SLEW=SLOW NONE=TRUE
C: ConstraintEditor-2002: [F:/SocFpga/project/device_map/Hfpga_soc.pcf(line number: 40)] | Port mem_dq[1] has been placed at location J6, whose type is share pin.
Executing : def_port {mem_dq[1]} LOC=J6 VCCIO=1.5 IOSTANDARD=HSTL15_I DRIVE=8 SLEW=SLOW NONE=TRUE successfully
Executing : def_port {mem_dq[2]} LOC=F5 VCCIO=1.5 IOSTANDARD=HSTL15_I DRIVE=8 SLEW=SLOW NONE=TRUE
Executing : def_port {mem_dq[2]} LOC=F5 VCCIO=1.5 IOSTANDARD=HSTL15_I DRIVE=8 SLEW=SLOW NONE=TRUE successfully
Executing : def_port {mem_dq[3]} LOC=L8 VCCIO=1.5 IOSTANDARD=HSTL15_I DRIVE=8 SLEW=SLOW NONE=TRUE
C: ConstraintEditor-2002: [F:/SocFpga/project/device_map/Hfpga_soc.pcf(line number: 42)] | Port mem_dq[3] has been placed at location L8, whose type is share pin.
Executing : def_port {mem_dq[3]} LOC=L8 VCCIO=1.5 IOSTANDARD=HSTL15_I DRIVE=8 SLEW=SLOW NONE=TRUE successfully
Executing : def_port {mem_dq[4]} LOC=G4 VCCIO=1.5 IOSTANDARD=HSTL15_I DRIVE=8 SLEW=SLOW NONE=TRUE
Executing : def_port {mem_dq[4]} LOC=G4 VCCIO=1.5 IOSTANDARD=HSTL15_I DRIVE=8 SLEW=SLOW NONE=TRUE successfully
Executing : def_port {mem_dq[5]} LOC=K7 VCCIO=1.5 IOSTANDARD=HSTL15_I DRIVE=8 SLEW=SLOW NONE=TRUE
C: ConstraintEditor-2002: [F:/SocFpga/project/device_map/Hfpga_soc.pcf(line number: 44)] | Port mem_dq[5] has been placed at location K7, whose type is share pin.
Executing : def_port {mem_dq[5]} LOC=K7 VCCIO=1.5 IOSTANDARD=HSTL15_I DRIVE=8 SLEW=SLOW NONE=TRUE successfully
Executing : def_port {mem_dq[6]} LOC=F4 VCCIO=1.5 IOSTANDARD=HSTL15_I DRIVE=8 SLEW=SLOW NONE=TRUE
Executing : def_port {mem_dq[6]} LOC=F4 VCCIO=1.5 IOSTANDARD=HSTL15_I DRIVE=8 SLEW=SLOW NONE=TRUE successfully
Executing : def_port {mem_dq[7]} LOC=J5 VCCIO=1.5 IOSTANDARD=HSTL15_I DRIVE=8 SLEW=SLOW NONE=TRUE
C: ConstraintEditor-2002: [F:/SocFpga/project/device_map/Hfpga_soc.pcf(line number: 46)] | Port mem_dq[7] has been placed at location J5, whose type is share pin.
Executing : def_port {mem_dq[7]} LOC=J5 VCCIO=1.5 IOSTANDARD=HSTL15_I DRIVE=8 SLEW=SLOW NONE=TRUE successfully
Executing : def_port {mem_dq[8]} LOC=H6 VCCIO=1.5 IOSTANDARD=HSTL15_I DRIVE=8 SLEW=SLOW NONE=TRUE
C: ConstraintEditor-2002: [F:/SocFpga/project/device_map/Hfpga_soc.pcf(line number: 47)] | Port mem_dq[8] has been placed at location H6, whose type is share pin.
Executing : def_port {mem_dq[8]} LOC=H6 VCCIO=1.5 IOSTANDARD=HSTL15_I DRIVE=8 SLEW=SLOW NONE=TRUE successfully
Executing : def_port {mem_dq[9]} LOC=F8 VCCIO=1.5 IOSTANDARD=HSTL15_I DRIVE=8 SLEW=SLOW NONE=TRUE
Executing : def_port {mem_dq[9]} LOC=F8 VCCIO=1.5 IOSTANDARD=HSTL15_I DRIVE=8 SLEW=SLOW NONE=TRUE successfully
Executing : def_port {mem_dq[10]} LOC=H8 VCCIO=1.5 IOSTANDARD=HSTL15_I DRIVE=8 SLEW=SLOW NONE=TRUE
C: ConstraintEditor-2002: [F:/SocFpga/project/device_map/Hfpga_soc.pcf(line number: 49)] | Port mem_dq[10] has been placed at location H8, whose type is share pin.
Executing : def_port {mem_dq[10]} LOC=H8 VCCIO=1.5 IOSTANDARD=HSTL15_I DRIVE=8 SLEW=SLOW NONE=TRUE successfully
Executing : def_port {mem_dq[11]} LOC=D6 VCCIO=1.5 IOSTANDARD=HSTL15_I DRIVE=8 SLEW=SLOW NONE=TRUE
C: ConstraintEditor-2002: [F:/SocFpga/project/device_map/Hfpga_soc.pcf(line number: 50)] | Port mem_dq[11] has been placed at location D6, whose type is share pin.
Executing : def_port {mem_dq[11]} LOC=D6 VCCIO=1.5 IOSTANDARD=HSTL15_I DRIVE=8 SLEW=SLOW NONE=TRUE successfully
Executing : def_port {mem_dq[12]} LOC=G8 VCCIO=1.5 IOSTANDARD=HSTL15_I DRIVE=8 SLEW=SLOW NONE=TRUE
C: ConstraintEditor-2002: [F:/SocFpga/project/device_map/Hfpga_soc.pcf(line number: 51)] | Port mem_dq[12] has been placed at location G8, whose type is share pin.
Executing : def_port {mem_dq[12]} LOC=G8 VCCIO=1.5 IOSTANDARD=HSTL15_I DRIVE=8 SLEW=SLOW NONE=TRUE successfully
Executing : def_port {mem_dq[13]} LOC=E6 VCCIO=1.5 IOSTANDARD=HSTL15_I DRIVE=8 SLEW=SLOW NONE=TRUE
C: ConstraintEditor-2002: [F:/SocFpga/project/device_map/Hfpga_soc.pcf(line number: 52)] | Port mem_dq[13] has been placed at location E6, whose type is share pin.
Executing : def_port {mem_dq[13]} LOC=E6 VCCIO=1.5 IOSTANDARD=HSTL15_I DRIVE=8 SLEW=SLOW NONE=TRUE successfully
Executing : def_port {mem_dq[14]} LOC=H9 VCCIO=1.5 IOSTANDARD=HSTL15_I DRIVE=8 SLEW=SLOW NONE=TRUE
Executing : def_port {mem_dq[14]} LOC=H9 VCCIO=1.5 IOSTANDARD=HSTL15_I DRIVE=8 SLEW=SLOW NONE=TRUE successfully
Executing : def_port {mem_dq[15]} LOC=G6 VCCIO=1.5 IOSTANDARD=HSTL15_I DRIVE=8 SLEW=SLOW NONE=TRUE
C: ConstraintEditor-2002: [F:/SocFpga/project/device_map/Hfpga_soc.pcf(line number: 54)] | Port mem_dq[15] has been placed at location G6, whose type is share pin.
Executing : def_port {mem_dq[15]} LOC=G6 VCCIO=1.5 IOSTANDARD=HSTL15_I DRIVE=8 SLEW=SLOW NONE=TRUE successfully
Executing : def_port {mem_dq[16]} LOC=C4 VCCIO=1.5 IOSTANDARD=HSTL15_I DRIVE=8 SLEW=SLOW NONE=TRUE
Executing : def_port {mem_dq[16]} LOC=C4 VCCIO=1.5 IOSTANDARD=HSTL15_I DRIVE=8 SLEW=SLOW NONE=TRUE successfully
Executing : def_port {mem_dq[17]} LOC=D4 VCCIO=1.5 IOSTANDARD=HSTL15_I DRIVE=8 SLEW=SLOW NONE=TRUE
Executing : def_port {mem_dq[17]} LOC=D4 VCCIO=1.5 IOSTANDARD=HSTL15_I DRIVE=8 SLEW=SLOW NONE=TRUE successfully
Executing : def_port {mem_dq[18]} LOC=A4 VCCIO=1.5 IOSTANDARD=HSTL15_I DRIVE=8 SLEW=SLOW NONE=TRUE
Executing : def_port {mem_dq[18]} LOC=A4 VCCIO=1.5 IOSTANDARD=HSTL15_I DRIVE=8 SLEW=SLOW NONE=TRUE successfully
Executing : def_port {mem_dq[19]} LOC=E3 VCCIO=1.5 IOSTANDARD=HSTL15_I DRIVE=8 SLEW=SLOW NONE=TRUE
Executing : def_port {mem_dq[19]} LOC=E3 VCCIO=1.5 IOSTANDARD=HSTL15_I DRIVE=8 SLEW=SLOW NONE=TRUE successfully
Executing : def_port {mem_dq[20]} LOC=C3 VCCIO=1.5 IOSTANDARD=HSTL15_I DRIVE=8 SLEW=SLOW NONE=TRUE
Executing : def_port {mem_dq[20]} LOC=C3 VCCIO=1.5 IOSTANDARD=HSTL15_I DRIVE=8 SLEW=SLOW NONE=TRUE successfully
Executing : def_port {mem_dq[21]} LOC=F3 VCCIO=1.5 IOSTANDARD=HSTL15_I DRIVE=8 SLEW=SLOW NONE=TRUE
Executing : def_port {mem_dq[21]} LOC=F3 VCCIO=1.5 IOSTANDARD=HSTL15_I DRIVE=8 SLEW=SLOW NONE=TRUE successfully
Executing : def_port {mem_dq[22]} LOC=B4 VCCIO=1.5 IOSTANDARD=HSTL15_I DRIVE=8 SLEW=SLOW NONE=TRUE
Executing : def_port {mem_dq[22]} LOC=B4 VCCIO=1.5 IOSTANDARD=HSTL15_I DRIVE=8 SLEW=SLOW NONE=TRUE successfully
Executing : def_port {mem_dq[23]} LOC=D3 VCCIO=1.5 IOSTANDARD=HSTL15_I DRIVE=8 SLEW=SLOW NONE=TRUE
Executing : def_port {mem_dq[23]} LOC=D3 VCCIO=1.5 IOSTANDARD=HSTL15_I DRIVE=8 SLEW=SLOW NONE=TRUE successfully
Executing : def_port {mem_dq[24]} LOC=F2 VCCIO=1.5 IOSTANDARD=HSTL15_I DRIVE=8 SLEW=SLOW NONE=TRUE
Executing : def_port {mem_dq[24]} LOC=F2 VCCIO=1.5 IOSTANDARD=HSTL15_I DRIVE=8 SLEW=SLOW NONE=TRUE successfully
Executing : def_port {mem_dq[25]} LOC=D1 VCCIO=1.5 IOSTANDARD=HSTL15_I DRIVE=8 SLEW=SLOW NONE=TRUE
Executing : def_port {mem_dq[25]} LOC=D1 VCCIO=1.5 IOSTANDARD=HSTL15_I DRIVE=8 SLEW=SLOW NONE=TRUE successfully
Executing : def_port {mem_dq[26]} LOC=G1 VCCIO=1.5 IOSTANDARD=HSTL15_I DRIVE=8 SLEW=SLOW NONE=TRUE
Executing : def_port {mem_dq[26]} LOC=G1 VCCIO=1.5 IOSTANDARD=HSTL15_I DRIVE=8 SLEW=SLOW NONE=TRUE successfully
Executing : def_port {mem_dq[27]} LOC=A2 VCCIO=1.5 IOSTANDARD=HSTL15_I DRIVE=8 SLEW=SLOW NONE=TRUE
Executing : def_port {mem_dq[27]} LOC=A2 VCCIO=1.5 IOSTANDARD=HSTL15_I DRIVE=8 SLEW=SLOW NONE=TRUE successfully
Executing : def_port {mem_dq[28]} LOC=E1 VCCIO=1.5 IOSTANDARD=HSTL15_I DRIVE=8 SLEW=SLOW NONE=TRUE
Executing : def_port {mem_dq[28]} LOC=E1 VCCIO=1.5 IOSTANDARD=HSTL15_I DRIVE=8 SLEW=SLOW NONE=TRUE successfully
Executing : def_port {mem_dq[29]} LOC=A3 VCCIO=1.5 IOSTANDARD=HSTL15_I DRIVE=8 SLEW=SLOW NONE=TRUE
Executing : def_port {mem_dq[29]} LOC=A3 VCCIO=1.5 IOSTANDARD=HSTL15_I DRIVE=8 SLEW=SLOW NONE=TRUE successfully
Executing : def_port {mem_dq[30]} LOC=G2 VCCIO=1.5 IOSTANDARD=HSTL15_I DRIVE=8 SLEW=SLOW NONE=TRUE
Executing : def_port {mem_dq[30]} LOC=G2 VCCIO=1.5 IOSTANDARD=HSTL15_I DRIVE=8 SLEW=SLOW NONE=TRUE successfully
Executing : def_port {mem_dq[31]} LOC=C2 VCCIO=1.5 IOSTANDARD=HSTL15_I DRIVE=8 SLEW=SLOW NONE=TRUE
Executing : def_port {mem_dq[31]} LOC=C2 VCCIO=1.5 IOSTANDARD=HSTL15_I DRIVE=8 SLEW=SLOW NONE=TRUE successfully
Executing : def_port {mem_dqs[0]} LOC=J4 VCCIO=1.5 IOSTANDARD=HSTL15_I DRIVE=8 SLEW=SLOW NONE=TRUE
C: ConstraintEditor-2002: [F:/SocFpga/project/device_map/Hfpga_soc.pcf(line number: 71)] | Port mem_dqs[0] has been placed at location J4, whose type is share pin.
Executing : def_port {mem_dqs[0]} LOC=J4 VCCIO=1.5 IOSTANDARD=HSTL15_I DRIVE=8 SLEW=SLOW NONE=TRUE successfully
Executing : def_port {mem_dqs[1]} LOC=H7 VCCIO=1.5 IOSTANDARD=HSTL15_I DRIVE=8 SLEW=SLOW NONE=TRUE
C: ConstraintEditor-2002: [F:/SocFpga/project/device_map/Hfpga_soc.pcf(line number: 72)] | Port mem_dqs[1] has been placed at location H7, whose type is share pin.
Executing : def_port {mem_dqs[1]} LOC=H7 VCCIO=1.5 IOSTANDARD=HSTL15_I DRIVE=8 SLEW=SLOW NONE=TRUE successfully
Executing : def_port {mem_dqs[2]} LOC=B5 VCCIO=1.5 IOSTANDARD=HSTL15_I DRIVE=8 SLEW=SLOW NONE=TRUE
Executing : def_port {mem_dqs[2]} LOC=B5 VCCIO=1.5 IOSTANDARD=HSTL15_I DRIVE=8 SLEW=SLOW NONE=TRUE successfully
Executing : def_port {mem_dqs[3]} LOC=C1 VCCIO=1.5 IOSTANDARD=HSTL15_I DRIVE=8 SLEW=SLOW NONE=TRUE
Executing : def_port {mem_dqs[3]} LOC=C1 VCCIO=1.5 IOSTANDARD=HSTL15_I DRIVE=8 SLEW=SLOW NONE=TRUE successfully
Executing : def_port {mem_dqs_n[0]} LOC=H4 VCCIO=1.5 IOSTANDARD=HSTL15_I DRIVE=8 SLEW=SLOW NONE=TRUE
C: ConstraintEditor-2002: [F:/SocFpga/project/device_map/Hfpga_soc.pcf(line number: 75)] | Port mem_dqs_n[0] has been placed at location H4, whose type is share pin.
Executing : def_port {mem_dqs_n[0]} LOC=H4 VCCIO=1.5 IOSTANDARD=HSTL15_I DRIVE=8 SLEW=SLOW NONE=TRUE successfully
Executing : def_port {mem_dqs_n[1]} LOC=G7 VCCIO=1.5 IOSTANDARD=HSTL15_I DRIVE=8 SLEW=SLOW NONE=TRUE
C: ConstraintEditor-2002: [F:/SocFpga/project/device_map/Hfpga_soc.pcf(line number: 76)] | Port mem_dqs_n[1] has been placed at location G7, whose type is share pin.
Executing : def_port {mem_dqs_n[1]} LOC=G7 VCCIO=1.5 IOSTANDARD=HSTL15_I DRIVE=8 SLEW=SLOW NONE=TRUE successfully
Executing : def_port {mem_dqs_n[2]} LOC=A5 VCCIO=1.5 IOSTANDARD=HSTL15_I DRIVE=8 SLEW=SLOW NONE=TRUE
Executing : def_port {mem_dqs_n[2]} LOC=A5 VCCIO=1.5 IOSTANDARD=HSTL15_I DRIVE=8 SLEW=SLOW NONE=TRUE successfully
Executing : def_port {mem_dqs_n[3]} LOC=B1 VCCIO=1.5 IOSTANDARD=HSTL15_I DRIVE=8 SLEW=SLOW NONE=TRUE
Executing : def_port {mem_dqs_n[3]} LOC=B1 VCCIO=1.5 IOSTANDARD=HSTL15_I DRIVE=8 SLEW=SLOW NONE=TRUE successfully
Executing : def_port {JTAG_TDO} LOC=T24 VCCIO=3.3 IOSTANDARD=LVCMOS33 SLEW=FAST
C: ConstraintEditor-2009: JTAG_TDO is lack of DRIVE, OUTPUT or INOUT PORT had better set DRIVE, the optional value is {8, 4, 12, 16}.
Executing : def_port {JTAG_TDO} LOC=T24 VCCIO=3.3 IOSTANDARD=LVCMOS33 SLEW=FAST successfully
Executing : def_port {cam1_reset_n} LOC=T20 VCCIO=3.3 IOSTANDARD=LVCMOS33 DRIVE=4
C: ConstraintEditor-2009: cam1_reset_n is lack of SLEW, OUTPUT or INOUT PORT had better set SLEW, the optional value is {SLOW, FAST}.
Executing : def_port {cam1_reset_n} LOC=T20 VCCIO=3.3 IOSTANDARD=LVCMOS33 DRIVE=4 successfully
Executing : def_port {cam2_reset_n} LOC=Y20 VCCIO=3.3 IOSTANDARD=LVCMOS33 DRIVE=4
C: ConstraintEditor-2009: cam2_reset_n is lack of SLEW, OUTPUT or INOUT PORT had better set SLEW, the optional value is {SLOW, FAST}.
Executing : def_port {cam2_reset_n} LOC=Y20 VCCIO=3.3 IOSTANDARD=LVCMOS33 DRIVE=4 successfully
Executing : def_port {core_active} LOC=A20 VCCIO=3.3 IOSTANDARD=LVCMOS33
C: ConstraintEditor-2009: core_active is lack of SLEW, OUTPUT or INOUT PORT had better set SLEW, the optional value is {SLOW, FAST}.
C: ConstraintEditor-2009: core_active is lack of DRIVE, OUTPUT or INOUT PORT had better set DRIVE, the optional value is {8, 4, 12, 16}.
Executing : def_port {core_active} LOC=A20 VCCIO=3.3 IOSTANDARD=LVCMOS33 successfully
Executing : def_port {flash_cs2_n} LOC=F25 VCCIO=3.3 IOSTANDARD=LVCMOS33
C: ConstraintEditor-2009: flash_cs2_n is lack of SLEW, OUTPUT or INOUT PORT had better set SLEW, the optional value is {SLOW, FAST}.
C: ConstraintEditor-2009: flash_cs2_n is lack of DRIVE, OUTPUT or INOUT PORT had better set DRIVE, the optional value is {8, 4, 12, 16}.
C: ConstraintEditor-2002: [F:/SocFpga/project/device_map/Hfpga_soc.pcf(line number: 83)] | Port flash_cs2_n has been placed at location F25, whose type is share pin.
Executing : def_port {flash_cs2_n} LOC=F25 VCCIO=3.3 IOSTANDARD=LVCMOS33 successfully
Executing : def_port {flash_cs_n} LOC=P18 VCCIO=3.3 IOSTANDARD=LVCMOS33
C: ConstraintEditor-2009: flash_cs_n is lack of SLEW, OUTPUT or INOUT PORT had better set SLEW, the optional value is {SLOW, FAST}.
C: ConstraintEditor-2009: flash_cs_n is lack of DRIVE, OUTPUT or INOUT PORT had better set DRIVE, the optional value is {8, 4, 12, 16}.
C: ConstraintEditor-2002: [F:/SocFpga/project/device_map/Hfpga_soc.pcf(line number: 84)] | Port flash_cs_n has been placed at location P18, whose type is share pin.
Executing : def_port {flash_cs_n} LOC=P18 VCCIO=3.3 IOSTANDARD=LVCMOS33 successfully
Executing : def_port {flash_hold_n} LOC=N14 VCCIO=3.3 IOSTANDARD=LVCMOS33
C: ConstraintEditor-2009: flash_hold_n is lack of SLEW, OUTPUT or INOUT PORT had better set SLEW, the optional value is {SLOW, FAST}.
C: ConstraintEditor-2009: flash_hold_n is lack of DRIVE, OUTPUT or INOUT PORT had better set DRIVE, the optional value is {8, 4, 12, 16}.
C: ConstraintEditor-2002: [F:/SocFpga/project/device_map/Hfpga_soc.pcf(line number: 85)] | Port flash_hold_n has been placed at location N14, whose type is share pin.
Executing : def_port {flash_hold_n} LOC=N14 VCCIO=3.3 IOSTANDARD=LVCMOS33 successfully
Executing : def_port {flash_mosi} LOC=R14 VCCIO=3.3 IOSTANDARD=LVCMOS33
C: ConstraintEditor-2009: flash_mosi is lack of SLEW, OUTPUT or INOUT PORT had better set SLEW, the optional value is {SLOW, FAST}.
C: ConstraintEditor-2009: flash_mosi is lack of DRIVE, OUTPUT or INOUT PORT had better set DRIVE, the optional value is {8, 4, 12, 16}.
C: ConstraintEditor-2002: [F:/SocFpga/project/device_map/Hfpga_soc.pcf(line number: 86)] | Port flash_mosi has been placed at location R14, whose type is share pin.
Executing : def_port {flash_mosi} LOC=R14 VCCIO=3.3 IOSTANDARD=LVCMOS33 successfully
Executing : def_port {flash_wp_n} LOC=P14 VCCIO=3.3 IOSTANDARD=LVCMOS33
C: ConstraintEditor-2009: flash_wp_n is lack of SLEW, OUTPUT or INOUT PORT had better set SLEW, the optional value is {SLOW, FAST}.
C: ConstraintEditor-2009: flash_wp_n is lack of DRIVE, OUTPUT or INOUT PORT had better set DRIVE, the optional value is {8, 4, 12, 16}.
C: ConstraintEditor-2002: [F:/SocFpga/project/device_map/Hfpga_soc.pcf(line number: 87)] | Port flash_wp_n has been placed at location P14, whose type is share pin.
Executing : def_port {flash_wp_n} LOC=P14 VCCIO=3.3 IOSTANDARD=LVCMOS33 successfully
Executing : def_port {mem_a[0]} LOC=J1 VCCIO=1.5 IOSTANDARD=HSTL15_I DRIVE=8 SLEW=SLOW NONE=TRUE
Executing : def_port {mem_a[0]} LOC=J1 VCCIO=1.5 IOSTANDARD=HSTL15_I DRIVE=8 SLEW=SLOW NONE=TRUE successfully
Executing : def_port {mem_a[1]} LOC=L3 VCCIO=1.5 IOSTANDARD=HSTL15_I DRIVE=8 SLEW=SLOW NONE=TRUE
Executing : def_port {mem_a[1]} LOC=L3 VCCIO=1.5 IOSTANDARD=HSTL15_I DRIVE=8 SLEW=SLOW NONE=TRUE successfully
Executing : def_port {mem_a[2]} LOC=L2 VCCIO=1.5 IOSTANDARD=HSTL15_I DRIVE=8 SLEW=SLOW NONE=TRUE
Executing : def_port {mem_a[2]} LOC=L2 VCCIO=1.5 IOSTANDARD=HSTL15_I DRIVE=8 SLEW=SLOW NONE=TRUE successfully
Executing : def_port {mem_a[3]} LOC=P3 VCCIO=1.5 IOSTANDARD=HSTL15_I DRIVE=8 SLEW=SLOW NONE=TRUE
Executing : def_port {mem_a[3]} LOC=P3 VCCIO=1.5 IOSTANDARD=HSTL15_I DRIVE=8 SLEW=SLOW NONE=TRUE successfully
Executing : def_port {mem_a[4]} LOC=T2 VCCIO=1.5 IOSTANDARD=HSTL15_I DRIVE=8 SLEW=SLOW NONE=TRUE
Executing : def_port {mem_a[4]} LOC=T2 VCCIO=1.5 IOSTANDARD=HSTL15_I DRIVE=8 SLEW=SLOW NONE=TRUE successfully
Executing : def_port {mem_a[5]} LOC=M1 VCCIO=1.5 IOSTANDARD=HSTL15_I DRIVE=8 SLEW=SLOW NONE=TRUE
Executing : def_port {mem_a[5]} LOC=M1 VCCIO=1.5 IOSTANDARD=HSTL15_I DRIVE=8 SLEW=SLOW NONE=TRUE successfully
Executing : def_port {mem_a[6]} LOC=U1 VCCIO=1.5 IOSTANDARD=HSTL15_I DRIVE=8 SLEW=SLOW NONE=TRUE
Executing : def_port {mem_a[6]} LOC=U1 VCCIO=1.5 IOSTANDARD=HSTL15_I DRIVE=8 SLEW=SLOW NONE=TRUE successfully
Executing : def_port {mem_a[7]} LOC=K1 VCCIO=1.5 IOSTANDARD=HSTL15_I DRIVE=8 SLEW=SLOW NONE=TRUE
Executing : def_port {mem_a[7]} LOC=K1 VCCIO=1.5 IOSTANDARD=HSTL15_I DRIVE=8 SLEW=SLOW NONE=TRUE successfully
Executing : def_port {mem_a[8]} LOC=U2 VCCIO=1.5 IOSTANDARD=HSTL15_I DRIVE=8 SLEW=SLOW NONE=TRUE
Executing : def_port {mem_a[8]} LOC=U2 VCCIO=1.5 IOSTANDARD=HSTL15_I DRIVE=8 SLEW=SLOW NONE=TRUE successfully
Executing : def_port {mem_a[9]} LOC=K2 VCCIO=1.5 IOSTANDARD=HSTL15_I DRIVE=8 SLEW=SLOW NONE=TRUE
Executing : def_port {mem_a[9]} LOC=K2 VCCIO=1.5 IOSTANDARD=HSTL15_I DRIVE=8 SLEW=SLOW NONE=TRUE successfully
Executing : def_port {mem_a[10]} LOC=T3 VCCIO=1.5 IOSTANDARD=HSTL15_I DRIVE=8 SLEW=SLOW NONE=TRUE
Executing : def_port {mem_a[10]} LOC=T3 VCCIO=1.5 IOSTANDARD=HSTL15_I DRIVE=8 SLEW=SLOW NONE=TRUE successfully
Executing : def_port {mem_a[11]} LOC=P1 VCCIO=1.5 IOSTANDARD=HSTL15_I DRIVE=8 SLEW=SLOW NONE=TRUE
Executing : def_port {mem_a[11]} LOC=P1 VCCIO=1.5 IOSTANDARD=HSTL15_I DRIVE=8 SLEW=SLOW NONE=TRUE successfully
Executing : def_port {mem_a[12]} LOC=T4 VCCIO=1.5 IOSTANDARD=HSTL15_I DRIVE=8 SLEW=SLOW NONE=TRUE
Executing : def_port {mem_a[12]} LOC=T4 VCCIO=1.5 IOSTANDARD=HSTL15_I DRIVE=8 SLEW=SLOW NONE=TRUE successfully
Executing : def_port {mem_a[13]} LOC=M2 VCCIO=1.5 IOSTANDARD=HSTL15_I DRIVE=8 SLEW=SLOW NONE=TRUE
Executing : def_port {mem_a[13]} LOC=M2 VCCIO=1.5 IOSTANDARD=HSTL15_I DRIVE=8 SLEW=SLOW NONE=TRUE successfully
Executing : def_port {mem_a[14]} LOC=N1 VCCIO=1.5 IOSTANDARD=HSTL15_I DRIVE=8 SLEW=SLOW NONE=TRUE
Executing : def_port {mem_a[14]} LOC=N1 VCCIO=1.5 IOSTANDARD=HSTL15_I DRIVE=8 SLEW=SLOW NONE=TRUE successfully
Executing : def_port {mem_ba[0]} LOC=P4 VCCIO=1.5 IOSTANDARD=HSTL15_I DRIVE=8 SLEW=SLOW NONE=TRUE
Executing : def_port {mem_ba[0]} LOC=P4 VCCIO=1.5 IOSTANDARD=HSTL15_I DRIVE=8 SLEW=SLOW NONE=TRUE successfully
Executing : def_port {mem_ba[1]} LOC=R2 VCCIO=1.5 IOSTANDARD=HSTL15_I DRIVE=8 SLEW=SLOW NONE=TRUE
Executing : def_port {mem_ba[1]} LOC=R2 VCCIO=1.5 IOSTANDARD=HSTL15_I DRIVE=8 SLEW=SLOW NONE=TRUE successfully
Executing : def_port {mem_ba[2]} LOC=T5 VCCIO=1.5 IOSTANDARD=HSTL15_I DRIVE=8 SLEW=SLOW NONE=TRUE
Executing : def_port {mem_ba[2]} LOC=T5 VCCIO=1.5 IOSTANDARD=HSTL15_I DRIVE=8 SLEW=SLOW NONE=TRUE successfully
Executing : def_port {mem_cas_n} LOC=T7 VCCIO=1.5 IOSTANDARD=HSTL15_I DRIVE=8 SLEW=SLOW NONE=TRUE
Executing : def_port {mem_cas_n} LOC=T7 VCCIO=1.5 IOSTANDARD=HSTL15_I DRIVE=8 SLEW=SLOW NONE=TRUE successfully
Executing : def_port {mem_ck} LOC=U6 VCCIO=1.5 IOSTANDARD=HSTL15_I DRIVE=8 SLEW=SLOW NONE=TRUE
Executing : def_port {mem_ck} LOC=U6 VCCIO=1.5 IOSTANDARD=HSTL15_I DRIVE=8 SLEW=SLOW NONE=TRUE successfully
Executing : def_port {mem_ck_n} LOC=U5 VCCIO=1.5 IOSTANDARD=HSTL15_I DRIVE=8 SLEW=SLOW NONE=TRUE
Executing : def_port {mem_ck_n} LOC=U5 VCCIO=1.5 IOSTANDARD=HSTL15_I DRIVE=8 SLEW=SLOW NONE=TRUE successfully
Executing : def_port {mem_cke} LOC=R1 VCCIO=1.5 IOSTANDARD=HSTL15_I DRIVE=8 SLEW=SLOW NONE=TRUE
Executing : def_port {mem_cke} LOC=R1 VCCIO=1.5 IOSTANDARD=HSTL15_I DRIVE=8 SLEW=SLOW NONE=TRUE successfully
Executing : def_port {mem_cs_n} LOC=N4 VCCIO=1.5 IOSTANDARD=HSTL15_I DRIVE=8 SLEW=SLOW NONE=TRUE
Executing : def_port {mem_cs_n} LOC=N4 VCCIO=1.5 IOSTANDARD=HSTL15_I DRIVE=8 SLEW=SLOW NONE=TRUE successfully
Executing : def_port {mem_dm[0]} LOC=K6 VCCIO=1.5 IOSTANDARD=HSTL15_I DRIVE=8 SLEW=SLOW NONE=TRUE
C: ConstraintEditor-2002: [F:/SocFpga/project/device_map/Hfpga_soc.pcf(line number: 111)] | Port mem_dm[0] has been placed at location K6, whose type is share pin.
Executing : def_port {mem_dm[0]} LOC=K6 VCCIO=1.5 IOSTANDARD=HSTL15_I DRIVE=8 SLEW=SLOW NONE=TRUE successfully
Executing : def_port {mem_dm[1]} LOC=F7 VCCIO=1.5 IOSTANDARD=HSTL15_I DRIVE=8 SLEW=SLOW NONE=TRUE
Executing : def_port {mem_dm[1]} LOC=F7 VCCIO=1.5 IOSTANDARD=HSTL15_I DRIVE=8 SLEW=SLOW NONE=TRUE successfully
Executing : def_port {mem_dm[2]} LOC=D5 VCCIO=1.5 IOSTANDARD=HSTL15_I DRIVE=8 SLEW=SLOW NONE=TRUE
Executing : def_port {mem_dm[2]} LOC=D5 VCCIO=1.5 IOSTANDARD=HSTL15_I DRIVE=8 SLEW=SLOW NONE=TRUE successfully
Executing : def_port {mem_dm[3]} LOC=E2 VCCIO=1.5 IOSTANDARD=HSTL15_I DRIVE=8 SLEW=SLOW NONE=TRUE
Executing : def_port {mem_dm[3]} LOC=E2 VCCIO=1.5 IOSTANDARD=HSTL15_I DRIVE=8 SLEW=SLOW NONE=TRUE successfully
Executing : def_port {mem_odt} LOC=H2 VCCIO=1.5 IOSTANDARD=HSTL15_I DRIVE=8 SLEW=SLOW NONE=TRUE
Executing : def_port {mem_odt} LOC=H2 VCCIO=1.5 IOSTANDARD=HSTL15_I DRIVE=8 SLEW=SLOW NONE=TRUE successfully
Executing : def_port {mem_ras_n} LOC=P6 VCCIO=1.5 IOSTANDARD=HSTL15_I DRIVE=8 SLEW=SLOW NONE=TRUE
Executing : def_port {mem_ras_n} LOC=P6 VCCIO=1.5 IOSTANDARD=HSTL15_I DRIVE=8 SLEW=SLOW NONE=TRUE successfully
Executing : def_port {mem_rst_n} LOC=H1 VCCIO=1.5 IOSTANDARD=HSTL15_I DRIVE=8 SLEW=SLOW NONE=TRUE
Executing : def_port {mem_rst_n} LOC=H1 VCCIO=1.5 IOSTANDARD=HSTL15_I DRIVE=8 SLEW=SLOW NONE=TRUE successfully
Executing : def_port {mem_we_n} LOC=T8 VCCIO=1.5 IOSTANDARD=HSTL15_I DRIVE=8 SLEW=SLOW NONE=TRUE
Executing : def_port {mem_we_n} LOC=T8 VCCIO=1.5 IOSTANDARD=HSTL15_I DRIVE=8 SLEW=SLOW NONE=TRUE successfully
Executing : def_port {JTAG_TCK} LOC=M24 VCCIO=3.3 IOSTANDARD=LVCMOS33 NONE=TRUE
C: ConstraintEditor-2002: [F:/SocFpga/project/device_map/Hfpga_soc.pcf(line number: 119)] | Port JTAG_TCK has been placed at location M24, whose type is share pin.
Executing : def_port {JTAG_TCK} LOC=M24 VCCIO=3.3 IOSTANDARD=LVCMOS33 NONE=TRUE successfully
Executing : def_port {JTAG_TDI} LOC=R20 VCCIO=3.3 IOSTANDARD=LVCMOS33 NONE=TRUE
C: ConstraintEditor-2002: [F:/SocFpga/project/device_map/Hfpga_soc.pcf(line number: 120)] | Port JTAG_TDI has been placed at location R20, whose type is share pin.
Executing : def_port {JTAG_TDI} LOC=R20 VCCIO=3.3 IOSTANDARD=LVCMOS33 NONE=TRUE successfully
Executing : def_port {JTAG_TMS} LOC=P19 VCCIO=3.3 IOSTANDARD=LVCMOS33 NONE=TRUE
C: ConstraintEditor-2002: [F:/SocFpga/project/device_map/Hfpga_soc.pcf(line number: 121)] | Port JTAG_TMS has been placed at location P19, whose type is share pin.
Executing : def_port {JTAG_TMS} LOC=P19 VCCIO=3.3 IOSTANDARD=LVCMOS33 NONE=TRUE successfully
Executing : def_port {cam1_data[0]} LOC=T14 VCCIO=3.3 IOSTANDARD=LVCMOS33
C: ConstraintEditor-2001: [F:/SocFpga/project/device_map/Hfpga_soc.pcf(line number: 122)] Object 'cam1_data[0]' is dangling, which has no connection. it will be ignored.
Executing : def_port {cam1_data[0]} LOC=T14 VCCIO=3.3 IOSTANDARD=LVCMOS33 failed
Executing : def_port {cam1_data[1]} LOC=U20 VCCIO=3.3 IOSTANDARD=LVCMOS33
C: ConstraintEditor-2001: [F:/SocFpga/project/device_map/Hfpga_soc.pcf(line number: 123)] Object 'cam1_data[1]' is dangling, which has no connection. it will be ignored.
Executing : def_port {cam1_data[1]} LOC=U20 VCCIO=3.3 IOSTANDARD=LVCMOS33 failed
Executing : def_port {cam1_data[2]} LOC=Y26 VCCIO=3.3 IOSTANDARD=LVCMOS33
C: ConstraintEditor-2001: [F:/SocFpga/project/device_map/Hfpga_soc.pcf(line number: 124)] Object 'cam1_data[2]' is dangling, which has no connection. it will be ignored.
Executing : def_port {cam1_data[2]} LOC=Y26 VCCIO=3.3 IOSTANDARD=LVCMOS33 failed
Executing : def_port {cam1_data[3]} LOC=W25 VCCIO=3.3 IOSTANDARD=LVCMOS33
C: ConstraintEditor-2001: [F:/SocFpga/project/device_map/Hfpga_soc.pcf(line number: 125)] Object 'cam1_data[3]' is dangling, which has no connection. it will be ignored.
Executing : def_port {cam1_data[3]} LOC=W25 VCCIO=3.3 IOSTANDARD=LVCMOS33 failed
Executing : def_port {cam1_data[4]} LOC=T15 VCCIO=3.3 IOSTANDARD=LVCMOS33
C: ConstraintEditor-2001: [F:/SocFpga/project/device_map/Hfpga_soc.pcf(line number: 126)] Object 'cam1_data[4]' is dangling, which has no connection. it will be ignored.
Executing : def_port {cam1_data[4]} LOC=T15 VCCIO=3.3 IOSTANDARD=LVCMOS33 failed
Executing : def_port {cam1_data[5]} LOC=Y21 VCCIO=3.3 IOSTANDARD=LVCMOS33
C: ConstraintEditor-2001: [F:/SocFpga/project/device_map/Hfpga_soc.pcf(line number: 127)] Object 'cam1_data[5]' is dangling, which has no connection. it will be ignored.
Executing : def_port {cam1_data[5]} LOC=Y21 VCCIO=3.3 IOSTANDARD=LVCMOS33 failed
Executing : def_port {cam1_data[6]} LOC=V18 VCCIO=3.3 IOSTANDARD=LVCMOS33
C: ConstraintEditor-2001: [F:/SocFpga/project/device_map/Hfpga_soc.pcf(line number: 128)] Object 'cam1_data[6]' is dangling, which has no connection. it will be ignored.
Executing : def_port {cam1_data[6]} LOC=V18 VCCIO=3.3 IOSTANDARD=LVCMOS33 failed
Executing : def_port {cam1_data[7]} LOC=V14 VCCIO=3.3 IOSTANDARD=LVCMOS33
C: ConstraintEditor-2001: [F:/SocFpga/project/device_map/Hfpga_soc.pcf(line number: 129)] Object 'cam1_data[7]' is dangling, which has no connection. it will be ignored.
Executing : def_port {cam1_data[7]} LOC=V14 VCCIO=3.3 IOSTANDARD=LVCMOS33 failed
Executing : def_port {cam1_href} LOC=W18 VCCIO=3.3 IOSTANDARD=LVCMOS33
C: ConstraintEditor-2001: [F:/SocFpga/project/device_map/Hfpga_soc.pcf(line number: 130)] Object 'cam1_href' is dangling, which has no connection. it will be ignored.
Executing : def_port {cam1_href} LOC=W18 VCCIO=3.3 IOSTANDARD=LVCMOS33 failed
Executing : def_port {cam1_pclk} LOC=Y22 VCCIO=3.3 IOSTANDARD=LVCMOS33
C: ConstraintEditor-2001: [F:/SocFpga/project/device_map/Hfpga_soc.pcf(line number: 131)] Object 'cam1_pclk' is dangling, which has no connection. it will be ignored.
Executing : def_port {cam1_pclk} LOC=Y22 VCCIO=3.3 IOSTANDARD=LVCMOS33 failed
Executing : def_port {cam1_vsync} LOC=Y23 VCCIO=3.3 IOSTANDARD=LVCMOS33
C: ConstraintEditor-2001: [F:/SocFpga/project/device_map/Hfpga_soc.pcf(line number: 132)] Object 'cam1_vsync' is dangling, which has no connection. it will be ignored.
Executing : def_port {cam1_vsync} LOC=Y23 VCCIO=3.3 IOSTANDARD=LVCMOS33 failed
Executing : def_port {cam2_data0} LOC=V21 VCCIO=3.3 IOSTANDARD=LVCMOS33
C: ConstraintEditor-2001: [F:/SocFpga/project/device_map/Hfpga_soc.pcf(line number: 133)] Object 'cam2_data0' is dangling, which has no connection. it will be ignored.
Executing : def_port {cam2_data0} LOC=V21 VCCIO=3.3 IOSTANDARD=LVCMOS33 failed
Executing : def_port {cam2_data3} LOC=V19 VCCIO=3.3 IOSTANDARD=LVCMOS33
C: ConstraintEditor-2001: [F:/SocFpga/project/device_map/Hfpga_soc.pcf(line number: 134)] Object 'cam2_data3' is dangling, which has no connection. it will be ignored.
Executing : def_port {cam2_data3} LOC=V19 VCCIO=3.3 IOSTANDARD=LVCMOS33 failed
Executing : def_port {cam2_data_hi[0]} LOC=AA23 VCCIO=3.3 IOSTANDARD=LVCMOS33
C: ConstraintEditor-2001: [F:/SocFpga/project/device_map/Hfpga_soc.pcf(line number: 135)] Object 'cam2_data_hi[0]' is dangling, which has no connection. it will be ignored.
Executing : def_port {cam2_data_hi[0]} LOC=AA23 VCCIO=3.3 IOSTANDARD=LVCMOS33 failed
Executing : def_port {cam2_data_hi[1]} LOC=T17 VCCIO=3.3 IOSTANDARD=LVCMOS33
C: ConstraintEditor-2001: [F:/SocFpga/project/device_map/Hfpga_soc.pcf(line number: 136)] Object 'cam2_data_hi[1]' is dangling, which has no connection. it will be ignored.
Executing : def_port {cam2_data_hi[1]} LOC=T17 VCCIO=3.3 IOSTANDARD=LVCMOS33 failed
Executing : def_port {cam2_data_hi[2]} LOC=T18 VCCIO=3.3 IOSTANDARD=LVCMOS33
C: ConstraintEditor-2001: [F:/SocFpga/project/device_map/Hfpga_soc.pcf(line number: 137)] Object 'cam2_data_hi[2]' is dangling, which has no connection. it will be ignored.
Executing : def_port {cam2_data_hi[2]} LOC=T18 VCCIO=3.3 IOSTANDARD=LVCMOS33 failed
Executing : def_port {cam2_href} LOC=W23 VCCIO=3.3 IOSTANDARD=LVCMOS33
C: ConstraintEditor-2001: [F:/SocFpga/project/device_map/Hfpga_soc.pcf(line number: 138)] Object 'cam2_href' is dangling, which has no connection. it will be ignored.
Executing : def_port {cam2_href} LOC=W23 VCCIO=3.3 IOSTANDARD=LVCMOS33 failed
Executing : def_port {cam2_pclk} LOC=U21 VCCIO=3.3 IOSTANDARD=LVCMOS33
C: ConstraintEditor-2001: [F:/SocFpga/project/device_map/Hfpga_soc.pcf(line number: 139)] Object 'cam2_pclk' is dangling, which has no connection. it will be ignored.
Executing : def_port {cam2_pclk} LOC=U21 VCCIO=3.3 IOSTANDARD=LVCMOS33 failed
Executing : def_port {cam2_vsync} LOC=V23 VCCIO=3.3 IOSTANDARD=LVCMOS33
C: ConstraintEditor-2001: [F:/SocFpga/project/device_map/Hfpga_soc.pcf(line number: 140)] Object 'cam2_vsync' is dangling, which has no connection. it will be ignored.
Executing : def_port {cam2_vsync} LOC=V23 VCCIO=3.3 IOSTANDARD=LVCMOS33 failed
Executing : def_port {clk} LOC=D18 VCCIO=3.3 IOSTANDARD=LVCMOS33
Executing : def_port {clk} LOC=D18 VCCIO=3.3 IOSTANDARD=LVCMOS33 successfully
Executing : def_port {clk_n} LOC=N2 VCCIO=1.5 IOSTANDARD=HSTL15D_I NONE=TRUE
C: ConstraintEditor-2001: [F:/SocFpga/project/device_map/Hfpga_soc.pcf(line number: 142)] Object 'clk_n' is dangling, which has no connection. it will be ignored.
Executing : def_port {clk_n} LOC=N2 VCCIO=1.5 IOSTANDARD=HSTL15D_I NONE=TRUE failed
Executing : def_port {clk_p} LOC=N3 VCCIO=1.5 IOSTANDARD=HSTL15D_I NONE=TRUE
C: ConstraintEditor-2001: [F:/SocFpga/project/device_map/Hfpga_soc.pcf(line number: 143)] Object 'clk_p' is dangling, which has no connection. it will be ignored.
Executing : def_port {clk_p} LOC=N3 VCCIO=1.5 IOSTANDARD=HSTL15D_I NONE=TRUE failed
Executing : def_port {flash_miso} LOC=R15 VCCIO=3.3 IOSTANDARD=LVCMOS33
C: ConstraintEditor-2002: [F:/SocFpga/project/device_map/Hfpga_soc.pcf(line number: 144)] | Port flash_miso has been placed at location R15, whose type is share pin.
Executing : def_port {flash_miso} LOC=R15 VCCIO=3.3 IOSTANDARD=LVCMOS33 successfully
Executing : def_port {hard_rst_n} LOC=C22 VCCIO=3.3 IOSTANDARD=LVCMOS33
Executing : def_port {hard_rst_n} LOC=C22 VCCIO=3.3 IOSTANDARD=LVCMOS33 successfully
Constraint check end.
I: Column Clock Check open.
Read Column Clock Map.

Placement started.
Phase 1 Pre global placement started.
Mapping instance GRS_INST/grs_ccs to CCS_75_622.
Mapping instance g_bram_profile.u_bram_profile/u_pll/u_gpll/gpll_inst to GPLL_7_1381.
Phase 1.1 1st GP placement started.
Design Utilization : 3%.
Build SRB system takes 0.50 sec.
Wirelength after clock region global placement is 74394 and checksum is 860235C9D3B1CE1D.
1st GP placement takes 0.78 sec.

Phase 1.2 Clock placement started.
Mapping instance clkbufg_0/gopclkbufg to USCM_383_930.
C: Place-2028: GLOBAL_CLOCK: the driver g_bram_profile.u_bram_profile/u_jtag_tck_buf/opit_1 fixed at IOLHR_16_798 is unreasonable. Sub-optimal placement for a clock source and a clock buffer.
Mapping instance clkbufg_1/gopclkbufg to USCM_383_882.
Clock placement takes 0.00 sec.

Wirelength after Pre Global Placement is 74394 and checksum is 860235C9D3B1CE1D.
Pre global placement takes 0.92 sec.

Phase 2 Global placement started.
Phase 2.1 Fixed placement started.
First map gop timing takes 0.14 sec
Init coarse delay table.
Read place coarse delay table takes 0.20 sec.
Placed fixed group with base inst JTAG_TDI_ibuf/opit_1 on IOLHR_16_696.
Placed fixed group with base inst JTAG_TDO_obuf/opit_1 on IOLHR_16_660.
Placed fixed group with base inst JTAG_TMS_ibuf/opit_1 on IOLHR_16_720.
Placed fixed group with base inst cam1_reset_n_obuf/opit_1 on IOLHR_16_426.
Placed fixed group with base inst cam2_reset_n_obuf/opit_1 on IOLHR_16_408.
Placed fixed group with base inst clk_ibuf/opit_1 on IOLHR_16_1386.
Placed fixed group with base inst core_active_obuf/opit_1 on IOLHR_16_1338.
Placed fixed group with base inst flash_cs2_n_obuf/opit_1 on IOLHR_16_936.
Placed fixed group with base inst flash_cs_n_obuf/opit_1 on IOLHR_16_846.
Placed fixed group with base inst flash_hold_n_obuf/opit_1 on IOLHR_16_888.
Placed fixed group with base inst flash_miso_ibuf/opit_1 on IOLHR_16_900.
Placed fixed group with base inst flash_mosi_obuf/opit_1 on IOLHR_16_906.
Placed fixed group with base inst flash_wp_n_obuf/opit_1 on IOLHR_16_894.
Placed fixed group with base inst g_bram_profile.u_bram_profile.cam1_scl_tri/opit_1 on IOLHR_16_438.
Placed fixed group with base inst g_bram_profile.u_bram_profile.cam1_sda_tri/opit_1 on IOLHR_16_330.
Placed fixed group with base inst g_bram_profile.u_bram_profile.cam2_scl_tri/opit_1 on IOLHR_16_384.
Placed fixed group with base inst g_bram_profile.u_bram_profile.cam2_sda_tri/opit_1 on IOLHR_16_318.
Placed fixed group with base inst g_bram_profile.u_bram_profile.mem_dq_tri[0]/opit_1 on IOLHR_724_1080.
Placed fixed group with base inst g_bram_profile.u_bram_profile.mem_dq_tri[1]/opit_1 on IOLHR_724_1140.
Placed fixed group with base inst g_bram_profile.u_bram_profile.mem_dq_tri[2]/opit_1 on IOLHR_724_1074.
Placed fixed group with base inst g_bram_profile.u_bram_profile.mem_dq_tri[3]/opit_1 on IOLHR_724_1128.
Placed fixed group with base inst g_bram_profile.u_bram_profile.mem_dq_tri[4]/opit_1 on IOLHR_724_1092.
Placed fixed group with base inst g_bram_profile.u_bram_profile.mem_dq_tri[5]/opit_1 on IOLHR_724_1104.
Placed fixed group with base inst g_bram_profile.u_bram_profile.mem_dq_tri[6]/opit_1 on IOLHR_724_1086.
Placed fixed group with base inst g_bram_profile.u_bram_profile.mem_dq_tri[7]/opit_1 on IOLHR_724_1134.
Placed fixed group with base inst g_bram_profile.u_bram_profile.mem_dq_tri[8]/opit_1 on IOLHR_724_1164.
Placed fixed group with base inst g_bram_profile.u_bram_profile.mem_dq_tri[9]/opit_1 on IOLHR_724_1176.
Placed fixed group with base inst g_bram_profile.u_bram_profile.mem_dq_tri[10]/opit_1 on IOLHR_724_1200.
Placed fixed group with base inst g_bram_profile.u_bram_profile.mem_dq_tri[11]/opit_1 on IOLHR_724_1206.
Placed fixed group with base inst g_bram_profile.u_bram_profile.mem_dq_tri[12]/opit_1 on IOLHR_724_1194.
Placed fixed group with base inst g_bram_profile.u_bram_profile.mem_dq_tri[13]/opit_1 on IOLHR_724_1212.
Placed fixed group with base inst g_bram_profile.u_bram_profile.mem_dq_tri[14]/opit_1 on IOLHR_724_1152.
Placed fixed group with base inst g_bram_profile.u_bram_profile.mem_dq_tri[15]/opit_1 on IOLHR_724_1158.
Placed fixed group with base inst g_bram_profile.u_bram_profile.mem_dq_tri[16]/opit_1 on IOLHR_724_1044.
Placed fixed group with base inst g_bram_profile.u_bram_profile.mem_dq_tri[17]/opit_1 on IOLHR_724_1050.
Placed fixed group with base inst g_bram_profile.u_bram_profile.mem_dq_tri[18]/opit_1 on IOLHR_724_1020.
Placed fixed group with base inst g_bram_profile.u_bram_profile.mem_dq_tri[19]/opit_1 on IOLHR_724_996.
Placed fixed group with base inst g_bram_profile.u_bram_profile.mem_dq_tri[20]/opit_1 on IOLHR_724_1008.
Placed fixed group with base inst g_bram_profile.u_bram_profile.mem_dq_tri[21]/opit_1 on IOLHR_724_1002.
Placed fixed group with base inst g_bram_profile.u_bram_profile.mem_dq_tri[22]/opit_1 on IOLHR_724_1026.
Placed fixed group with base inst g_bram_profile.u_bram_profile.mem_dq_tri[23]/opit_1 on IOLHR_724_1014.
Placed fixed group with base inst g_bram_profile.u_bram_profile.mem_dq_tri[24]/opit_1 on IOLHR_724_954.
Placed fixed group with base inst g_bram_profile.u_bram_profile.mem_dq_tri[25]/opit_1 on IOLHR_724_936.
Placed fixed group with base inst g_bram_profile.u_bram_profile.mem_dq_tri[26]/opit_1 on IOLHR_724_924.
Placed fixed group with base inst g_bram_profile.u_bram_profile.mem_dq_tri[27]/opit_1 on IOLHR_724_972.
Placed fixed group with base inst g_bram_profile.u_bram_profile.mem_dq_tri[28]/opit_1 on IOLHR_724_942.
Placed fixed group with base inst g_bram_profile.u_bram_profile.mem_dq_tri[29]/opit_1 on IOLHR_724_978.
Placed fixed group with base inst g_bram_profile.u_bram_profile.mem_dq_tri[30]/opit_1 on IOLHR_724_930.
Placed fixed group with base inst g_bram_profile.u_bram_profile.mem_dq_tri[31]/opit_1 on IOLHR_724_990.
Placed fixed group with base inst g_bram_profile.u_bram_profile.mem_dqs_n_tri[0]/opit_1 on IOLHR_724_1110.
Placed fixed group with base inst g_bram_profile.u_bram_profile.mem_dqs_n_tri[1]/opit_1 on IOLHR_724_1182.
Placed fixed group with base inst g_bram_profile.u_bram_profile.mem_dqs_n_tri[2]/opit_1 on IOLHR_724_1032.
Placed fixed group with base inst g_bram_profile.u_bram_profile.mem_dqs_n_tri[3]/opit_1 on IOLHR_724_960.
Placed fixed group with base inst g_bram_profile.u_bram_profile.mem_dqs_tri[0]/opit_1 on IOLHR_724_1116.
Placed fixed group with base inst g_bram_profile.u_bram_profile.mem_dqs_tri[1]/opit_1 on IOLHR_724_1188.
Placed fixed group with base inst g_bram_profile.u_bram_profile.mem_dqs_tri[2]/opit_1 on IOLHR_724_1038.
Placed fixed group with base inst g_bram_profile.u_bram_profile.mem_dqs_tri[3]/opit_1 on IOLHR_724_966.
Placed fixed group with base inst g_bram_profile.u_bram_profile.u_fpioa.fpioa_tri[0]/opit_1 on IOLHR_16_1248.
Placed fixed group with base inst g_bram_profile.u_bram_profile.u_fpioa.fpioa_tri[1]/opit_1 on IOLHR_16_1242.
Placed fixed group with base inst g_bram_profile.u_bram_profile.u_fpioa.fpioa_tri[2]/opit_1 on IOLHR_16_636.
Placed fixed group with base inst g_bram_profile.u_bram_profile.u_fpioa.fpioa_tri[3]/opit_1 on IOLHR_16_834.
Placed fixed group with base inst g_bram_profile.u_bram_profile.u_fpioa.fpioa_tri[4]/opit_1 on IOLHR_16_786.
Placed fixed group with base inst g_bram_profile.u_bram_profile.u_fpioa.fpioa_tri[5]/opit_1 on IOLHR_16_552.
Placed fixed group with base inst g_bram_profile.u_bram_profile.u_fpioa.fpioa_tri[6]/opit_1 on IOLHR_16_528.
Placed fixed group with base inst g_bram_profile.u_bram_profile.u_fpioa.fpioa_tri[7]/opit_1 on IOLHR_16_504.
Placed fixed group with base inst g_bram_profile.u_bram_profile.u_fpioa.fpioa_tri[8]/opit_1 on IOLHR_16_1362.
Placed fixed group with base inst g_bram_profile.u_bram_profile.u_fpioa.fpioa_tri[9]/opit_1 on IOLHR_16_1380.
Placed fixed group with base inst g_bram_profile.u_bram_profile.u_fpioa.fpioa_tri[10]/opit_1 on IOLHR_16_1392.
Placed fixed group with base inst g_bram_profile.u_bram_profile.u_fpioa.fpioa_tri[11]/opit_1 on IOLHR_16_1422.
Placed fixed group with base inst g_bram_profile.u_bram_profile.u_fpioa.fpioa_tri[12]/opit_1 on IOLHR_16_1290.
Placed fixed group with base inst g_bram_profile.u_bram_profile.u_fpioa.fpioa_tri[13]/opit_1 on IOLHR_16_1320.
Placed fixed group with base inst g_bram_profile.u_bram_profile.u_fpioa.fpioa_tri[14]/opit_1 on IOLHR_16_1314.
Placed fixed group with base inst g_bram_profile.u_bram_profile.u_fpioa.fpioa_tri[15]/opit_1 on IOLHR_16_1344.
Placed fixed group with base inst g_bram_profile.u_bram_profile.u_fpioa.fpioa_tri[16]/opit_1 on IOLHR_16_780.
Placed fixed group with base inst g_bram_profile.u_bram_profile.u_fpioa.fpioa_tri[17]/opit_1 on IOLHR_16_546.
Placed fixed group with base inst g_bram_profile.u_bram_profile.u_fpioa.fpioa_tri[18]/opit_1 on IOLHR_16_522.
Placed fixed group with base inst g_bram_profile.u_bram_profile.u_fpioa.fpioa_tri[19]/opit_1 on IOLHR_16_498.
Placed fixed group with base inst g_bram_profile.u_bram_profile.u_fpioa.fpioa_tri[20]/opit_1 on IOLHR_16_618.
Placed fixed group with base inst g_bram_profile.u_bram_profile.u_fpioa.fpioa_tri[21]/opit_1 on IOLHR_16_624.
Placed fixed group with base inst g_bram_profile.u_bram_profile.u_fpioa.fpioa_tri[22]/opit_1 on IOLHR_16_642.
Placed fixed group with base inst g_bram_profile.u_bram_profile.u_fpioa.fpioa_tri[23]/opit_1 on IOLHR_16_648.
Placed fixed group with base inst g_bram_profile.u_bram_profile.u_fpioa.fpioa_tri[24]/opit_1 on IOLHR_16_666.
Placed fixed group with base inst g_bram_profile.u_bram_profile.u_fpioa.fpioa_tri[25]/opit_1 on IOLHR_16_672.
Placed fixed group with base inst g_bram_profile.u_bram_profile.u_fpioa.fpioa_tri[26]/opit_1 on IOLHR_16_768.
Placed fixed group with base inst g_bram_profile.u_bram_profile.u_fpioa.fpioa_tri[27]/opit_1 on IOLHR_16_774.
Placed fixed group with base inst g_bram_profile.u_bram_profile.u_fpioa.fpioa_tri[28]/opit_1 on IOLHR_16_594.
Placed fixed group with base inst g_bram_profile.u_bram_profile.u_fpioa.fpioa_tri[29]/opit_1 on IOLHR_16_600.
Placed fixed group with base inst g_bram_profile.u_bram_profile.u_fpioa.fpioa_tri[30]/opit_1 on IOLHR_16_570.
Placed fixed group with base inst g_bram_profile.u_bram_profile.u_fpioa.fpioa_tri[31]/opit_1 on IOLHR_16_576.
Placed fixed group with base inst g_bram_profile.u_bram_profile/u_jtag_tck_buf/opit_1 on IOLHR_16_798.
Placed fixed group with base inst hard_rst_n_ibuf/opit_1 on IOLHR_16_1296.
Placed fixed group with base inst mem_a_obuf[0]/opit_1 on IOLHR_724_828.
Placed fixed group with base inst mem_a_obuf[1]/opit_1 on IOLHR_724_822.
Placed fixed group with base inst mem_a_obuf[2]/opit_1 on IOLHR_724_780.
Placed fixed group with base inst mem_a_obuf[3]/opit_1 on IOLHR_724_750.
Placed fixed group with base inst mem_a_obuf[4]/opit_1 on IOLHR_724_708.
Placed fixed group with base inst mem_a_obuf[5]/opit_1 on IOLHR_724_804.
Placed fixed group with base inst mem_a_obuf[6]/opit_1 on IOLHR_724_690.
Placed fixed group with base inst mem_a_obuf[7]/opit_1 on IOLHR_724_834.
Placed fixed group with base inst mem_a_obuf[8]/opit_1 on IOLHR_724_696.
Placed fixed group with base inst mem_a_obuf[9]/opit_1 on IOLHR_724_816.
Placed fixed group with base inst mem_a_obuf[10]/opit_1 on IOLHR_724_714.
Placed fixed group with base inst mem_a_obuf[11]/opit_1 on IOLHR_724_726.
Placed fixed group with base inst mem_a_obuf[12]/opit_1 on IOLHR_724_720.
Placed fixed group with base inst mem_a_obuf[13]/opit_1 on IOLHR_724_786.
Placed fixed group with base inst mem_a_obuf[14]/opit_1 on IOLHR_724_810.
Placed fixed group with base inst mem_ba_obuf[0]/opit_1 on IOLHR_724_744.
Placed fixed group with base inst mem_ba_obuf[1]/opit_1 on IOLHR_724_702.
Placed fixed group with base inst mem_ba_obuf[2]/opit_1 on IOLHR_724_672.
Placed fixed group with base inst mem_cas_n_obuf/opit_1 on IOLHR_724_618.
Placed fixed group with base inst mem_ck_n_obuf/opit_1 on IOLHR_724_654.
Placed fixed group with base inst mem_ck_obuf/opit_1 on IOLHR_724_660.
Placed fixed group with base inst mem_cke_obuf/opit_1 on IOLHR_724_732.
Placed fixed group with base inst mem_cs_n_obuf/opit_1 on IOLHR_724_738.
Placed fixed group with base inst mem_dm_obuf[0]/opit_1 on IOLHR_724_1098.
Placed fixed group with base inst mem_dm_obuf[1]/opit_1 on IOLHR_724_1170.
Placed fixed group with base inst mem_dm_obuf[2]/opit_1 on IOLHR_724_1056.
Placed fixed group with base inst mem_dm_obuf[3]/opit_1 on IOLHR_724_948.
Placed fixed group with base inst mem_odt_obuf/opit_1 on IOLHR_724_798.
Placed fixed group with base inst mem_ras_n_obuf/opit_1 on IOLHR_724_684.
Placed fixed group with base inst mem_rst_n_obuf/opit_1 on IOLHR_724_792.
Placed fixed group with base inst mem_we_n_obuf/opit_1 on IOLHR_724_624.
Placed fixed instance GRS_INST/grs_ccs on CCS_75_622.
Placed fixed instance clkbufg_0/gopclkbufg on USCM_383_930.
Placed fixed instance clkbufg_1/gopclkbufg on USCM_383_882.
Placed fixed instance g_bram_profile.u_bram_profile/u_pll/u_gpll/gpll_inst on GPLL_7_1381.
Placed fixed instance BKCL_auto_0 on BKCL_1_1258.
Placed fixed instance BKCL_auto_1 on BKCL_1_952.
Placed fixed instance BKCL_auto_2 on BKCL_1_646.
Placed fixed instance BKCL_auto_3 on BKCL_1_340.
Placed fixed instance BKCL_auto_4 on BKCL_733_952.
Placed fixed instance BKCL_auto_5 on BKCL_733_646.
Fixed placement takes 0.55 sec.

Phase 2.2 Process placement started.
Process placement takes 0.00 sec.

Phase 2.3 IO placement started.
IO placement takes 0.02 sec.

PBM start.
Total cost after SA planning is 16409.800000.
SA total time: 1286 msec
PBM of GP end, takes 0.34 sec.
Phase 2.4 2nd GP placement started.
Run super clustering :
	Initial slack -11396.
	21 iterations finished.
	Final slack -3252.
Super clustering done.
Design Utilization : 3%.
I: GP end with result: density(0.003352)
Worst slack after global placement is 1187
2nd GP placement takes 2.11 sec.

Wirelength after global placement is 93268 and checksum is E9059BD190543B9C.
Global placement takes 3.02 sec.

Phase 3 Post global placement started.
Phase 3.1 Macro cell placement started.
I: Process macros using "Global".
Wirelength after macro cell placement is 95798 and checksum is 4E06AB289F14F2ED.
Macro cell placement takes 0.16 sec.

PBM start.
PBM of PostGP end, takes 0.00 sec.
Phase 3.2 3rd GP placement started.
Design Utilization : 3%.
I: GP end with result: density(0.001177)
Worst slack after post global placement is 970
3rd GP placement takes 0.70 sec.

Wirelength after post global placement is 86859 and checksum is C2D4E8E2258542D0.
Packing LUT6D started.
I: LUT6D pack result: There are 1926 LUT6 in collection, pack success:117
Packing LUT6D takes 0.19 sec.
Post global placement takes 1.06 sec.

Phase 4 Legalization started.
The average distance in LP is 0.356379.
Wirelength after legalization is 93660 and checksum is BD58B72460948AE7.
Legalization takes 0.08 sec.

Phase 5 Timing-driven detailed placement started.
Phase 5.1 Replication placement started.
Worst slack before Replication Place is 568.
Replication placement takes 0.06 sec.

Wirelength after replication placement is 93660 and checksum is BD58B72460948AE7.
Phase 5.2 Swapping placement started.
Worst slack before detailed placement is 568, TNS before detailed placement is 0. 
Cost at Swap iteration 0 : 568, wslk 568, tns 0, takes 0.12 sec.
    wire length at Swap iteration 0 : last 93546.00, curr 93458.00, change rate -0.09%
Cost at DP iteration 0 : 568, wslk 1450, tns 0, takes 0.09 sec.
    wire length at DP iteration 0 : last 93458.00, curr 95537.00, change rate 2.22%
Worst slack after detailed placement is 1450, TNS after detailed placement is 0. 
Swapping placement takes 0.27 sec.

Wirelength after detailed placement is 95648 and checksum is 63A5B2F4A8CBDFC1.
Timing-driven detailed placement takes 0.33 sec.

Worst slack is 1428, TNS after placement is 0.
Placement done.
Total placement takes 5.70 sec.
Finished placement.

Routing started.
Build routing arch for double attribute device.
Enter timing driven router mode.
Route thread size: 5
Building routing graph takes 8.62 sec.
Init coarse delay table.
Read place coarse delay table takes 0.27 sec.
Build SRB system takes 0.67 sec.
Setup STE netlist take 4482 msec.
Dispose control chain take 171 msec.
Collect const net info take 147 msec.
Worst slack is 1428, TNS before route is 0.
Total nets for routing: 7626.
Total loads for routing: 36791.
Direct connect net size: 1778
Build all design net take 318 msec.
Processing design graph takes 5.12 sec.
Delay table total memory: 72.73952103 MB
Route graph total memory: 320.99763584 MB
Route design total memory: 12.98876190 MB
Global routing takes 0.00 sec.
Total 7624 subnets.
Unrouted clock nets at iteration 0 (0.245 sec): 0
Total route nets size: 7619
Pre route takes 2.547 sec
Unrouted general nets at iteration 2 (MT total route time: 1.443 sec): 6712(overused: 46272)
Unrouted general nets at iteration 3 (MT total route time: 1.409 sec): 5989(overused: 35845)
Unrouted general nets at iteration 4 (MT total route time: 1.247 sec): 5177(overused: 26784)
Unrouted general nets at iteration 5 (MT total route time: 1.061 sec): 4504(overused: 20079)
Unrouted general nets at iteration 6 (MT total route time: 0.923 sec): 4046(overused: 15941)
Unrouted general nets at iteration 7 (MT total route time: 0.798 sec): 3327(overused: 13879)
Unrouted general nets at iteration 8 (MT total route time: 0.748 sec): 2830(overused: 11200)
Unrouted general nets at iteration 9 (MT total route time: 0.696 sec): 2321(overused: 8795)
Unrouted general nets at iteration 10 (MT total route time: 0.642 sec): 2008(overused: 7185)
Unrouted general nets at iteration 11 (MT total route time: 0.562 sec): 1687(overused: 5431)
Unrouted general nets at iteration 12 (MT total route time: 0.502 sec): 1443(overused: 4548)
Unrouted general nets at iteration 13 (MT total route time: 0.377 sec): 1285(overused: 3802)
Unrouted general nets at iteration 14 (MT total route time: 0.337 sec): 1107(overused: 3007)
Unrouted general nets at iteration 15 (MT total route time: 0.327 sec): 959(overused: 2653)
Unrouted general nets at iteration 16 (MT total route time: 0.259 sec): 817(overused: 2101)
Unrouted general nets at iteration 17 (MT total route time: 0.223 sec): 727(overused: 1768)
Unrouted general nets at iteration 18 (MT total route time: 0.189 sec): 652(overused: 1349)
Unrouted general nets at iteration 19 (MT total route time: 0.181 sec): 534(overused: 1201)
Unrouted general nets at iteration 20 (MT total route time: 0.147 sec): 414(overused: 864)
Unrouted general nets at iteration 21 (MT total route time: 0.122 sec): 373(overused: 760)
Unrouted general nets at iteration 22 (MT total route time: 0.097 sec): 307(overused: 553)
Unrouted general nets at iteration 23 (MT total route time: 0.091 sec): 257(overused: 446)
Unrouted general nets at iteration 24 (MT total route time: 0.074 sec): 229(overused: 402)
Unrouted general nets at iteration 25 (MT total route time: 0.084 sec): 233(overused: 510)
Unrouted general nets at iteration 26 (MT total route time: 0.082 sec): 248(overused: 502)
Unrouted general nets at iteration 27 (MT total route time: 0.071 sec): 221(overused: 432)
Unrouted general nets at iteration 28 (MT total route time: 0.068 sec): 178(overused: 366)
Unrouted general nets at iteration 29 (MT total route time: 0.061 sec): 161(overused: 301)
Unrouted general nets at iteration 30 (MT total route time: 0.053 sec): 109(overused: 188)
Unrouted general nets at iteration 31 (MT total route time: 0.042 sec): 66(overused: 114)
Unrouted general nets at iteration 32 (MT total route time: 0.033 sec): 45(overused: 74)
Unrouted general nets at iteration 33 (MT total route time: 0.032 sec): 47(overused: 77)
Unrouted general nets at iteration 34 (MT total route time: 0.032 sec): 34(overused: 56)
Unrouted general nets at iteration 35 (MT total route time: 0.027 sec): 27(overused: 46)
Unrouted general nets at iteration 36 (MT total route time: 0.026 sec): 18(overused: 36)
Unrouted general nets at iteration 37 (MT total route time: 0.025 sec): 14(overused: 22)
Unrouted general nets at iteration 38 (MT total route time: 0.026 sec): 12(overused: 28)
Unrouted general nets at iteration 39 (MT total route time: 0.025 sec): 10(overused: 16)
Unrouted general nets at iteration 40 (MT total route time: 0.026 sec): 6(overused: 12)
Unrouted general nets at iteration 41 (MT total route time: 0.022 sec): 6(overused: 16)
Unrouted general nets at iteration 42 (MT total route time: 0.022 sec): 2(overused: 4)
Unrouted general nets at iteration 43 (MT total route time: 0.020 sec): 0(overused: 0)
----General net take 0.021 sec(route net take 0.010 sec, inc cost take 0.011 sec, iter times: 1)
----const net route take 0.026 sec
Unrouted nets at iteration 44 (0.048 sec): 0
Detailed routing takes 19.76 sec.
I: Design net g_bram_profile.u_bram_profile/JTAG_TCK_in is routed by general path.
C: Route-2036: The clock path from g_bram_profile.u_bram_profile/u_jtag_tck_buf/opit_1:DI_TO_CLK to clkbufg_1/gopclkbufg:CLK is routed by SRB.
I: Design net g_bram_profile.u_bram_profile/flash_spi_sck is routed by general path.
C: Route-2036: The clock path from g_bram_profile.u_bram_profile/u_flash_bram_boot/u_flash_reader/spi_sck/opit_0_inv_L6QL5Q:L5Q to GRS_INST/grs_ccs:UMCLK is routed by SRB.
I: Design net ntclkbufg_1 is routed by general path.
C: Route-2036: The clock path from clkbufg_1/gopclkbufg:CLKOUT to g_bram_profile.u_bram_profile/u_jtag/u_jtag_driver/dm_resp_data[39]/opit_0_inv:CLK is routed by SRB.
Fix violation Finished.
No hold violation.
Hold Violation Fix in router takes 2.52 sec.
Sort Original Nets take 0.005 sec
Build solution node for device pins which were mapped to more than one design pin take 0.016 sec
Total net: 7626, route succeed net: 7626
Generate routing result take 0.015 sec
Handle PERMUX permutation take 0.303 sec
Handle const net take 0.016 sec
Handle route through take 0.004 sec
Handle loads' routing node take 0.054 sec
Used SRB routing arc is 90717.
Finish routing takes 0.55 sec.
Total routing takes 38.90 sec.


Device Utilization Summary :
+------------------------------------------------------------------------------------+
| Logic Utilization                 | Used     | Available     | Utilization(%)     
+------------------------------------------------------------------------------------+
| Use of ADC                        | 0        | 1             | 0                  
| Use of ANALOG                     | 0        | 1             | 0                  
| Use of APM                        | 4        | 740           | 1                  
| Use of BKCL                       | 6        | 10            | 60                 
| Use of CCS                        | 1        | 1             | 100                
| Use of CLMA                       | 1634     | 30075         | 6                  
|   FF                              | 3403     | 240600        | 2                  
|   LUT                             | 3617     | 120300        | 4                  
|   LUT-FF pairs                    | 986      | 120300        | 1                  
| Use of CLMS                       | 525      | 9875          | 6                  
|   FF                              | 1137     | 79000         | 2                  
|   LUT                             | 1251     | 39500         | 4                  
|   LUT-FF pairs                    | 330      | 39500         | 1                  
|   Distributed RAM                 | 0        | 39500         | 0                  
| Use of DDRPHY_CPD                 | 0        | 20            | 0                  
| Use of DDRPHY_IOCLK_DIV           | 0        | 10            | 0                  
| Use of DDR_PHY                    | 0        | 40            | 0                  
| Use of DRM                        | 20       | 415           | 5                  
| Use of GCLK_INBUF_SYN             | 0        | 40            | 0                  
| Use of GPLL                       | 1        | 10            | 10                 
| Use of GSEB                       | 0        | 512           | 0                  
| Use of HARD0                      | 452      | 25050         | 2                  
| Use of HCKB                       | 5        | 120           | 5                  
|  HCKB dataused                    | 0        | 120           | 0                  
| Use of HCKMUX_TEST                | 0        | 10            | 0                  
| Use of HSSTLP                     | 0        | 2             | 0                  
| Use of IO                         | 122      | 400           | 31                 
|   IOBD                            | 66       | 192           | 35                 
|   IOBS                            | 56       | 208           | 27                 
| Use of IOCKB                      | 0        | 40            | 0                  
| Use of IOCKMUX_TEST               | 0        | 10            | 0                  
| Use of IOLHR                      | 122      | 500           | 25                 
| Use of KEYRAM                     | 0        | 1             | 0                  
| Use of MFG_TEST                   | 0        | 1             | 0                  
| Use of MRCKB                      | 0        | 20            | 0                  
| Use of MRCKMUX_TEST               | 0        | 10            | 0                  
| Use of MRPOSTMUX_TEST             | 0        | 10            | 0                  
| Use of PCIE                       | 0        | 1             | 0                  
| Use of PCKMUX_TEST                | 0        | 20            | 0                  
| Use of PLLMRMUX_TEST              | 0        | 10            | 0                  
| Use of PLLREFMUX_TEST             | 0        | 10            | 0                  
| Use of POSTGMUXLR_TEST            | 0        | 4             | 0                  
| Use of PPLL                       | 0        | 10            | 0                  
| Use of PREGMUXC_TEST              | 0        | 3             | 0                  
| Use of PREGMUXC_X16_200H_TEST     | 0        | 4             | 0                  
| Use of PREGMUXLR_TEST             | 0        | 10            | 0                  
| Use of RCKB                       | 0        | 40            | 0                  
|  RCKB dataused                    | 0        | 40            | 0                  
| Use of RCKMUX_TEST                | 0        | 10            | 0                  
| Use of SCANCHAIN                  | 0        | 1             | 0                  
| Use of SCKMUX_TEST                | 0        | 20            | 0                  
| Use of SFB                        | 0        | 5075          | 0                  
| Use of SPAD                       | 0        | 8             | 0                  
| Use of TSERDES                    | 0        | 80            | 0                  
| Use of USCM                       | 2        | 32            | 7                  
|  USCM dataused                    | 0        | 32            | 0                  
| Use of USCMMUX_TEST               | 0        | 32            | 0                  
+------------------------------------------------------------------------------------+

Finished routing.
Design 'Hfpga_soc' has been placed and routed successfully.
Saving design to DB.
Finished placement and routing.
Action pnr: Real time elapsed is 0h:1m:39s
Action pnr: CPU time elapsed is 0h:0m:18s
Action pnr: Process CPU time elapsed is 0h:0m:22s
Current time: Tue Oct  6 18:15:39 2026
Action pnr: Peak memory pool usage is 3,047 MB
