#Build: Fabric Compiler 2022.2-SP6.4, Build 146967, Jan 31 01:39 2024
#Install: F:\PDS_2022.2-SP6.4\bin
#Application name: pds_shell.exe
#OS: Windows 10 10.0.22621
#Hostname: ZHAO-Zhenxiang
Generated by Fabric Compiler (version 2022.2-SP6.4 build 146967) at Sat Sep 26 20:39:54 2026
Compiling verification operator library.
Compiling common defs.
Compiling prim grid devices.
Compiling gate devices.
Compiling gate operators.
Building architecture model.
Loading device packaging model.
Reading design from DB.
Start Generating Programming File...
Reading design from DB takes 0.906250 sec.
Generating architecture configuration.
The bitstream file is "F:/SocFpga/project/generate_bitstream/Hfpga_soc.sbit"
Generate programming file takes 5.171875 sec.
Generating Programming File done.
Action gen_bit_stream: Real time elapsed is 0h:0m:36s
Action gen_bit_stream: CPU time elapsed is 0h:0m:8s
Action gen_bit_stream: Process CPU time elapsed is 0h:0m:8s
Current time: Sat Sep 26 20:40:28 2026
Action gen_bit_stream: Peak memory pool usage is 2,615 MB
