#Build: Fabric Compiler 2022.2-SP6.4, Build 146967, Jan 31 01:39 2024
#Install: F:\PDS_2022.2-SP6.4\bin
#Application name: pds_shell.exe
#OS: Windows 10 10.0.22621
#Hostname: ZHAO-Zhenxiang
Generated by Fabric Compiler (version 2022.2-SP6.4 build 146967) at Tue Oct  6 21:03:54 2026
Compiling verification operator library.
Compiling common defs.
Compiling prim grid devices.
Compiling gate devices.
Compiling gate operators.
Building architecture model.
Loading device packaging model.
Reading design from DB.
Start Generating Programming File...
Reading design from DB takes 1.406250 sec.
Generating architecture configuration.
The bitstream file is "F:/SocFpga/project/generate_bitstream/Hfpga_soc.sbit"
Generate programming file takes 5.984375 sec.
Generating Programming File done.
Action gen_bit_stream: Real time elapsed is 0h:0m:39s
Action gen_bit_stream: CPU time elapsed is 0h:0m:12s
Action gen_bit_stream: Process CPU time elapsed is 0h:0m:12s
Current time: Tue Oct  6 21:04:31 2026
Action gen_bit_stream: Peak memory pool usage is 2,693 MB
