#Build: Fabric Compiler 2022.2-SP6.4, Build 146967, Jan 31 01:39 2024
#Install: F:\PDS_2022.2-SP6.4\bin
#Application name: pds_shell.exe
#OS: Windows 10 10.0.22621
#Hostname: ZHAO-Zhenxiang
Generated by Fabric Compiler (version 2022.2-SP6.4 build 146967) at Tue Sep 29 21:14:07 2026
Compiling verification operator library.
Compiling common defs.
Compiling prim grid devices.
Compiling gate devices.
Compiling gate operators.
Building architecture model.
Loading device packaging model.
Reading design from DB.
Start Generating Programming File...
Reading design from DB takes 2.421875 sec.
Generating architecture configuration.
The bitstream file is "F:/SocFpga/project/generate_bitstream/Hfpga_soc.sbit"
Generate programming file takes 18.796875 sec.
Generating Programming File done.
Action gen_bit_stream: Real time elapsed is 0h:2m:6s
Action gen_bit_stream: CPU time elapsed is 0h:0m:24s
Action gen_bit_stream: Process CPU time elapsed is 0h:0m:24s
Current time: Tue Sep 29 21:16:11 2026
Action gen_bit_stream: Peak memory pool usage is 2,615 MB
