#Build: Fabric Compiler 2022.2-SP6.4, Build 146967, Jan 31 01:39 2024
#Install: F:\PDS_2022.2-SP6.4\bin
#Application name: pds_shell.exe
#OS: Windows 10 10.0.22621
#Hostname: ZHAO-Zhenxiang
Generated by Fabric Compiler (version 2022.2-SP6.4 build 146967) at Sat Sep 26 18:20:16 2026
License checkout: fabric_ads from F:\Jichuang-small_eyes\pango_license\new_pds_F4A80DA47D72.lic
Compiling verification operator library.
Compiling common defs.
Loading technology operator library.
Compiling technology operator library.
Compiling technology operator (valence) library.
Reading design from compile DB
Reading design from compile DB successfully.
Constraint check start.
Compiling prim grid devices.
Building architecture model.
Loading device packaging model.
Building architecture floorplan logic view.
Executing : get_ports clk
Executing : get_ports clk successfully.
Executing : create_clock -period 37.037 [get_ports clk] -name clk
Executing : create_clock -period 37.037 [get_ports clk] -name clk successfully.
Executing : get_ports JTAG_TCK
C: Timing-4002: [F:/SocFpga/soc.fdc(line number: 9)] Port 'JTAG_TCK' is not found in current design.
Executing : get_ports JTAG_TCK successfully.
Executing : create_clock -period 100.000 [get_ports JTAG_TCK] -name JTAG_CLK
E: CommandTiming-0057: [F:/SocFpga/soc.fdc(line number: 9)] Nothing matched for 'source_list', command 'create_clock' is aborted.
E: ConstraintEditor-0046: [F:/SocFpga/soc.fdc(line number: 9)] Failed to import constraint "create_clock -period 100.000 [get_ports JTAG_TCK] -name JTAG_CLK".
E: ConstraintEditor-0046: [F:/SocFpga/soc.fdc(line number: 11)] Object 'n:JTAG_TCK_in' can not be found in current view.
Executing : get_ports clk
Executing : get_ports clk successfully.
Executing : get_pins u_pll/u_gpll:CLKOUT0
C: Timing-4003: [F:/SocFpga/soc.fdc(line number: 14)] Pin 'u_pll/u_gpll:CLKOUT0' is not found in current design.
Executing : get_pins u_pll/u_gpll:CLKOUT0 successfully.
Executing : create_generated_clock -name cpu_clk -source [get_ports clk] -master_clock clk -multiply_by 70 -divide_by 27 [get_pins u_pll/u_gpll:CLKOUT0]
E: CommandTiming-0057: [F:/SocFpga/soc.fdc(line number: 14)] Nothing matched for 'source_list', command 'create_generated_clock' is aborted.
E: ConstraintEditor-0046: [F:/SocFpga/soc.fdc(line number: 14)] Failed to import constraint "create_generated_clock -name cpu_clk -source [get_ports clk] -master_clock clk -multiply_by 70 -divide_by 27 [get_pins u_pll/u_gpll:CLKOUT0]".
Executing : get_clocks cpu_clk
C: SDC-2017: [F:/SocFpga/soc.fdc(line number: 21)] Nothing implicitly matched 'cpu_clk'.
Executing : get_clocks cpu_clk successfully.
Executing : get_clocks JTAG_CLK
C: SDC-2017: [F:/SocFpga/soc.fdc(line number: 21)] Nothing implicitly matched 'JTAG_CLK'.
Executing : get_clocks JTAG_CLK successfully.
Executing : set_clock_groups -asynchronous -group [get_clocks cpu_clk] -group [get_clocks JTAG_CLK]
C: SDC-2027: [F:/SocFpga/soc.fdc(line number: 21)] One or more clocks can not find in the group '[get_clocks cpu_clk]', command 'set_clock_groups' is ignored.
Executing : set_clock_groups -asynchronous -group [get_clocks cpu_clk] -group [get_clocks JTAG_CLK] successfully.
E: ConstraintEditor-0046: [F:/SocFpga/soc.fdc(line number: 32)] Object 'p:hard_rst_n' can not be found in current view.
E: ConstraintEditor-0046: [F:/SocFpga/soc.fdc(line number: 33)] Object 'p:hard_rst_n' can not be found in current view.
E: ConstraintEditor-0046: [F:/SocFpga/soc.fdc(line number: 34)] Object 'p:hard_rst_n' can not be found in current view.
E: ConstraintEditor-0046: [F:/SocFpga/soc.fdc(line number: 35)] Object 'p:hard_rst_n' can not be found in current view.
E: ConstraintEditor-0046: [F:/SocFpga/soc.fdc(line number: 38)] Object 'p:core_active' can not be found in current view.
E: ConstraintEditor-0046: [F:/SocFpga/soc.fdc(line number: 39)] Object 'p:core_active' can not be found in current view.
E: ConstraintEditor-0046: [F:/SocFpga/soc.fdc(line number: 40)] Object 'p:core_active' can not be found in current view.
E: ConstraintEditor-0046: [F:/SocFpga/soc.fdc(line number: 41)] Object 'p:core_active' can not be found in current view.
E: ConstraintEditor-0046: [F:/SocFpga/soc.fdc(line number: 46)] Object 'p:JTAG_TDI' can not be found in current view.
E: ConstraintEditor-0046: [F:/SocFpga/soc.fdc(line number: 47)] Object 'p:JTAG_TDI' can not be found in current view.
E: ConstraintEditor-0046: [F:/SocFpga/soc.fdc(line number: 48)] Object 'p:JTAG_TDI' can not be found in current view.
E: ConstraintEditor-0046: [F:/SocFpga/soc.fdc(line number: 49)] Object 'p:JTAG_TDI' can not be found in current view.
E: ConstraintEditor-0046: [F:/SocFpga/soc.fdc(line number: 52)] Object 'p:JTAG_TMS' can not be found in current view.
E: ConstraintEditor-0046: [F:/SocFpga/soc.fdc(line number: 53)] Object 'p:JTAG_TMS' can not be found in current view.
E: ConstraintEditor-0046: [F:/SocFpga/soc.fdc(line number: 54)] Object 'p:JTAG_TMS' can not be found in current view.
E: ConstraintEditor-0046: [F:/SocFpga/soc.fdc(line number: 55)] Object 'p:JTAG_TMS' can not be found in current view.
E: ConstraintEditor-0046: [F:/SocFpga/soc.fdc(line number: 58)] Object 'p:JTAG_TCK' can not be found in current view.
E: ConstraintEditor-0046: [F:/SocFpga/soc.fdc(line number: 59)] Object 'p:JTAG_TCK' can not be found in current view.
E: ConstraintEditor-0046: [F:/SocFpga/soc.fdc(line number: 60)] Object 'p:JTAG_TCK' can not be found in current view.
E: ConstraintEditor-0046: [F:/SocFpga/soc.fdc(line number: 61)] Object 'p:JTAG_TCK' can not be found in current view.
E: ConstraintEditor-0046: [F:/SocFpga/soc.fdc(line number: 64)] Object 'p:JTAG_TDO' can not be found in current view.
E: ConstraintEditor-0046: [F:/SocFpga/soc.fdc(line number: 65)] Object 'p:JTAG_TDO' can not be found in current view.
E: ConstraintEditor-0046: [F:/SocFpga/soc.fdc(line number: 66)] Object 'p:JTAG_TDO' can not be found in current view.
E: ConstraintEditor-0046: [F:/SocFpga/soc.fdc(line number: 67)] Object 'p:JTAG_TDO' can not be found in current view.
E: ConstraintEditor-0046: [F:/SocFpga/soc.fdc(line number: 76)] Object 'p:fpioa[0]' can not be found in current view.
E: ConstraintEditor-0046: [F:/SocFpga/soc.fdc(line number: 77)] Object 'p:fpioa[0]' can not be found in current view.
E: ConstraintEditor-0046: [F:/SocFpga/soc.fdc(line number: 78)] Object 'p:fpioa[0]' can not be found in current view.
E: ConstraintEditor-0046: [F:/SocFpga/soc.fdc(line number: 79)] Object 'p:fpioa[0]' can not be found in current view.
E: ConstraintEditor-0046: [F:/SocFpga/soc.fdc(line number: 82)] Object 'p:fpioa[1]' can not be found in current view.
E: ConstraintEditor-0046: [F:/SocFpga/soc.fdc(line number: 83)] Object 'p:fpioa[1]' can not be found in current view.
E: ConstraintEditor-0046: [F:/SocFpga/soc.fdc(line number: 84)] Object 'p:fpioa[1]' can not be found in current view.
E: ConstraintEditor-0046: [F:/SocFpga/soc.fdc(line number: 85)] Object 'p:fpioa[1]' can not be found in current view.
E: ConstraintEditor-0046: [F:/SocFpga/soc.fdc(line number: 89)] Object 'p:fpioa[2]' can not be found in current view.
E: ConstraintEditor-0046: [F:/SocFpga/soc.fdc(line number: 90)] Object 'p:fpioa[2]' can not be found in current view.
E: ConstraintEditor-0046: [F:/SocFpga/soc.fdc(line number: 91)] Object 'p:fpioa[2]' can not be found in current view.
E: ConstraintEditor-0046: [F:/SocFpga/soc.fdc(line number: 92)] Object 'p:fpioa[2]' can not be found in current view.
E: ConstraintEditor-0046: [F:/SocFpga/soc.fdc(line number: 95)] Object 'p:fpioa[3]' can not be found in current view.
E: ConstraintEditor-0046: [F:/SocFpga/soc.fdc(line number: 96)] Object 'p:fpioa[3]' can not be found in current view.
E: ConstraintEditor-0046: [F:/SocFpga/soc.fdc(line number: 97)] Object 'p:fpioa[3]' can not be found in current view.
E: ConstraintEditor-0046: [F:/SocFpga/soc.fdc(line number: 98)] Object 'p:fpioa[3]' can not be found in current view.
E: ConstraintEditor-0046: [F:/SocFpga/soc.fdc(line number: 101)] Object 'p:fpioa[4]' can not be found in current view.
E: ConstraintEditor-0046: [F:/SocFpga/soc.fdc(line number: 102)] Object 'p:fpioa[4]' can not be found in current view.
E: ConstraintEditor-0046: [F:/SocFpga/soc.fdc(line number: 103)] Object 'p:fpioa[4]' can not be found in current view.
E: ConstraintEditor-0046: [F:/SocFpga/soc.fdc(line number: 104)] Object 'p:fpioa[4]' can not be found in current view.
E: ConstraintEditor-0046: [F:/SocFpga/soc.fdc(line number: 107)] Object 'p:fpioa[5]' can not be found in current view.
E: ConstraintEditor-0046: [F:/SocFpga/soc.fdc(line number: 108)] Object 'p:fpioa[5]' can not be found in current view.
E: ConstraintEditor-0046: [F:/SocFpga/soc.fdc(line number: 109)] Object 'p:fpioa[5]' can not be found in current view.
E: ConstraintEditor-0046: [F:/SocFpga/soc.fdc(line number: 110)] Object 'p:fpioa[5]' can not be found in current view.
E: ConstraintEditor-0046: [F:/SocFpga/soc.fdc(line number: 113)] Object 'p:fpioa[6]' can not be found in current view.
E: ConstraintEditor-0046: [F:/SocFpga/soc.fdc(line number: 114)] Object 'p:fpioa[6]' can not be found in current view.
E: ConstraintEditor-0046: [F:/SocFpga/soc.fdc(line number: 115)] Object 'p:fpioa[6]' can not be found in current view.
E: ConstraintEditor-0046: [F:/SocFpga/soc.fdc(line number: 116)] Object 'p:fpioa[6]' can not be found in current view.
E: ConstraintEditor-0046: [F:/SocFpga/soc.fdc(line number: 119)] Object 'p:fpioa[7]' can not be found in current view.
E: ConstraintEditor-0046: [F:/SocFpga/soc.fdc(line number: 120)] Object 'p:fpioa[7]' can not be found in current view.
E: ConstraintEditor-0046: [F:/SocFpga/soc.fdc(line number: 121)] Object 'p:fpioa[7]' can not be found in current view.
E: ConstraintEditor-0046: [F:/SocFpga/soc.fdc(line number: 122)] Object 'p:fpioa[7]' can not be found in current view.
E: ConstraintEditor-0046: [F:/SocFpga/soc.fdc(line number: 126)] Object 'p:fpioa[8]' can not be found in current view.
E: ConstraintEditor-0046: [F:/SocFpga/soc.fdc(line number: 127)] Object 'p:fpioa[8]' can not be found in current view.
E: ConstraintEditor-0046: [F:/SocFpga/soc.fdc(line number: 128)] Object 'p:fpioa[8]' can not be found in current view.
E: ConstraintEditor-0046: [F:/SocFpga/soc.fdc(line number: 129)] Object 'p:fpioa[8]' can not be found in current view.
E: ConstraintEditor-0046: [F:/SocFpga/soc.fdc(line number: 131)] Object 'p:fpioa[9]' can not be found in current view.
E: ConstraintEditor-0046: [F:/SocFpga/soc.fdc(line number: 132)] Object 'p:fpioa[9]' can not be found in current view.
E: ConstraintEditor-0046: [F:/SocFpga/soc.fdc(line number: 133)] Object 'p:fpioa[9]' can not be found in current view.
E: ConstraintEditor-0046: [F:/SocFpga/soc.fdc(line number: 134)] Object 'p:fpioa[9]' can not be found in current view.
E: ConstraintEditor-0046: [F:/SocFpga/soc.fdc(line number: 136)] Object 'p:fpioa[10]' can not be found in current view.
E: ConstraintEditor-0046: [F:/SocFpga/soc.fdc(line number: 137)] Object 'p:fpioa[10]' can not be found in current view.
E: ConstraintEditor-0046: [F:/SocFpga/soc.fdc(line number: 138)] Object 'p:fpioa[10]' can not be found in current view.
E: ConstraintEditor-0046: [F:/SocFpga/soc.fdc(line number: 139)] Object 'p:fpioa[10]' can not be found in current view.
E: ConstraintEditor-0046: [F:/SocFpga/soc.fdc(line number: 141)] Object 'p:fpioa[11]' can not be found in current view.
E: ConstraintEditor-0046: [F:/SocFpga/soc.fdc(line number: 142)] Object 'p:fpioa[11]' can not be found in current view.
E: ConstraintEditor-0046: [F:/SocFpga/soc.fdc(line number: 143)] Object 'p:fpioa[11]' can not be found in current view.
E: ConstraintEditor-0046: [F:/SocFpga/soc.fdc(line number: 144)] Object 'p:fpioa[11]' can not be found in current view.
E: ConstraintEditor-0046: [F:/SocFpga/soc.fdc(line number: 148)] Object 'p:fpioa[12]' can not be found in current view.
E: ConstraintEditor-0046: [F:/SocFpga/soc.fdc(line number: 149)] Object 'p:fpioa[12]' can not be found in current view.
E: ConstraintEditor-0046: [F:/SocFpga/soc.fdc(line number: 150)] Object 'p:fpioa[12]' can not be found in current view.
E: ConstraintEditor-0046: [F:/SocFpga/soc.fdc(line number: 151)] Object 'p:fpioa[12]' can not be found in current view.
E: ConstraintEditor-0046: [F:/SocFpga/soc.fdc(line number: 153)] Object 'p:fpioa[13]' can not be found in current view.
E: ConstraintEditor-0046: [F:/SocFpga/soc.fdc(line number: 154)] Object 'p:fpioa[13]' can not be found in current view.
E: ConstraintEditor-0046: [F:/SocFpga/soc.fdc(line number: 155)] Object 'p:fpioa[13]' can not be found in current view.
E: ConstraintEditor-0046: [F:/SocFpga/soc.fdc(line number: 156)] Object 'p:fpioa[13]' can not be found in current view.
E: ConstraintEditor-0046: [F:/SocFpga/soc.fdc(line number: 158)] Object 'p:fpioa[14]' can not be found in current view.
E: ConstraintEditor-0046: [F:/SocFpga/soc.fdc(line number: 159)] Object 'p:fpioa[14]' can not be found in current view.
E: ConstraintEditor-0046: [F:/SocFpga/soc.fdc(line number: 160)] Object 'p:fpioa[14]' can not be found in current view.
E: ConstraintEditor-0046: [F:/SocFpga/soc.fdc(line number: 161)] Object 'p:fpioa[14]' can not be found in current view.
E: ConstraintEditor-0046: [F:/SocFpga/soc.fdc(line number: 163)] Object 'p:fpioa[15]' can not be found in current view.
E: ConstraintEditor-0046: [F:/SocFpga/soc.fdc(line number: 164)] Object 'p:fpioa[15]' can not be found in current view.
E: ConstraintEditor-0046: [F:/SocFpga/soc.fdc(line number: 165)] Object 'p:fpioa[15]' can not be found in current view.
E: ConstraintEditor-0046: [F:/SocFpga/soc.fdc(line number: 166)] Object 'p:fpioa[15]' can not be found in current view.
E: ConstraintEditor-0046: [F:/SocFpga/soc.fdc(line number: 171)] Object 'p:fpioa[16]' can not be found in current view.
E: ConstraintEditor-0046: [F:/SocFpga/soc.fdc(line number: 172)] Object 'p:fpioa[16]' can not be found in current view.
E: ConstraintEditor-0046: [F:/SocFpga/soc.fdc(line number: 173)] Object 'p:fpioa[16]' can not be found in current view.
E: ConstraintEditor-0046: [F:/SocFpga/soc.fdc(line number: 174)] Object 'p:fpioa[16]' can not be found in current view.
E: ConstraintEditor-0046: [F:/SocFpga/soc.fdc(line number: 177)] Object 'p:fpioa[17]' can not be found in current view.
E: ConstraintEditor-0046: [F:/SocFpga/soc.fdc(line number: 178)] Object 'p:fpioa[17]' can not be found in current view.
E: ConstraintEditor-0046: [F:/SocFpga/soc.fdc(line number: 179)] Object 'p:fpioa[17]' can not be found in current view.
E: ConstraintEditor-0046: [F:/SocFpga/soc.fdc(line number: 180)] Object 'p:fpioa[17]' can not be found in current view.
E: ConstraintEditor-0046: [F:/SocFpga/soc.fdc(line number: 183)] Object 'p:fpioa[18]' can not be found in current view.
E: ConstraintEditor-0046: [F:/SocFpga/soc.fdc(line number: 184)] Object 'p:fpioa[18]' can not be found in current view.
E: ConstraintEditor-0046: [F:/SocFpga/soc.fdc(line number: 185)] Object 'p:fpioa[18]' can not be found in current view.
E: ConstraintEditor-0046: [F:/SocFpga/soc.fdc(line number: 186)] Object 'p:fpioa[18]' can not be found in current view.
E: ConstraintEditor-0046: [F:/SocFpga/soc.fdc(line number: 191)] Object 'p:fpioa[19]' can not be found in current view.
E: ConstraintEditor-0046: [F:/SocFpga/soc.fdc(line number: 192)] Object 'p:fpioa[19]' can not be found in current view.
E: ConstraintEditor-0046: [F:/SocFpga/soc.fdc(line number: 193)] Object 'p:fpioa[19]' can not be found in current view.
E: ConstraintEditor-0046: [F:/SocFpga/soc.fdc(line number: 194)] Object 'p:fpioa[19]' can not be found in current view.
E: ConstraintEditor-0046: [F:/SocFpga/soc.fdc(line number: 197)] Object 'p:fpioa[20]' can not be found in current view.
E: ConstraintEditor-0046: [F:/SocFpga/soc.fdc(line number: 198)] Object 'p:fpioa[20]' can not be found in current view.
E: ConstraintEditor-0046: [F:/SocFpga/soc.fdc(line number: 199)] Object 'p:fpioa[20]' can not be found in current view.
E: ConstraintEditor-0046: [F:/SocFpga/soc.fdc(line number: 200)] Object 'p:fpioa[20]' can not be found in current view.
E: ConstraintEditor-0046: [F:/SocFpga/soc.fdc(line number: 203)] Object 'p:fpioa[21]' can not be found in current view.
E: ConstraintEditor-0046: [F:/SocFpga/soc.fdc(line number: 204)] Object 'p:fpioa[21]' can not be found in current view.
E: ConstraintEditor-0046: [F:/SocFpga/soc.fdc(line number: 205)] Object 'p:fpioa[21]' can not be found in current view.
E: ConstraintEditor-0046: [F:/SocFpga/soc.fdc(line number: 206)] Object 'p:fpioa[21]' can not be found in current view.
E: ConstraintEditor-0046: [F:/SocFpga/soc.fdc(line number: 209)] Object 'p:fpioa[22]' can not be found in current view.
E: ConstraintEditor-0046: [F:/SocFpga/soc.fdc(line number: 210)] Object 'p:fpioa[22]' can not be found in current view.
E: ConstraintEditor-0046: [F:/SocFpga/soc.fdc(line number: 211)] Object 'p:fpioa[22]' can not be found in current view.
E: ConstraintEditor-0046: [F:/SocFpga/soc.fdc(line number: 212)] Object 'p:fpioa[22]' can not be found in current view.
E: ConstraintEditor-0046: [F:/SocFpga/soc.fdc(line number: 215)] Object 'p:fpioa[23]' can not be found in current view.
E: ConstraintEditor-0046: [F:/SocFpga/soc.fdc(line number: 216)] Object 'p:fpioa[23]' can not be found in current view.
E: ConstraintEditor-0046: [F:/SocFpga/soc.fdc(line number: 217)] Object 'p:fpioa[23]' can not be found in current view.
E: ConstraintEditor-0046: [F:/SocFpga/soc.fdc(line number: 218)] Object 'p:fpioa[23]' can not be found in current view.
E: ConstraintEditor-0046: [F:/SocFpga/soc.fdc(line number: 221)] Object 'p:fpioa[24]' can not be found in current view.
E: ConstraintEditor-0046: [F:/SocFpga/soc.fdc(line number: 222)] Object 'p:fpioa[24]' can not be found in current view.
E: ConstraintEditor-0046: [F:/SocFpga/soc.fdc(line number: 223)] Object 'p:fpioa[24]' can not be found in current view.
E: ConstraintEditor-0046: [F:/SocFpga/soc.fdc(line number: 224)] Object 'p:fpioa[24]' can not be found in current view.
E: ConstraintEditor-0046: [F:/SocFpga/soc.fdc(line number: 227)] Object 'p:fpioa[25]' can not be found in current view.
E: ConstraintEditor-0046: [F:/SocFpga/soc.fdc(line number: 228)] Object 'p:fpioa[25]' can not be found in current view.
E: ConstraintEditor-0046: [F:/SocFpga/soc.fdc(line number: 229)] Object 'p:fpioa[25]' can not be found in current view.
E: ConstraintEditor-0046: [F:/SocFpga/soc.fdc(line number: 230)] Object 'p:fpioa[25]' can not be found in current view.
E: ConstraintEditor-0046: [F:/SocFpga/soc.fdc(line number: 233)] Object 'p:fpioa[26]' can not be found in current view.
E: ConstraintEditor-0046: [F:/SocFpga/soc.fdc(line number: 234)] Object 'p:fpioa[26]' can not be found in current view.
E: ConstraintEditor-0046: [F:/SocFpga/soc.fdc(line number: 235)] Object 'p:fpioa[26]' can not be found in current view.
E: ConstraintEditor-0046: [F:/SocFpga/soc.fdc(line number: 236)] Object 'p:fpioa[26]' can not be found in current view.
E: ConstraintEditor-0046: [F:/SocFpga/soc.fdc(line number: 239)] Object 'p:fpioa[27]' can not be found in current view.
E: ConstraintEditor-0046: [F:/SocFpga/soc.fdc(line number: 240)] Object 'p:fpioa[27]' can not be found in current view.
E: ConstraintEditor-0046: [F:/SocFpga/soc.fdc(line number: 241)] Object 'p:fpioa[27]' can not be found in current view.
E: ConstraintEditor-0046: [F:/SocFpga/soc.fdc(line number: 242)] Object 'p:fpioa[27]' can not be found in current view.
E: ConstraintEditor-0046: [F:/SocFpga/soc.fdc(line number: 245)] Object 'p:fpioa[28]' can not be found in current view.
E: ConstraintEditor-0046: [F:/SocFpga/soc.fdc(line number: 246)] Object 'p:fpioa[28]' can not be found in current view.
E: ConstraintEditor-0046: [F:/SocFpga/soc.fdc(line number: 247)] Object 'p:fpioa[28]' can not be found in current view.
E: ConstraintEditor-0046: [F:/SocFpga/soc.fdc(line number: 248)] Object 'p:fpioa[28]' can not be found in current view.
E: ConstraintEditor-0046: [F:/SocFpga/soc.fdc(line number: 251)] Object 'p:fpioa[29]' can not be found in current view.
E: ConstraintEditor-0046: [F:/SocFpga/soc.fdc(line number: 252)] Object 'p:fpioa[29]' can not be found in current view.
E: ConstraintEditor-0046: [F:/SocFpga/soc.fdc(line number: 253)] Object 'p:fpioa[29]' can not be found in current view.
E: ConstraintEditor-0046: [F:/SocFpga/soc.fdc(line number: 254)] Object 'p:fpioa[29]' can not be found in current view.
E: ConstraintEditor-0046: [F:/SocFpga/soc.fdc(line number: 257)] Object 'p:fpioa[30]' can not be found in current view.
E: ConstraintEditor-0046: [F:/SocFpga/soc.fdc(line number: 258)] Object 'p:fpioa[30]' can not be found in current view.
E: ConstraintEditor-0046: [F:/SocFpga/soc.fdc(line number: 259)] Object 'p:fpioa[30]' can not be found in current view.
E: ConstraintEditor-0046: [F:/SocFpga/soc.fdc(line number: 260)] Object 'p:fpioa[30]' can not be found in current view.
E: ConstraintEditor-0046: [F:/SocFpga/soc.fdc(line number: 263)] Object 'p:fpioa[31]' can not be found in current view.
E: ConstraintEditor-0046: [F:/SocFpga/soc.fdc(line number: 264)] Object 'p:fpioa[31]' can not be found in current view.
E: ConstraintEditor-0046: [F:/SocFpga/soc.fdc(line number: 265)] Object 'p:fpioa[31]' can not be found in current view.
E: ConstraintEditor-0046: [F:/SocFpga/soc.fdc(line number: 266)] Object 'p:fpioa[31]' can not be found in current view.
E: ConstraintEditor-0046: [F:/SocFpga/soc.fdc(line number: 268)] Object 'p:JTAG_TDO' can not be found in current view.
E: ConstraintEditor-0046: [F:/SocFpga/soc.fdc(line number: 269)] Object 'p:JTAG_TCK' can not be found in current view.
E: ConstraintEditor-0046: [F:/SocFpga/soc.fdc(line number: 270)] Object 'p:JTAG_TDI' can not be found in current view.
E: ConstraintEditor-0046: [F:/SocFpga/soc.fdc(line number: 271)] Object 'p:JTAG_TMS' can not be found in current view.
E: ConstraintEditor-0046: [F:/SocFpga/soc.fdc(line number: 276)] Object 'p:mem_dq[31]' can not be found in current view.
E: ConstraintEditor-0046: [F:/SocFpga/soc.fdc(line number: 277)] Object 'p:mem_dq[31]' can not be found in current view.
E: ConstraintEditor-0046: [F:/SocFpga/soc.fdc(line number: 278)] Object 'p:mem_dq[31]' can not be found in current view.
E: ConstraintEditor-0046: [F:/SocFpga/soc.fdc(line number: 279)] Object 'p:mem_dq[31]' can not be found in current view.
E: ConstraintEditor-0046: [F:/SocFpga/soc.fdc(line number: 280)] Object 'p:mem_dq[31]' can not be found in current view.
E: ConstraintEditor-0046: [F:/SocFpga/soc.fdc(line number: 281)] Object 'p:mem_dq[31]' can not be found in current view.
E: ConstraintEditor-0046: [F:/SocFpga/soc.fdc(line number: 282)] Object 'p:mem_dq[31]' can not be found in current view.
E: ConstraintEditor-0046: [F:/SocFpga/soc.fdc(line number: 283)] Object 'p:mem_dq[30]' can not be found in current view.
E: ConstraintEditor-0046: [F:/SocFpga/soc.fdc(line number: 284)] Object 'p:mem_dq[30]' can not be found in current view.
E: ConstraintEditor-0046: [F:/SocFpga/soc.fdc(line number: 285)] Object 'p:mem_dq[30]' can not be found in current view.
E: ConstraintEditor-0046: [F:/SocFpga/soc.fdc(line number: 286)] Object 'p:mem_dq[30]' can not be found in current view.
E: ConstraintEditor-0046: [F:/SocFpga/soc.fdc(line number: 287)] Object 'p:mem_dq[30]' can not be found in current view.
E: ConstraintEditor-0046: [F:/SocFpga/soc.fdc(line number: 288)] Object 'p:mem_dq[30]' can not be found in current view.
E: ConstraintEditor-0046: [F:/SocFpga/soc.fdc(line number: 289)] Object 'p:mem_dq[30]' can not be found in current view.
E: ConstraintEditor-0046: [F:/SocFpga/soc.fdc(line number: 290)] Object 'p:mem_dq[29]' can not be found in current view.
E: ConstraintEditor-0046: [F:/SocFpga/soc.fdc(line number: 291)] Object 'p:mem_dq[29]' can not be found in current view.
E: ConstraintEditor-0046: [F:/SocFpga/soc.fdc(line number: 292)] Object 'p:mem_dq[29]' can not be found in current view.
E: ConstraintEditor-0046: [F:/SocFpga/soc.fdc(line number: 293)] Object 'p:mem_dq[29]' can not be found in current view.
E: ConstraintEditor-0046: [F:/SocFpga/soc.fdc(line number: 294)] Object 'p:mem_dq[29]' can not be found in current view.
E: ConstraintEditor-0046: [F:/SocFpga/soc.fdc(line number: 295)] Object 'p:mem_dq[29]' can not be found in current view.
E: ConstraintEditor-0046: [F:/SocFpga/soc.fdc(line number: 296)] Object 'p:mem_dq[29]' can not be found in current view.
E: ConstraintEditor-0046: [F:/SocFpga/soc.fdc(line number: 297)] Object 'p:mem_dq[28]' can not be found in current view.
E: ConstraintEditor-0046: [F:/SocFpga/soc.fdc(line number: 298)] Object 'p:mem_dq[28]' can not be found in current view.
E: ConstraintEditor-0046: [F:/SocFpga/soc.fdc(line number: 299)] Object 'p:mem_dq[28]' can not be found in current view.
E: ConstraintEditor-0046: [F:/SocFpga/soc.fdc(line number: 300)] Object 'p:mem_dq[28]' can not be found in current view.
E: ConstraintEditor-0046: [F:/SocFpga/soc.fdc(line number: 301)] Object 'p:mem_dq[28]' can not be found in current view.
E: ConstraintEditor-0046: [F:/SocFpga/soc.fdc(line number: 302)] Object 'p:mem_dq[28]' can not be found in current view.
E: ConstraintEditor-0046: [F:/SocFpga/soc.fdc(line number: 303)] Object 'p:mem_dq[28]' can not be found in current view.
E: ConstraintEditor-0046: [F:/SocFpga/soc.fdc(line number: 304)] Object 'p:mem_dq[27]' can not be found in current view.
E: ConstraintEditor-0046: [F:/SocFpga/soc.fdc(line number: 305)] Object 'p:mem_dq[27]' can not be found in current view.
E: ConstraintEditor-0046: [F:/SocFpga/soc.fdc(line number: 306)] Object 'p:mem_dq[27]' can not be found in current view.
E: ConstraintEditor-0046: [F:/SocFpga/soc.fdc(line number: 307)] Object 'p:mem_dq[27]' can not be found in current view.
E: ConstraintEditor-0046: [F:/SocFpga/soc.fdc(line number: 308)] Object 'p:mem_dq[27]' can not be found in current view.
E: ConstraintEditor-0046: [F:/SocFpga/soc.fdc(line number: 309)] Object 'p:mem_dq[27]' can not be found in current view.
E: ConstraintEditor-0046: [F:/SocFpga/soc.fdc(line number: 310)] Object 'p:mem_dq[27]' can not be found in current view.
E: ConstraintEditor-0046: [F:/SocFpga/soc.fdc(line number: 311)] Object 'p:mem_dq[26]' can not be found in current view.
E: ConstraintEditor-0046: [F:/SocFpga/soc.fdc(line number: 312)] Object 'p:mem_dq[26]' can not be found in current view.
E: ConstraintEditor-0046: [F:/SocFpga/soc.fdc(line number: 313)] Object 'p:mem_dq[26]' can not be found in current view.
E: ConstraintEditor-0046: [F:/SocFpga/soc.fdc(line number: 314)] Object 'p:mem_dq[26]' can not be found in current view.
E: ConstraintEditor-0046: [F:/SocFpga/soc.fdc(line number: 315)] Object 'p:mem_dq[26]' can not be found in current view.
E: ConstraintEditor-0046: [F:/SocFpga/soc.fdc(line number: 316)] Object 'p:mem_dq[26]' can not be found in current view.
E: ConstraintEditor-0046: [F:/SocFpga/soc.fdc(line number: 317)] Object 'p:mem_dq[26]' can not be found in current view.
E: ConstraintEditor-0046: [F:/SocFpga/soc.fdc(line number: 318)] Object 'p:mem_dq[25]' can not be found in current view.
E: ConstraintEditor-0046: [F:/SocFpga/soc.fdc(line number: 319)] Object 'p:mem_dq[25]' can not be found in current view.
E: ConstraintEditor-0046: [F:/SocFpga/soc.fdc(line number: 320)] Object 'p:mem_dq[25]' can not be found in current view.
E: ConstraintEditor-0046: [F:/SocFpga/soc.fdc(line number: 321)] Object 'p:mem_dq[25]' can not be found in current view.
E: ConstraintEditor-0046: [F:/SocFpga/soc.fdc(line number: 322)] Object 'p:mem_dq[25]' can not be found in current view.
E: ConstraintEditor-0046: [F:/SocFpga/soc.fdc(line number: 323)] Object 'p:mem_dq[25]' can not be found in current view.
E: ConstraintEditor-0046: [F:/SocFpga/soc.fdc(line number: 324)] Object 'p:mem_dq[25]' can not be found in current view.
E: ConstraintEditor-0046: [F:/SocFpga/soc.fdc(line number: 325)] Object 'p:mem_dq[24]' can not be found in current view.
E: ConstraintEditor-0046: [F:/SocFpga/soc.fdc(line number: 326)] Object 'p:mem_dq[24]' can not be found in current view.
E: ConstraintEditor-0046: [F:/SocFpga/soc.fdc(line number: 327)] Object 'p:mem_dq[24]' can not be found in current view.
E: ConstraintEditor-0046: [F:/SocFpga/soc.fdc(line number: 328)] Object 'p:mem_dq[24]' can not be found in current view.
E: ConstraintEditor-0046: [F:/SocFpga/soc.fdc(line number: 329)] Object 'p:mem_dq[24]' can not be found in current view.
E: ConstraintEditor-0046: [F:/SocFpga/soc.fdc(line number: 330)] Object 'p:mem_dq[24]' can not be found in current view.
E: ConstraintEditor-0046: [F:/SocFpga/soc.fdc(line number: 331)] Object 'p:mem_dq[24]' can not be found in current view.
E: ConstraintEditor-0046: [F:/SocFpga/soc.fdc(line number: 332)] Object 'p:mem_dq[23]' can not be found in current view.
E: ConstraintEditor-0046: [F:/SocFpga/soc.fdc(line number: 333)] Object 'p:mem_dq[23]' can not be found in current view.
E: ConstraintEditor-0046: [F:/SocFpga/soc.fdc(line number: 334)] Object 'p:mem_dq[23]' can not be found in current view.
E: ConstraintEditor-0046: [F:/SocFpga/soc.fdc(line number: 335)] Object 'p:mem_dq[23]' can not be found in current view.
E: ConstraintEditor-0046: [F:/SocFpga/soc.fdc(line number: 336)] Object 'p:mem_dq[23]' can not be found in current view.
E: ConstraintEditor-0046: [F:/SocFpga/soc.fdc(line number: 337)] Object 'p:mem_dq[23]' can not be found in current view.
E: ConstraintEditor-0046: [F:/SocFpga/soc.fdc(line number: 338)] Object 'p:mem_dq[23]' can not be found in current view.
E: ConstraintEditor-0046: [F:/SocFpga/soc.fdc(line number: 339)] Object 'p:mem_dq[22]' can not be found in current view.
E: ConstraintEditor-0046: [F:/SocFpga/soc.fdc(line number: 340)] Object 'p:mem_dq[22]' can not be found in current view.
E: ConstraintEditor-0046: [F:/SocFpga/soc.fdc(line number: 341)] Object 'p:mem_dq[22]' can not be found in current view.
E: ConstraintEditor-0046: [F:/SocFpga/soc.fdc(line number: 342)] Object 'p:mem_dq[22]' can not be found in current view.
E: ConstraintEditor-0046: [F:/SocFpga/soc.fdc(line number: 343)] Object 'p:mem_dq[22]' can not be found in current view.
E: ConstraintEditor-0046: [F:/SocFpga/soc.fdc(line number: 344)] Object 'p:mem_dq[22]' can not be found in current view.
E: ConstraintEditor-0046: [F:/SocFpga/soc.fdc(line number: 345)] Object 'p:mem_dq[22]' can not be found in current view.
E: ConstraintEditor-0046: [F:/SocFpga/soc.fdc(line number: 346)] Object 'p:mem_dq[21]' can not be found in current view.
E: ConstraintEditor-0046: [F:/SocFpga/soc.fdc(line number: 347)] Object 'p:mem_dq[21]' can not be found in current view.
E: ConstraintEditor-0046: [F:/SocFpga/soc.fdc(line number: 348)] Object 'p:mem_dq[21]' can not be found in current view.
E: ConstraintEditor-0046: [F:/SocFpga/soc.fdc(line number: 349)] Object 'p:mem_dq[21]' can not be found in current view.
E: ConstraintEditor-0046: [F:/SocFpga/soc.fdc(line number: 350)] Object 'p:mem_dq[21]' can not be found in current view.
E: ConstraintEditor-0046: [F:/SocFpga/soc.fdc(line number: 351)] Object 'p:mem_dq[21]' can not be found in current view.
E: ConstraintEditor-0046: [F:/SocFpga/soc.fdc(line number: 352)] Object 'p:mem_dq[21]' can not be found in current view.
E: ConstraintEditor-0046: [F:/SocFpga/soc.fdc(line number: 353)] Object 'p:mem_dq[20]' can not be found in current view.
E: ConstraintEditor-0046: [F:/SocFpga/soc.fdc(line number: 354)] Object 'p:mem_dq[20]' can not be found in current view.
E: ConstraintEditor-0046: [F:/SocFpga/soc.fdc(line number: 355)] Object 'p:mem_dq[20]' can not be found in current view.
E: ConstraintEditor-0046: [F:/SocFpga/soc.fdc(line number: 356)] Object 'p:mem_dq[20]' can not be found in current view.
E: ConstraintEditor-0046: [F:/SocFpga/soc.fdc(line number: 357)] Object 'p:mem_dq[20]' can not be found in current view.
E: ConstraintEditor-0046: [F:/SocFpga/soc.fdc(line number: 358)] Object 'p:mem_dq[20]' can not be found in current view.
E: ConstraintEditor-0046: [F:/SocFpga/soc.fdc(line number: 359)] Object 'p:mem_dq[20]' can not be found in current view.
E: ConstraintEditor-0046: [F:/SocFpga/soc.fdc(line number: 360)] Object 'p:mem_dq[19]' can not be found in current view.
E: ConstraintEditor-0046: [F:/SocFpga/soc.fdc(line number: 361)] Object 'p:mem_dq[19]' can not be found in current view.
E: ConstraintEditor-0046: [F:/SocFpga/soc.fdc(line number: 362)] Object 'p:mem_dq[19]' can not be found in current view.
E: ConstraintEditor-0046: [F:/SocFpga/soc.fdc(line number: 363)] Object 'p:mem_dq[19]' can not be found in current view.
E: ConstraintEditor-0046: [F:/SocFpga/soc.fdc(line number: 364)] Object 'p:mem_dq[19]' can not be found in current view.
E: ConstraintEditor-0046: [F:/SocFpga/soc.fdc(line number: 365)] Object 'p:mem_dq[19]' can not be found in current view.
E: ConstraintEditor-0046: [F:/SocFpga/soc.fdc(line number: 366)] Object 'p:mem_dq[19]' can not be found in current view.
E: ConstraintEditor-0046: [F:/SocFpga/soc.fdc(line number: 367)] Object 'p:mem_dq[18]' can not be found in current view.
E: ConstraintEditor-0046: [F:/SocFpga/soc.fdc(line number: 368)] Object 'p:mem_dq[18]' can not be found in current view.
E: ConstraintEditor-0046: [F:/SocFpga/soc.fdc(line number: 369)] Object 'p:mem_dq[18]' can not be found in current view.
E: ConstraintEditor-0046: [F:/SocFpga/soc.fdc(line number: 370)] Object 'p:mem_dq[18]' can not be found in current view.
E: ConstraintEditor-0046: [F:/SocFpga/soc.fdc(line number: 371)] Object 'p:mem_dq[18]' can not be found in current view.
E: ConstraintEditor-0046: [F:/SocFpga/soc.fdc(line number: 372)] Object 'p:mem_dq[18]' can not be found in current view.
E: ConstraintEditor-0046: [F:/SocFpga/soc.fdc(line number: 373)] Object 'p:mem_dq[18]' can not be found in current view.
E: ConstraintEditor-0046: [F:/SocFpga/soc.fdc(line number: 374)] Object 'p:mem_dq[17]' can not be found in current view.
E: ConstraintEditor-0046: [F:/SocFpga/soc.fdc(line number: 375)] Object 'p:mem_dq[17]' can not be found in current view.
E: ConstraintEditor-0046: [F:/SocFpga/soc.fdc(line number: 376)] Object 'p:mem_dq[17]' can not be found in current view.
E: ConstraintEditor-0046: [F:/SocFpga/soc.fdc(line number: 377)] Object 'p:mem_dq[17]' can not be found in current view.
E: ConstraintEditor-0046: [F:/SocFpga/soc.fdc(line number: 378)] Object 'p:mem_dq[17]' can not be found in current view.
E: ConstraintEditor-0046: [F:/SocFpga/soc.fdc(line number: 379)] Object 'p:mem_dq[17]' can not be found in current view.
E: ConstraintEditor-0046: [F:/SocFpga/soc.fdc(line number: 380)] Object 'p:mem_dq[17]' can not be found in current view.
E: ConstraintEditor-0046: [F:/SocFpga/soc.fdc(line number: 381)] Object 'p:mem_dq[16]' can not be found in current view.
E: ConstraintEditor-0046: [F:/SocFpga/soc.fdc(line number: 382)] Object 'p:mem_dq[16]' can not be found in current view.
E: ConstraintEditor-0046: [F:/SocFpga/soc.fdc(line number: 383)] Object 'p:mem_dq[16]' can not be found in current view.
E: ConstraintEditor-0046: [F:/SocFpga/soc.fdc(line number: 384)] Object 'p:mem_dq[16]' can not be found in current view.
E: ConstraintEditor-0046: [F:/SocFpga/soc.fdc(line number: 385)] Object 'p:mem_dq[16]' can not be found in current view.
E: ConstraintEditor-0046: [F:/SocFpga/soc.fdc(line number: 386)] Object 'p:mem_dq[16]' can not be found in current view.
E: ConstraintEditor-0046: [F:/SocFpga/soc.fdc(line number: 387)] Object 'p:mem_dq[16]' can not be found in current view.
E: ConstraintEditor-0046: [F:/SocFpga/soc.fdc(line number: 388)] Object 'p:mem_dq[15]' can not be found in current view.
E: ConstraintEditor-0046: [F:/SocFpga/soc.fdc(line number: 389)] Object 'p:mem_dq[15]' can not be found in current view.
E: ConstraintEditor-0046: [F:/SocFpga/soc.fdc(line number: 390)] Object 'p:mem_dq[15]' can not be found in current view.
E: ConstraintEditor-0046: [F:/SocFpga/soc.fdc(line number: 391)] Object 'p:mem_dq[15]' can not be found in current view.
E: ConstraintEditor-0046: [F:/SocFpga/soc.fdc(line number: 392)] Object 'p:mem_dq[15]' can not be found in current view.
E: ConstraintEditor-0046: [F:/SocFpga/soc.fdc(line number: 393)] Object 'p:mem_dq[15]' can not be found in current view.
E: ConstraintEditor-0046: [F:/SocFpga/soc.fdc(line number: 394)] Object 'p:mem_dq[15]' can not be found in current view.
E: ConstraintEditor-0046: [F:/SocFpga/soc.fdc(line number: 395)] Object 'p:mem_dq[14]' can not be found in current view.
E: ConstraintEditor-0046: [F:/SocFpga/soc.fdc(line number: 396)] Object 'p:mem_dq[14]' can not be found in current view.
E: ConstraintEditor-0046: [F:/SocFpga/soc.fdc(line number: 397)] Object 'p:mem_dq[14]' can not be found in current view.
E: ConstraintEditor-0046: [F:/SocFpga/soc.fdc(line number: 398)] Object 'p:mem_dq[14]' can not be found in current view.
E: ConstraintEditor-0046: [F:/SocFpga/soc.fdc(line number: 399)] Object 'p:mem_dq[14]' can not be found in current view.
E: ConstraintEditor-0046: [F:/SocFpga/soc.fdc(line number: 400)] Object 'p:mem_dq[14]' can not be found in current view.
E: ConstraintEditor-0046: [F:/SocFpga/soc.fdc(line number: 401)] Object 'p:mem_dq[14]' can not be found in current view.
E: ConstraintEditor-0046: [F:/SocFpga/soc.fdc(line number: 402)] Object 'p:mem_dq[13]' can not be found in current view.
E: ConstraintEditor-0046: [F:/SocFpga/soc.fdc(line number: 403)] Object 'p:mem_dq[13]' can not be found in current view.
E: ConstraintEditor-0046: [F:/SocFpga/soc.fdc(line number: 404)] Object 'p:mem_dq[13]' can not be found in current view.
E: ConstraintEditor-0046: [F:/SocFpga/soc.fdc(line number: 405)] Object 'p:mem_dq[13]' can not be found in current view.
E: ConstraintEditor-0046: [F:/SocFpga/soc.fdc(line number: 406)] Object 'p:mem_dq[13]' can not be found in current view.
E: ConstraintEditor-0046: [F:/SocFpga/soc.fdc(line number: 407)] Object 'p:mem_dq[13]' can not be found in current view.
E: ConstraintEditor-0046: [F:/SocFpga/soc.fdc(line number: 408)] Object 'p:mem_dq[13]' can not be found in current view.
E: ConstraintEditor-0046: [F:/SocFpga/soc.fdc(line number: 409)] Object 'p:mem_dq[12]' can not be found in current view.
E: ConstraintEditor-0046: [F:/SocFpga/soc.fdc(line number: 410)] Object 'p:mem_dq[12]' can not be found in current view.
E: ConstraintEditor-0046: [F:/SocFpga/soc.fdc(line number: 411)] Object 'p:mem_dq[12]' can not be found in current view.
E: ConstraintEditor-0046: [F:/SocFpga/soc.fdc(line number: 412)] Object 'p:mem_dq[12]' can not be found in current view.
E: ConstraintEditor-0046: [F:/SocFpga/soc.fdc(line number: 413)] Object 'p:mem_dq[12]' can not be found in current view.
E: ConstraintEditor-0046: [F:/SocFpga/soc.fdc(line number: 414)] Object 'p:mem_dq[12]' can not be found in current view.
E: ConstraintEditor-0046: [F:/SocFpga/soc.fdc(line number: 415)] Object 'p:mem_dq[12]' can not be found in current view.
E: ConstraintEditor-0046: [F:/SocFpga/soc.fdc(line number: 416)] Object 'p:mem_dq[11]' can not be found in current view.
E: ConstraintEditor-0046: [F:/SocFpga/soc.fdc(line number: 417)] Object 'p:mem_dq[11]' can not be found in current view.
E: ConstraintEditor-0046: [F:/SocFpga/soc.fdc(line number: 418)] Object 'p:mem_dq[11]' can not be found in current view.
E: ConstraintEditor-0046: [F:/SocFpga/soc.fdc(line number: 419)] Object 'p:mem_dq[11]' can not be found in current view.
E: ConstraintEditor-0046: [F:/SocFpga/soc.fdc(line number: 420)] Object 'p:mem_dq[11]' can not be found in current view.
E: ConstraintEditor-0046: [F:/SocFpga/soc.fdc(line number: 421)] Object 'p:mem_dq[11]' can not be found in current view.
E: ConstraintEditor-0046: [F:/SocFpga/soc.fdc(line number: 422)] Object 'p:mem_dq[11]' can not be found in current view.
E: ConstraintEditor-0046: [F:/SocFpga/soc.fdc(line number: 423)] Object 'p:mem_dq[10]' can not be found in current view.
E: ConstraintEditor-0046: [F:/SocFpga/soc.fdc(line number: 424)] Object 'p:mem_dq[10]' can not be found in current view.
E: ConstraintEditor-0046: [F:/SocFpga/soc.fdc(line number: 425)] Object 'p:mem_dq[10]' can not be found in current view.
E: ConstraintEditor-0046: [F:/SocFpga/soc.fdc(line number: 426)] Object 'p:mem_dq[10]' can not be found in current view.
E: ConstraintEditor-0046: [F:/SocFpga/soc.fdc(line number: 427)] Object 'p:mem_dq[10]' can not be found in current view.
E: ConstraintEditor-0046: [F:/SocFpga/soc.fdc(line number: 428)] Object 'p:mem_dq[10]' can not be found in current view.
E: ConstraintEditor-0046: [F:/SocFpga/soc.fdc(line number: 429)] Object 'p:mem_dq[10]' can not be found in current view.
E: ConstraintEditor-0046: [F:/SocFpga/soc.fdc(line number: 430)] Object 'p:mem_dq[9]' can not be found in current view.
E: ConstraintEditor-0046: [F:/SocFpga/soc.fdc(line number: 431)] Object 'p:mem_dq[9]' can not be found in current view.
E: ConstraintEditor-0046: [F:/SocFpga/soc.fdc(line number: 432)] Object 'p:mem_dq[9]' can not be found in current view.
E: ConstraintEditor-0046: [F:/SocFpga/soc.fdc(line number: 433)] Object 'p:mem_dq[9]' can not be found in current view.
E: ConstraintEditor-0046: [F:/SocFpga/soc.fdc(line number: 434)] Object 'p:mem_dq[9]' can not be found in current view.
E: ConstraintEditor-0046: [F:/SocFpga/soc.fdc(line number: 435)] Object 'p:mem_dq[9]' can not be found in current view.
E: ConstraintEditor-0046: [F:/SocFpga/soc.fdc(line number: 436)] Object 'p:mem_dq[9]' can not be found in current view.
E: ConstraintEditor-0046: [F:/SocFpga/soc.fdc(line number: 437)] Object 'p:mem_dq[8]' can not be found in current view.
E: ConstraintEditor-0046: [F:/SocFpga/soc.fdc(line number: 438)] Object 'p:mem_dq[8]' can not be found in current view.
E: ConstraintEditor-0046: [F:/SocFpga/soc.fdc(line number: 439)] Object 'p:mem_dq[8]' can not be found in current view.
E: ConstraintEditor-0046: [F:/SocFpga/soc.fdc(line number: 440)] Object 'p:mem_dq[8]' can not be found in current view.
E: ConstraintEditor-0046: [F:/SocFpga/soc.fdc(line number: 441)] Object 'p:mem_dq[8]' can not be found in current view.
E: ConstraintEditor-0046: [F:/SocFpga/soc.fdc(line number: 442)] Object 'p:mem_dq[8]' can not be found in current view.
E: ConstraintEditor-0046: [F:/SocFpga/soc.fdc(line number: 443)] Object 'p:mem_dq[8]' can not be found in current view.
E: ConstraintEditor-0046: [F:/SocFpga/soc.fdc(line number: 444)] Object 'p:mem_dq[7]' can not be found in current view.
E: ConstraintEditor-0046: [F:/SocFpga/soc.fdc(line number: 445)] Object 'p:mem_dq[7]' can not be found in current view.
E: ConstraintEditor-0046: [F:/SocFpga/soc.fdc(line number: 446)] Object 'p:mem_dq[7]' can not be found in current view.
E: ConstraintEditor-0046: [F:/SocFpga/soc.fdc(line number: 447)] Object 'p:mem_dq[7]' can not be found in current view.
E: ConstraintEditor-0046: [F:/SocFpga/soc.fdc(line number: 448)] Object 'p:mem_dq[7]' can not be found in current view.
E: ConstraintEditor-0046: [F:/SocFpga/soc.fdc(line number: 449)] Object 'p:mem_dq[7]' can not be found in current view.
E: ConstraintEditor-0046: [F:/SocFpga/soc.fdc(line number: 450)] Object 'p:mem_dq[7]' can not be found in current view.
E: ConstraintEditor-0046: [F:/SocFpga/soc.fdc(line number: 451)] Object 'p:mem_dq[6]' can not be found in current view.
E: ConstraintEditor-0046: [F:/SocFpga/soc.fdc(line number: 452)] Object 'p:mem_dq[6]' can not be found in current view.
E: ConstraintEditor-0046: [F:/SocFpga/soc.fdc(line number: 453)] Object 'p:mem_dq[6]' can not be found in current view.
E: ConstraintEditor-0046: [F:/SocFpga/soc.fdc(line number: 454)] Object 'p:mem_dq[6]' can not be found in current view.
E: ConstraintEditor-0046: [F:/SocFpga/soc.fdc(line number: 455)] Object 'p:mem_dq[6]' can not be found in current view.
E: ConstraintEditor-0046: [F:/SocFpga/soc.fdc(line number: 456)] Object 'p:mem_dq[6]' can not be found in current view.
E: ConstraintEditor-0046: [F:/SocFpga/soc.fdc(line number: 457)] Object 'p:mem_dq[6]' can not be found in current view.
E: ConstraintEditor-0046: [F:/SocFpga/soc.fdc(line number: 458)] Object 'p:mem_dq[5]' can not be found in current view.
E: ConstraintEditor-0046: [F:/SocFpga/soc.fdc(line number: 459)] Object 'p:mem_dq[5]' can not be found in current view.
E: ConstraintEditor-0046: [F:/SocFpga/soc.fdc(line number: 460)] Object 'p:mem_dq[5]' can not be found in current view.
E: ConstraintEditor-0046: [F:/SocFpga/soc.fdc(line number: 461)] Object 'p:mem_dq[5]' can not be found in current view.
E: ConstraintEditor-0046: [F:/SocFpga/soc.fdc(line number: 462)] Object 'p:mem_dq[5]' can not be found in current view.
E: ConstraintEditor-0046: [F:/SocFpga/soc.fdc(line number: 463)] Object 'p:mem_dq[5]' can not be found in current view.
E: ConstraintEditor-0046: [F:/SocFpga/soc.fdc(line number: 464)] Object 'p:mem_dq[5]' can not be found in current view.
E: ConstraintEditor-0046: [F:/SocFpga/soc.fdc(line number: 465)] Object 'p:mem_dq[4]' can not be found in current view.
E: ConstraintEditor-0046: [F:/SocFpga/soc.fdc(line number: 466)] Object 'p:mem_dq[4]' can not be found in current view.
E: ConstraintEditor-0046: [F:/SocFpga/soc.fdc(line number: 467)] Object 'p:mem_dq[4]' can not be found in current view.
E: ConstraintEditor-0046: [F:/SocFpga/soc.fdc(line number: 468)] Object 'p:mem_dq[4]' can not be found in current view.
E: ConstraintEditor-0046: [F:/SocFpga/soc.fdc(line number: 469)] Object 'p:mem_dq[4]' can not be found in current view.
E: ConstraintEditor-0046: [F:/SocFpga/soc.fdc(line number: 470)] Object 'p:mem_dq[4]' can not be found in current view.
E: ConstraintEditor-0046: [F:/SocFpga/soc.fdc(line number: 471)] Object 'p:mem_dq[4]' can not be found in current view.
E: ConstraintEditor-0046: [F:/SocFpga/soc.fdc(line number: 472)] Object 'p:mem_dq[3]' can not be found in current view.
E: ConstraintEditor-0046: [F:/SocFpga/soc.fdc(line number: 473)] Object 'p:mem_dq[3]' can not be found in current view.
E: ConstraintEditor-0046: [F:/SocFpga/soc.fdc(line number: 474)] Object 'p:mem_dq[3]' can not be found in current view.
E: ConstraintEditor-0046: [F:/SocFpga/soc.fdc(line number: 475)] Object 'p:mem_dq[3]' can not be found in current view.
E: ConstraintEditor-0046: [F:/SocFpga/soc.fdc(line number: 476)] Object 'p:mem_dq[3]' can not be found in current view.
E: ConstraintEditor-0046: [F:/SocFpga/soc.fdc(line number: 477)] Object 'p:mem_dq[3]' can not be found in current view.
E: ConstraintEditor-0046: [F:/SocFpga/soc.fdc(line number: 478)] Object 'p:mem_dq[3]' can not be found in current view.
E: ConstraintEditor-0046: [F:/SocFpga/soc.fdc(line number: 479)] Object 'p:mem_dq[2]' can not be found in current view.
E: ConstraintEditor-0046: [F:/SocFpga/soc.fdc(line number: 480)] Object 'p:mem_dq[2]' can not be found in current view.
E: ConstraintEditor-0046: [F:/SocFpga/soc.fdc(line number: 481)] Object 'p:mem_dq[2]' can not be found in current view.
E: ConstraintEditor-0046: [F:/SocFpga/soc.fdc(line number: 482)] Object 'p:mem_dq[2]' can not be found in current view.
E: ConstraintEditor-0046: [F:/SocFpga/soc.fdc(line number: 483)] Object 'p:mem_dq[2]' can not be found in current view.
E: ConstraintEditor-0046: [F:/SocFpga/soc.fdc(line number: 484)] Object 'p:mem_dq[2]' can not be found in current view.
E: ConstraintEditor-0046: [F:/SocFpga/soc.fdc(line number: 485)] Object 'p:mem_dq[2]' can not be found in current view.
E: ConstraintEditor-0046: [F:/SocFpga/soc.fdc(line number: 486)] Object 'p:mem_dq[1]' can not be found in current view.
E: ConstraintEditor-0046: [F:/SocFpga/soc.fdc(line number: 487)] Object 'p:mem_dq[1]' can not be found in current view.
E: ConstraintEditor-0046: [F:/SocFpga/soc.fdc(line number: 488)] Object 'p:mem_dq[1]' can not be found in current view.
E: ConstraintEditor-0046: [F:/SocFpga/soc.fdc(line number: 489)] Object 'p:mem_dq[1]' can not be found in current view.
E: ConstraintEditor-0046: [F:/SocFpga/soc.fdc(line number: 490)] Object 'p:mem_dq[1]' can not be found in current view.
E: ConstraintEditor-0046: [F:/SocFpga/soc.fdc(line number: 491)] Object 'p:mem_dq[1]' can not be found in current view.
E: ConstraintEditor-0046: [F:/SocFpga/soc.fdc(line number: 492)] Object 'p:mem_dq[1]' can not be found in current view.
E: ConstraintEditor-0046: [F:/SocFpga/soc.fdc(line number: 493)] Object 'p:mem_dq[0]' can not be found in current view.
E: ConstraintEditor-0046: [F:/SocFpga/soc.fdc(line number: 494)] Object 'p:mem_dq[0]' can not be found in current view.
E: ConstraintEditor-0046: [F:/SocFpga/soc.fdc(line number: 495)] Object 'p:mem_dq[0]' can not be found in current view.
E: ConstraintEditor-0046: [F:/SocFpga/soc.fdc(line number: 496)] Object 'p:mem_dq[0]' can not be found in current view.
E: ConstraintEditor-0046: [F:/SocFpga/soc.fdc(line number: 497)] Object 'p:mem_dq[0]' can not be found in current view.
E: ConstraintEditor-0046: [F:/SocFpga/soc.fdc(line number: 498)] Object 'p:mem_dq[0]' can not be found in current view.
E: ConstraintEditor-0046: [F:/SocFpga/soc.fdc(line number: 499)] Object 'p:mem_dq[0]' can not be found in current view.
E: ConstraintEditor-0046: [F:/SocFpga/soc.fdc(line number: 500)] Object 'p:mem_a[14]' can not be found in current view.
E: ConstraintEditor-0046: [F:/SocFpga/soc.fdc(line number: 501)] Object 'p:mem_a[14]' can not be found in current view.
E: ConstraintEditor-0046: [F:/SocFpga/soc.fdc(line number: 502)] Object 'p:mem_a[14]' can not be found in current view.
E: ConstraintEditor-0046: [F:/SocFpga/soc.fdc(line number: 503)] Object 'p:mem_a[14]' can not be found in current view.
E: ConstraintEditor-0046: [F:/SocFpga/soc.fdc(line number: 504)] Object 'p:mem_a[14]' can not be found in current view.
E: ConstraintEditor-0046: [F:/SocFpga/soc.fdc(line number: 505)] Object 'p:mem_a[14]' can not be found in current view.
E: ConstraintEditor-0046: [F:/SocFpga/soc.fdc(line number: 506)] Object 'p:mem_a[14]' can not be found in current view.
E: ConstraintEditor-0046: [F:/SocFpga/soc.fdc(line number: 507)] Object 'p:mem_a[13]' can not be found in current view.
E: ConstraintEditor-0046: [F:/SocFpga/soc.fdc(line number: 508)] Object 'p:mem_a[13]' can not be found in current view.
E: ConstraintEditor-0046: [F:/SocFpga/soc.fdc(line number: 509)] Object 'p:mem_a[13]' can not be found in current view.
E: ConstraintEditor-0046: [F:/SocFpga/soc.fdc(line number: 510)] Object 'p:mem_a[13]' can not be found in current view.
E: ConstraintEditor-0046: [F:/SocFpga/soc.fdc(line number: 511)] Object 'p:mem_a[13]' can not be found in current view.
E: ConstraintEditor-0046: [F:/SocFpga/soc.fdc(line number: 512)] Object 'p:mem_a[13]' can not be found in current view.
E: ConstraintEditor-0046: [F:/SocFpga/soc.fdc(line number: 513)] Object 'p:mem_a[13]' can not be found in current view.
E: ConstraintEditor-0046: [F:/SocFpga/soc.fdc(line number: 514)] Object 'p:mem_a[12]' can not be found in current view.
E: ConstraintEditor-0046: [F:/SocFpga/soc.fdc(line number: 515)] Object 'p:mem_a[12]' can not be found in current view.
E: ConstraintEditor-0046: [F:/SocFpga/soc.fdc(line number: 516)] Object 'p:mem_a[12]' can not be found in current view.
E: ConstraintEditor-0046: [F:/SocFpga/soc.fdc(line number: 517)] Object 'p:mem_a[12]' can not be found in current view.
E: ConstraintEditor-0046: [F:/SocFpga/soc.fdc(line number: 518)] Object 'p:mem_a[12]' can not be found in current view.
E: ConstraintEditor-0046: [F:/SocFpga/soc.fdc(line number: 519)] Object 'p:mem_a[12]' can not be found in current view.
E: ConstraintEditor-0046: [F:/SocFpga/soc.fdc(line number: 520)] Object 'p:mem_a[12]' can not be found in current view.
E: ConstraintEditor-0046: [F:/SocFpga/soc.fdc(line number: 521)] Object 'p:mem_a[11]' can not be found in current view.
E: ConstraintEditor-0046: [F:/SocFpga/soc.fdc(line number: 522)] Object 'p:mem_a[11]' can not be found in current view.
E: ConstraintEditor-0046: [F:/SocFpga/soc.fdc(line number: 523)] Object 'p:mem_a[11]' can not be found in current view.
E: ConstraintEditor-0046: [F:/SocFpga/soc.fdc(line number: 524)] Object 'p:mem_a[11]' can not be found in current view.
E: ConstraintEditor-0046: [F:/SocFpga/soc.fdc(line number: 525)] Object 'p:mem_a[11]' can not be found in current view.
E: ConstraintEditor-0046: [F:/SocFpga/soc.fdc(line number: 526)] Object 'p:mem_a[11]' can not be found in current view.
E: ConstraintEditor-0046: [F:/SocFpga/soc.fdc(line number: 527)] Object 'p:mem_a[11]' can not be found in current view.
E: ConstraintEditor-0046: [F:/SocFpga/soc.fdc(line number: 528)] Object 'p:mem_a[10]' can not be found in current view.
E: ConstraintEditor-0046: [F:/SocFpga/soc.fdc(line number: 529)] Object 'p:mem_a[10]' can not be found in current view.
E: ConstraintEditor-0046: [F:/SocFpga/soc.fdc(line number: 530)] Object 'p:mem_a[10]' can not be found in current view.
E: ConstraintEditor-0046: [F:/SocFpga/soc.fdc(line number: 531)] Object 'p:mem_a[10]' can not be found in current view.
E: ConstraintEditor-0046: [F:/SocFpga/soc.fdc(line number: 532)] Object 'p:mem_a[10]' can not be found in current view.
E: ConstraintEditor-0046: [F:/SocFpga/soc.fdc(line number: 533)] Object 'p:mem_a[10]' can not be found in current view.
E: ConstraintEditor-0046: [F:/SocFpga/soc.fdc(line number: 534)] Object 'p:mem_a[10]' can not be found in current view.
E: ConstraintEditor-0046: [F:/SocFpga/soc.fdc(line number: 535)] Object 'p:mem_a[9]' can not be found in current view.
E: ConstraintEditor-0046: [F:/SocFpga/soc.fdc(line number: 536)] Object 'p:mem_a[9]' can not be found in current view.
E: ConstraintEditor-0046: [F:/SocFpga/soc.fdc(line number: 537)] Object 'p:mem_a[9]' can not be found in current view.
E: ConstraintEditor-0046: [F:/SocFpga/soc.fdc(line number: 538)] Object 'p:mem_a[9]' can not be found in current view.
E: ConstraintEditor-0046: [F:/SocFpga/soc.fdc(line number: 539)] Object 'p:mem_a[9]' can not be found in current view.
E: ConstraintEditor-0046: [F:/SocFpga/soc.fdc(line number: 540)] Object 'p:mem_a[9]' can not be found in current view.
E: ConstraintEditor-0046: [F:/SocFpga/soc.fdc(line number: 541)] Object 'p:mem_a[9]' can not be found in current view.
E: ConstraintEditor-0046: [F:/SocFpga/soc.fdc(line number: 542)] Object 'p:mem_a[8]' can not be found in current view.
E: ConstraintEditor-0046: [F:/SocFpga/soc.fdc(line number: 543)] Object 'p:mem_a[8]' can not be found in current view.
E: ConstraintEditor-0046: [F:/SocFpga/soc.fdc(line number: 544)] Object 'p:mem_a[8]' can not be found in current view.
E: ConstraintEditor-0046: [F:/SocFpga/soc.fdc(line number: 545)] Object 'p:mem_a[8]' can not be found in current view.
E: ConstraintEditor-0046: [F:/SocFpga/soc.fdc(line number: 546)] Object 'p:mem_a[8]' can not be found in current view.
E: ConstraintEditor-0046: [F:/SocFpga/soc.fdc(line number: 547)] Object 'p:mem_a[8]' can not be found in current view.
E: ConstraintEditor-0046: [F:/SocFpga/soc.fdc(line number: 548)] Object 'p:mem_a[8]' can not be found in current view.
E: ConstraintEditor-0046: [F:/SocFpga/soc.fdc(line number: 549)] Object 'p:mem_a[7]' can not be found in current view.
E: ConstraintEditor-0046: [F:/SocFpga/soc.fdc(line number: 550)] Object 'p:mem_a[7]' can not be found in current view.
E: ConstraintEditor-0046: [F:/SocFpga/soc.fdc(line number: 551)] Object 'p:mem_a[7]' can not be found in current view.
E: ConstraintEditor-0046: [F:/SocFpga/soc.fdc(line number: 552)] Object 'p:mem_a[7]' can not be found in current view.
E: ConstraintEditor-0046: [F:/SocFpga/soc.fdc(line number: 553)] Object 'p:mem_a[7]' can not be found in current view.
E: ConstraintEditor-0046: [F:/SocFpga/soc.fdc(line number: 554)] Object 'p:mem_a[7]' can not be found in current view.
E: ConstraintEditor-0046: [F:/SocFpga/soc.fdc(line number: 555)] Object 'p:mem_a[7]' can not be found in current view.
E: ConstraintEditor-0046: [F:/SocFpga/soc.fdc(line number: 556)] Object 'p:mem_a[6]' can not be found in current view.
E: ConstraintEditor-0046: [F:/SocFpga/soc.fdc(line number: 557)] Object 'p:mem_a[6]' can not be found in current view.
E: ConstraintEditor-0046: [F:/SocFpga/soc.fdc(line number: 558)] Object 'p:mem_a[6]' can not be found in current view.
E: ConstraintEditor-0046: [F:/SocFpga/soc.fdc(line number: 559)] Object 'p:mem_a[6]' can not be found in current view.
E: ConstraintEditor-0046: [F:/SocFpga/soc.fdc(line number: 560)] Object 'p:mem_a[6]' can not be found in current view.
E: ConstraintEditor-0046: [F:/SocFpga/soc.fdc(line number: 561)] Object 'p:mem_a[6]' can not be found in current view.
E: ConstraintEditor-0046: [F:/SocFpga/soc.fdc(line number: 562)] Object 'p:mem_a[6]' can not be found in current view.
E: ConstraintEditor-0046: [F:/SocFpga/soc.fdc(line number: 563)] Object 'p:mem_a[5]' can not be found in current view.
E: ConstraintEditor-0046: [F:/SocFpga/soc.fdc(line number: 564)] Object 'p:mem_a[5]' can not be found in current view.
E: ConstraintEditor-0046: [F:/SocFpga/soc.fdc(line number: 565)] Object 'p:mem_a[5]' can not be found in current view.
E: ConstraintEditor-0046: [F:/SocFpga/soc.fdc(line number: 566)] Object 'p:mem_a[5]' can not be found in current view.
E: ConstraintEditor-0046: [F:/SocFpga/soc.fdc(line number: 567)] Object 'p:mem_a[5]' can not be found in current view.
E: ConstraintEditor-0046: [F:/SocFpga/soc.fdc(line number: 568)] Object 'p:mem_a[5]' can not be found in current view.
E: ConstraintEditor-0046: [F:/SocFpga/soc.fdc(line number: 569)] Object 'p:mem_a[5]' can not be found in current view.
E: ConstraintEditor-0046: [F:/SocFpga/soc.fdc(line number: 570)] Object 'p:mem_a[4]' can not be found in current view.
E: ConstraintEditor-0046: [F:/SocFpga/soc.fdc(line number: 571)] Object 'p:mem_a[4]' can not be found in current view.
E: ConstraintEditor-0046: [F:/SocFpga/soc.fdc(line number: 572)] Object 'p:mem_a[4]' can not be found in current view.
E: ConstraintEditor-0046: [F:/SocFpga/soc.fdc(line number: 573)] Object 'p:mem_a[4]' can not be found in current view.
E: ConstraintEditor-0046: [F:/SocFpga/soc.fdc(line number: 574)] Object 'p:mem_a[4]' can not be found in current view.
E: ConstraintEditor-0046: [F:/SocFpga/soc.fdc(line number: 575)] Object 'p:mem_a[4]' can not be found in current view.
E: ConstraintEditor-0046: [F:/SocFpga/soc.fdc(line number: 576)] Object 'p:mem_a[4]' can not be found in current view.
E: ConstraintEditor-0046: [F:/SocFpga/soc.fdc(line number: 577)] Object 'p:mem_a[3]' can not be found in current view.
E: ConstraintEditor-0046: [F:/SocFpga/soc.fdc(line number: 578)] Object 'p:mem_a[3]' can not be found in current view.
E: ConstraintEditor-0046: [F:/SocFpga/soc.fdc(line number: 579)] Object 'p:mem_a[3]' can not be found in current view.
E: ConstraintEditor-0046: [F:/SocFpga/soc.fdc(line number: 580)] Object 'p:mem_a[3]' can not be found in current view.
E: ConstraintEditor-0046: [F:/SocFpga/soc.fdc(line number: 581)] Object 'p:mem_a[3]' can not be found in current view.
E: ConstraintEditor-0046: [F:/SocFpga/soc.fdc(line number: 582)] Object 'p:mem_a[3]' can not be found in current view.
E: ConstraintEditor-0046: [F:/SocFpga/soc.fdc(line number: 583)] Object 'p:mem_a[3]' can not be found in current view.
E: ConstraintEditor-0046: [F:/SocFpga/soc.fdc(line number: 584)] Object 'p:mem_a[2]' can not be found in current view.
E: ConstraintEditor-0046: [F:/SocFpga/soc.fdc(line number: 585)] Object 'p:mem_a[2]' can not be found in current view.
E: ConstraintEditor-0046: [F:/SocFpga/soc.fdc(line number: 586)] Object 'p:mem_a[2]' can not be found in current view.
E: ConstraintEditor-0046: [F:/SocFpga/soc.fdc(line number: 587)] Object 'p:mem_a[2]' can not be found in current view.
E: ConstraintEditor-0046: [F:/SocFpga/soc.fdc(line number: 588)] Object 'p:mem_a[2]' can not be found in current view.
E: ConstraintEditor-0046: [F:/SocFpga/soc.fdc(line number: 589)] Object 'p:mem_a[2]' can not be found in current view.
E: ConstraintEditor-0046: [F:/SocFpga/soc.fdc(line number: 590)] Object 'p:mem_a[2]' can not be found in current view.
E: ConstraintEditor-0046: [F:/SocFpga/soc.fdc(line number: 591)] Object 'p:mem_a[1]' can not be found in current view.
E: ConstraintEditor-0046: [F:/SocFpga/soc.fdc(line number: 592)] Object 'p:mem_a[1]' can not be found in current view.
E: ConstraintEditor-0046: [F:/SocFpga/soc.fdc(line number: 593)] Object 'p:mem_a[1]' can not be found in current view.
E: ConstraintEditor-0046: [F:/SocFpga/soc.fdc(line number: 594)] Object 'p:mem_a[1]' can not be found in current view.
E: ConstraintEditor-0046: [F:/SocFpga/soc.fdc(line number: 595)] Object 'p:mem_a[1]' can not be found in current view.
E: ConstraintEditor-0046: [F:/SocFpga/soc.fdc(line number: 596)] Object 'p:mem_a[1]' can not be found in current view.
E: ConstraintEditor-0046: [F:/SocFpga/soc.fdc(line number: 597)] Object 'p:mem_a[1]' can not be found in current view.
E: ConstraintEditor-0046: [F:/SocFpga/soc.fdc(line number: 598)] Object 'p:mem_a[0]' can not be found in current view.
E: ConstraintEditor-0046: [F:/SocFpga/soc.fdc(line number: 599)] Object 'p:mem_a[0]' can not be found in current view.
E: ConstraintEditor-0046: [F:/SocFpga/soc.fdc(line number: 600)] Object 'p:mem_a[0]' can not be found in current view.
E: ConstraintEditor-0046: [F:/SocFpga/soc.fdc(line number: 601)] Object 'p:mem_a[0]' can not be found in current view.
E: ConstraintEditor-0046: [F:/SocFpga/soc.fdc(line number: 602)] Object 'p:mem_a[0]' can not be found in current view.
E: ConstraintEditor-0046: [F:/SocFpga/soc.fdc(line number: 603)] Object 'p:mem_a[0]' can not be found in current view.
E: ConstraintEditor-0046: [F:/SocFpga/soc.fdc(line number: 604)] Object 'p:mem_a[0]' can not be found in current view.
E: ConstraintEditor-0046: [F:/SocFpga/soc.fdc(line number: 605)] Object 'p:mem_dqs[3]' can not be found in current view.
E: ConstraintEditor-0046: [F:/SocFpga/soc.fdc(line number: 606)] Object 'p:mem_dqs[3]' can not be found in current view.
E: ConstraintEditor-0046: [F:/SocFpga/soc.fdc(line number: 607)] Object 'p:mem_dqs[3]' can not be found in current view.
E: ConstraintEditor-0046: [F:/SocFpga/soc.fdc(line number: 608)] Object 'p:mem_dqs[3]' can not be found in current view.
E: ConstraintEditor-0046: [F:/SocFpga/soc.fdc(line number: 609)] Object 'p:mem_dqs[3]' can not be found in current view.
E: ConstraintEditor-0046: [F:/SocFpga/soc.fdc(line number: 610)] Object 'p:mem_dqs[3]' can not be found in current view.
E: ConstraintEditor-0046: [F:/SocFpga/soc.fdc(line number: 611)] Object 'p:mem_dqs[3]' can not be found in current view.
E: ConstraintEditor-0046: [F:/SocFpga/soc.fdc(line number: 612)] Object 'p:mem_dqs[2]' can not be found in current view.
E: ConstraintEditor-0046: [F:/SocFpga/soc.fdc(line number: 613)] Object 'p:mem_dqs[2]' can not be found in current view.
E: ConstraintEditor-0046: [F:/SocFpga/soc.fdc(line number: 614)] Object 'p:mem_dqs[2]' can not be found in current view.
E: ConstraintEditor-0046: [F:/SocFpga/soc.fdc(line number: 615)] Object 'p:mem_dqs[2]' can not be found in current view.
E: ConstraintEditor-0046: [F:/SocFpga/soc.fdc(line number: 616)] Object 'p:mem_dqs[2]' can not be found in current view.
E: ConstraintEditor-0046: [F:/SocFpga/soc.fdc(line number: 617)] Object 'p:mem_dqs[2]' can not be found in current view.
E: ConstraintEditor-0046: [F:/SocFpga/soc.fdc(line number: 618)] Object 'p:mem_dqs[2]' can not be found in current view.
E: ConstraintEditor-0046: [F:/SocFpga/soc.fdc(line number: 619)] Object 'p:mem_dqs[1]' can not be found in current view.
E: ConstraintEditor-0046: [F:/SocFpga/soc.fdc(line number: 620)] Object 'p:mem_dqs[1]' can not be found in current view.
E: ConstraintEditor-0046: [F:/SocFpga/soc.fdc(line number: 621)] Object 'p:mem_dqs[1]' can not be found in current view.
E: ConstraintEditor-0046: [F:/SocFpga/soc.fdc(line number: 622)] Object 'p:mem_dqs[1]' can not be found in current view.
E: ConstraintEditor-0046: [F:/SocFpga/soc.fdc(line number: 623)] Object 'p:mem_dqs[1]' can not be found in current view.
E: ConstraintEditor-0046: [F:/SocFpga/soc.fdc(line number: 624)] Object 'p:mem_dqs[1]' can not be found in current view.
E: ConstraintEditor-0046: [F:/SocFpga/soc.fdc(line number: 625)] Object 'p:mem_dqs[1]' can not be found in current view.
E: ConstraintEditor-0046: [F:/SocFpga/soc.fdc(line number: 626)] Object 'p:mem_dqs[0]' can not be found in current view.
E: ConstraintEditor-0046: [F:/SocFpga/soc.fdc(line number: 627)] Object 'p:mem_dqs[0]' can not be found in current view.
E: ConstraintEditor-0046: [F:/SocFpga/soc.fdc(line number: 628)] Object 'p:mem_dqs[0]' can not be found in current view.
E: ConstraintEditor-0046: [F:/SocFpga/soc.fdc(line number: 629)] Object 'p:mem_dqs[0]' can not be found in current view.
E: ConstraintEditor-0046: [F:/SocFpga/soc.fdc(line number: 630)] Object 'p:mem_dqs[0]' can not be found in current view.
E: ConstraintEditor-0046: [F:/SocFpga/soc.fdc(line number: 631)] Object 'p:mem_dqs[0]' can not be found in current view.
E: ConstraintEditor-0046: [F:/SocFpga/soc.fdc(line number: 632)] Object 'p:mem_dqs[0]' can not be found in current view.
E: ConstraintEditor-0046: [F:/SocFpga/soc.fdc(line number: 633)] Object 'p:mem_dqs_n[3]' can not be found in current view.
E: ConstraintEditor-0046: [F:/SocFpga/soc.fdc(line number: 634)] Object 'p:mem_dqs_n[3]' can not be found in current view.
E: ConstraintEditor-0046: [F:/SocFpga/soc.fdc(line number: 635)] Object 'p:mem_dqs_n[3]' can not be found in current view.
E: ConstraintEditor-0046: [F:/SocFpga/soc.fdc(line number: 636)] Object 'p:mem_dqs_n[3]' can not be found in current view.
E: ConstraintEditor-0046: [F:/SocFpga/soc.fdc(line number: 637)] Object 'p:mem_dqs_n[3]' can not be found in current view.
E: ConstraintEditor-0046: [F:/SocFpga/soc.fdc(line number: 638)] Object 'p:mem_dqs_n[3]' can not be found in current view.
E: ConstraintEditor-0046: [F:/SocFpga/soc.fdc(line number: 639)] Object 'p:mem_dqs_n[3]' can not be found in current view.
E: ConstraintEditor-0046: [F:/SocFpga/soc.fdc(line number: 640)] Object 'p:mem_dqs_n[2]' can not be found in current view.
E: ConstraintEditor-0046: [F:/SocFpga/soc.fdc(line number: 641)] Object 'p:mem_dqs_n[2]' can not be found in current view.
E: ConstraintEditor-0046: [F:/SocFpga/soc.fdc(line number: 642)] Object 'p:mem_dqs_n[2]' can not be found in current view.
E: ConstraintEditor-0046: [F:/SocFpga/soc.fdc(line number: 643)] Object 'p:mem_dqs_n[2]' can not be found in current view.
E: ConstraintEditor-0046: [F:/SocFpga/soc.fdc(line number: 644)] Object 'p:mem_dqs_n[2]' can not be found in current view.
E: ConstraintEditor-0046: [F:/SocFpga/soc.fdc(line number: 645)] Object 'p:mem_dqs_n[2]' can not be found in current view.
E: ConstraintEditor-0046: [F:/SocFpga/soc.fdc(line number: 646)] Object 'p:mem_dqs_n[2]' can not be found in current view.
E: ConstraintEditor-0046: [F:/SocFpga/soc.fdc(line number: 647)] Object 'p:mem_dqs_n[1]' can not be found in current view.
E: ConstraintEditor-0046: [F:/SocFpga/soc.fdc(line number: 648)] Object 'p:mem_dqs_n[1]' can not be found in current view.
E: ConstraintEditor-0046: [F:/SocFpga/soc.fdc(line number: 649)] Object 'p:mem_dqs_n[1]' can not be found in current view.
E: ConstraintEditor-0046: [F:/SocFpga/soc.fdc(line number: 650)] Object 'p:mem_dqs_n[1]' can not be found in current view.
E: ConstraintEditor-0046: [F:/SocFpga/soc.fdc(line number: 651)] Object 'p:mem_dqs_n[1]' can not be found in current view.
E: ConstraintEditor-0046: [F:/SocFpga/soc.fdc(line number: 652)] Object 'p:mem_dqs_n[1]' can not be found in current view.
E: ConstraintEditor-0046: [F:/SocFpga/soc.fdc(line number: 653)] Object 'p:mem_dqs_n[1]' can not be found in current view.
E: ConstraintEditor-0046: [F:/SocFpga/soc.fdc(line number: 654)] Object 'p:mem_dqs_n[0]' can not be found in current view.
E: ConstraintEditor-0046: [F:/SocFpga/soc.fdc(line number: 655)] Object 'p:mem_dqs_n[0]' can not be found in current view.
E: ConstraintEditor-0046: [F:/SocFpga/soc.fdc(line number: 656)] Object 'p:mem_dqs_n[0]' can not be found in current view.
E: ConstraintEditor-0046: [F:/SocFpga/soc.fdc(line number: 657)] Object 'p:mem_dqs_n[0]' can not be found in current view.
E: ConstraintEditor-0046: [F:/SocFpga/soc.fdc(line number: 658)] Object 'p:mem_dqs_n[0]' can not be found in current view.
E: ConstraintEditor-0046: [F:/SocFpga/soc.fdc(line number: 659)] Object 'p:mem_dqs_n[0]' can not be found in current view.
E: ConstraintEditor-0046: [F:/SocFpga/soc.fdc(line number: 660)] Object 'p:mem_dqs_n[0]' can not be found in current view.
E: ConstraintEditor-0046: [F:/SocFpga/soc.fdc(line number: 661)] Object 'p:mem_ba[2]' can not be found in current view.
E: ConstraintEditor-0046: [F:/SocFpga/soc.fdc(line number: 662)] Object 'p:mem_ba[2]' can not be found in current view.
E: ConstraintEditor-0046: [F:/SocFpga/soc.fdc(line number: 663)] Object 'p:mem_ba[2]' can not be found in current view.
E: ConstraintEditor-0046: [F:/SocFpga/soc.fdc(line number: 664)] Object 'p:mem_ba[2]' can not be found in current view.
E: ConstraintEditor-0046: [F:/SocFpga/soc.fdc(line number: 665)] Object 'p:mem_ba[2]' can not be found in current view.
E: ConstraintEditor-0046: [F:/SocFpga/soc.fdc(line number: 666)] Object 'p:mem_ba[2]' can not be found in current view.
E: ConstraintEditor-0046: [F:/SocFpga/soc.fdc(line number: 667)] Object 'p:mem_ba[2]' can not be found in current view.
E: ConstraintEditor-0046: [F:/SocFpga/soc.fdc(line number: 668)] Object 'p:mem_ba[1]' can not be found in current view.
E: ConstraintEditor-0046: [F:/SocFpga/soc.fdc(line number: 669)] Object 'p:mem_ba[1]' can not be found in current view.
E: ConstraintEditor-0046: [F:/SocFpga/soc.fdc(line number: 670)] Object 'p:mem_ba[1]' can not be found in current view.
E: ConstraintEditor-0046: [F:/SocFpga/soc.fdc(line number: 671)] Object 'p:mem_ba[1]' can not be found in current view.
E: ConstraintEditor-0046: [F:/SocFpga/soc.fdc(line number: 672)] Object 'p:mem_ba[1]' can not be found in current view.
E: ConstraintEditor-0046: [F:/SocFpga/soc.fdc(line number: 673)] Object 'p:mem_ba[1]' can not be found in current view.
E: ConstraintEditor-0046: [F:/SocFpga/soc.fdc(line number: 674)] Object 'p:mem_ba[1]' can not be found in current view.
E: ConstraintEditor-0046: [F:/SocFpga/soc.fdc(line number: 675)] Object 'p:mem_ba[0]' can not be found in current view.
E: ConstraintEditor-0046: [F:/SocFpga/soc.fdc(line number: 676)] Object 'p:mem_ba[0]' can not be found in current view.
E: ConstraintEditor-0046: [F:/SocFpga/soc.fdc(line number: 677)] Object 'p:mem_ba[0]' can not be found in current view.
E: ConstraintEditor-0046: [F:/SocFpga/soc.fdc(line number: 678)] Object 'p:mem_ba[0]' can not be found in current view.
E: ConstraintEditor-0046: [F:/SocFpga/soc.fdc(line number: 679)] Object 'p:mem_ba[0]' can not be found in current view.
E: ConstraintEditor-0046: [F:/SocFpga/soc.fdc(line number: 680)] Object 'p:mem_ba[0]' can not be found in current view.
E: ConstraintEditor-0046: [F:/SocFpga/soc.fdc(line number: 681)] Object 'p:mem_ba[0]' can not be found in current view.
E: ConstraintEditor-0046: [F:/SocFpga/soc.fdc(line number: 682)] Object 'p:mem_dm[3]' can not be found in current view.
E: ConstraintEditor-0046: [F:/SocFpga/soc.fdc(line number: 683)] Object 'p:mem_dm[3]' can not be found in current view.
E: ConstraintEditor-0046: [F:/SocFpga/soc.fdc(line number: 684)] Object 'p:mem_dm[3]' can not be found in current view.
E: ConstraintEditor-0046: [F:/SocFpga/soc.fdc(line number: 685)] Object 'p:mem_dm[3]' can not be found in current view.
E: ConstraintEditor-0046: [F:/SocFpga/soc.fdc(line number: 686)] Object 'p:mem_dm[3]' can not be found in current view.
E: ConstraintEditor-0046: [F:/SocFpga/soc.fdc(line number: 687)] Object 'p:mem_dm[3]' can not be found in current view.
E: ConstraintEditor-0046: [F:/SocFpga/soc.fdc(line number: 688)] Object 'p:mem_dm[3]' can not be found in current view.
E: ConstraintEditor-0046: [F:/SocFpga/soc.fdc(line number: 689)] Object 'p:mem_dm[2]' can not be found in current view.
E: ConstraintEditor-0046: [F:/SocFpga/soc.fdc(line number: 690)] Object 'p:mem_dm[2]' can not be found in current view.
E: ConstraintEditor-0046: [F:/SocFpga/soc.fdc(line number: 691)] Object 'p:mem_dm[2]' can not be found in current view.
E: ConstraintEditor-0046: [F:/SocFpga/soc.fdc(line number: 692)] Object 'p:mem_dm[2]' can not be found in current view.
E: ConstraintEditor-0046: [F:/SocFpga/soc.fdc(line number: 693)] Object 'p:mem_dm[2]' can not be found in current view.
E: ConstraintEditor-0046: [F:/SocFpga/soc.fdc(line number: 694)] Object 'p:mem_dm[2]' can not be found in current view.
E: ConstraintEditor-0046: [F:/SocFpga/soc.fdc(line number: 695)] Object 'p:mem_dm[2]' can not be found in current view.
E: ConstraintEditor-0046: [F:/SocFpga/soc.fdc(line number: 696)] Object 'p:mem_dm[1]' can not be found in current view.
E: ConstraintEditor-0046: [F:/SocFpga/soc.fdc(line number: 697)] Object 'p:mem_dm[1]' can not be found in current view.
E: ConstraintEditor-0046: [F:/SocFpga/soc.fdc(line number: 698)] Object 'p:mem_dm[1]' can not be found in current view.
E: ConstraintEditor-0046: [F:/SocFpga/soc.fdc(line number: 699)] Object 'p:mem_dm[1]' can not be found in current view.
E: ConstraintEditor-0046: [F:/SocFpga/soc.fdc(line number: 700)] Object 'p:mem_dm[1]' can not be found in current view.
E: ConstraintEditor-0046: [F:/SocFpga/soc.fdc(line number: 701)] Object 'p:mem_dm[1]' can not be found in current view.
E: ConstraintEditor-0046: [F:/SocFpga/soc.fdc(line number: 702)] Object 'p:mem_dm[1]' can not be found in current view.
E: ConstraintEditor-0046: [F:/SocFpga/soc.fdc(line number: 703)] Object 'p:mem_dm[0]' can not be found in current view.
E: ConstraintEditor-0046: [F:/SocFpga/soc.fdc(line number: 704)] Object 'p:mem_dm[0]' can not be found in current view.
E: ConstraintEditor-0046: [F:/SocFpga/soc.fdc(line number: 705)] Object 'p:mem_dm[0]' can not be found in current view.
E: ConstraintEditor-0046: [F:/SocFpga/soc.fdc(line number: 706)] Object 'p:mem_dm[0]' can not be found in current view.
E: ConstraintEditor-0046: [F:/SocFpga/soc.fdc(line number: 707)] Object 'p:mem_dm[0]' can not be found in current view.
E: ConstraintEditor-0046: [F:/SocFpga/soc.fdc(line number: 708)] Object 'p:mem_dm[0]' can not be found in current view.
E: ConstraintEditor-0046: [F:/SocFpga/soc.fdc(line number: 709)] Object 'p:mem_dm[0]' can not be found in current view.
E: ConstraintEditor-0046: [F:/SocFpga/soc.fdc(line number: 710)] Object 'p:mem_cas_n' can not be found in current view.
E: ConstraintEditor-0046: [F:/SocFpga/soc.fdc(line number: 711)] Object 'p:mem_cas_n' can not be found in current view.
E: ConstraintEditor-0046: [F:/SocFpga/soc.fdc(line number: 712)] Object 'p:mem_cas_n' can not be found in current view.
E: ConstraintEditor-0046: [F:/SocFpga/soc.fdc(line number: 713)] Object 'p:mem_cas_n' can not be found in current view.
E: ConstraintEditor-0046: [F:/SocFpga/soc.fdc(line number: 714)] Object 'p:mem_cas_n' can not be found in current view.
E: ConstraintEditor-0046: [F:/SocFpga/soc.fdc(line number: 715)] Object 'p:mem_cas_n' can not be found in current view.
E: ConstraintEditor-0046: [F:/SocFpga/soc.fdc(line number: 716)] Object 'p:mem_cas_n' can not be found in current view.
E: ConstraintEditor-0046: [F:/SocFpga/soc.fdc(line number: 717)] Object 'p:mem_ck' can not be found in current view.
E: ConstraintEditor-0046: [F:/SocFpga/soc.fdc(line number: 718)] Object 'p:mem_ck' can not be found in current view.
E: ConstraintEditor-0046: [F:/SocFpga/soc.fdc(line number: 719)] Object 'p:mem_ck' can not be found in current view.
E: ConstraintEditor-0046: [F:/SocFpga/soc.fdc(line number: 720)] Object 'p:mem_ck' can not be found in current view.
E: ConstraintEditor-0046: [F:/SocFpga/soc.fdc(line number: 721)] Object 'p:mem_ck' can not be found in current view.
E: ConstraintEditor-0046: [F:/SocFpga/soc.fdc(line number: 722)] Object 'p:mem_ck' can not be found in current view.
E: ConstraintEditor-0046: [F:/SocFpga/soc.fdc(line number: 723)] Object 'p:mem_ck' can not be found in current view.
E: ConstraintEditor-0046: [F:/SocFpga/soc.fdc(line number: 724)] Object 'p:mem_ck_n' can not be found in current view.
E: ConstraintEditor-0046: [F:/SocFpga/soc.fdc(line number: 725)] Object 'p:mem_ck_n' can not be found in current view.
E: ConstraintEditor-0046: [F:/SocFpga/soc.fdc(line number: 726)] Object 'p:mem_ck_n' can not be found in current view.
E: ConstraintEditor-0046: [F:/SocFpga/soc.fdc(line number: 727)] Object 'p:mem_ck_n' can not be found in current view.
E: ConstraintEditor-0046: [F:/SocFpga/soc.fdc(line number: 728)] Object 'p:mem_ck_n' can not be found in current view.
E: ConstraintEditor-0046: [F:/SocFpga/soc.fdc(line number: 729)] Object 'p:mem_ck_n' can not be found in current view.
E: ConstraintEditor-0046: [F:/SocFpga/soc.fdc(line number: 730)] Object 'p:mem_ck_n' can not be found in current view.
E: ConstraintEditor-0046: [F:/SocFpga/soc.fdc(line number: 731)] Object 'p:mem_cke' can not be found in current view.
E: ConstraintEditor-0046: [F:/SocFpga/soc.fdc(line number: 732)] Object 'p:mem_cke' can not be found in current view.
E: ConstraintEditor-0046: [F:/SocFpga/soc.fdc(line number: 733)] Object 'p:mem_cke' can not be found in current view.
E: ConstraintEditor-0046: [F:/SocFpga/soc.fdc(line number: 734)] Object 'p:mem_cke' can not be found in current view.
E: ConstraintEditor-0046: [F:/SocFpga/soc.fdc(line number: 735)] Object 'p:mem_cke' can not be found in current view.
E: ConstraintEditor-0046: [F:/SocFpga/soc.fdc(line number: 736)] Object 'p:mem_cke' can not be found in current view.
E: ConstraintEditor-0046: [F:/SocFpga/soc.fdc(line number: 737)] Object 'p:mem_cke' can not be found in current view.
E: ConstraintEditor-0046: [F:/SocFpga/soc.fdc(line number: 738)] Object 'p:mem_cs_n' can not be found in current view.
E: ConstraintEditor-0046: [F:/SocFpga/soc.fdc(line number: 739)] Object 'p:mem_cs_n' can not be found in current view.
E: ConstraintEditor-0046: [F:/SocFpga/soc.fdc(line number: 740)] Object 'p:mem_cs_n' can not be found in current view.
E: ConstraintEditor-0046: [F:/SocFpga/soc.fdc(line number: 741)] Object 'p:mem_cs_n' can not be found in current view.
E: ConstraintEditor-0046: [F:/SocFpga/soc.fdc(line number: 742)] Object 'p:mem_cs_n' can not be found in current view.
E: ConstraintEditor-0046: [F:/SocFpga/soc.fdc(line number: 743)] Object 'p:mem_cs_n' can not be found in current view.
E: ConstraintEditor-0046: [F:/SocFpga/soc.fdc(line number: 744)] Object 'p:mem_cs_n' can not be found in current view.
E: ConstraintEditor-0046: [F:/SocFpga/soc.fdc(line number: 745)] Object 'p:mem_odt' can not be found in current view.
E: ConstraintEditor-0046: [F:/SocFpga/soc.fdc(line number: 746)] Object 'p:mem_odt' can not be found in current view.
E: ConstraintEditor-0046: [F:/SocFpga/soc.fdc(line number: 747)] Object 'p:mem_odt' can not be found in current view.
E: ConstraintEditor-0046: [F:/SocFpga/soc.fdc(line number: 748)] Object 'p:mem_odt' can not be found in current view.
E: ConstraintEditor-0046: [F:/SocFpga/soc.fdc(line number: 749)] Object 'p:mem_odt' can not be found in current view.
E: ConstraintEditor-0046: [F:/SocFpga/soc.fdc(line number: 750)] Object 'p:mem_odt' can not be found in current view.
E: ConstraintEditor-0046: [F:/SocFpga/soc.fdc(line number: 751)] Object 'p:mem_odt' can not be found in current view.
E: ConstraintEditor-0046: [F:/SocFpga/soc.fdc(line number: 752)] Object 'p:mem_ras_n' can not be found in current view.
E: ConstraintEditor-0046: [F:/SocFpga/soc.fdc(line number: 753)] Object 'p:mem_ras_n' can not be found in current view.
E: ConstraintEditor-0046: [F:/SocFpga/soc.fdc(line number: 754)] Object 'p:mem_ras_n' can not be found in current view.
E: ConstraintEditor-0046: [F:/SocFpga/soc.fdc(line number: 755)] Object 'p:mem_ras_n' can not be found in current view.
E: ConstraintEditor-0046: [F:/SocFpga/soc.fdc(line number: 756)] Object 'p:mem_ras_n' can not be found in current view.
E: ConstraintEditor-0046: [F:/SocFpga/soc.fdc(line number: 757)] Object 'p:mem_ras_n' can not be found in current view.
E: ConstraintEditor-0046: [F:/SocFpga/soc.fdc(line number: 758)] Object 'p:mem_ras_n' can not be found in current view.
E: ConstraintEditor-0046: [F:/SocFpga/soc.fdc(line number: 759)] Object 'p:mem_rst_n' can not be found in current view.
E: ConstraintEditor-0046: [F:/SocFpga/soc.fdc(line number: 760)] Object 'p:mem_rst_n' can not be found in current view.
E: ConstraintEditor-0046: [F:/SocFpga/soc.fdc(line number: 761)] Object 'p:mem_rst_n' can not be found in current view.
E: ConstraintEditor-0046: [F:/SocFpga/soc.fdc(line number: 762)] Object 'p:mem_rst_n' can not be found in current view.
E: ConstraintEditor-0046: [F:/SocFpga/soc.fdc(line number: 763)] Object 'p:mem_rst_n' can not be found in current view.
E: ConstraintEditor-0046: [F:/SocFpga/soc.fdc(line number: 764)] Object 'p:mem_rst_n' can not be found in current view.
E: ConstraintEditor-0046: [F:/SocFpga/soc.fdc(line number: 765)] Object 'p:mem_rst_n' can not be found in current view.
E: ConstraintEditor-0046: [F:/SocFpga/soc.fdc(line number: 766)] Object 'p:mem_we_n' can not be found in current view.
E: ConstraintEditor-0046: [F:/SocFpga/soc.fdc(line number: 767)] Object 'p:mem_we_n' can not be found in current view.
E: ConstraintEditor-0046: [F:/SocFpga/soc.fdc(line number: 768)] Object 'p:mem_we_n' can not be found in current view.
E: ConstraintEditor-0046: [F:/SocFpga/soc.fdc(line number: 769)] Object 'p:mem_we_n' can not be found in current view.
E: ConstraintEditor-0046: [F:/SocFpga/soc.fdc(line number: 770)] Object 'p:mem_we_n' can not be found in current view.
E: ConstraintEditor-0046: [F:/SocFpga/soc.fdc(line number: 771)] Object 'p:mem_we_n' can not be found in current view.
E: ConstraintEditor-0046: [F:/SocFpga/soc.fdc(line number: 772)] Object 'p:mem_we_n' can not be found in current view.
E: ConstraintEditor-0046: [F:/SocFpga/soc.fdc(line number: 775)] Object 'p:clk_n' can not be found in current view.
E: ConstraintEditor-0046: [F:/SocFpga/soc.fdc(line number: 776)] Object 'p:clk_n' can not be found in current view.
E: ConstraintEditor-0046: [F:/SocFpga/soc.fdc(line number: 777)] Object 'p:clk_n' can not be found in current view.
E: ConstraintEditor-0046: [F:/SocFpga/soc.fdc(line number: 778)] Object 'p:clk_n' can not be found in current view.
E: ConstraintEditor-0046: [F:/SocFpga/soc.fdc(line number: 779)] Object 'p:clk_n' can not be found in current view.
E: ConstraintEditor-0046: [F:/SocFpga/soc.fdc(line number: 780)] Object 'p:clk_p' can not be found in current view.
E: ConstraintEditor-0046: [F:/SocFpga/soc.fdc(line number: 781)] Object 'p:clk_p' can not be found in current view.
E: ConstraintEditor-0046: [F:/SocFpga/soc.fdc(line number: 782)] Object 'p:clk_p' can not be found in current view.
E: ConstraintEditor-0046: [F:/SocFpga/soc.fdc(line number: 783)] Object 'p:clk_p' can not be found in current view.
E: ConstraintEditor-0046: [F:/SocFpga/soc.fdc(line number: 784)] Object 'p:clk_p' can not be found in current view.
E: ConstraintEditor-0046: [F:/SocFpga/soc.fdc(line number: 796)] Object 'p:flash_cs_n' can not be found in current view.
E: ConstraintEditor-0046: [F:/SocFpga/soc.fdc(line number: 797)] Object 'p:flash_cs_n' can not be found in current view.
E: ConstraintEditor-0046: [F:/SocFpga/soc.fdc(line number: 798)] Object 'p:flash_cs_n' can not be found in current view.
E: ConstraintEditor-0046: [F:/SocFpga/soc.fdc(line number: 799)] Object 'p:flash_cs_n' can not be found in current view.
E: ConstraintEditor-0046: [F:/SocFpga/soc.fdc(line number: 801)] Object 'p:flash_cs2_n' can not be found in current view.
E: ConstraintEditor-0046: [F:/SocFpga/soc.fdc(line number: 802)] Object 'p:flash_cs2_n' can not be found in current view.
E: ConstraintEditor-0046: [F:/SocFpga/soc.fdc(line number: 803)] Object 'p:flash_cs2_n' can not be found in current view.
E: ConstraintEditor-0046: [F:/SocFpga/soc.fdc(line number: 804)] Object 'p:flash_cs2_n' can not be found in current view.
E: ConstraintEditor-0046: [F:/SocFpga/soc.fdc(line number: 806)] Object 'p:flash_mosi' can not be found in current view.
E: ConstraintEditor-0046: [F:/SocFpga/soc.fdc(line number: 807)] Object 'p:flash_mosi' can not be found in current view.
E: ConstraintEditor-0046: [F:/SocFpga/soc.fdc(line number: 808)] Object 'p:flash_mosi' can not be found in current view.
E: ConstraintEditor-0046: [F:/SocFpga/soc.fdc(line number: 809)] Object 'p:flash_mosi' can not be found in current view.
E: ConstraintEditor-0046: [F:/SocFpga/soc.fdc(line number: 811)] Object 'p:flash_miso' can not be found in current view.
E: ConstraintEditor-0046: [F:/SocFpga/soc.fdc(line number: 812)] Object 'p:flash_miso' can not be found in current view.
E: ConstraintEditor-0046: [F:/SocFpga/soc.fdc(line number: 813)] Object 'p:flash_miso' can not be found in current view.
E: ConstraintEditor-0046: [F:/SocFpga/soc.fdc(line number: 814)] Object 'p:flash_miso' can not be found in current view.
E: ConstraintEditor-0046: [F:/SocFpga/soc.fdc(line number: 816)] Object 'p:flash_wp_n' can not be found in current view.
E: ConstraintEditor-0046: [F:/SocFpga/soc.fdc(line number: 817)] Object 'p:flash_wp_n' can not be found in current view.
E: ConstraintEditor-0046: [F:/SocFpga/soc.fdc(line number: 818)] Object 'p:flash_wp_n' can not be found in current view.
E: ConstraintEditor-0046: [F:/SocFpga/soc.fdc(line number: 819)] Object 'p:flash_wp_n' can not be found in current view.
E: ConstraintEditor-0046: [F:/SocFpga/soc.fdc(line number: 821)] Object 'p:flash_hold_n' can not be found in current view.
E: ConstraintEditor-0046: [F:/SocFpga/soc.fdc(line number: 822)] Object 'p:flash_hold_n' can not be found in current view.
E: ConstraintEditor-0046: [F:/SocFpga/soc.fdc(line number: 823)] Object 'p:flash_hold_n' can not be found in current view.
E: ConstraintEditor-0046: [F:/SocFpga/soc.fdc(line number: 824)] Object 'p:flash_hold_n' can not be found in current view.
W: ConstraintEditor-4019: Port Bus 'axi_araddr' unspecified I/O constraint.
W: ConstraintEditor-4019: Port Bus 'axi_arburst' unspecified I/O constraint.
W: ConstraintEditor-4019: Port Bus 'axi_arid' unspecified I/O constraint.
W: ConstraintEditor-4019: Port Bus 'axi_arlen' unspecified I/O constraint.
W: ConstraintEditor-4019: Port Bus 'axi_arsize' unspecified I/O constraint.
W: ConstraintEditor-4019: Port Bus 'axi_awaddr' unspecified I/O constraint.
W: ConstraintEditor-4019: Port Bus 'axi_awburst' unspecified I/O constraint.
W: ConstraintEditor-4019: Port Bus 'axi_awid' unspecified I/O constraint.
W: ConstraintEditor-4019: Port Bus 'axi_awlen' unspecified I/O constraint.
W: ConstraintEditor-4019: Port Bus 'axi_awsize' unspecified I/O constraint.
W: ConstraintEditor-4019: Port Bus 'axi_bid' unspecified I/O constraint.
W: ConstraintEditor-4019: Port Bus 'axi_bresp' unspecified I/O constraint.
W: ConstraintEditor-4019: Port Bus 'axi_rdata' unspecified I/O constraint.
W: ConstraintEditor-4019: Port Bus 'axi_rid' unspecified I/O constraint.
W: ConstraintEditor-4019: Port Bus 'axi_rresp' unspecified I/O constraint.
W: ConstraintEditor-4019: Port Bus 'axi_wdata' unspecified I/O constraint.
W: ConstraintEditor-4019: Port Bus 'axi_wstrb' unspecified I/O constraint.
W: ConstraintEditor-4019: Port Bus 'dst_addr' unspecified I/O constraint.
W: ConstraintEditor-4019: Port Bus 'src_addr' unspecified I/O constraint.
W: ConstraintEditor-4019: Port Bus 'task_bytes' unspecified I/O constraint.
W: ConstraintEditor-4019: Port 'axi_arready' unspecified I/O constraint.
W: ConstraintEditor-4019: Port 'axi_arvalid' unspecified I/O constraint.
W: ConstraintEditor-4019: Port 'axi_awready' unspecified I/O constraint.
W: ConstraintEditor-4019: Port 'axi_awvalid' unspecified I/O constraint.
W: ConstraintEditor-4019: Port 'axi_bready' unspecified I/O constraint.
W: ConstraintEditor-4019: Port 'axi_bvalid' unspecified I/O constraint.
W: ConstraintEditor-4019: Port 'axi_rlast' unspecified I/O constraint.
W: ConstraintEditor-4019: Port 'axi_rready' unspecified I/O constraint.
W: ConstraintEditor-4019: Port 'axi_rvalid' unspecified I/O constraint.
W: ConstraintEditor-4019: Port 'axi_wlast' unspecified I/O constraint.
W: ConstraintEditor-4019: Port 'axi_wready' unspecified I/O constraint.
W: ConstraintEditor-4019: Port 'axi_wvalid' unspecified I/O constraint.
W: ConstraintEditor-4019: Port 'busy' unspecified I/O constraint.
W: ConstraintEditor-4019: Port 'done_pulse' unspecified I/O constraint.
W: ConstraintEditor-4019: Port 'error' unspecified I/O constraint.
W: ConstraintEditor-4019: Port 'error_pulse' unspecified I/O constraint.
W: ConstraintEditor-4019: Port 'rst_n' unspecified I/O constraint.
W: ConstraintEditor-4019: Port 'start' unspecified I/O constraint.
Constraint check end.

Action synthesize: Real time elapsed is 0h:0m:8s
Action synthesize: CPU time elapsed is 0h:0m:1s
Action synthesize: Process CPU time elapsed is 0h:0m:1s
Current time: Sat Sep 26 18:20:23 2026
Action synthesize: Peak memory pool usage is 354 MB
