#Build: Fabric Compiler 2022.2-SP6.4, Build 146967, Jan 31 01:39 2024
#Install: F:\PDS_2022.2-SP6.4\bin
#Application name: pds_shell.exe
#OS: Windows 10 10.0.22621
#Hostname: ZHAO-Zhenxiang
Generated by Fabric Compiler (version 2022.2-SP6.4 build 146967) at Tue Oct  6 16:54:38 2026
License checkout: fabric_ads from F:\Jichuang-small_eyes\pango_license\new_pds_F4A80DA47D72.lic
Compiling verification operator library.
Compiling common defs.
Loading technology operator library.
Compiling technology operator library.
Compiling technology operator (valence) library.
Reading design from compile DB
Reading design from compile DB successfully.
Constraint check start.
Compiling prim grid devices.
Building architecture model.
Loading device packaging model.
Building architecture floorplan logic view.
Executing : get_ports clk
Executing : get_ports clk successfully.
Executing : create_clock -period 37.037 [get_ports clk] -name clk
Executing : create_clock -period 37.037 [get_ports clk] -name clk successfully.
Executing : get_ports JTAG_TCK
Executing : get_ports JTAG_TCK successfully.
Executing : create_clock -period 100.000 [get_ports JTAG_TCK] -name JTAG_CLK
Executing : create_clock -period 100.000 [get_ports JTAG_TCK] -name JTAG_CLK successfully.
Executing : get_ports cam1_pclk
Executing : get_ports cam1_pclk successfully.
Executing : create_clock -period 10.000 [get_ports cam1_pclk] -name CAM1_PCLK
Executing : create_clock -period 10.000 [get_ports cam1_pclk] -name CAM1_PCLK successfully.
Executing : get_ports cam2_pclk
Executing : get_ports cam2_pclk successfully.
Executing : create_clock -period 10.000 [get_ports cam2_pclk] -name CAM2_PCLK
Executing : create_clock -period 10.000 [get_ports cam2_pclk] -name CAM2_PCLK successfully.
E: ConstraintEditor-0046: [F:/SocFpga/soc.fdc(line number: 16)] Object 'n:JTAG_TCK_in' can not be found in current view.
Executing : get_ports clk
Executing : get_ports clk successfully.
Executing : get_pins u_pll/u_gpll:CLKOUT0
C: Timing-4003: [F:/SocFpga/soc.fdc(line number: 20)] Pin 'u_pll/u_gpll:CLKOUT0' is not found in current design.
Executing : get_pins u_pll/u_gpll:CLKOUT0 successfully.
Executing : create_generated_clock -name cpu_clk -source [get_ports clk] -master_clock clk -multiply_by 70 -divide_by 27 [get_pins u_pll/u_gpll:CLKOUT0]
E: CommandTiming-0057: [F:/SocFpga/soc.fdc(line number: 20)] Nothing matched for 'source_list', command 'create_generated_clock' is aborted.
E: ConstraintEditor-0046: [F:/SocFpga/soc.fdc(line number: 20)] Failed to import constraint "create_generated_clock -name cpu_clk -source [get_ports clk] -master_clock clk -multiply_by 70 -divide_by 27 [get_pins u_pll/u_gpll:CLKOUT0]".
Executing : get_clocks cpu_clk
C: SDC-2017: [F:/SocFpga/soc.fdc(line number: 28)] Nothing implicitly matched 'cpu_clk'.
Executing : get_clocks cpu_clk successfully.
Executing : get_clocks JTAG_CLK
Executing : get_clocks JTAG_CLK successfully.
Executing : set_clock_groups -asynchronous -group [get_clocks cpu_clk] -group [get_clocks JTAG_CLK]
C: SDC-2027: [F:/SocFpga/soc.fdc(line number: 28)] One or more clocks can not find in the group '[get_clocks cpu_clk]', command 'set_clock_groups' is ignored.
Executing : set_clock_groups -asynchronous -group [get_clocks cpu_clk] -group [get_clocks JTAG_CLK] successfully.
Executing : get_clocks cpu_clk
C: SDC-2017: [F:/SocFpga/soc.fdc(line number: 29)] Nothing implicitly matched 'cpu_clk'.
Executing : get_clocks cpu_clk successfully.
Executing : get_clocks CAM1_PCLK
Executing : get_clocks CAM1_PCLK successfully.
Executing : get_clocks CAM2_PCLK
Executing : get_clocks CAM2_PCLK successfully.
Executing : set_clock_groups -asynchronous -group [get_clocks cpu_clk] -group [get_clocks CAM1_PCLK] -group [get_clocks CAM2_PCLK]
C: SDC-2027: [F:/SocFpga/soc.fdc(line number: 29)] One or more clocks can not find in the group '[get_clocks cpu_clk]', command 'set_clock_groups' is ignored.
Executing : set_clock_groups -asynchronous -group [get_clocks cpu_clk] -group [get_clocks CAM1_PCLK] -group [get_clocks CAM2_PCLK] successfully.
C: ConstraintEditor-2009: p:cam1_scl is lack of PAP_IO_SLEW, OUTPUT or INOUT PORT had better set PAP_IO_SLEW, the optional value is {SLOW, FAST}.
C: ConstraintEditor-2009: p:cam1_sda is lack of PAP_IO_SLEW, OUTPUT or INOUT PORT had better set PAP_IO_SLEW, the optional value is {SLOW, FAST}.
C: ConstraintEditor-2009: p:cam1_reset_n is lack of PAP_IO_SLEW, OUTPUT or INOUT PORT had better set PAP_IO_SLEW, the optional value is {SLOW, FAST}.
C: ConstraintEditor-2009: p:cam2_scl is lack of PAP_IO_SLEW, OUTPUT or INOUT PORT had better set PAP_IO_SLEW, the optional value is {SLOW, FAST}.
C: ConstraintEditor-2009: p:cam2_sda is lack of PAP_IO_SLEW, OUTPUT or INOUT PORT had better set PAP_IO_SLEW, the optional value is {SLOW, FAST}.
C: ConstraintEditor-2009: p:cam2_reset_n is lack of PAP_IO_SLEW, OUTPUT or INOUT PORT had better set PAP_IO_SLEW, the optional value is {SLOW, FAST}.
C: ConstraintEditor-2009: p:core_active is lack of PAP_IO_DRIVE, OUTPUT or INOUT PORT had better set PAP_IO_DRIVE, the optional value is {8, 4, 12, 16}.
C: ConstraintEditor-2009: p:core_active is lack of PAP_IO_SLEW, OUTPUT or INOUT PORT had better set PAP_IO_SLEW, the optional value is {SLOW, FAST}.
C: ConstraintEditor-2002: [F:/SocFpga/soc.fdc(line number: 184)] | Port JTAG_TDI has been placed at location R20, whose type is share pin.
C: ConstraintEditor-2002: [F:/SocFpga/soc.fdc(line number: 190)] | Port JTAG_TMS has been placed at location P19, whose type is share pin.
C: ConstraintEditor-2002: [F:/SocFpga/soc.fdc(line number: 196)] | Port JTAG_TCK has been placed at location M24, whose type is share pin.
C: ConstraintEditor-2009: p:JTAG_TDO is lack of PAP_IO_DRIVE, OUTPUT or INOUT PORT had better set PAP_IO_DRIVE, the optional value is {8, 4, 12, 16}.
C: ConstraintEditor-2009: p:fpioa[0] is lack of PAP_IO_DRIVE, OUTPUT or INOUT PORT had better set PAP_IO_DRIVE, the optional value is {8, 4, 12, 16}.
C: ConstraintEditor-2009: p:fpioa[0] is lack of PAP_IO_SLEW, OUTPUT or INOUT PORT had better set PAP_IO_SLEW, the optional value is {SLOW, FAST}.
C: ConstraintEditor-2009: p:fpioa[1] is lack of PAP_IO_DRIVE, OUTPUT or INOUT PORT had better set PAP_IO_DRIVE, the optional value is {8, 4, 12, 16}.
C: ConstraintEditor-2009: p:fpioa[1] is lack of PAP_IO_SLEW, OUTPUT or INOUT PORT had better set PAP_IO_SLEW, the optional value is {SLOW, FAST}.
C: ConstraintEditor-2002: [F:/SocFpga/soc.fdc(line number: 227)] | Port fpioa[2] has been placed at location T22, whose type is share pin.
C: ConstraintEditor-2009: p:fpioa[2] is lack of PAP_IO_DRIVE, OUTPUT or INOUT PORT had better set PAP_IO_DRIVE, the optional value is {8, 4, 12, 16}.
C: ConstraintEditor-2009: p:fpioa[2] is lack of PAP_IO_SLEW, OUTPUT or INOUT PORT had better set PAP_IO_SLEW, the optional value is {SLOW, FAST}.
C: ConstraintEditor-2002: [F:/SocFpga/soc.fdc(line number: 233)] | Port fpioa[3] has been placed at location K25, whose type is share pin.
C: ConstraintEditor-2009: p:fpioa[3] is lack of PAP_IO_DRIVE, OUTPUT or INOUT PORT had better set PAP_IO_DRIVE, the optional value is {8, 4, 12, 16}.
C: ConstraintEditor-2009: p:fpioa[3] is lack of PAP_IO_SLEW, OUTPUT or INOUT PORT had better set PAP_IO_SLEW, the optional value is {SLOW, FAST}.
C: ConstraintEditor-2009: p:fpioa[4] is lack of PAP_IO_DRIVE, OUTPUT or INOUT PORT had better set PAP_IO_DRIVE, the optional value is {8, 4, 12, 16}.
C: ConstraintEditor-2009: p:fpioa[4] is lack of PAP_IO_SLEW, OUTPUT or INOUT PORT had better set PAP_IO_SLEW, the optional value is {SLOW, FAST}.
C: ConstraintEditor-2009: p:fpioa[5] is lack of PAP_IO_DRIVE, OUTPUT or INOUT PORT had better set PAP_IO_DRIVE, the optional value is {8, 4, 12, 16}.
C: ConstraintEditor-2009: p:fpioa[5] is lack of PAP_IO_SLEW, OUTPUT or INOUT PORT had better set PAP_IO_SLEW, the optional value is {SLOW, FAST}.
C: ConstraintEditor-2009: p:fpioa[6] is lack of PAP_IO_DRIVE, OUTPUT or INOUT PORT had better set PAP_IO_DRIVE, the optional value is {8, 4, 12, 16}.
C: ConstraintEditor-2009: p:fpioa[6] is lack of PAP_IO_SLEW, OUTPUT or INOUT PORT had better set PAP_IO_SLEW, the optional value is {SLOW, FAST}.
C: ConstraintEditor-2009: p:fpioa[7] is lack of PAP_IO_DRIVE, OUTPUT or INOUT PORT had better set PAP_IO_DRIVE, the optional value is {8, 4, 12, 16}.
C: ConstraintEditor-2009: p:fpioa[7] is lack of PAP_IO_SLEW, OUTPUT or INOUT PORT had better set PAP_IO_SLEW, the optional value is {SLOW, FAST}.
C: ConstraintEditor-2009: p:fpioa[8] is lack of PAP_IO_DRIVE, OUTPUT or INOUT PORT had better set PAP_IO_DRIVE, the optional value is {8, 4, 12, 16}.
C: ConstraintEditor-2009: p:fpioa[8] is lack of PAP_IO_SLEW, OUTPUT or INOUT PORT had better set PAP_IO_SLEW, the optional value is {SLOW, FAST}.
C: ConstraintEditor-2009: p:fpioa[9] is lack of PAP_IO_DRIVE, OUTPUT or INOUT PORT had better set PAP_IO_DRIVE, the optional value is {8, 4, 12, 16}.
C: ConstraintEditor-2009: p:fpioa[9] is lack of PAP_IO_SLEW, OUTPUT or INOUT PORT had better set PAP_IO_SLEW, the optional value is {SLOW, FAST}.
C: ConstraintEditor-2009: p:fpioa[10] is lack of PAP_IO_DRIVE, OUTPUT or INOUT PORT had better set PAP_IO_DRIVE, the optional value is {8, 4, 12, 16}.
C: ConstraintEditor-2009: p:fpioa[10] is lack of PAP_IO_SLEW, OUTPUT or INOUT PORT had better set PAP_IO_SLEW, the optional value is {SLOW, FAST}.
C: ConstraintEditor-2009: p:fpioa[11] is lack of PAP_IO_DRIVE, OUTPUT or INOUT PORT had better set PAP_IO_DRIVE, the optional value is {8, 4, 12, 16}.
C: ConstraintEditor-2009: p:fpioa[11] is lack of PAP_IO_SLEW, OUTPUT or INOUT PORT had better set PAP_IO_SLEW, the optional value is {SLOW, FAST}.
C: ConstraintEditor-2009: p:fpioa[12] is lack of PAP_IO_DRIVE, OUTPUT or INOUT PORT had better set PAP_IO_DRIVE, the optional value is {8, 4, 12, 16}.
C: ConstraintEditor-2009: p:fpioa[12] is lack of PAP_IO_SLEW, OUTPUT or INOUT PORT had better set PAP_IO_SLEW, the optional value is {SLOW, FAST}.
C: ConstraintEditor-2009: p:fpioa[13] is lack of PAP_IO_DRIVE, OUTPUT or INOUT PORT had better set PAP_IO_DRIVE, the optional value is {8, 4, 12, 16}.
C: ConstraintEditor-2009: p:fpioa[13] is lack of PAP_IO_SLEW, OUTPUT or INOUT PORT had better set PAP_IO_SLEW, the optional value is {SLOW, FAST}.
C: ConstraintEditor-2009: p:fpioa[14] is lack of PAP_IO_DRIVE, OUTPUT or INOUT PORT had better set PAP_IO_DRIVE, the optional value is {8, 4, 12, 16}.
C: ConstraintEditor-2009: p:fpioa[14] is lack of PAP_IO_SLEW, OUTPUT or INOUT PORT had better set PAP_IO_SLEW, the optional value is {SLOW, FAST}.
C: ConstraintEditor-2009: p:fpioa[15] is lack of PAP_IO_DRIVE, OUTPUT or INOUT PORT had better set PAP_IO_DRIVE, the optional value is {8, 4, 12, 16}.
C: ConstraintEditor-2009: p:fpioa[15] is lack of PAP_IO_SLEW, OUTPUT or INOUT PORT had better set PAP_IO_SLEW, the optional value is {SLOW, FAST}.
C: ConstraintEditor-2009: p:fpioa[16] is lack of PAP_IO_DRIVE, OUTPUT or INOUT PORT had better set PAP_IO_DRIVE, the optional value is {8, 4, 12, 16}.
C: ConstraintEditor-2009: p:fpioa[16] is lack of PAP_IO_SLEW, OUTPUT or INOUT PORT had better set PAP_IO_SLEW, the optional value is {SLOW, FAST}.
C: ConstraintEditor-2009: p:fpioa[17] is lack of PAP_IO_DRIVE, OUTPUT or INOUT PORT had better set PAP_IO_DRIVE, the optional value is {8, 4, 12, 16}.
C: ConstraintEditor-2009: p:fpioa[17] is lack of PAP_IO_SLEW, OUTPUT or INOUT PORT had better set PAP_IO_SLEW, the optional value is {SLOW, FAST}.
C: UserConstraintEditor-2001: [F:/SocFpga/soc.fdc(line number: 320)] IO Direction INPUT is incorrect, change it to INOUT.
C: ConstraintEditor-2009: p:fpioa[18] is lack of PAP_IO_DRIVE, OUTPUT or INOUT PORT had better set PAP_IO_DRIVE, the optional value is {8, 4, 12, 16}.
C: ConstraintEditor-2009: p:fpioa[18] is lack of PAP_IO_SLEW, OUTPUT or INOUT PORT had better set PAP_IO_SLEW, the optional value is {SLOW, FAST}.
C: ConstraintEditor-2009: p:fpioa[19] is lack of PAP_IO_DRIVE, OUTPUT or INOUT PORT had better set PAP_IO_DRIVE, the optional value is {8, 4, 12, 16}.
C: ConstraintEditor-2009: p:fpioa[19] is lack of PAP_IO_SLEW, OUTPUT or INOUT PORT had better set PAP_IO_SLEW, the optional value is {SLOW, FAST}.
C: ConstraintEditor-2002: [F:/SocFpga/soc.fdc(line number: 335)] | Port fpioa[20] has been placed at location R23, whose type is share pin.
C: ConstraintEditor-2009: p:fpioa[20] is lack of PAP_IO_DRIVE, OUTPUT or INOUT PORT had better set PAP_IO_DRIVE, the optional value is {8, 4, 12, 16}.
C: ConstraintEditor-2009: p:fpioa[20] is lack of PAP_IO_SLEW, OUTPUT or INOUT PORT had better set PAP_IO_SLEW, the optional value is {SLOW, FAST}.
C: ConstraintEditor-2002: [F:/SocFpga/soc.fdc(line number: 341)] | Port fpioa[21] has been placed at location T23, whose type is share pin.
C: ConstraintEditor-2009: p:fpioa[21] is lack of PAP_IO_DRIVE, OUTPUT or INOUT PORT had better set PAP_IO_DRIVE, the optional value is {8, 4, 12, 16}.
C: ConstraintEditor-2009: p:fpioa[21] is lack of PAP_IO_SLEW, OUTPUT or INOUT PORT had better set PAP_IO_SLEW, the optional value is {SLOW, FAST}.
C: ConstraintEditor-2002: [F:/SocFpga/soc.fdc(line number: 347)] | Port fpioa[22] has been placed at location P26, whose type is share pin.
C: ConstraintEditor-2009: p:fpioa[22] is lack of PAP_IO_DRIVE, OUTPUT or INOUT PORT had better set PAP_IO_DRIVE, the optional value is {8, 4, 12, 16}.
C: ConstraintEditor-2009: p:fpioa[22] is lack of PAP_IO_SLEW, OUTPUT or INOUT PORT had better set PAP_IO_SLEW, the optional value is {SLOW, FAST}.
C: ConstraintEditor-2002: [F:/SocFpga/soc.fdc(line number: 353)] | Port fpioa[23] has been placed at location R26, whose type is share pin.
C: ConstraintEditor-2009: p:fpioa[23] is lack of PAP_IO_DRIVE, OUTPUT or INOUT PORT had better set PAP_IO_DRIVE, the optional value is {8, 4, 12, 16}.
C: ConstraintEditor-2009: p:fpioa[23] is lack of PAP_IO_SLEW, OUTPUT or INOUT PORT had better set PAP_IO_SLEW, the optional value is {SLOW, FAST}.
C: ConstraintEditor-2002: [F:/SocFpga/soc.fdc(line number: 359)] | Port fpioa[24] has been placed at location M26, whose type is share pin.
C: ConstraintEditor-2009: p:fpioa[24] is lack of PAP_IO_DRIVE, OUTPUT or INOUT PORT had better set PAP_IO_DRIVE, the optional value is {8, 4, 12, 16}.
C: ConstraintEditor-2009: p:fpioa[24] is lack of PAP_IO_SLEW, OUTPUT or INOUT PORT had better set PAP_IO_SLEW, the optional value is {SLOW, FAST}.
C: ConstraintEditor-2002: [F:/SocFpga/soc.fdc(line number: 365)] | Port fpioa[25] has been placed at location N26, whose type is share pin.
C: ConstraintEditor-2009: p:fpioa[25] is lack of PAP_IO_DRIVE, OUTPUT or INOUT PORT had better set PAP_IO_DRIVE, the optional value is {8, 4, 12, 16}.
C: ConstraintEditor-2009: p:fpioa[25] is lack of PAP_IO_SLEW, OUTPUT or INOUT PORT had better set PAP_IO_SLEW, the optional value is {SLOW, FAST}.
C: ConstraintEditor-2009: p:fpioa[26] is lack of PAP_IO_DRIVE, OUTPUT or INOUT PORT had better set PAP_IO_DRIVE, the optional value is {8, 4, 12, 16}.
C: ConstraintEditor-2009: p:fpioa[26] is lack of PAP_IO_SLEW, OUTPUT or INOUT PORT had better set PAP_IO_SLEW, the optional value is {SLOW, FAST}.
C: ConstraintEditor-2009: p:fpioa[27] is lack of PAP_IO_DRIVE, OUTPUT or INOUT PORT had better set PAP_IO_DRIVE, the optional value is {8, 4, 12, 16}.
C: ConstraintEditor-2009: p:fpioa[27] is lack of PAP_IO_SLEW, OUTPUT or INOUT PORT had better set PAP_IO_SLEW, the optional value is {SLOW, FAST}.
C: UserConstraintEditor-2001: [F:/SocFpga/soc.fdc(line number: 382)] IO Direction INPUT is incorrect, change it to INOUT.
C: ConstraintEditor-2009: p:fpioa[28] is lack of PAP_IO_DRIVE, OUTPUT or INOUT PORT had better set PAP_IO_DRIVE, the optional value is {8, 4, 12, 16}.
C: ConstraintEditor-2009: p:fpioa[28] is lack of PAP_IO_SLEW, OUTPUT or INOUT PORT had better set PAP_IO_SLEW, the optional value is {SLOW, FAST}.
C: UserConstraintEditor-2001: [F:/SocFpga/soc.fdc(line number: 388)] IO Direction INPUT is incorrect, change it to INOUT.
C: ConstraintEditor-2009: p:fpioa[29] is lack of PAP_IO_DRIVE, OUTPUT or INOUT PORT had better set PAP_IO_DRIVE, the optional value is {8, 4, 12, 16}.
C: ConstraintEditor-2009: p:fpioa[29] is lack of PAP_IO_SLEW, OUTPUT or INOUT PORT had better set PAP_IO_SLEW, the optional value is {SLOW, FAST}.
C: ConstraintEditor-2009: p:fpioa[30] is lack of PAP_IO_DRIVE, OUTPUT or INOUT PORT had better set PAP_IO_DRIVE, the optional value is {8, 4, 12, 16}.
C: ConstraintEditor-2009: p:fpioa[30] is lack of PAP_IO_SLEW, OUTPUT or INOUT PORT had better set PAP_IO_SLEW, the optional value is {SLOW, FAST}.
C: ConstraintEditor-2009: p:fpioa[31] is lack of PAP_IO_DRIVE, OUTPUT or INOUT PORT had better set PAP_IO_DRIVE, the optional value is {8, 4, 12, 16}.
C: ConstraintEditor-2009: p:fpioa[31] is lack of PAP_IO_SLEW, OUTPUT or INOUT PORT had better set PAP_IO_SLEW, the optional value is {SLOW, FAST}.
C: ConstraintEditor-2002: [F:/SocFpga/soc.fdc(line number: 527)] | Port mem_dq[15] has been placed at location G6, whose type is share pin.
C: ConstraintEditor-2002: [F:/SocFpga/soc.fdc(line number: 541)] | Port mem_dq[13] has been placed at location E6, whose type is share pin.
C: ConstraintEditor-2002: [F:/SocFpga/soc.fdc(line number: 548)] | Port mem_dq[12] has been placed at location G8, whose type is share pin.
C: ConstraintEditor-2002: [F:/SocFpga/soc.fdc(line number: 555)] | Port mem_dq[11] has been placed at location D6, whose type is share pin.
C: ConstraintEditor-2002: [F:/SocFpga/soc.fdc(line number: 562)] | Port mem_dq[10] has been placed at location H8, whose type is share pin.
C: ConstraintEditor-2002: [F:/SocFpga/soc.fdc(line number: 576)] | Port mem_dq[8] has been placed at location H6, whose type is share pin.
C: ConstraintEditor-2002: [F:/SocFpga/soc.fdc(line number: 583)] | Port mem_dq[7] has been placed at location J5, whose type is share pin.
C: ConstraintEditor-2002: [F:/SocFpga/soc.fdc(line number: 597)] | Port mem_dq[5] has been placed at location K7, whose type is share pin.
C: ConstraintEditor-2002: [F:/SocFpga/soc.fdc(line number: 611)] | Port mem_dq[3] has been placed at location L8, whose type is share pin.
C: ConstraintEditor-2002: [F:/SocFpga/soc.fdc(line number: 625)] | Port mem_dq[1] has been placed at location J6, whose type is share pin.
C: ConstraintEditor-2002: [F:/SocFpga/soc.fdc(line number: 758)] | Port mem_dqs[1] has been placed at location H7, whose type is share pin.
C: ConstraintEditor-2002: [F:/SocFpga/soc.fdc(line number: 765)] | Port mem_dqs[0] has been placed at location J4, whose type is share pin.
C: ConstraintEditor-2002: [F:/SocFpga/soc.fdc(line number: 786)] | Port mem_dqs_n[1] has been placed at location G7, whose type is share pin.
C: ConstraintEditor-2002: [F:/SocFpga/soc.fdc(line number: 793)] | Port mem_dqs_n[0] has been placed at location H4, whose type is share pin.
C: ConstraintEditor-2002: [F:/SocFpga/soc.fdc(line number: 842)] | Port mem_dm[0] has been placed at location K6, whose type is share pin.
C: ConstraintEditor-2002: [F:/SocFpga/soc.fdc(line number: 936)] | Port flash_cs_n has been placed at location P18, whose type is share pin.
C: ConstraintEditor-2009: p:flash_cs_n is lack of PAP_IO_DRIVE, OUTPUT or INOUT PORT had better set PAP_IO_DRIVE, the optional value is {8, 4, 12, 16}.
C: ConstraintEditor-2009: p:flash_cs_n is lack of PAP_IO_SLEW, OUTPUT or INOUT PORT had better set PAP_IO_SLEW, the optional value is {SLOW, FAST}.
C: ConstraintEditor-2002: [F:/SocFpga/soc.fdc(line number: 941)] | Port flash_cs2_n has been placed at location F25, whose type is share pin.
C: ConstraintEditor-2009: p:flash_cs2_n is lack of PAP_IO_DRIVE, OUTPUT or INOUT PORT had better set PAP_IO_DRIVE, the optional value is {8, 4, 12, 16}.
C: ConstraintEditor-2009: p:flash_cs2_n is lack of PAP_IO_SLEW, OUTPUT or INOUT PORT had better set PAP_IO_SLEW, the optional value is {SLOW, FAST}.
C: ConstraintEditor-2002: [F:/SocFpga/soc.fdc(line number: 946)] | Port flash_mosi has been placed at location R14, whose type is share pin.
C: ConstraintEditor-2009: p:flash_mosi is lack of PAP_IO_DRIVE, OUTPUT or INOUT PORT had better set PAP_IO_DRIVE, the optional value is {8, 4, 12, 16}.
C: ConstraintEditor-2009: p:flash_mosi is lack of PAP_IO_SLEW, OUTPUT or INOUT PORT had better set PAP_IO_SLEW, the optional value is {SLOW, FAST}.
C: ConstraintEditor-2002: [F:/SocFpga/soc.fdc(line number: 951)] | Port flash_miso has been placed at location R15, whose type is share pin.
C: ConstraintEditor-2002: [F:/SocFpga/soc.fdc(line number: 956)] | Port flash_wp_n has been placed at location P14, whose type is share pin.
C: ConstraintEditor-2009: p:flash_wp_n is lack of PAP_IO_DRIVE, OUTPUT or INOUT PORT had better set PAP_IO_DRIVE, the optional value is {8, 4, 12, 16}.
C: ConstraintEditor-2009: p:flash_wp_n is lack of PAP_IO_SLEW, OUTPUT or INOUT PORT had better set PAP_IO_SLEW, the optional value is {SLOW, FAST}.
C: ConstraintEditor-2002: [F:/SocFpga/soc.fdc(line number: 961)] | Port flash_hold_n has been placed at location N14, whose type is share pin.
C: ConstraintEditor-2009: p:flash_hold_n is lack of PAP_IO_DRIVE, OUTPUT or INOUT PORT had better set PAP_IO_DRIVE, the optional value is {8, 4, 12, 16}.
C: ConstraintEditor-2009: p:flash_hold_n is lack of PAP_IO_SLEW, OUTPUT or INOUT PORT had better set PAP_IO_SLEW, the optional value is {SLOW, FAST}.
Constraint check end.

Action synthesize: Real time elapsed is 0h:0m:10s
Action synthesize: CPU time elapsed is 0h:0m:4s
Action synthesize: Process CPU time elapsed is 0h:0m:4s
Current time: Tue Oct  6 16:54:46 2026
Action synthesize: Peak memory pool usage is 434 MB
