#Build: Fabric Compiler 2022.2-SP6.4, Build 146967, Jan 31 01:39 2024
#Install: F:\PDS_2022.2-SP6.4\bin
#Application name: pds_shell.exe
#OS: Windows 10 10.0.22621
#Hostname: ZHAO-Zhenxiang
Generated by Fabric Compiler (version 2022.2-SP6.4 build 146967) at Sat Sep 26 18:33:13 2026
License checkout: fabric_ads from F:\Jichuang-small_eyes\pango_license\new_pds_F4A80DA47D72.lic
Compiling verification operator library.
Loading technology operator library.
Compiling technology operator library.
Compiling technology operator (valence) library.
I: Enable Verilog2k features and keywords
Start rtl-analyze.
Executing : .rtl_analyze -work work -include_path {F:/SocFpga/project} F:/SocFpga/cpu/axi_bridge.v
I: Verilog-0001: Analyzing file F:/SocFpga/cpu/axi_bridge.v
I: Verilog-0002: [F:/SocFpga/cpu/axi_bridge.v(line number: 2)] Analyzing module axi_bridge (library work)
Parsing done.
Executing : .rtl_analyze -work work -include_path {F:/SocFpga/project} F:/SocFpga/cpu/axi_bridge.v successfully.
Executing : .rtl_analyze -work work -include_path {F:/SocFpga/project} F:/SocFpga/cpu/Btb.v
I: Verilog-0001: Analyzing file F:/SocFpga/cpu/Btb.v
I: Verilog-0002: [F:/SocFpga/cpu/Btb.v(line number: 2)] Analyzing module Btb (library work)
Parsing done.
Executing : .rtl_analyze -work work -include_path {F:/SocFpga/project} F:/SocFpga/cpu/Btb.v successfully.
Executing : .rtl_analyze -work work -include_path {F:/SocFpga/project} F:/SocFpga/cpu/cache_bram.v
I: Verilog-0001: Analyzing file F:/SocFpga/cpu/cache_bram.v
I: Verilog-0002: [F:/SocFpga/cpu/cache_bram.v(line number: 28)] Analyzing module data_bank_sram (library work)
I: Verilog-0002: [F:/SocFpga/cpu/cache_bram.v(line number: 48)] Analyzing module tagv_sram (library work)
Parsing done.
Executing : .rtl_analyze -work work -include_path {F:/SocFpga/project} F:/SocFpga/cpu/cache_bram.v successfully.
Executing : .rtl_analyze -work work -include_path {F:/SocFpga/project} F:/SocFpga/cpu/cache_util.v
I: Verilog-0001: Analyzing file F:/SocFpga/cpu/cache_util.v
I: Verilog-0002: [F:/SocFpga/cpu/cache_util.v(line number: 4)] Analyzing module decoder_2_4 (library work)
I: Verilog-0002: [F:/SocFpga/cpu/cache_util.v(line number: 14)] Analyzing module one_valid_n (library work)
I: Verilog-0002: [F:/SocFpga/cpu/cache_util.v(line number: 33)] Analyzing module lfsr (library work)
Parsing done.
Executing : .rtl_analyze -work work -include_path {F:/SocFpga/project} F:/SocFpga/cpu/cache_util.v successfully.
Executing : .rtl_analyze -work work -include_path {F:/SocFpga/project} F:/SocFpga/cpu/dcache.v
I: Verilog-0001: Analyzing file F:/SocFpga/cpu/dcache.v
I: Verilog-0002: [F:/SocFpga/cpu/dcache.v(line number: 3)] Analyzing module dcache (library work)
Parsing done.
Executing : .rtl_analyze -work work -include_path {F:/SocFpga/project} F:/SocFpga/cpu/dcache.v successfully.
Executing : .rtl_analyze -work work -include_path {F:/SocFpga/project} F:/SocFpga/cpu/div.v
I: Verilog-0001: Analyzing file F:/SocFpga/cpu/div.v
I: Verilog-0002: [F:/SocFpga/cpu/div.v(line number: 3)] Analyzing module div (library work)
Parsing done.
Executing : .rtl_analyze -work work -include_path {F:/SocFpga/project} F:/SocFpga/cpu/div.v successfully.
Executing : .rtl_analyze -work work -include_path {F:/SocFpga/project} F:/SocFpga/cpu/Halu.v
I: Verilog-0001: Analyzing file F:/SocFpga/cpu/Halu.v
I: Verilog-0002: [F:/SocFpga/cpu/Halu.v(line number: 2)] Analyzing module Halu (library work)
Parsing done.
Executing : .rtl_analyze -work work -include_path {F:/SocFpga/project} F:/SocFpga/cpu/Halu.v successfully.
Executing : .rtl_analyze -work work -include_path {F:/SocFpga/project} F:/SocFpga/cpu/Hcsr.v
I: Verilog-0001: Analyzing file F:/SocFpga/cpu/Hcsr.v
I: Verilog-0002: [F:/SocFpga/cpu/Hcsr.v(line number: 4)] Analyzing module Hcsr (library work)
Parsing done.
Executing : .rtl_analyze -work work -include_path {F:/SocFpga/project} F:/SocFpga/cpu/Hcsr.v successfully.
Executing : .rtl_analyze -work work -include_path {F:/SocFpga/project} F:/SocFpga/cpu/Hexu.v
I: Verilog-0001: Analyzing file F:/SocFpga/cpu/Hexu.v
I: Verilog-0002: [F:/SocFpga/cpu/Hexu.v(line number: 3)] Analyzing module Hexu (library work)
Parsing done.
Executing : .rtl_analyze -work work -include_path {F:/SocFpga/project} F:/SocFpga/cpu/Hexu.v successfully.
Executing : .rtl_analyze -work work -include_path {F:/SocFpga/project} F:/SocFpga/cpu/Hidu.v
I: Verilog-0001: Analyzing file F:/SocFpga/cpu/Hidu.v
I: Verilog-0002: [F:/SocFpga/cpu/Hidu.v(line number: 3)] Analyzing module Hidu (library work)
Parsing done.
Executing : .rtl_analyze -work work -include_path {F:/SocFpga/project} F:/SocFpga/cpu/Hidu.v successfully.
Executing : .rtl_analyze -work work -include_path {F:/SocFpga/project} F:/SocFpga/cpu/Hifu.v
I: Verilog-0001: Analyzing file F:/SocFpga/cpu/Hifu.v
I: Verilog-0002: [F:/SocFpga/cpu/Hifu.v(line number: 3)] Analyzing module Hifu (library work)
Parsing done.
Executing : .rtl_analyze -work work -include_path {F:/SocFpga/project} F:/SocFpga/cpu/Hifu.v successfully.
Executing : .rtl_analyze -work work -include_path {F:/SocFpga/project} F:/SocFpga/cpu/Hmemu.v
I: Verilog-0001: Analyzing file F:/SocFpga/cpu/Hmemu.v
I: Verilog-0002: [F:/SocFpga/cpu/Hmemu.v(line number: 4)] Analyzing module Hmemu (library work)
Parsing done.
Executing : .rtl_analyze -work work -include_path {F:/SocFpga/project} F:/SocFpga/cpu/Hmemu.v successfully.
Executing : .rtl_analyze -work work -include_path {F:/SocFpga/project} F:/SocFpga/cpu/HRegFile.v
I: Verilog-0001: Analyzing file F:/SocFpga/cpu/HRegFile.v
I: Verilog-0002: [F:/SocFpga/cpu/HRegFile.v(line number: 3)] Analyzing module HRegFile (library work)
Parsing done.
Executing : .rtl_analyze -work work -include_path {F:/SocFpga/project} F:/SocFpga/cpu/HRegFile.v successfully.
Executing : .rtl_analyze -work work -include_path {F:/SocFpga/project} F:/SocFpga/cpu/Htop.v
I: Verilog-0001: Analyzing file F:/SocFpga/cpu/Htop.v
I: Verilog-0002: [F:/SocFpga/cpu/Htop.v(line number: 3)] Analyzing module Htop (library work)
Parsing done.
Executing : .rtl_analyze -work work -include_path {F:/SocFpga/project} F:/SocFpga/cpu/Htop.v successfully.
Executing : .rtl_analyze -work work -include_path {F:/SocFpga/project} F:/SocFpga/cpu/Hwbu.v
I: Verilog-0001: Analyzing file F:/SocFpga/cpu/Hwbu.v
I: Verilog-0002: [F:/SocFpga/cpu/Hwbu.v(line number: 3)] Analyzing module Hwbu (library work)
Parsing done.
Executing : .rtl_analyze -work work -include_path {F:/SocFpga/project} F:/SocFpga/cpu/Hwbu.v successfully.
Executing : .rtl_analyze -work work -include_path {F:/SocFpga/project} F:/SocFpga/cpu/icache.v
I: Verilog-0001: Analyzing file F:/SocFpga/cpu/icache.v
I: Verilog-0002: [F:/SocFpga/cpu/icache.v(line number: 3)] Analyzing module icache (library work)
Parsing done.
Executing : .rtl_analyze -work work -include_path {F:/SocFpga/project} F:/SocFpga/cpu/icache.v successfully.
Executing : .rtl_analyze -work work -include_path {F:/SocFpga/project} F:/SocFpga/cpu/mul.v
I: Verilog-0001: Analyzing file F:/SocFpga/cpu/mul.v
I: Verilog-0002: [F:/SocFpga/cpu/mul.v(line number: 9)] Analyzing module mul (library work)
Parsing done.
Executing : .rtl_analyze -work work -include_path {F:/SocFpga/project} F:/SocFpga/cpu/mul.v successfully.
Executing : .rtl_analyze -work work -include_path {F:/SocFpga/project} F:/SocFpga/jtag/full_handshake_rx.v
I: Verilog-0001: Analyzing file F:/SocFpga/jtag/full_handshake_rx.v
I: Verilog-0002: [F:/SocFpga/jtag/full_handshake_rx.v(line number: 7)] Analyzing module full_handshake_rx (library work)
Parsing done.
Executing : .rtl_analyze -work work -include_path {F:/SocFpga/project} F:/SocFpga/jtag/full_handshake_rx.v successfully.
Executing : .rtl_analyze -work work -include_path {F:/SocFpga/project} F:/SocFpga/jtag/full_handshake_tx.v
I: Verilog-0001: Analyzing file F:/SocFpga/jtag/full_handshake_tx.v
I: Verilog-0002: [F:/SocFpga/jtag/full_handshake_tx.v(line number: 7)] Analyzing module full_handshake_tx (library work)
Parsing done.
Executing : .rtl_analyze -work work -include_path {F:/SocFpga/project} F:/SocFpga/jtag/full_handshake_tx.v successfully.
Executing : .rtl_analyze -work work -include_path {F:/SocFpga/project} F:/SocFpga/jtag/jtag_dm.v
I: Verilog-0001: Analyzing file F:/SocFpga/jtag/jtag_dm.v
I: Found Verilog include file F:/SocFpga/soc/defines.v
I: Found Verilog include file F:/SocFpga/soc/config.v
I: Verilog-0002: [F:/SocFpga/jtag/jtag_dm.v(line number: 2)] Analyzing module jtag_dm (library work)
Parsing done.
Executing : .rtl_analyze -work work -include_path {F:/SocFpga/project} F:/SocFpga/jtag/jtag_dm.v successfully.
Executing : .rtl_analyze -work work -include_path {F:/SocFpga/project} F:/SocFpga/jtag/jtag_driver.v
I: Verilog-0001: Analyzing file F:/SocFpga/jtag/jtag_driver.v
I: Verilog-0002: [F:/SocFpga/jtag/jtag_driver.v(line number: 1)] Analyzing module jtag_driver (library work)
Parsing done.
Executing : .rtl_analyze -work work -include_path {F:/SocFpga/project} F:/SocFpga/jtag/jtag_driver.v successfully.
Executing : .rtl_analyze -work work -include_path {F:/SocFpga/project} F:/SocFpga/jtag/jtag_top.v
I: Verilog-0001: Analyzing file F:/SocFpga/jtag/jtag_top.v
I: Found Verilog include file F:/SocFpga/soc/defines.v
W: Public-4030: File 'F:/SocFpga/soc/defines.v' has been added. It is skipped.
I: Found Verilog include file F:/SocFpga/soc/config.v
W: Public-4030: File 'F:/SocFpga/soc/config.v' has been added. It is skipped.
I: Verilog-0002: [F:/SocFpga/jtag/jtag_top.v(line number: 3)] Analyzing module jtag_top (library work)
Parsing done.
Executing : .rtl_analyze -work work -include_path {F:/SocFpga/project} F:/SocFpga/jtag/jtag_top.v successfully.
Executing : .rtl_analyze -work work -include_path {F:/SocFpga/project} F:/SocFpga/soc/axi_mem_backend.v
I: Verilog-0001: Analyzing file F:/SocFpga/soc/axi_mem_backend.v
I: Verilog-0002: [F:/SocFpga/soc/axi_mem_backend.v(line number: 10)] Analyzing module axi_mem_backend (library work)
Parsing done.
Executing : .rtl_analyze -work work -include_path {F:/SocFpga/project} F:/SocFpga/soc/axi_mem_backend.v successfully.
Executing : .rtl_analyze -work work -include_path {F:/SocFpga/project} F:/SocFpga/soc/ddr_axi_bridge.v
I: Verilog-0001: Analyzing file F:/SocFpga/soc/ddr_axi_bridge.v
I: Verilog-0002: [F:/SocFpga/soc/ddr_axi_bridge.v(line number: 7)] Analyzing module ddr_axi_bridge (library work)
Parsing done.
Executing : .rtl_analyze -work work -include_path {F:/SocFpga/project} F:/SocFpga/soc/ddr_axi_bridge.v successfully.
Executing : .rtl_analyze -work work -include_path {F:/SocFpga/project} F:/SocFpga/soc/Debug_core.v
I: Verilog-0001: Analyzing file F:/SocFpga/soc/Debug_core.v
I: Verilog-0002: [F:/SocFpga/soc/Debug_core.v(line number: 5)] Analyzing module Debug_core (library work)
Parsing done.
Executing : .rtl_analyze -work work -include_path {F:/SocFpga/project} F:/SocFpga/soc/Debug_core.v successfully.
Executing : .rtl_analyze -work work -include_path {F:/SocFpga/project} F:/SocFpga/soc/Hnpu_ctrl.v
I: Verilog-0001: Analyzing file F:/SocFpga/soc/Hnpu_ctrl.v
I: Verilog-0002: [F:/SocFpga/soc/Hnpu_ctrl.v(line number: 10)] Analyzing module Hnpu_ctrl (library work)
Parsing done.
Executing : .rtl_analyze -work work -include_path {F:/SocFpga/project} F:/SocFpga/soc/Hnpu_ctrl.v successfully.
Executing : .rtl_analyze -work work -include_path {F:/SocFpga/project} F:/SocFpga/soc/Hnpu_dma.v
I: Verilog-0001: Analyzing file F:/SocFpga/soc/Hnpu_dma.v
I: Verilog-0002: [F:/SocFpga/soc/Hnpu_dma.v(line number: 14)] Analyzing module Hnpu_dma (library work)
Parsing done.
Executing : .rtl_analyze -work work -include_path {F:/SocFpga/project} F:/SocFpga/soc/Hnpu_dma.v successfully.
Executing : .rtl_analyze -work work -include_path {F:/SocFpga/project} F:/SocFpga/soc/Haxi_2m1s_arbiter.v
I: Verilog-0001: Analyzing file F:/SocFpga/soc/Haxi_2m1s_arbiter.v
I: Verilog-0002: [F:/SocFpga/soc/Haxi_2m1s_arbiter.v(line number: 11)] Analyzing module Haxi_2m1s_arbiter (library work)
Parsing done.
Executing : .rtl_analyze -work work -include_path {F:/SocFpga/project} F:/SocFpga/soc/Haxi_2m1s_arbiter.v successfully.
Executing : .rtl_analyze -work work -include_path {F:/SocFpga/project} F:/SocFpga/soc/Hfpga_soc.v
I: Verilog-0001: Analyzing file F:/SocFpga/soc/Hfpga_soc.v
I: Found Verilog include file F:/SocFpga/soc/soc_addr_map.vh
I: Verilog-0002: [F:/SocFpga/soc/Hfpga_soc.v(line number: 21)] Analyzing module Hfpga_soc (library work)
Parsing done.
Executing : .rtl_analyze -work work -include_path {F:/SocFpga/project} F:/SocFpga/soc/Hfpga_soc.v successfully.
Executing : .rtl_analyze -work work -include_path {F:/SocFpga/project} F:/SocFpga/soc/Hfpioa_simple.v
I: Verilog-0001: Analyzing file F:/SocFpga/soc/Hfpioa_simple.v
I: Verilog-0002: [F:/SocFpga/soc/Hfpioa_simple.v(line number: 5)] Analyzing module Hfpioa_simple (library work)
Parsing done.
Executing : .rtl_analyze -work work -include_path {F:/SocFpga/project} F:/SocFpga/soc/Hfpioa_simple.v successfully.
Executing : .rtl_analyze -work work -include_path {F:/SocFpga/project} F:/SocFpga/soc/Hled.v
I: Verilog-0001: Analyzing file F:/SocFpga/soc/Hled.v
I: Verilog-0002: [F:/SocFpga/soc/Hled.v(line number: 3)] Analyzing module Hled (library work)
Parsing done.
Executing : .rtl_analyze -work work -include_path {F:/SocFpga/project} F:/SocFpga/soc/Hled.v successfully.
Executing : .rtl_analyze -work work -include_path {F:/SocFpga/project} F:/SocFpga/soc/Huart_tx.v
I: Verilog-0001: Analyzing file F:/SocFpga/soc/Huart_tx.v
I: Verilog-0002: [F:/SocFpga/soc/Huart_tx.v(line number: 5)] Analyzing module Huart_tx (library work)
Parsing done.
Executing : .rtl_analyze -work work -include_path {F:/SocFpga/project} F:/SocFpga/soc/Huart_tx.v successfully.
Executing : .rtl_analyze -include_path {F:/SocFpga/project} F:/SocFpga/IP/clk_pll/clk_pll.v
I: Verilog-0001: Analyzing file F:/SocFpga/IP/clk_pll/clk_pll.v
I: Verilog-0002: [F:/SocFpga/IP/clk_pll/clk_pll.v(line number: 18)] Analyzing module clk_pll (library work)
Parsing done.
Executing : .rtl_analyze -include_path {F:/SocFpga/project} F:/SocFpga/IP/clk_pll/clk_pll.v successfully.
Executing : .rtl_analyze -include_path {F:/SocFpga/project} F:/SocFpga/IP/DataRAM/rtl/ipm2l_spram_v1_8_DataRAM.v
I: Verilog-0001: Analyzing file F:/SocFpga/IP/DataRAM/rtl/ipm2l_spram_v1_8_DataRAM.v
I: Verilog-0002: [F:/SocFpga/IP/DataRAM/rtl/ipm2l_spram_v1_8_DataRAM.v(line number: 17)] Analyzing module ipm2l_spram_v1_8_DataRAM (library work)
I: Found Verilog include file F:/SocFpga/IP/DataRAM/rtl/DataRAM_Reset_Value.v
W: Verilog-2008: [F:/SocFpga/IP/DataRAM/rtl/ipm2l_spram_v1_8_DataRAM.v(line number: 123)] Ignore 'system task' $display
W: Verilog-2008: [F:/SocFpga/IP/DataRAM/rtl/ipm2l_spram_v1_8_DataRAM.v(line number: 127)] Ignore 'system task' $display
W: Verilog-2008: [F:/SocFpga/IP/DataRAM/rtl/ipm2l_spram_v1_8_DataRAM.v(line number: 135)] Ignore 'system task' $display
W: Verilog-2008: [F:/SocFpga/IP/DataRAM/rtl/ipm2l_spram_v1_8_DataRAM.v(line number: 136)] Ignore 'system task' $finish
W: Verilog-2008: [F:/SocFpga/IP/DataRAM/rtl/ipm2l_spram_v1_8_DataRAM.v(line number: 139)] Ignore 'system task' $display
W: Verilog-2008: [F:/SocFpga/IP/DataRAM/rtl/ipm2l_spram_v1_8_DataRAM.v(line number: 140)] Ignore 'system task' $finish
W: Verilog-2008: [F:/SocFpga/IP/DataRAM/rtl/ipm2l_spram_v1_8_DataRAM.v(line number: 143)] Ignore 'system task' $display
W: Verilog-2008: [F:/SocFpga/IP/DataRAM/rtl/ipm2l_spram_v1_8_DataRAM.v(line number: 144)] Ignore 'system task' $finish
W: Verilog-2008: [F:/SocFpga/IP/DataRAM/rtl/ipm2l_spram_v1_8_DataRAM.v(line number: 147)] Ignore 'system task' $display
W: Verilog-2008: [F:/SocFpga/IP/DataRAM/rtl/ipm2l_spram_v1_8_DataRAM.v(line number: 148)] Ignore 'system task' $finish
W: Verilog-2008: [F:/SocFpga/IP/DataRAM/rtl/ipm2l_spram_v1_8_DataRAM.v(line number: 151)] Ignore 'system task' $display
W: Verilog-2008: [F:/SocFpga/IP/DataRAM/rtl/ipm2l_spram_v1_8_DataRAM.v(line number: 152)] Ignore 'system task' $finish
W: Verilog-2008: [F:/SocFpga/IP/DataRAM/rtl/ipm2l_spram_v1_8_DataRAM.v(line number: 155)] Ignore 'system task' $display
W: Verilog-2008: [F:/SocFpga/IP/DataRAM/rtl/ipm2l_spram_v1_8_DataRAM.v(line number: 156)] Ignore 'system task' $finish
W: Verilog-2008: [F:/SocFpga/IP/DataRAM/rtl/ipm2l_spram_v1_8_DataRAM.v(line number: 159)] Ignore 'system task' $display
W: Verilog-2008: [F:/SocFpga/IP/DataRAM/rtl/ipm2l_spram_v1_8_DataRAM.v(line number: 160)] Ignore 'system task' $finish
W: Verilog-2008: [F:/SocFpga/IP/DataRAM/rtl/ipm2l_spram_v1_8_DataRAM.v(line number: 163)] Ignore 'system task' $display
W: Verilog-2008: [F:/SocFpga/IP/DataRAM/rtl/ipm2l_spram_v1_8_DataRAM.v(line number: 164)] Ignore 'system task' $finish
W: Verilog-2008: [F:/SocFpga/IP/DataRAM/rtl/ipm2l_spram_v1_8_DataRAM.v(line number: 167)] Ignore 'system task' $display
W: Verilog-2008: [F:/SocFpga/IP/DataRAM/rtl/ipm2l_spram_v1_8_DataRAM.v(line number: 168)] Ignore 'system task' $finish
W: Verilog-2008: [F:/SocFpga/IP/DataRAM/rtl/ipm2l_spram_v1_8_DataRAM.v(line number: 171)] Ignore 'system task' $display
W: Verilog-2008: [F:/SocFpga/IP/DataRAM/rtl/ipm2l_spram_v1_8_DataRAM.v(line number: 172)] Ignore 'system task' $finish
W: Verilog-2008: [F:/SocFpga/IP/DataRAM/rtl/ipm2l_spram_v1_8_DataRAM.v(line number: 175)] Ignore 'system task' $display
W: Verilog-2008: [F:/SocFpga/IP/DataRAM/rtl/ipm2l_spram_v1_8_DataRAM.v(line number: 176)] Ignore 'system task' $finish
W: Verilog-2008: [F:/SocFpga/IP/DataRAM/rtl/ipm2l_spram_v1_8_DataRAM.v(line number: 179)] Ignore 'system task' $display
W: Verilog-2008: [F:/SocFpga/IP/DataRAM/rtl/ipm2l_spram_v1_8_DataRAM.v(line number: 180)] Ignore 'system task' $finish
W: Verilog-2008: [F:/SocFpga/IP/DataRAM/rtl/ipm2l_spram_v1_8_DataRAM.v(line number: 184)] Ignore 'system task' $display
W: Verilog-2008: [F:/SocFpga/IP/DataRAM/rtl/ipm2l_spram_v1_8_DataRAM.v(line number: 185)] Ignore 'system task' $finish
W: Verilog-2008: [F:/SocFpga/IP/DataRAM/rtl/ipm2l_spram_v1_8_DataRAM.v(line number: 188)] Ignore 'system task' $display
W: Verilog-2008: [F:/SocFpga/IP/DataRAM/rtl/ipm2l_spram_v1_8_DataRAM.v(line number: 189)] Ignore 'system task' $finish
W: Verilog-2008: [F:/SocFpga/IP/DataRAM/rtl/ipm2l_spram_v1_8_DataRAM.v(line number: 193)] Ignore 'system task' $display
W: Verilog-2008: [F:/SocFpga/IP/DataRAM/rtl/ipm2l_spram_v1_8_DataRAM.v(line number: 194)] Ignore 'system task' $finish
W: Verilog-2008: [F:/SocFpga/IP/DataRAM/rtl/ipm2l_spram_v1_8_DataRAM.v(line number: 197)] Ignore 'system task' $display
W: Verilog-2008: [F:/SocFpga/IP/DataRAM/rtl/ipm2l_spram_v1_8_DataRAM.v(line number: 198)] Ignore 'system task' $finish
Parsing done.
Executing : .rtl_analyze -include_path {F:/SocFpga/project} F:/SocFpga/IP/DataRAM/rtl/ipm2l_spram_v1_8_DataRAM.v successfully.
Executing : .rtl_analyze -include_path {F:/SocFpga/project} F:/SocFpga/IP/DataRAM/DataRAM.v
I: Verilog-0001: Analyzing file F:/SocFpga/IP/DataRAM/DataRAM.v
I: Verilog-0002: [F:/SocFpga/IP/DataRAM/DataRAM.v(line number: 16)] Analyzing module DataRAM (library work)
Parsing done.
Executing : .rtl_analyze -include_path {F:/SocFpga/project} F:/SocFpga/IP/DataRAM/DataRAM.v successfully.
Executing : .rtl_analyze -include_path {F:/SocFpga/project} F:/SocFpga/IP/ddr3_ctrl_v116/rtl/ips2l_rst_sync_v1_3.v
I: Verilog-0001: Analyzing file F:/SocFpga/IP/ddr3_ctrl_v116/rtl/ips2l_rst_sync_v1_3.v
I: Verilog-0002: [F:/SocFpga/IP/ddr3_ctrl_v116/rtl/ips2l_rst_sync_v1_3.v(line number: 10)] Analyzing module ips2l_rst_sync_v1_3 (library work)
Parsing done.
Executing : .rtl_analyze -include_path {F:/SocFpga/project} F:/SocFpga/IP/ddr3_ctrl_v116/rtl/ips2l_rst_sync_v1_3.v successfully.
Executing : .rtl_analyze -include_path {F:/SocFpga/project} F:/SocFpga/IP/ddr3_ctrl_v116/rtl/ddrphy/ips2l_ddrphy_wrlvl_v1_14.vp
I: Verilog-0001: Analyzing file F:/SocFpga/IP/ddr3_ctrl_v116/rtl/ddrphy/ips2l_ddrphy_wrlvl_v1_14.vp
I: Verilog-0002: [F:/SocFpga/IP/ddr3_ctrl_v116/rtl/ddrphy/ips2l_ddrphy_wrlvl_v1_14.vp(line number: 223)] Analyzing module ips2l_ddrphy_wrlvl_v1_14 (library work)
Parsing done.
Executing : .rtl_analyze -include_path {F:/SocFpga/project} F:/SocFpga/IP/ddr3_ctrl_v116/rtl/ddrphy/ips2l_ddrphy_wrlvl_v1_14.vp successfully.
Executing : .rtl_analyze -include_path {F:/SocFpga/project} F:/SocFpga/IP/ddr3_ctrl_v116/rtl/ddrphy/ips2l_ddrphy_wrcal_v1_16.vp
I: Verilog-0001: Analyzing file F:/SocFpga/IP/ddr3_ctrl_v116/rtl/ddrphy/ips2l_ddrphy_wrcal_v1_16.vp
I: Verilog-0002: [F:/SocFpga/IP/ddr3_ctrl_v116/rtl/ddrphy/ips2l_ddrphy_wrcal_v1_16.vp(line number: 554)] Analyzing module ips2l_ddrphy_wrcal_v1_16 (library work)
I: [F:/SocFpga/IP/ddr3_ctrl_v116/rtl/ddrphy/ips2l_ddrphy_wrcal_v1_16.vp(line number: 574)] Convert attribute name from syn_preserve to PAP_PRESERVE
I: [F:/SocFpga/IP/ddr3_ctrl_v116/rtl/ddrphy/ips2l_ddrphy_wrcal_v1_16.vp(line number: 575)] Convert attribute name from syn_preserve to PAP_PRESERVE
Parsing done.
Executing : .rtl_analyze -include_path {F:/SocFpga/project} F:/SocFpga/IP/ddr3_ctrl_v116/rtl/ddrphy/ips2l_ddrphy_wrcal_v1_16.vp successfully.
Executing : .rtl_analyze -include_path {F:/SocFpga/project} F:/SocFpga/IP/ddr3_ctrl_v116/rtl/ddrphy/ips2l_ddrphy_wdata_path_adj_v1_16.vp
I: Verilog-0001: Analyzing file F:/SocFpga/IP/ddr3_ctrl_v116/rtl/ddrphy/ips2l_ddrphy_wdata_path_adj_v1_16.vp
I: Verilog-0002: [F:/SocFpga/IP/ddr3_ctrl_v116/rtl/ddrphy/ips2l_ddrphy_wdata_path_adj_v1_16.vp(line number: 294)] Analyzing module ips2l_ddrphy_wdata_path_adj_v1_16 (library work)
Parsing done.
Executing : .rtl_analyze -include_path {F:/SocFpga/project} F:/SocFpga/IP/ddr3_ctrl_v116/rtl/ddrphy/ips2l_ddrphy_wdata_path_adj_v1_16.vp successfully.
Executing : .rtl_analyze -include_path {F:/SocFpga/project} F:/SocFpga/IP/ddr3_ctrl_v116/rtl/ddrphy/ips2l_ddrphy_upcal_v1_0.vp
I: Verilog-0001: Analyzing file F:/SocFpga/IP/ddr3_ctrl_v116/rtl/ddrphy/ips2l_ddrphy_upcal_v1_0.vp
I: Verilog-0002: [F:/SocFpga/IP/ddr3_ctrl_v116/rtl/ddrphy/ips2l_ddrphy_upcal_v1_0.vp(line number: 185)] Analyzing module ips2l_ddrphy_upcal_v1_0 (library work)
Parsing done.
Executing : .rtl_analyze -include_path {F:/SocFpga/project} F:/SocFpga/IP/ddr3_ctrl_v116/rtl/ddrphy/ips2l_ddrphy_upcal_v1_0.vp successfully.
Executing : .rtl_analyze -include_path {F:/SocFpga/project} F:/SocFpga/IP/ddr3_ctrl_v116/rtl/ddrphy/ips2l_ddrphy_training_ctrl_v1_11.vp
I: Verilog-0001: Analyzing file F:/SocFpga/IP/ddr3_ctrl_v116/rtl/ddrphy/ips2l_ddrphy_training_ctrl_v1_11.vp
I: Verilog-0002: [F:/SocFpga/IP/ddr3_ctrl_v116/rtl/ddrphy/ips2l_ddrphy_training_ctrl_v1_11.vp(line number: 120)] Analyzing module ips2l_ddrphy_training_ctrl_v1_11 (library work)
Parsing done.
Executing : .rtl_analyze -include_path {F:/SocFpga/project} F:/SocFpga/IP/ddr3_ctrl_v116/rtl/ddrphy/ips2l_ddrphy_training_ctrl_v1_11.vp successfully.
Executing : .rtl_analyze -include_path {F:/SocFpga/project} F:/SocFpga/IP/ddr3_ctrl_v116/rtl/ddrphy/ips2l_ddrphy_slice_rddata_align_v1_0.vp
I: Verilog-0001: Analyzing file F:/SocFpga/IP/ddr3_ctrl_v116/rtl/ddrphy/ips2l_ddrphy_slice_rddata_align_v1_0.vp
I: Verilog-0002: [F:/SocFpga/IP/ddr3_ctrl_v116/rtl/ddrphy/ips2l_ddrphy_slice_rddata_align_v1_0.vp(line number: 142)] Analyzing module ips2l_ddrphy_slice_rddata_align_v1_0 (library work)
Parsing done.
Executing : .rtl_analyze -include_path {F:/SocFpga/project} F:/SocFpga/IP/ddr3_ctrl_v116/rtl/ddrphy/ips2l_ddrphy_slice_rddata_align_v1_0.vp successfully.
Executing : .rtl_analyze -include_path {F:/SocFpga/project} F:/SocFpga/IP/ddr3_ctrl_v116/rtl/ddrphy/ips2l_ddrphy_reset_ctrl_v1_14.vp
I: Verilog-0001: Analyzing file F:/SocFpga/IP/ddr3_ctrl_v116/rtl/ddrphy/ips2l_ddrphy_reset_ctrl_v1_14.vp
I: Verilog-0002: [F:/SocFpga/IP/ddr3_ctrl_v116/rtl/ddrphy/ips2l_ddrphy_reset_ctrl_v1_14.vp(line number: 319)] Analyzing module ips2l_ddrphy_reset_ctrl_v1_14 (library work)
I: [F:/SocFpga/IP/ddr3_ctrl_v116/rtl/ddrphy/ips2l_ddrphy_reset_ctrl_v1_14.vp(line number: 350)] Convert attribute name from syn_preserve to PAP_PRESERVE
Parsing done.
Executing : .rtl_analyze -include_path {F:/SocFpga/project} F:/SocFpga/IP/ddr3_ctrl_v116/rtl/ddrphy/ips2l_ddrphy_reset_ctrl_v1_14.vp successfully.
Executing : .rtl_analyze -include_path {F:/SocFpga/project} F:/SocFpga/IP/ddr3_ctrl_v116/rtl/ddrphy/ips2l_ddrphy_rdcal_v1_10.vp
I: Verilog-0001: Analyzing file F:/SocFpga/IP/ddr3_ctrl_v116/rtl/ddrphy/ips2l_ddrphy_rdcal_v1_10.vp
I: Verilog-0002: [F:/SocFpga/IP/ddr3_ctrl_v116/rtl/ddrphy/ips2l_ddrphy_rdcal_v1_10.vp(line number: 784)] Analyzing module ips2l_ddrphy_rdcal_v1_10 (library work)
Parsing done.
Executing : .rtl_analyze -include_path {F:/SocFpga/project} F:/SocFpga/IP/ddr3_ctrl_v116/rtl/ddrphy/ips2l_ddrphy_rdcal_v1_10.vp successfully.
Executing : .rtl_analyze -include_path {F:/SocFpga/project} F:/SocFpga/IP/ddr3_ctrl_v116/rtl/ddrphy/ips2l_ddrphy_main_ctrl_v1_14.vp
I: Verilog-0001: Analyzing file F:/SocFpga/IP/ddr3_ctrl_v116/rtl/ddrphy/ips2l_ddrphy_main_ctrl_v1_14.vp
I: Verilog-0002: [F:/SocFpga/IP/ddr3_ctrl_v116/rtl/ddrphy/ips2l_ddrphy_main_ctrl_v1_14.vp(line number: 273)] Analyzing module ips2l_ddrphy_main_ctrl_v1_14 (library work)
Parsing done.
Executing : .rtl_analyze -include_path {F:/SocFpga/project} F:/SocFpga/IP/ddr3_ctrl_v116/rtl/ddrphy/ips2l_ddrphy_main_ctrl_v1_14.vp successfully.
Executing : .rtl_analyze -include_path {F:/SocFpga/project} F:/SocFpga/IP/ddr3_ctrl_v116/rtl/ddrphy/ips2l_ddrphy_init_v1_0.vp
I: Verilog-0001: Analyzing file F:/SocFpga/IP/ddr3_ctrl_v116/rtl/ddrphy/ips2l_ddrphy_init_v1_0.vp
I: Verilog-0002: [F:/SocFpga/IP/ddr3_ctrl_v116/rtl/ddrphy/ips2l_ddrphy_init_v1_0.vp(line number: 611)] Analyzing module ips2l_ddrphy_init_v1_0 (library work)
Parsing done.
Executing : .rtl_analyze -include_path {F:/SocFpga/project} F:/SocFpga/IP/ddr3_ctrl_v116/rtl/ddrphy/ips2l_ddrphy_init_v1_0.vp successfully.
Executing : .rtl_analyze -include_path {F:/SocFpga/project} F:/SocFpga/IP/ddr3_ctrl_v116/rtl/ddrphy/ips2l_ddrphy_info_v1_0.vp
I: Verilog-0001: Analyzing file F:/SocFpga/IP/ddr3_ctrl_v116/rtl/ddrphy/ips2l_ddrphy_info_v1_0.vp
I: Verilog-0002: [F:/SocFpga/IP/ddr3_ctrl_v116/rtl/ddrphy/ips2l_ddrphy_info_v1_0.vp(line number: 208)] Analyzing module ips2l_ddrphy_info_v1_0 (library work)
Parsing done.
Executing : .rtl_analyze -include_path {F:/SocFpga/project} F:/SocFpga/IP/ddr3_ctrl_v116/rtl/ddrphy/ips2l_ddrphy_info_v1_0.vp successfully.
Executing : .rtl_analyze -include_path {F:/SocFpga/project} F:/SocFpga/IP/ddr3_ctrl_v116/rtl/ddrphy/ips2l_ddrphy_gatecal_v1_14.vp
I: Verilog-0001: Analyzing file F:/SocFpga/IP/ddr3_ctrl_v116/rtl/ddrphy/ips2l_ddrphy_gatecal_v1_14.vp
I: Verilog-0002: [F:/SocFpga/IP/ddr3_ctrl_v116/rtl/ddrphy/ips2l_ddrphy_gatecal_v1_14.vp(line number: 352)] Analyzing module ips2l_ddrphy_gatecal_v1_14 (library work)
Parsing done.
Executing : .rtl_analyze -include_path {F:/SocFpga/project} F:/SocFpga/IP/ddr3_ctrl_v116/rtl/ddrphy/ips2l_ddrphy_gatecal_v1_14.vp successfully.
Executing : .rtl_analyze -include_path {F:/SocFpga/project} F:/SocFpga/IP/ddr3_ctrl_v116/rtl/ddrphy/ips2l_ddrphy_gate_update_ctrl_v1_11.vp
I: Verilog-0001: Analyzing file F:/SocFpga/IP/ddr3_ctrl_v116/rtl/ddrphy/ips2l_ddrphy_gate_update_ctrl_v1_11.vp
I: Verilog-0002: [F:/SocFpga/IP/ddr3_ctrl_v116/rtl/ddrphy/ips2l_ddrphy_gate_update_ctrl_v1_11.vp(line number: 134)] Analyzing module ips2l_ddrphy_gate_update_ctrl_v1_11 (library work)
Parsing done.
Executing : .rtl_analyze -include_path {F:/SocFpga/project} F:/SocFpga/IP/ddr3_ctrl_v116/rtl/ddrphy/ips2l_ddrphy_gate_update_ctrl_v1_11.vp successfully.
Executing : .rtl_analyze -include_path {F:/SocFpga/project} F:/SocFpga/IP/ddr3_ctrl_v116/rtl/ddrphy/ips2l_ddrphy_eyecal_v1_5.vp
I: Verilog-0001: Analyzing file F:/SocFpga/IP/ddr3_ctrl_v116/rtl/ddrphy/ips2l_ddrphy_eyecal_v1_5.vp
I: Verilog-0002: [F:/SocFpga/IP/ddr3_ctrl_v116/rtl/ddrphy/ips2l_ddrphy_eyecal_v1_5.vp(line number: 262)] Analyzing module ips2l_ddrphy_eyecal_v1_5 (library work)
Parsing done.
Executing : .rtl_analyze -include_path {F:/SocFpga/project} F:/SocFpga/IP/ddr3_ctrl_v116/rtl/ddrphy/ips2l_ddrphy_eyecal_v1_5.vp successfully.
Executing : .rtl_analyze -include_path {F:/SocFpga/project} F:/SocFpga/IP/ddr3_ctrl_v116/rtl/ddrphy/ips2l_ddrphy_drift_ctrl_v1_11.vp
I: Verilog-0001: Analyzing file F:/SocFpga/IP/ddr3_ctrl_v116/rtl/ddrphy/ips2l_ddrphy_drift_ctrl_v1_11.vp
I: Verilog-0002: [F:/SocFpga/IP/ddr3_ctrl_v116/rtl/ddrphy/ips2l_ddrphy_drift_ctrl_v1_11.vp(line number: 146)] Analyzing module ips2l_ddrphy_drift_ctrl_v1_11 (library work)
Parsing done.
Executing : .rtl_analyze -include_path {F:/SocFpga/project} F:/SocFpga/IP/ddr3_ctrl_v116/rtl/ddrphy/ips2l_ddrphy_drift_ctrl_v1_11.vp successfully.
Executing : .rtl_analyze -include_path {F:/SocFpga/project} F:/SocFpga/IP/ddr3_ctrl_v116/rtl/ddrphy/ips2l_ddrphy_dqsi_rdel_cal_v1_16.vp
I: Verilog-0001: Analyzing file F:/SocFpga/IP/ddr3_ctrl_v116/rtl/ddrphy/ips2l_ddrphy_dqsi_rdel_cal_v1_16.vp
I: Verilog-0002: [F:/SocFpga/IP/ddr3_ctrl_v116/rtl/ddrphy/ips2l_ddrphy_dqsi_rdel_cal_v1_16.vp(line number: 689)] Analyzing module ips2l_ddrphy_dqsi_rdel_cal_v1_16 (library work)
Parsing done.
Executing : .rtl_analyze -include_path {F:/SocFpga/project} F:/SocFpga/IP/ddr3_ctrl_v116/rtl/ddrphy/ips2l_ddrphy_dqsi_rdel_cal_v1_16.vp successfully.
Executing : .rtl_analyze -include_path {F:/SocFpga/project} F:/SocFpga/IP/ddr3_ctrl_v116/rtl/ddrphy/ips2l_ddrphy_dqs_rddata_align_v1_16.vp
I: Verilog-0001: Analyzing file F:/SocFpga/IP/ddr3_ctrl_v116/rtl/ddrphy/ips2l_ddrphy_dqs_rddata_align_v1_16.vp
I: Verilog-0002: [F:/SocFpga/IP/ddr3_ctrl_v116/rtl/ddrphy/ips2l_ddrphy_dqs_rddata_align_v1_16.vp(line number: 632)] Analyzing module ips2l_ddrphy_dqs_rddata_align_v1_16 (library work)
Parsing done.
Executing : .rtl_analyze -include_path {F:/SocFpga/project} F:/SocFpga/IP/ddr3_ctrl_v116/rtl/ddrphy/ips2l_ddrphy_dqs_rddata_align_v1_16.vp successfully.
Executing : .rtl_analyze -include_path {F:/SocFpga/project} F:/SocFpga/IP/ddr3_ctrl_v116/rtl/ddrphy/ips2l_ddrphy_dqs_gate_coarse_cal_v1_12.vp
I: Verilog-0001: Analyzing file F:/SocFpga/IP/ddr3_ctrl_v116/rtl/ddrphy/ips2l_ddrphy_dqs_gate_coarse_cal_v1_12.vp
I: Verilog-0002: [F:/SocFpga/IP/ddr3_ctrl_v116/rtl/ddrphy/ips2l_ddrphy_dqs_gate_coarse_cal_v1_12.vp(line number: 230)] Analyzing module ips2l_ddrphy_dqs_gate_coarse_cal_v1_12 (library work)
Parsing done.
Executing : .rtl_analyze -include_path {F:/SocFpga/project} F:/SocFpga/IP/ddr3_ctrl_v116/rtl/ddrphy/ips2l_ddrphy_dqs_gate_coarse_cal_v1_12.vp successfully.
Executing : .rtl_analyze -include_path {F:/SocFpga/project} F:/SocFpga/IP/ddr3_ctrl_v116/rtl/ddrphy/ips2l_ddrphy_dll_update_ctrl_v1_14.vp
I: Verilog-0001: Analyzing file F:/SocFpga/IP/ddr3_ctrl_v116/rtl/ddrphy/ips2l_ddrphy_dll_update_ctrl_v1_14.vp
I: Verilog-0002: [F:/SocFpga/IP/ddr3_ctrl_v116/rtl/ddrphy/ips2l_ddrphy_dll_update_ctrl_v1_14.vp(line number: 158)] Analyzing module ips2l_ddrphy_dll_update_ctrl_v1_14 (library work)
Parsing done.
Executing : .rtl_analyze -include_path {F:/SocFpga/project} F:/SocFpga/IP/ddr3_ctrl_v116/rtl/ddrphy/ips2l_ddrphy_dll_update_ctrl_v1_14.vp successfully.
Executing : .rtl_analyze -include_path {F:/SocFpga/project} F:/SocFpga/IP/ddr3_ctrl_v116/rtl/ddrphy/ips2l_ddrphy_dfi_v1_3.vp
I: Verilog-0001: Analyzing file F:/SocFpga/IP/ddr3_ctrl_v116/rtl/ddrphy/ips2l_ddrphy_dfi_v1_3.vp
I: Verilog-0002: [F:/SocFpga/IP/ddr3_ctrl_v116/rtl/ddrphy/ips2l_ddrphy_dfi_v1_3.vp(line number: 354)] Analyzing module ips2l_ddrphy_dfi_v1_3 (library work)
Parsing done.
Executing : .rtl_analyze -include_path {F:/SocFpga/project} F:/SocFpga/IP/ddr3_ctrl_v116/rtl/ddrphy/ips2l_ddrphy_dfi_v1_3.vp successfully.
Executing : .rtl_analyze -include_path {F:/SocFpga/project} F:/SocFpga/IP/ddr3_ctrl_v116/rtl/ddrphy/ips2l_ddrphy_gpll_phase_v1_0.vp
I: Verilog-0001: Analyzing file F:/SocFpga/IP/ddr3_ctrl_v116/rtl/ddrphy/ips2l_ddrphy_gpll_phase_v1_0.vp
I: Verilog-0002: [F:/SocFpga/IP/ddr3_ctrl_v116/rtl/ddrphy/ips2l_ddrphy_gpll_phase_v1_0.vp(line number: 103)] Analyzing module ips2l_ddrphy_gpll_phase_v1_0 (library work)
Parsing done.
Executing : .rtl_analyze -include_path {F:/SocFpga/project} F:/SocFpga/IP/ddr3_ctrl_v116/rtl/ddrphy/ips2l_ddrphy_gpll_phase_v1_0.vp successfully.
Executing : .rtl_analyze -include_path {F:/SocFpga/project} F:/SocFpga/IP/ddr3_ctrl_v116/rtl/ddrphy/ips2l_ddrphy_data_slice_wrlvl_v1_14.vp
I: Verilog-0001: Analyzing file F:/SocFpga/IP/ddr3_ctrl_v116/rtl/ddrphy/ips2l_ddrphy_data_slice_wrlvl_v1_14.vp
I: Verilog-0002: [F:/SocFpga/IP/ddr3_ctrl_v116/rtl/ddrphy/ips2l_ddrphy_data_slice_wrlvl_v1_14.vp(line number: 340)] Analyzing module ips2l_ddrphy_data_slice_wrlvl_v1_14 (library work)
Parsing done.
Executing : .rtl_analyze -include_path {F:/SocFpga/project} F:/SocFpga/IP/ddr3_ctrl_v116/rtl/ddrphy/ips2l_ddrphy_data_slice_wrlvl_v1_14.vp successfully.
Executing : .rtl_analyze -include_path {F:/SocFpga/project} F:/SocFpga/IP/ddr3_ctrl_v116/rtl/ddrphy/ips2l_ddrphy_data_slice_wrcal_v1_16.vp
I: Verilog-0001: Analyzing file F:/SocFpga/IP/ddr3_ctrl_v116/rtl/ddrphy/ips2l_ddrphy_data_slice_wrcal_v1_16.vp
I: Verilog-0002: [F:/SocFpga/IP/ddr3_ctrl_v116/rtl/ddrphy/ips2l_ddrphy_data_slice_wrcal_v1_16.vp(line number: 539)] Analyzing module ips2l_ddrphy_data_slice_wrcal_v1_16 (library work)
Parsing done.
Executing : .rtl_analyze -include_path {F:/SocFpga/project} F:/SocFpga/IP/ddr3_ctrl_v116/rtl/ddrphy/ips2l_ddrphy_data_slice_wrcal_v1_16.vp successfully.
Executing : .rtl_analyze -include_path {F:/SocFpga/project} F:/SocFpga/IP/ddr3_ctrl_v116/rtl/ddrphy/ips2l_ddrphy_data_slice_v1_16.vp
I: Verilog-0001: Analyzing file F:/SocFpga/IP/ddr3_ctrl_v116/rtl/ddrphy/ips2l_ddrphy_data_slice_v1_16.vp
I: Verilog-0002: [F:/SocFpga/IP/ddr3_ctrl_v116/rtl/ddrphy/ips2l_ddrphy_data_slice_v1_16.vp(line number: 603)] Analyzing module ips2l_ddrphy_data_slice_v1_16 (library work)
Parsing done.
Executing : .rtl_analyze -include_path {F:/SocFpga/project} F:/SocFpga/IP/ddr3_ctrl_v116/rtl/ddrphy/ips2l_ddrphy_data_slice_v1_16.vp successfully.
Executing : .rtl_analyze -include_path {F:/SocFpga/project} F:/SocFpga/IP/ddr3_ctrl_v116/rtl/ddrphy/ips2l_ddrphy_data_slice_dqs_gate_cal_v1_14.vp
I: Verilog-0001: Analyzing file F:/SocFpga/IP/ddr3_ctrl_v116/rtl/ddrphy/ips2l_ddrphy_data_slice_dqs_gate_cal_v1_14.vp
I: Verilog-0002: [F:/SocFpga/IP/ddr3_ctrl_v116/rtl/ddrphy/ips2l_ddrphy_data_slice_dqs_gate_cal_v1_14.vp(line number: 158)] Analyzing module ips2l_ddrphy_data_slice_dqs_gate_cal_v1_14 (library work)
Parsing done.
Executing : .rtl_analyze -include_path {F:/SocFpga/project} F:/SocFpga/IP/ddr3_ctrl_v116/rtl/ddrphy/ips2l_ddrphy_data_slice_dqs_gate_cal_v1_14.vp successfully.
Executing : .rtl_analyze -include_path {F:/SocFpga/project} F:/SocFpga/IP/ddr3_ctrl_v116/rtl/ddrphy/ips2l_ddrphy_cpd_ctrl_v1_3.vp
I: Verilog-0001: Analyzing file F:/SocFpga/IP/ddr3_ctrl_v116/rtl/ddrphy/ips2l_ddrphy_cpd_ctrl_v1_3.vp
I: Verilog-0002: [F:/SocFpga/IP/ddr3_ctrl_v116/rtl/ddrphy/ips2l_ddrphy_cpd_ctrl_v1_3.vp(line number: 216)] Analyzing module ips2l_ddrphy_cpd_ctrl_v1_3 (library work)
Parsing done.
Executing : .rtl_analyze -include_path {F:/SocFpga/project} F:/SocFpga/IP/ddr3_ctrl_v116/rtl/ddrphy/ips2l_ddrphy_cpd_ctrl_v1_3.vp successfully.
Executing : .rtl_analyze -include_path {F:/SocFpga/project} F:/SocFpga/IP/ddr3_ctrl_v116/rtl/ddrphy/ips2l_ddrphy_cpd_lock_v1_0.vp
I: Verilog-0001: Analyzing file F:/SocFpga/IP/ddr3_ctrl_v116/rtl/ddrphy/ips2l_ddrphy_cpd_lock_v1_0.vp
I: Verilog-0002: [F:/SocFpga/IP/ddr3_ctrl_v116/rtl/ddrphy/ips2l_ddrphy_cpd_lock_v1_0.vp(line number: 105)] Analyzing module ips2l_ddrphy_cpd_lock_v1_0 (library work)
Parsing done.
Executing : .rtl_analyze -include_path {F:/SocFpga/project} F:/SocFpga/IP/ddr3_ctrl_v116/rtl/ddrphy/ips2l_ddrphy_cpd_lock_v1_0.vp successfully.
Executing : .rtl_analyze -include_path {F:/SocFpga/project} F:/SocFpga/IP/ddr3_ctrl_v116/rtl/ddrphy/ips2l_ddrphy_control_path_adj_v1_16.vp
I: Verilog-0001: Analyzing file F:/SocFpga/IP/ddr3_ctrl_v116/rtl/ddrphy/ips2l_ddrphy_control_path_adj_v1_16.vp
I: Verilog-0002: [F:/SocFpga/IP/ddr3_ctrl_v116/rtl/ddrphy/ips2l_ddrphy_control_path_adj_v1_16.vp(line number: 168)] Analyzing module ips2l_ddrphy_control_path_adj_v1_16 (library work)
Parsing done.
Executing : .rtl_analyze -include_path {F:/SocFpga/project} F:/SocFpga/IP/ddr3_ctrl_v116/rtl/ddrphy/ips2l_ddrphy_control_path_adj_v1_16.vp successfully.
Executing : .rtl_analyze -include_path {F:/SocFpga/project} F:/SocFpga/IP/ddr3_ctrl_v116/rtl/ddrphy/ips2l_ddrphy_calib_top_v1_16.vp
I: Verilog-0001: Analyzing file F:/SocFpga/IP/ddr3_ctrl_v116/rtl/ddrphy/ips2l_ddrphy_calib_top_v1_16.vp
I: Verilog-0002: [F:/SocFpga/IP/ddr3_ctrl_v116/rtl/ddrphy/ips2l_ddrphy_calib_top_v1_16.vp(line number: 455)] Analyzing module ips2l_ddrphy_calib_top_v1_16 (library work)
Parsing done.
Executing : .rtl_analyze -include_path {F:/SocFpga/project} F:/SocFpga/IP/ddr3_ctrl_v116/rtl/ddrphy/ips2l_ddrphy_calib_top_v1_16.vp successfully.
Executing : .rtl_analyze -include_path {F:/SocFpga/project} F:/SocFpga/IP/ddr3_ctrl_v116/rtl/ddrphy/ips2l_ddrphy_calib_mux_v1_0.vp
I: Verilog-0001: Analyzing file F:/SocFpga/IP/ddr3_ctrl_v116/rtl/ddrphy/ips2l_ddrphy_calib_mux_v1_0.vp
I: Verilog-0002: [F:/SocFpga/IP/ddr3_ctrl_v116/rtl/ddrphy/ips2l_ddrphy_calib_mux_v1_0.vp(line number: 233)] Analyzing module ips2l_ddrphy_calib_mux_v1_0 (library work)
Parsing done.
Executing : .rtl_analyze -include_path {F:/SocFpga/project} F:/SocFpga/IP/ddr3_ctrl_v116/rtl/ddrphy/ips2l_ddrphy_calib_mux_v1_0.vp successfully.
Executing : .rtl_analyze -include_path {F:/SocFpga/project} F:/SocFpga/IP/ddr3_ctrl_v116/rtl/ddrphy/ips2l_ddrphy_rst_debounce_v1_0.vp
I: Verilog-0001: Analyzing file F:/SocFpga/IP/ddr3_ctrl_v116/rtl/ddrphy/ips2l_ddrphy_rst_debounce_v1_0.vp
I: Verilog-0002: [F:/SocFpga/IP/ddr3_ctrl_v116/rtl/ddrphy/ips2l_ddrphy_rst_debounce_v1_0.vp(line number: 118)] Analyzing module ips2l_ddrphy_rst_debounce_v1_0 (library work)
Parsing done.
Executing : .rtl_analyze -include_path {F:/SocFpga/project} F:/SocFpga/IP/ddr3_ctrl_v116/rtl/ddrphy/ips2l_ddrphy_rst_debounce_v1_0.vp successfully.
Executing : .rtl_analyze -include_path {F:/SocFpga/project} F:/SocFpga/IP/ddr3_ctrl_v116/rtl/ddrphy/ips2l_ddrphy_rst_clk_phase_adj_v1_14.vp
I: Verilog-0001: Analyzing file F:/SocFpga/IP/ddr3_ctrl_v116/rtl/ddrphy/ips2l_ddrphy_rst_clk_phase_adj_v1_14.vp
I: Verilog-0002: [F:/SocFpga/IP/ddr3_ctrl_v116/rtl/ddrphy/ips2l_ddrphy_rst_clk_phase_adj_v1_14.vp(line number: 205)] Analyzing module ips2l_ddrphy_rst_clk_phase_adj_v1_14 (library work)
Parsing done.
Executing : .rtl_analyze -include_path {F:/SocFpga/project} F:/SocFpga/IP/ddr3_ctrl_v116/rtl/ddrphy/ips2l_ddrphy_rst_clk_phase_adj_v1_14.vp successfully.
Executing : .rtl_analyze -include_path {F:/SocFpga/project} F:/SocFpga/IP/ddr3_ctrl_v116/rtl/ddrphy/ips2l_ddrphy_check_ppll_out_sync_point_v1_14.vp
I: Verilog-0001: Analyzing file F:/SocFpga/IP/ddr3_ctrl_v116/rtl/ddrphy/ips2l_ddrphy_check_ppll_out_sync_point_v1_14.vp
I: Verilog-0002: [F:/SocFpga/IP/ddr3_ctrl_v116/rtl/ddrphy/ips2l_ddrphy_check_ppll_out_sync_point_v1_14.vp(line number: 277)] Analyzing module ips2l_ddrphy_check_ppll_out_sync_point_v1_14 (library work)
Parsing done.
Executing : .rtl_analyze -include_path {F:/SocFpga/project} F:/SocFpga/IP/ddr3_ctrl_v116/rtl/ddrphy/ips2l_ddrphy_check_ppll_out_sync_point_v1_14.vp successfully.
Executing : .rtl_analyze -include_path {F:/SocFpga/project} F:/SocFpga/IP/ddr3_ctrl_v116/rtl/pll/ips2l_ddrphy_gpll_v1_3.v
I: Verilog-0001: Analyzing file F:/SocFpga/IP/ddr3_ctrl_v116/rtl/pll/ips2l_ddrphy_gpll_v1_3.v
I: Verilog-0002: [F:/SocFpga/IP/ddr3_ctrl_v116/rtl/pll/ips2l_ddrphy_gpll_v1_3.v(line number: 10)] Analyzing module ips2l_ddrphy_gpll_v1_3 (library work)
W: Verilog-2006: [F:/SocFpga/IP/ddr3_ctrl_v116/rtl/pll/ips2l_ddrphy_gpll_v1_3.v(line number: 37)] Ansi_parameter force parameter in body to localparam
W: Verilog-2006: [F:/SocFpga/IP/ddr3_ctrl_v116/rtl/pll/ips2l_ddrphy_gpll_v1_3.v(line number: 38)] Ansi_parameter force parameter in body to localparam
W: Verilog-2006: [F:/SocFpga/IP/ddr3_ctrl_v116/rtl/pll/ips2l_ddrphy_gpll_v1_3.v(line number: 39)] Ansi_parameter force parameter in body to localparam
W: Verilog-2006: [F:/SocFpga/IP/ddr3_ctrl_v116/rtl/pll/ips2l_ddrphy_gpll_v1_3.v(line number: 40)] Ansi_parameter force parameter in body to localparam
W: Verilog-2006: [F:/SocFpga/IP/ddr3_ctrl_v116/rtl/pll/ips2l_ddrphy_gpll_v1_3.v(line number: 41)] Ansi_parameter force parameter in body to localparam
Parsing done.
Executing : .rtl_analyze -include_path {F:/SocFpga/project} F:/SocFpga/IP/ddr3_ctrl_v116/rtl/pll/ips2l_ddrphy_gpll_v1_3.v successfully.
Executing : .rtl_analyze -include_path {F:/SocFpga/project} F:/SocFpga/IP/ddr3_ctrl_v116/rtl/pll/ips2l_ddrphy_ppll_v1_0.v
I: Verilog-0001: Analyzing file F:/SocFpga/IP/ddr3_ctrl_v116/rtl/pll/ips2l_ddrphy_ppll_v1_0.v
I: Verilog-0002: [F:/SocFpga/IP/ddr3_ctrl_v116/rtl/pll/ips2l_ddrphy_ppll_v1_0.v(line number: 10)] Analyzing module ips2l_ddrphy_ppll_v1_0 (library work)
W: Verilog-2006: [F:/SocFpga/IP/ddr3_ctrl_v116/rtl/pll/ips2l_ddrphy_ppll_v1_0.v(line number: 29)] Ansi_parameter force parameter in body to localparam
W: Verilog-2006: [F:/SocFpga/IP/ddr3_ctrl_v116/rtl/pll/ips2l_ddrphy_ppll_v1_0.v(line number: 30)] Ansi_parameter force parameter in body to localparam
W: Verilog-2006: [F:/SocFpga/IP/ddr3_ctrl_v116/rtl/pll/ips2l_ddrphy_ppll_v1_0.v(line number: 31)] Ansi_parameter force parameter in body to localparam
W: Verilog-2006: [F:/SocFpga/IP/ddr3_ctrl_v116/rtl/pll/ips2l_ddrphy_ppll_v1_0.v(line number: 32)] Ansi_parameter force parameter in body to localparam
W: Verilog-2006: [F:/SocFpga/IP/ddr3_ctrl_v116/rtl/pll/ips2l_ddrphy_ppll_v1_0.v(line number: 33)] Ansi_parameter force parameter in body to localparam
Parsing done.
Executing : .rtl_analyze -include_path {F:/SocFpga/project} F:/SocFpga/IP/ddr3_ctrl_v116/rtl/pll/ips2l_ddrphy_ppll_v1_0.v successfully.
Executing : .rtl_analyze -include_path {F:/SocFpga/project} F:/SocFpga/IP/ddr3_ctrl_v116/rtl/mcdq/axi/ips2l_bresp_fifo_v1_5.vp
I: Verilog-0001: Analyzing file F:/SocFpga/IP/ddr3_ctrl_v116/rtl/mcdq/axi/ips2l_bresp_fifo_v1_5.vp
I: Verilog-0002: [F:/SocFpga/IP/ddr3_ctrl_v116/rtl/mcdq/axi/ips2l_bresp_fifo_v1_5.vp(line number: 204)] Analyzing module ips2l_bresp_fifo_v1_5 (library work)
Parsing done.
Executing : .rtl_analyze -include_path {F:/SocFpga/project} F:/SocFpga/IP/ddr3_ctrl_v116/rtl/mcdq/axi/ips2l_bresp_fifo_v1_5.vp successfully.
Executing : .rtl_analyze -include_path {F:/SocFpga/project} F:/SocFpga/IP/ddr3_ctrl_v116/rtl/mcdq/axi/ips2l_cmd_align_fifo_v1_5.vp
I: Verilog-0001: Analyzing file F:/SocFpga/IP/ddr3_ctrl_v116/rtl/mcdq/axi/ips2l_cmd_align_fifo_v1_5.vp
I: Verilog-0002: [F:/SocFpga/IP/ddr3_ctrl_v116/rtl/mcdq/axi/ips2l_cmd_align_fifo_v1_5.vp(line number: 207)] Analyzing module ips2l_cmd_align_fifo_v1_5 (library work)
Parsing done.
Executing : .rtl_analyze -include_path {F:/SocFpga/project} F:/SocFpga/IP/ddr3_ctrl_v116/rtl/mcdq/axi/ips2l_cmd_align_fifo_v1_5.vp successfully.
Executing : .rtl_analyze -include_path {F:/SocFpga/project} F:/SocFpga/IP/ddr3_ctrl_v116/rtl/mcdq/axi/ips2l_cmd_fifo_v1_5.vp
I: Verilog-0001: Analyzing file F:/SocFpga/IP/ddr3_ctrl_v116/rtl/mcdq/axi/ips2l_cmd_fifo_v1_5.vp
I: Verilog-0002: [F:/SocFpga/IP/ddr3_ctrl_v116/rtl/mcdq/axi/ips2l_cmd_fifo_v1_5.vp(line number: 207)] Analyzing module ips2l_cmd_fifo_v1_5 (library work)
Parsing done.
Executing : .rtl_analyze -include_path {F:/SocFpga/project} F:/SocFpga/IP/ddr3_ctrl_v116/rtl/mcdq/axi/ips2l_cmd_fifo_v1_5.vp successfully.
Executing : .rtl_analyze -include_path {F:/SocFpga/project} F:/SocFpga/IP/ddr3_ctrl_v116/rtl/mcdq/axi/ips2l_mcdq_axi_bresp_buf_v1_5.vp
I: Verilog-0001: Analyzing file F:/SocFpga/IP/ddr3_ctrl_v116/rtl/mcdq/axi/ips2l_mcdq_axi_bresp_buf_v1_5.vp
I: Verilog-0002: [F:/SocFpga/IP/ddr3_ctrl_v116/rtl/mcdq/axi/ips2l_mcdq_axi_bresp_buf_v1_5.vp(line number: 103)] Analyzing module ips2l_mcdq_axi_bresp_buf_v1_5 (library work)
Parsing done.
Executing : .rtl_analyze -include_path {F:/SocFpga/project} F:/SocFpga/IP/ddr3_ctrl_v116/rtl/mcdq/axi/ips2l_mcdq_axi_bresp_buf_v1_5.vp successfully.
Executing : .rtl_analyze -include_path {F:/SocFpga/project} F:/SocFpga/IP/ddr3_ctrl_v116/rtl/mcdq/axi/ips2l_mcdq_axi_buf_v1_5.vp
I: Verilog-0001: Analyzing file F:/SocFpga/IP/ddr3_ctrl_v116/rtl/mcdq/axi/ips2l_mcdq_axi_buf_v1_5.vp
I: Verilog-0002: [F:/SocFpga/IP/ddr3_ctrl_v116/rtl/mcdq/axi/ips2l_mcdq_axi_buf_v1_5.vp(line number: 202)] Analyzing module ips2l_mcdq_axi_buf_v1_5 (library work)
Parsing done.
Executing : .rtl_analyze -include_path {F:/SocFpga/project} F:/SocFpga/IP/ddr3_ctrl_v116/rtl/mcdq/axi/ips2l_mcdq_axi_buf_v1_5.vp successfully.
Executing : .rtl_analyze -include_path {F:/SocFpga/project} F:/SocFpga/IP/ddr3_ctrl_v116/rtl/mcdq/axi/ips2l_mcdq_axi_channel_v1_6.vp
I: Verilog-0001: Analyzing file F:/SocFpga/IP/ddr3_ctrl_v116/rtl/mcdq/axi/ips2l_mcdq_axi_channel_v1_6.vp
I: Verilog-0002: [F:/SocFpga/IP/ddr3_ctrl_v116/rtl/mcdq/axi/ips2l_mcdq_axi_channel_v1_6.vp(line number: 266)] Analyzing module ips2l_mcdq_axi_channel_v1_6 (library work)
W: Verilog-2006: [F:/SocFpga/IP/ddr3_ctrl_v116/rtl/mcdq/axi/ips2l_mcdq_axi_channel_v1_6.vp(line number: 330)] Ansi_parameter force parameter in body to localparam
W: Verilog-2006: [F:/SocFpga/IP/ddr3_ctrl_v116/rtl/mcdq/axi/ips2l_mcdq_axi_channel_v1_6.vp(line number: 331)] Ansi_parameter force parameter in body to localparam
Parsing done.
Executing : .rtl_analyze -include_path {F:/SocFpga/project} F:/SocFpga/IP/ddr3_ctrl_v116/rtl/mcdq/axi/ips2l_mcdq_axi_channel_v1_6.vp successfully.
Executing : .rtl_analyze -include_path {F:/SocFpga/project} F:/SocFpga/IP/ddr3_ctrl_v116/rtl/mcdq/axi/ips2l_mcdq_axi_cmd_arb_v1_5a.vp
I: Verilog-0001: Analyzing file F:/SocFpga/IP/ddr3_ctrl_v116/rtl/mcdq/axi/ips2l_mcdq_axi_cmd_arb_v1_5a.vp
I: Verilog-0002: [F:/SocFpga/IP/ddr3_ctrl_v116/rtl/mcdq/axi/ips2l_mcdq_axi_cmd_arb_v1_5a.vp(line number: 201)] Analyzing module ips2l_mcdq_axi_cmd_arb_v1_5a (library work)
Parsing done.
Executing : .rtl_analyze -include_path {F:/SocFpga/project} F:/SocFpga/IP/ddr3_ctrl_v116/rtl/mcdq/axi/ips2l_mcdq_axi_cmd_arb_v1_5a.vp successfully.
Executing : .rtl_analyze -include_path {F:/SocFpga/project} F:/SocFpga/IP/ddr3_ctrl_v116/rtl/mcdq/axi/ips2l_mcdq_axi_dec_v1_5.vp
I: Verilog-0001: Analyzing file F:/SocFpga/IP/ddr3_ctrl_v116/rtl/mcdq/axi/ips2l_mcdq_axi_dec_v1_5.vp
I: Verilog-0002: [F:/SocFpga/IP/ddr3_ctrl_v116/rtl/mcdq/axi/ips2l_mcdq_axi_dec_v1_5.vp(line number: 209)] Analyzing module ips2l_mcdq_axi_dec_v1_5 (library work)
Parsing done.
Executing : .rtl_analyze -include_path {F:/SocFpga/project} F:/SocFpga/IP/ddr3_ctrl_v116/rtl/mcdq/axi/ips2l_mcdq_axi_dec_v1_5.vp successfully.
Executing : .rtl_analyze -include_path {F:/SocFpga/project} F:/SocFpga/IP/ddr3_ctrl_v116/rtl/mcdq/axi/ips2l_mcdq_axi_mc_v1_6.vp
I: Verilog-0001: Analyzing file F:/SocFpga/IP/ddr3_ctrl_v116/rtl/mcdq/axi/ips2l_mcdq_axi_mc_v1_6.vp
I: Verilog-0002: [F:/SocFpga/IP/ddr3_ctrl_v116/rtl/mcdq/axi/ips2l_mcdq_axi_mc_v1_6.vp(line number: 312)] Analyzing module ips2l_mcdq_axi_mc_v1_6 (library work)
I: [F:/SocFpga/IP/ddr3_ctrl_v116/rtl/mcdq/axi/ips2l_mcdq_axi_mc_v1_6.vp(line number: 395)] Convert attribute name from syn_maxfan to PAP_MAX_FANOUT
W: Verilog-2006: [F:/SocFpga/IP/ddr3_ctrl_v116/rtl/mcdq/axi/ips2l_mcdq_axi_mc_v1_6.vp(line number: 380)] Ansi_parameter force parameter in body to localparam
W: Verilog-2006: [F:/SocFpga/IP/ddr3_ctrl_v116/rtl/mcdq/axi/ips2l_mcdq_axi_mc_v1_6.vp(line number: 381)] Ansi_parameter force parameter in body to localparam
Parsing done.
Executing : .rtl_analyze -include_path {F:/SocFpga/project} F:/SocFpga/IP/ddr3_ctrl_v116/rtl/mcdq/axi/ips2l_mcdq_axi_mc_v1_6.vp successfully.
Executing : .rtl_analyze -include_path {F:/SocFpga/project} F:/SocFpga/IP/ddr3_ctrl_v116/rtl/mcdq/axi/ips2l_mcdq_axi_rdata_align_v1_6.vp
I: Verilog-0001: Analyzing file F:/SocFpga/IP/ddr3_ctrl_v116/rtl/mcdq/axi/ips2l_mcdq_axi_rdata_align_v1_6.vp
I: Verilog-0002: [F:/SocFpga/IP/ddr3_ctrl_v116/rtl/mcdq/axi/ips2l_mcdq_axi_rdata_align_v1_6.vp(line number: 490)] Analyzing module ips2l_mcdq_axi_rdata_align_v1_6 (library work)
W: Verilog-2006: [F:/SocFpga/IP/ddr3_ctrl_v116/rtl/mcdq/axi/ips2l_mcdq_axi_rdata_align_v1_6.vp(line number: 521)] Ansi_parameter force parameter in body to localparam
W: Verilog-2006: [F:/SocFpga/IP/ddr3_ctrl_v116/rtl/mcdq/axi/ips2l_mcdq_axi_rdata_align_v1_6.vp(line number: 522)] Ansi_parameter force parameter in body to localparam
W: Verilog-2006: [F:/SocFpga/IP/ddr3_ctrl_v116/rtl/mcdq/axi/ips2l_mcdq_axi_rdata_align_v1_6.vp(line number: 523)] Ansi_parameter force parameter in body to localparam
Parsing done.
Executing : .rtl_analyze -include_path {F:/SocFpga/project} F:/SocFpga/IP/ddr3_ctrl_v116/rtl/mcdq/axi/ips2l_mcdq_axi_rdata_align_v1_6.vp successfully.
Executing : .rtl_analyze -include_path {F:/SocFpga/project} F:/SocFpga/IP/ddr3_ctrl_v116/rtl/mcdq/axi/ips2l_mcdq_axi_rdata_arrange_v1_5.vp
I: Verilog-0001: Analyzing file F:/SocFpga/IP/ddr3_ctrl_v116/rtl/mcdq/axi/ips2l_mcdq_axi_rdata_arrange_v1_5.vp
I: Verilog-0002: [F:/SocFpga/IP/ddr3_ctrl_v116/rtl/mcdq/axi/ips2l_mcdq_axi_rdata_arrange_v1_5.vp(line number: 332)] Analyzing module ips2l_mcdq_axi_rdata_arrange_v1_5 (library work)
I: [F:/SocFpga/IP/ddr3_ctrl_v116/rtl/mcdq/axi/ips2l_mcdq_axi_rdata_arrange_v1_5.vp(line number: 380)] Convert attribute name from syn_maxfan to PAP_MAX_FANOUT
W: Verilog-2006: [F:/SocFpga/IP/ddr3_ctrl_v116/rtl/mcdq/axi/ips2l_mcdq_axi_rdata_arrange_v1_5.vp(line number: 355)] Ansi_parameter force parameter in body to localparam
W: Verilog-2006: [F:/SocFpga/IP/ddr3_ctrl_v116/rtl/mcdq/axi/ips2l_mcdq_axi_rdata_arrange_v1_5.vp(line number: 360)] Ansi_parameter force parameter in body to localparam
Parsing done.
Executing : .rtl_analyze -include_path {F:/SocFpga/project} F:/SocFpga/IP/ddr3_ctrl_v116/rtl/mcdq/axi/ips2l_mcdq_axi_rdata_arrange_v1_5.vp successfully.
Executing : .rtl_analyze -include_path {F:/SocFpga/project} F:/SocFpga/IP/ddr3_ctrl_v116/rtl/mcdq/axi/ips2l_mcdq_axi_wdata_align_v1_5.vp
I: Verilog-0001: Analyzing file F:/SocFpga/IP/ddr3_ctrl_v116/rtl/mcdq/axi/ips2l_mcdq_axi_wdata_align_v1_5.vp
I: Verilog-0002: [F:/SocFpga/IP/ddr3_ctrl_v116/rtl/mcdq/axi/ips2l_mcdq_axi_wdata_align_v1_5.vp(line number: 662)] Analyzing module ips2l_mcdq_axi_wdata_align_v1_5 (library work)
I: [F:/SocFpga/IP/ddr3_ctrl_v116/rtl/mcdq/axi/ips2l_mcdq_axi_wdata_align_v1_5.vp(line number: 727)] Convert attribute name from syn_maxfan to PAP_MAX_FANOUT
I: [F:/SocFpga/IP/ddr3_ctrl_v116/rtl/mcdq/axi/ips2l_mcdq_axi_wdata_align_v1_5.vp(line number: 732)] Convert attribute name from syn_maxfan to PAP_MAX_FANOUT
W: Verilog-2006: [F:/SocFpga/IP/ddr3_ctrl_v116/rtl/mcdq/axi/ips2l_mcdq_axi_wdata_align_v1_5.vp(line number: 694)] Ansi_parameter force parameter in body to localparam
W: Verilog-2006: [F:/SocFpga/IP/ddr3_ctrl_v116/rtl/mcdq/axi/ips2l_mcdq_axi_wdata_align_v1_5.vp(line number: 695)] Ansi_parameter force parameter in body to localparam
W: Verilog-2006: [F:/SocFpga/IP/ddr3_ctrl_v116/rtl/mcdq/axi/ips2l_mcdq_axi_wdata_align_v1_5.vp(line number: 696)] Ansi_parameter force parameter in body to localparam
Parsing done.
Executing : .rtl_analyze -include_path {F:/SocFpga/project} F:/SocFpga/IP/ddr3_ctrl_v116/rtl/mcdq/axi/ips2l_mcdq_axi_wdata_align_v1_5.vp successfully.
Executing : .rtl_analyze -include_path {F:/SocFpga/project} F:/SocFpga/IP/ddr3_ctrl_v116/rtl/mcdq/axi/ips2l_rddata_fifo_v1_5.vp
I: Verilog-0001: Analyzing file F:/SocFpga/IP/ddr3_ctrl_v116/rtl/mcdq/axi/ips2l_rddata_fifo_v1_5.vp
I: Verilog-0002: [F:/SocFpga/IP/ddr3_ctrl_v116/rtl/mcdq/axi/ips2l_rddata_fifo_v1_5.vp(line number: 216)] Analyzing module ips2l_rddata_fifo_v1_5 (library work)
I: [F:/SocFpga/IP/ddr3_ctrl_v116/rtl/mcdq/axi/ips2l_rddata_fifo_v1_5.vp(line number: 221)] Convert attribute name from syn_maxfan to PAP_MAX_FANOUT
I: [F:/SocFpga/IP/ddr3_ctrl_v116/rtl/mcdq/axi/ips2l_rddata_fifo_v1_5.vp(line number: 221)] Convert attribute name from syn_maxfan to PAP_MAX_FANOUT
Parsing done.
Executing : .rtl_analyze -include_path {F:/SocFpga/project} F:/SocFpga/IP/ddr3_ctrl_v116/rtl/mcdq/axi/ips2l_rddata_fifo_v1_5.vp successfully.
Executing : .rtl_analyze -include_path {F:/SocFpga/project} F:/SocFpga/IP/ddr3_ctrl_v116/rtl/mcdq/axi/ips2l_rdata_align_fifo_v1_5.vp
I: Verilog-0001: Analyzing file F:/SocFpga/IP/ddr3_ctrl_v116/rtl/mcdq/axi/ips2l_rdata_align_fifo_v1_5.vp
I: Verilog-0002: [F:/SocFpga/IP/ddr3_ctrl_v116/rtl/mcdq/axi/ips2l_rdata_align_fifo_v1_5.vp(line number: 257)] Analyzing module ips2l_rdata_align_fifo_v1_5 (library work)
Parsing done.
Executing : .rtl_analyze -include_path {F:/SocFpga/project} F:/SocFpga/IP/ddr3_ctrl_v116/rtl/mcdq/axi/ips2l_rdata_align_fifo_v1_5.vp successfully.
Executing : .rtl_analyze -include_path {F:/SocFpga/project} F:/SocFpga/IP/ddr3_ctrl_v116/rtl/mcdq/axi/ips2l_wdata_align_fifo_v1_5.vp
I: Verilog-0001: Analyzing file F:/SocFpga/IP/ddr3_ctrl_v116/rtl/mcdq/axi/ips2l_wdata_align_fifo_v1_5.vp
I: Verilog-0002: [F:/SocFpga/IP/ddr3_ctrl_v116/rtl/mcdq/axi/ips2l_wdata_align_fifo_v1_5.vp(line number: 303)] Analyzing module ips2l_wdata_align_fifo_v1_5 (library work)
I: [F:/SocFpga/IP/ddr3_ctrl_v116/rtl/mcdq/axi/ips2l_wdata_align_fifo_v1_5.vp(line number: 308)] Convert attribute name from syn_maxfan to PAP_MAX_FANOUT
I: [F:/SocFpga/IP/ddr3_ctrl_v116/rtl/mcdq/axi/ips2l_wdata_align_fifo_v1_5.vp(line number: 318)] Convert attribute name from syn_maxfan to PAP_MAX_FANOUT
Parsing done.
Executing : .rtl_analyze -include_path {F:/SocFpga/project} F:/SocFpga/IP/ddr3_ctrl_v116/rtl/mcdq/axi/ips2l_wdata_align_fifo_v1_5.vp successfully.
Executing : .rtl_analyze -include_path {F:/SocFpga/project} F:/SocFpga/IP/ddr3_ctrl_v116/rtl/mcdq/axi/ips2l_wdata_fifo_v1_5.vp
I: Verilog-0001: Analyzing file F:/SocFpga/IP/ddr3_ctrl_v116/rtl/mcdq/axi/ips2l_wdata_fifo_v1_5.vp
I: Verilog-0002: [F:/SocFpga/IP/ddr3_ctrl_v116/rtl/mcdq/axi/ips2l_wdata_fifo_v1_5.vp(line number: 307)] Analyzing module ips2l_wdata_fifo_v1_5 (library work)
I: [F:/SocFpga/IP/ddr3_ctrl_v116/rtl/mcdq/axi/ips2l_wdata_fifo_v1_5.vp(line number: 312)] Convert attribute name from syn_maxfan to PAP_MAX_FANOUT
I: [F:/SocFpga/IP/ddr3_ctrl_v116/rtl/mcdq/axi/ips2l_wdata_fifo_v1_5.vp(line number: 322)] Convert attribute name from syn_maxfan to PAP_MAX_FANOUT
Parsing done.
Executing : .rtl_analyze -include_path {F:/SocFpga/project} F:/SocFpga/IP/ddr3_ctrl_v116/rtl/mcdq/axi/ips2l_wdata_fifo_v1_5.vp successfully.
Executing : .rtl_analyze -include_path {F:/SocFpga/project} F:/SocFpga/IP/ddr3_ctrl_v116/rtl/mcdq/axi/ips2l_mcdq_ui_axi_v1_5a.vp
I: Verilog-0001: Analyzing file F:/SocFpga/IP/ddr3_ctrl_v116/rtl/mcdq/axi/ips2l_mcdq_ui_axi_v1_5a.vp
I: Verilog-0002: [F:/SocFpga/IP/ddr3_ctrl_v116/rtl/mcdq/axi/ips2l_mcdq_ui_axi_v1_5a.vp(line number: 305)] Analyzing module ips2l_mcdq_ui_axi_v1_5a (library work)
Parsing done.
Executing : .rtl_analyze -include_path {F:/SocFpga/project} F:/SocFpga/IP/ddr3_ctrl_v116/rtl/mcdq/axi/ips2l_mcdq_ui_axi_v1_5a.vp successfully.
Executing : .rtl_analyze -include_path {F:/SocFpga/project} F:/SocFpga/IP/ddr3_ctrl_v116/rtl/mcdq/axi/ips2l_mcdq_reg_fifo2_v1_5.vp
I: Verilog-0001: Analyzing file F:/SocFpga/IP/ddr3_ctrl_v116/rtl/mcdq/axi/ips2l_mcdq_reg_fifo2_v1_5.vp
I: Verilog-0002: [F:/SocFpga/IP/ddr3_ctrl_v116/rtl/mcdq/axi/ips2l_mcdq_reg_fifo2_v1_5.vp(line number: 113)] Analyzing module ips2l_mcdq_reg_fifo2_v1_5 (library work)
I: [F:/SocFpga/IP/ddr3_ctrl_v116/rtl/mcdq/axi/ips2l_mcdq_reg_fifo2_v1_5.vp(line number: 133)] Convert attribute name from syn_maxfan to PAP_MAX_FANOUT
I: [F:/SocFpga/IP/ddr3_ctrl_v116/rtl/mcdq/axi/ips2l_mcdq_reg_fifo2_v1_5.vp(line number: 134)] Convert attribute name from syn_maxfan to PAP_MAX_FANOUT
Parsing done.
Executing : .rtl_analyze -include_path {F:/SocFpga/project} F:/SocFpga/IP/ddr3_ctrl_v116/rtl/mcdq/axi/ips2l_mcdq_reg_fifo2_v1_5.vp successfully.
Executing : .rtl_analyze -include_path {F:/SocFpga/project} F:/SocFpga/IP/ddr3_ctrl_v116/rtl/mcdq/distributed_fifo/ips2l_distributed_fifo_v1_0.vp
I: Verilog-0001: Analyzing file F:/SocFpga/IP/ddr3_ctrl_v116/rtl/mcdq/distributed_fifo/ips2l_distributed_fifo_v1_0.vp
I: Verilog-0002: [F:/SocFpga/IP/ddr3_ctrl_v116/rtl/mcdq/distributed_fifo/ips2l_distributed_fifo_v1_0.vp(line number: 164)] Analyzing module ips2l_distributed_fifo_v1_0 (library work)
Parsing done.
Executing : .rtl_analyze -include_path {F:/SocFpga/project} F:/SocFpga/IP/ddr3_ctrl_v116/rtl/mcdq/distributed_fifo/ips2l_distributed_fifo_v1_0.vp successfully.
Executing : .rtl_analyze -include_path {F:/SocFpga/project} F:/SocFpga/IP/ddr3_ctrl_v116/rtl/mcdq/distributed_fifo/rtl/ips2l_distributed_fifo_ctr_v1_0.vp
I: Verilog-0001: Analyzing file F:/SocFpga/IP/ddr3_ctrl_v116/rtl/mcdq/distributed_fifo/rtl/ips2l_distributed_fifo_ctr_v1_0.vp
I: Verilog-0002: [F:/SocFpga/IP/ddr3_ctrl_v116/rtl/mcdq/distributed_fifo/rtl/ips2l_distributed_fifo_ctr_v1_0.vp(line number: 303)] Analyzing module ips2l_distributed_fifo_ctr_v1_0 (library work)
Parsing done.
Executing : .rtl_analyze -include_path {F:/SocFpga/project} F:/SocFpga/IP/ddr3_ctrl_v116/rtl/mcdq/distributed_fifo/rtl/ips2l_distributed_fifo_ctr_v1_0.vp successfully.
Executing : .rtl_analyze -include_path {F:/SocFpga/project} F:/SocFpga/IP/ddr3_ctrl_v116/rtl/mcdq/distributed_fifo/rtl/ips2l_distributed_fifo_v1_0_distributed_fifo_v1_0.vp
I: Verilog-0001: Analyzing file F:/SocFpga/IP/ddr3_ctrl_v116/rtl/mcdq/distributed_fifo/rtl/ips2l_distributed_fifo_v1_0_distributed_fifo_v1_0.vp
I: Verilog-0002: [F:/SocFpga/IP/ddr3_ctrl_v116/rtl/mcdq/distributed_fifo/rtl/ips2l_distributed_fifo_v1_0_distributed_fifo_v1_0.vp(line number: 164)] Analyzing module ips2l_distributed_fifo_v1_0_distributed_fifo_v1_0 (library work)
Parsing done.
Executing : .rtl_analyze -include_path {F:/SocFpga/project} F:/SocFpga/IP/ddr3_ctrl_v116/rtl/mcdq/distributed_fifo/rtl/ips2l_distributed_fifo_v1_0_distributed_fifo_v1_0.vp successfully.
Executing : .rtl_analyze -include_path {F:/SocFpga/project} F:/SocFpga/IP/ddr3_ctrl_v116/rtl/mcdq/distributed_fifo/rtl/ips2l_distributed_sdpram_v1_0_distributed_fifo_v1_0.vp
I: Verilog-0001: Analyzing file F:/SocFpga/IP/ddr3_ctrl_v116/rtl/mcdq/distributed_fifo/rtl/ips2l_distributed_sdpram_v1_0_distributed_fifo_v1_0.vp
I: Verilog-0002: [F:/SocFpga/IP/ddr3_ctrl_v116/rtl/mcdq/distributed_fifo/rtl/ips2l_distributed_sdpram_v1_0_distributed_fifo_v1_0.vp(line number: 154)] Analyzing module ips2l_distributed_sdpram_v1_0_distributed_fifo_v1_0 (library work)
I: [F:/SocFpga/IP/ddr3_ctrl_v116/rtl/mcdq/distributed_fifo/rtl/ips2l_distributed_sdpram_v1_0_distributed_fifo_v1_0.vp(line number: 163)] Convert attribute name from syn_ramstyle to PAP_RAM_STYLE
Parsing done.
Executing : .rtl_analyze -include_path {F:/SocFpga/project} F:/SocFpga/IP/ddr3_ctrl_v116/rtl/mcdq/distributed_fifo/rtl/ips2l_distributed_sdpram_v1_0_distributed_fifo_v1_0.vp successfully.
Executing : .rtl_analyze -include_path {F:/SocFpga/project} F:/SocFpga/IP/ddr3_ctrl_v116/rtl/mcdq/mac/ips2l_mcdq_apb_cross_v1_5.vp
I: Verilog-0001: Analyzing file F:/SocFpga/IP/ddr3_ctrl_v116/rtl/mcdq/mac/ips2l_mcdq_apb_cross_v1_5.vp
I: Verilog-0002: [F:/SocFpga/IP/ddr3_ctrl_v116/rtl/mcdq/mac/ips2l_mcdq_apb_cross_v1_5.vp(line number: 179)] Analyzing module ips2l_mcdq_apb_cross_v1_5 (library work)
Parsing done.
Executing : .rtl_analyze -include_path {F:/SocFpga/project} F:/SocFpga/IP/ddr3_ctrl_v116/rtl/mcdq/mac/ips2l_mcdq_apb_cross_v1_5.vp successfully.
Executing : .rtl_analyze -include_path {F:/SocFpga/project} F:/SocFpga/IP/ddr3_ctrl_v116/rtl/mcdq/mac/ips2l_mcdq_calib_delay_v1_5.vp
I: Verilog-0001: Analyzing file F:/SocFpga/IP/ddr3_ctrl_v116/rtl/mcdq/mac/ips2l_mcdq_calib_delay_v1_5.vp
I: Verilog-0002: [F:/SocFpga/IP/ddr3_ctrl_v116/rtl/mcdq/mac/ips2l_mcdq_calib_delay_v1_5.vp(line number: 135)] Analyzing module ips2l_mcdq_calib_delay_v1_5 (library work)
Parsing done.
Executing : .rtl_analyze -include_path {F:/SocFpga/project} F:/SocFpga/IP/ddr3_ctrl_v116/rtl/mcdq/mac/ips2l_mcdq_calib_delay_v1_5.vp successfully.
Executing : .rtl_analyze -include_path {F:/SocFpga/project} F:/SocFpga/IP/ddr3_ctrl_v116/rtl/mcdq/mac/ips2l_mcdq_cfg_apb_v1_5a.vp
I: Verilog-0001: Analyzing file F:/SocFpga/IP/ddr3_ctrl_v116/rtl/mcdq/mac/ips2l_mcdq_cfg_apb_v1_5a.vp
I: Verilog-0002: [F:/SocFpga/IP/ddr3_ctrl_v116/rtl/mcdq/mac/ips2l_mcdq_cfg_apb_v1_5a.vp(line number: 748)] Analyzing module ips2l_mcdq_cfg_apb_v1_5a (library work)
Parsing done.
Executing : .rtl_analyze -include_path {F:/SocFpga/project} F:/SocFpga/IP/ddr3_ctrl_v116/rtl/mcdq/mac/ips2l_mcdq_cfg_apb_v1_5a.vp successfully.
Executing : .rtl_analyze -include_path {F:/SocFpga/project} F:/SocFpga/IP/ddr3_ctrl_v116/rtl/mcdq/mac/ips2l_mcdq_dcd_bm_v1_6.vp
I: Verilog-0001: Analyzing file F:/SocFpga/IP/ddr3_ctrl_v116/rtl/mcdq/mac/ips2l_mcdq_dcd_bm_v1_6.vp
I: Verilog-0002: [F:/SocFpga/IP/ddr3_ctrl_v116/rtl/mcdq/mac/ips2l_mcdq_dcd_bm_v1_6.vp(line number: 284)] Analyzing module ips2l_mcdq_dcd_bm_v1_6 (library work)
Parsing done.
Executing : .rtl_analyze -include_path {F:/SocFpga/project} F:/SocFpga/IP/ddr3_ctrl_v116/rtl/mcdq/mac/ips2l_mcdq_dcd_bm_v1_6.vp successfully.
Executing : .rtl_analyze -include_path {F:/SocFpga/project} F:/SocFpga/IP/ddr3_ctrl_v116/rtl/mcdq/mac/ips2l_mcdq_dcd_rowaddr_v1_5.vp
I: Verilog-0001: Analyzing file F:/SocFpga/IP/ddr3_ctrl_v116/rtl/mcdq/mac/ips2l_mcdq_dcd_rowaddr_v1_5.vp
I: Verilog-0002: [F:/SocFpga/IP/ddr3_ctrl_v116/rtl/mcdq/mac/ips2l_mcdq_dcd_rowaddr_v1_5.vp(line number: 110)] Analyzing module ips2l_mcdq_dcd_rowaddr_v1_5 (library work)
Parsing done.
Executing : .rtl_analyze -include_path {F:/SocFpga/project} F:/SocFpga/IP/ddr3_ctrl_v116/rtl/mcdq/mac/ips2l_mcdq_dcd_rowaddr_v1_5.vp successfully.
Executing : .rtl_analyze -include_path {F:/SocFpga/project} F:/SocFpga/IP/ddr3_ctrl_v116/rtl/mcdq/mac/ips2l_mcdq_dcd_sm_v1_6.vp
I: Verilog-0001: Analyzing file F:/SocFpga/IP/ddr3_ctrl_v116/rtl/mcdq/mac/ips2l_mcdq_dcd_sm_v1_6.vp
I: Verilog-0002: [F:/SocFpga/IP/ddr3_ctrl_v116/rtl/mcdq/mac/ips2l_mcdq_dcd_sm_v1_6.vp(line number: 244)] Analyzing module ips2l_mcdq_dcd_sm_v1_6 (library work)
Parsing done.
Executing : .rtl_analyze -include_path {F:/SocFpga/project} F:/SocFpga/IP/ddr3_ctrl_v116/rtl/mcdq/mac/ips2l_mcdq_dcd_sm_v1_6.vp successfully.
Executing : .rtl_analyze -include_path {F:/SocFpga/project} F:/SocFpga/IP/ddr3_ctrl_v116/rtl/mcdq/mac/ips2l_mcdq_dcd_top_v1_8.vp
I: Verilog-0001: Analyzing file F:/SocFpga/IP/ddr3_ctrl_v116/rtl/mcdq/mac/ips2l_mcdq_dcd_top_v1_8.vp
I: Verilog-0002: [F:/SocFpga/IP/ddr3_ctrl_v116/rtl/mcdq/mac/ips2l_mcdq_dcd_top_v1_8.vp(line number: 209)] Analyzing module ips2l_mcdq_dcd_top_v1_8 (library work)
Parsing done.
Executing : .rtl_analyze -include_path {F:/SocFpga/project} F:/SocFpga/IP/ddr3_ctrl_v116/rtl/mcdq/mac/ips2l_mcdq_dcd_top_v1_8.vp successfully.
Executing : .rtl_analyze -include_path {F:/SocFpga/project} F:/SocFpga/IP/ddr3_ctrl_v116/rtl/mcdq/mac/ips2l_mcdq_dcp_back_ctrl_v1_6.vp
I: Verilog-0001: Analyzing file F:/SocFpga/IP/ddr3_ctrl_v116/rtl/mcdq/mac/ips2l_mcdq_dcp_back_ctrl_v1_6.vp
I: Verilog-0002: [F:/SocFpga/IP/ddr3_ctrl_v116/rtl/mcdq/mac/ips2l_mcdq_dcp_back_ctrl_v1_6.vp(line number: 682)] Analyzing module ips2l_mcdq_dcp_back_ctrl_v1_6 (library work)
I: [F:/SocFpga/IP/ddr3_ctrl_v116/rtl/mcdq/mac/ips2l_mcdq_dcp_back_ctrl_v1_6.vp(line number: 874)] Convert attribute name from syn_maxfan to PAP_MAX_FANOUT
Parsing done.
Executing : .rtl_analyze -include_path {F:/SocFpga/project} F:/SocFpga/IP/ddr3_ctrl_v116/rtl/mcdq/mac/ips2l_mcdq_dcp_back_ctrl_v1_6.vp successfully.
Executing : .rtl_analyze -include_path {F:/SocFpga/project} F:/SocFpga/IP/ddr3_ctrl_v116/rtl/mcdq/mac/ips2l_mcdq_dcp_buf_v1_8b.vp
I: Verilog-0001: Analyzing file F:/SocFpga/IP/ddr3_ctrl_v116/rtl/mcdq/mac/ips2l_mcdq_dcp_buf_v1_8b.vp
I: Verilog-0002: [F:/SocFpga/IP/ddr3_ctrl_v116/rtl/mcdq/mac/ips2l_mcdq_dcp_buf_v1_8b.vp(line number: 332)] Analyzing module ips2l_mcdq_dcp_buf_v1_8b (library work)
Parsing done.
Executing : .rtl_analyze -include_path {F:/SocFpga/project} F:/SocFpga/IP/ddr3_ctrl_v116/rtl/mcdq/mac/ips2l_mcdq_dcp_buf_v1_8b.vp successfully.
Executing : .rtl_analyze -include_path {F:/SocFpga/project} F:/SocFpga/IP/ddr3_ctrl_v116/rtl/mcdq/mac/ips2l_mcdq_dcp_out_v1_6.vp
I: Verilog-0001: Analyzing file F:/SocFpga/IP/ddr3_ctrl_v116/rtl/mcdq/mac/ips2l_mcdq_dcp_out_v1_6.vp
I: Verilog-0002: [F:/SocFpga/IP/ddr3_ctrl_v116/rtl/mcdq/mac/ips2l_mcdq_dcp_out_v1_6.vp(line number: 244)] Analyzing module ips2l_mcdq_dcp_out_v1_6 (library work)
Parsing done.
Executing : .rtl_analyze -include_path {F:/SocFpga/project} F:/SocFpga/IP/ddr3_ctrl_v116/rtl/mcdq/mac/ips2l_mcdq_dcp_out_v1_6.vp successfully.
Executing : .rtl_analyze -include_path {F:/SocFpga/project} F:/SocFpga/IP/ddr3_ctrl_v116/rtl/mcdq/mac/ips2l_mcdq_dcp_top_v1_8b.vp
I: Verilog-0001: Analyzing file F:/SocFpga/IP/ddr3_ctrl_v116/rtl/mcdq/mac/ips2l_mcdq_dcp_top_v1_8b.vp
I: Verilog-0002: [F:/SocFpga/IP/ddr3_ctrl_v116/rtl/mcdq/mac/ips2l_mcdq_dcp_top_v1_8b.vp(line number: 363)] Analyzing module ips2l_mcdq_dcp_top_v1_8b (library work)
Parsing done.
Executing : .rtl_analyze -include_path {F:/SocFpga/project} F:/SocFpga/IP/ddr3_ctrl_v116/rtl/mcdq/mac/ips2l_mcdq_dcp_top_v1_8b.vp successfully.
Executing : .rtl_analyze -include_path {F:/SocFpga/project} F:/SocFpga/IP/ddr3_ctrl_v116/rtl/mcdq/mac/ips2l_mcdq_dfi_v1_7a.vp
I: Verilog-0001: Analyzing file F:/SocFpga/IP/ddr3_ctrl_v116/rtl/mcdq/mac/ips2l_mcdq_dfi_v1_7a.vp
I: Verilog-0002: [F:/SocFpga/IP/ddr3_ctrl_v116/rtl/mcdq/mac/ips2l_mcdq_dfi_v1_7a.vp(line number: 740)] Analyzing module ips2l_mcdq_dfi_v1_7a (library work)
Parsing done.
Executing : .rtl_analyze -include_path {F:/SocFpga/project} F:/SocFpga/IP/ddr3_ctrl_v116/rtl/mcdq/mac/ips2l_mcdq_dfi_v1_7a.vp successfully.
Executing : .rtl_analyze -include_path {F:/SocFpga/project} F:/SocFpga/IP/ddr3_ctrl_v116/rtl/mcdq/mac/ips2l_mcdq_lp_v1_5.vp
I: Verilog-0001: Analyzing file F:/SocFpga/IP/ddr3_ctrl_v116/rtl/mcdq/mac/ips2l_mcdq_lp_v1_5.vp
I: Verilog-0002: [F:/SocFpga/IP/ddr3_ctrl_v116/rtl/mcdq/mac/ips2l_mcdq_lp_v1_5.vp(line number: 349)] Analyzing module ips2l_mcdq_lp_v1_5 (library work)
Parsing done.
Executing : .rtl_analyze -include_path {F:/SocFpga/project} F:/SocFpga/IP/ddr3_ctrl_v116/rtl/mcdq/mac/ips2l_mcdq_lp_v1_5.vp successfully.
Executing : .rtl_analyze -include_path {F:/SocFpga/project} F:/SocFpga/IP/ddr3_ctrl_v116/rtl/mcdq/mac/ips2l_mcdq_mac_top_v1_8b.vp
I: Verilog-0001: Analyzing file F:/SocFpga/IP/ddr3_ctrl_v116/rtl/mcdq/mac/ips2l_mcdq_mac_top_v1_8b.vp
I: Verilog-0002: [F:/SocFpga/IP/ddr3_ctrl_v116/rtl/mcdq/mac/ips2l_mcdq_mac_top_v1_8b.vp(line number: 668)] Analyzing module ips2l_mcdq_mac_top_v1_8b (library work)
Parsing done.
Executing : .rtl_analyze -include_path {F:/SocFpga/project} F:/SocFpga/IP/ddr3_ctrl_v116/rtl/mcdq/mac/ips2l_mcdq_mac_top_v1_8b.vp successfully.
Executing : .rtl_analyze -include_path {F:/SocFpga/project} F:/SocFpga/IP/ddr3_ctrl_v116/rtl/mcdq/mac/ips2l_mcdq_mpr_v1_5.vp
I: Verilog-0001: Analyzing file F:/SocFpga/IP/ddr3_ctrl_v116/rtl/mcdq/mac/ips2l_mcdq_mpr_v1_5.vp
I: Verilog-0002: [F:/SocFpga/IP/ddr3_ctrl_v116/rtl/mcdq/mac/ips2l_mcdq_mpr_v1_5.vp(line number: 348)] Analyzing module ips2l_mcdq_mpr_v1_5 (library work)
Parsing done.
Executing : .rtl_analyze -include_path {F:/SocFpga/project} F:/SocFpga/IP/ddr3_ctrl_v116/rtl/mcdq/mac/ips2l_mcdq_mpr_v1_5.vp successfully.
Executing : .rtl_analyze -include_path {F:/SocFpga/project} F:/SocFpga/IP/ddr3_ctrl_v116/rtl/mcdq/mac/ips2l_mcdq_mrs_v1_5.vp
I: Verilog-0001: Analyzing file F:/SocFpga/IP/ddr3_ctrl_v116/rtl/mcdq/mac/ips2l_mcdq_mrs_v1_5.vp
I: Verilog-0002: [F:/SocFpga/IP/ddr3_ctrl_v116/rtl/mcdq/mac/ips2l_mcdq_mrs_v1_5.vp(line number: 390)] Analyzing module ips2l_mcdq_mrs_v1_5 (library work)
Parsing done.
Executing : .rtl_analyze -include_path {F:/SocFpga/project} F:/SocFpga/IP/ddr3_ctrl_v116/rtl/mcdq/mac/ips2l_mcdq_mrs_v1_5.vp successfully.
Executing : .rtl_analyze -include_path {F:/SocFpga/project} F:/SocFpga/IP/ddr3_ctrl_v116/rtl/mcdq/mac/ips2l_mcdq_prefetch_fifo_v1_5.vp
I: Verilog-0001: Analyzing file F:/SocFpga/IP/ddr3_ctrl_v116/rtl/mcdq/mac/ips2l_mcdq_prefetch_fifo_v1_5.vp
I: Verilog-0002: [F:/SocFpga/IP/ddr3_ctrl_v116/rtl/mcdq/mac/ips2l_mcdq_prefetch_fifo_v1_5.vp(line number: 129)] Analyzing module ips2l_mcdq_prefetch_fifo_v1_5 (library work)
Parsing done.
Executing : .rtl_analyze -include_path {F:/SocFpga/project} F:/SocFpga/IP/ddr3_ctrl_v116/rtl/mcdq/mac/ips2l_mcdq_prefetch_fifo_v1_5.vp successfully.
Executing : .rtl_analyze -include_path {F:/SocFpga/project} F:/SocFpga/IP/ddr3_ctrl_v116/rtl/mcdq/mac/ips2l_mcdq_rdatapath_v1_6.vp
I: Verilog-0001: Analyzing file F:/SocFpga/IP/ddr3_ctrl_v116/rtl/mcdq/mac/ips2l_mcdq_rdatapath_v1_6.vp
I: Verilog-0002: [F:/SocFpga/IP/ddr3_ctrl_v116/rtl/mcdq/mac/ips2l_mcdq_rdatapath_v1_6.vp(line number: 117)] Analyzing module ips2l_mcdq_rdatapath_v1_6 (library work)
Parsing done.
Executing : .rtl_analyze -include_path {F:/SocFpga/project} F:/SocFpga/IP/ddr3_ctrl_v116/rtl/mcdq/mac/ips2l_mcdq_rdatapath_v1_6.vp successfully.
Executing : .rtl_analyze -include_path {F:/SocFpga/project} F:/SocFpga/IP/ddr3_ctrl_v116/rtl/mcdq/mac/ips2l_mcdq_wdatapath_v1_8.vp
I: Verilog-0001: Analyzing file F:/SocFpga/IP/ddr3_ctrl_v116/rtl/mcdq/mac/ips2l_mcdq_wdatapath_v1_8.vp
I: Verilog-0002: [F:/SocFpga/IP/ddr3_ctrl_v116/rtl/mcdq/mac/ips2l_mcdq_wdatapath_v1_8.vp(line number: 207)] Analyzing module ips2l_mcdq_wdatapath_v1_8 (library work)
Parsing done.
Executing : .rtl_analyze -include_path {F:/SocFpga/project} F:/SocFpga/IP/ddr3_ctrl_v116/rtl/mcdq/mac/ips2l_mcdq_wdatapath_v1_8.vp successfully.
Executing : .rtl_analyze -include_path {F:/SocFpga/project} F:/SocFpga/IP/ddr3_ctrl_v116/rtl/mcdq/mac/ips2l_mcdq_wdp_align_v1_5.vp
I: Verilog-0001: Analyzing file F:/SocFpga/IP/ddr3_ctrl_v116/rtl/mcdq/mac/ips2l_mcdq_wdp_align_v1_5.vp
I: Verilog-0002: [F:/SocFpga/IP/ddr3_ctrl_v116/rtl/mcdq/mac/ips2l_mcdq_wdp_align_v1_5.vp(line number: 174)] Analyzing module ips2l_mcdq_wdp_align_v1_5 (library work)
Parsing done.
Executing : .rtl_analyze -include_path {F:/SocFpga/project} F:/SocFpga/IP/ddr3_ctrl_v116/rtl/mcdq/mac/ips2l_mcdq_wdp_align_v1_5.vp successfully.
Executing : .rtl_analyze -include_path {F:/SocFpga/project} F:/SocFpga/IP/ddr3_ctrl_v116/rtl/mcdq/mac/ips2l_mcdq_wdp_dcp_v1_6.vp
I: Verilog-0001: Analyzing file F:/SocFpga/IP/ddr3_ctrl_v116/rtl/mcdq/mac/ips2l_mcdq_wdp_dcp_v1_6.vp
I: Verilog-0002: [F:/SocFpga/IP/ddr3_ctrl_v116/rtl/mcdq/mac/ips2l_mcdq_wdp_dcp_v1_6.vp(line number: 167)] Analyzing module ips2l_mcdq_wdp_dcp_v1_6 (library work)
Parsing done.
Executing : .rtl_analyze -include_path {F:/SocFpga/project} F:/SocFpga/IP/ddr3_ctrl_v116/rtl/mcdq/mac/ips2l_mcdq_wdp_dcp_v1_6.vp successfully.
Executing : .rtl_analyze -include_path {F:/SocFpga/project} F:/SocFpga/IP/ddr3_ctrl_v116/rtl/mcdq/mac/syn_mod/ips2l_mcdq_com_timing_v1_5.vp
I: Verilog-0001: Analyzing file F:/SocFpga/IP/ddr3_ctrl_v116/rtl/mcdq/mac/syn_mod/ips2l_mcdq_com_timing_v1_5.vp
I: Verilog-0002: [F:/SocFpga/IP/ddr3_ctrl_v116/rtl/mcdq/mac/syn_mod/ips2l_mcdq_com_timing_v1_5.vp(line number: 136)] Analyzing module ips2l_mcdq_com_timing_v1_5 (library work)
Parsing done.
Executing : .rtl_analyze -include_path {F:/SocFpga/project} F:/SocFpga/IP/ddr3_ctrl_v116/rtl/mcdq/mac/syn_mod/ips2l_mcdq_com_timing_v1_5.vp successfully.
Executing : .rtl_analyze -include_path {F:/SocFpga/project} F:/SocFpga/IP/ddr3_ctrl_v116/rtl/mcdq/mac/syn_mod/ips2l_mcdq_tfaw_timing_v1_5.vp
I: Verilog-0001: Analyzing file F:/SocFpga/IP/ddr3_ctrl_v116/rtl/mcdq/mac/syn_mod/ips2l_mcdq_tfaw_timing_v1_5.vp
I: Verilog-0002: [F:/SocFpga/IP/ddr3_ctrl_v116/rtl/mcdq/mac/syn_mod/ips2l_mcdq_tfaw_timing_v1_5.vp(line number: 162)] Analyzing module ips2l_mcdq_tfaw_timing_v1_5 (library work)
Parsing done.
Executing : .rtl_analyze -include_path {F:/SocFpga/project} F:/SocFpga/IP/ddr3_ctrl_v116/rtl/mcdq/mac/syn_mod/ips2l_mcdq_tfaw_timing_v1_5.vp successfully.
Executing : .rtl_analyze -include_path {F:/SocFpga/project} F:/SocFpga/IP/ddr3_ctrl_v116/rtl/mcdq/mac/syn_mod/ips2l_mcdq_tfaw_v1_5.vp
I: Verilog-0001: Analyzing file F:/SocFpga/IP/ddr3_ctrl_v116/rtl/mcdq/mac/syn_mod/ips2l_mcdq_tfaw_v1_5.vp
I: Verilog-0002: [F:/SocFpga/IP/ddr3_ctrl_v116/rtl/mcdq/mac/syn_mod/ips2l_mcdq_tfaw_v1_5.vp(line number: 102)] Analyzing module ips2l_mcdq_tfaw_v1_5 (library work)
Parsing done.
Executing : .rtl_analyze -include_path {F:/SocFpga/project} F:/SocFpga/IP/ddr3_ctrl_v116/rtl/mcdq/mac/syn_mod/ips2l_mcdq_tfaw_v1_5.vp successfully.
Executing : .rtl_analyze -include_path {F:/SocFpga/project} F:/SocFpga/IP/ddr3_ctrl_v116/rtl/mcdq/mac/syn_mod/ips2l_mcdq_timing_act_pass_v1_5.vp
I: Verilog-0001: Analyzing file F:/SocFpga/IP/ddr3_ctrl_v116/rtl/mcdq/mac/syn_mod/ips2l_mcdq_timing_act_pass_v1_5.vp
I: Verilog-0002: [F:/SocFpga/IP/ddr3_ctrl_v116/rtl/mcdq/mac/syn_mod/ips2l_mcdq_timing_act_pass_v1_5.vp(line number: 126)] Analyzing module ips2l_mcdq_timing_act_pass_v1_5 (library work)
Parsing done.
Executing : .rtl_analyze -include_path {F:/SocFpga/project} F:/SocFpga/IP/ddr3_ctrl_v116/rtl/mcdq/mac/syn_mod/ips2l_mcdq_timing_act_pass_v1_5.vp successfully.
Executing : .rtl_analyze -include_path {F:/SocFpga/project} F:/SocFpga/IP/ddr3_ctrl_v116/rtl/mcdq/mac/syn_mod/ips2l_mcdq_timing_act2wr_pass_v1_5.vp
I: Verilog-0001: Analyzing file F:/SocFpga/IP/ddr3_ctrl_v116/rtl/mcdq/mac/syn_mod/ips2l_mcdq_timing_act2wr_pass_v1_5.vp
I: Verilog-0002: [F:/SocFpga/IP/ddr3_ctrl_v116/rtl/mcdq/mac/syn_mod/ips2l_mcdq_timing_act2wr_pass_v1_5.vp(line number: 149)] Analyzing module ips2l_mcdq_timing_act2wr_pass_v1_5 (library work)
Parsing done.
Executing : .rtl_analyze -include_path {F:/SocFpga/project} F:/SocFpga/IP/ddr3_ctrl_v116/rtl/mcdq/mac/syn_mod/ips2l_mcdq_timing_act2wr_pass_v1_5.vp successfully.
Executing : .rtl_analyze -include_path {F:/SocFpga/project} F:/SocFpga/IP/ddr3_ctrl_v116/rtl/mcdq/mac/syn_mod/ips2l_mcdq_timing_pre_pass_v1_5.vp
I: Verilog-0001: Analyzing file F:/SocFpga/IP/ddr3_ctrl_v116/rtl/mcdq/mac/syn_mod/ips2l_mcdq_timing_pre_pass_v1_5.vp
I: Verilog-0002: [F:/SocFpga/IP/ddr3_ctrl_v116/rtl/mcdq/mac/syn_mod/ips2l_mcdq_timing_pre_pass_v1_5.vp(line number: 182)] Analyzing module ips2l_mcdq_timing_pre_pass_v1_5 (library work)
Parsing done.
Executing : .rtl_analyze -include_path {F:/SocFpga/project} F:/SocFpga/IP/ddr3_ctrl_v116/rtl/mcdq/mac/syn_mod/ips2l_mcdq_timing_pre_pass_v1_5.vp successfully.
Executing : .rtl_analyze -include_path {F:/SocFpga/project} F:/SocFpga/IP/ddr3_ctrl_v116/rtl/mcdq/mac/syn_mod/ips2l_mcdq_timing_rd_pass_v1_5.vp
I: Verilog-0001: Analyzing file F:/SocFpga/IP/ddr3_ctrl_v116/rtl/mcdq/mac/syn_mod/ips2l_mcdq_timing_rd_pass_v1_5.vp
I: Verilog-0002: [F:/SocFpga/IP/ddr3_ctrl_v116/rtl/mcdq/mac/syn_mod/ips2l_mcdq_timing_rd_pass_v1_5.vp(line number: 162)] Analyzing module ips2l_mcdq_timing_rd_pass_v1_5 (library work)
Parsing done.
Executing : .rtl_analyze -include_path {F:/SocFpga/project} F:/SocFpga/IP/ddr3_ctrl_v116/rtl/mcdq/mac/syn_mod/ips2l_mcdq_timing_rd_pass_v1_5.vp successfully.
Executing : .rtl_analyze -include_path {F:/SocFpga/project} F:/SocFpga/IP/ddr3_ctrl_v116/rtl/mcdq/mac/syn_mod/ips2l_mcdq_timing_ref_pass_v1_5.vp
I: Verilog-0001: Analyzing file F:/SocFpga/IP/ddr3_ctrl_v116/rtl/mcdq/mac/syn_mod/ips2l_mcdq_timing_ref_pass_v1_5.vp
I: Verilog-0002: [F:/SocFpga/IP/ddr3_ctrl_v116/rtl/mcdq/mac/syn_mod/ips2l_mcdq_timing_ref_pass_v1_5.vp(line number: 124)] Analyzing module ips2l_mcdq_timing_ref_pass_v1_5 (library work)
Parsing done.
Executing : .rtl_analyze -include_path {F:/SocFpga/project} F:/SocFpga/IP/ddr3_ctrl_v116/rtl/mcdq/mac/syn_mod/ips2l_mcdq_timing_ref_pass_v1_5.vp successfully.
Executing : .rtl_analyze -include_path {F:/SocFpga/project} F:/SocFpga/IP/ddr3_ctrl_v116/rtl/mcdq/mac/syn_mod/ips2l_mcdq_timing_wr_pass_v1_5.vp
I: Verilog-0001: Analyzing file F:/SocFpga/IP/ddr3_ctrl_v116/rtl/mcdq/mac/syn_mod/ips2l_mcdq_timing_wr_pass_v1_5.vp
I: Verilog-0002: [F:/SocFpga/IP/ddr3_ctrl_v116/rtl/mcdq/mac/syn_mod/ips2l_mcdq_timing_wr_pass_v1_5.vp(line number: 161)] Analyzing module ips2l_mcdq_timing_wr_pass_v1_5 (library work)
Parsing done.
Executing : .rtl_analyze -include_path {F:/SocFpga/project} F:/SocFpga/IP/ddr3_ctrl_v116/rtl/mcdq/mac/syn_mod/ips2l_mcdq_timing_wr_pass_v1_5.vp successfully.
Executing : .rtl_analyze -include_path {F:/SocFpga/project} F:/SocFpga/IP/ddr3_ctrl_v116/rtl/mcdq/mac/syn_mod/ips2l_mcdq_trc_timing_v1_5.vp
I: Verilog-0001: Analyzing file F:/SocFpga/IP/ddr3_ctrl_v116/rtl/mcdq/mac/syn_mod/ips2l_mcdq_trc_timing_v1_5.vp
I: Verilog-0002: [F:/SocFpga/IP/ddr3_ctrl_v116/rtl/mcdq/mac/syn_mod/ips2l_mcdq_trc_timing_v1_5.vp(line number: 183)] Analyzing module ips2l_mcdq_trc_timing_v1_5 (library work)
Parsing done.
Executing : .rtl_analyze -include_path {F:/SocFpga/project} F:/SocFpga/IP/ddr3_ctrl_v116/rtl/mcdq/mac/syn_mod/ips2l_mcdq_trc_timing_v1_5.vp successfully.
Executing : .rtl_analyze -include_path {F:/SocFpga/project} F:/SocFpga/IP/ddr3_ctrl_v116/ddr3_ctrl_v116.v
I: Verilog-0001: Analyzing file F:/SocFpga/IP/ddr3_ctrl_v116/ddr3_ctrl_v116.v
I: Found Verilog include file F:/SocFpga/IP/ddr3_ctrl_v116/define.vh
I: Verilog-0002: [F:/SocFpga/IP/ddr3_ctrl_v116/ddr3_ctrl_v116.v(line number: 13)] Analyzing module ddr3_ctrl_v116 (library work)
Parsing done.
Executing : .rtl_analyze -include_path {F:/SocFpga/project} F:/SocFpga/IP/ddr3_ctrl_v116/ddr3_ctrl_v116.v successfully.
Executing : .rtl_analyze -include_path {F:/SocFpga/project} F:/SocFpga/IP/ddr3_ctrl_v116/ddr3_ctrl_v116_ddrphy_top.v
I: Verilog-0001: Analyzing file F:/SocFpga/IP/ddr3_ctrl_v116/ddr3_ctrl_v116_ddrphy_top.v
I: Found Verilog include file F:/SocFpga/IP/ddr3_ctrl_v116/define.vh
W: Public-4030: File 'F:/SocFpga/IP/ddr3_ctrl_v116/define.vh' has been added. It is skipped.
I: Verilog-0002: [F:/SocFpga/IP/ddr3_ctrl_v116/ddr3_ctrl_v116_ddrphy_top.v(line number: 13)] Analyzing module ddr3_ctrl_v116_ddrphy_top (library work)
Parsing done.
Executing : .rtl_analyze -include_path {F:/SocFpga/project} F:/SocFpga/IP/ddr3_ctrl_v116/ddr3_ctrl_v116_ddrphy_top.v successfully.
Executing : .rtl_analyze -include_path {F:/SocFpga/project} F:/SocFpga/IP/ddr3_ctrl_v116/rtl/mcdq/ips2l_mcdq_wrapper_v1_9.vp
I: Verilog-0001: Analyzing file F:/SocFpga/IP/ddr3_ctrl_v116/rtl/mcdq/ips2l_mcdq_wrapper_v1_9.vp
I: Found Verilog include file F:/SocFpga/IP/ddr3_ctrl_v116/define.vh
W: Public-4030: File 'F:/SocFpga/IP/ddr3_ctrl_v116/define.vh' has been added. It is skipped.
I: Verilog-0002: [F:/SocFpga/IP/ddr3_ctrl_v116/rtl/mcdq/ips2l_mcdq_wrapper_v1_9.vp(line number: 432)] Analyzing module ips2l_mcdq_wrapper_v1_9 (library work)
Parsing done.
Executing : .rtl_analyze -include_path {F:/SocFpga/project} F:/SocFpga/IP/ddr3_ctrl_v116/rtl/mcdq/ips2l_mcdq_wrapper_v1_9.vp successfully.
Executing : .rtl_analyze -include_path {F:/SocFpga/project} F:/SocFpga/IP/ddr3_ctrl_v116/rtl/ddrphy/ips2l_ddrphy_slice_top_v1_16.vp
I: Verilog-0001: Analyzing file F:/SocFpga/IP/ddr3_ctrl_v116/rtl/ddrphy/ips2l_ddrphy_slice_top_v1_16.vp
I: Found Verilog include file F:/SocFpga/IP/ddr3_ctrl_v116/define.vh
W: Public-4030: File 'F:/SocFpga/IP/ddr3_ctrl_v116/define.vh' has been added. It is skipped.
I: Verilog-0002: [F:/SocFpga/IP/ddr3_ctrl_v116/rtl/ddrphy/ips2l_ddrphy_slice_top_v1_16.vp(line number: 1381)] Analyzing module ips2l_ddrphy_slice_top_v1_16 (library work)
I: Found Verilog include file F:/SocFpga/IP/ddr3_ctrl_v116/rtl/ddrphy/localparam.vh
Parsing done.
Executing : .rtl_analyze -include_path {F:/SocFpga/project} F:/SocFpga/IP/ddr3_ctrl_v116/rtl/ddrphy/ips2l_ddrphy_slice_top_v1_16.vp successfully.
Executing : .rtl_analyze -include_path {F:/SocFpga/project} F:/SocFpga/IP/TagvRAM/rtl/ipm2l_spram_v1_8_TagvRAM.v
I: Verilog-0001: Analyzing file F:/SocFpga/IP/TagvRAM/rtl/ipm2l_spram_v1_8_TagvRAM.v
I: Verilog-0002: [F:/SocFpga/IP/TagvRAM/rtl/ipm2l_spram_v1_8_TagvRAM.v(line number: 17)] Analyzing module ipm2l_spram_v1_8_TagvRAM (library work)
W: Verilog-2008: [F:/SocFpga/IP/TagvRAM/rtl/ipm2l_spram_v1_8_TagvRAM.v(line number: 122)] Ignore 'system task' $display
W: Verilog-2008: [F:/SocFpga/IP/TagvRAM/rtl/ipm2l_spram_v1_8_TagvRAM.v(line number: 126)] Ignore 'system task' $display
W: Verilog-2008: [F:/SocFpga/IP/TagvRAM/rtl/ipm2l_spram_v1_8_TagvRAM.v(line number: 134)] Ignore 'system task' $display
W: Verilog-2008: [F:/SocFpga/IP/TagvRAM/rtl/ipm2l_spram_v1_8_TagvRAM.v(line number: 135)] Ignore 'system task' $finish
W: Verilog-2008: [F:/SocFpga/IP/TagvRAM/rtl/ipm2l_spram_v1_8_TagvRAM.v(line number: 138)] Ignore 'system task' $display
W: Verilog-2008: [F:/SocFpga/IP/TagvRAM/rtl/ipm2l_spram_v1_8_TagvRAM.v(line number: 139)] Ignore 'system task' $finish
W: Verilog-2008: [F:/SocFpga/IP/TagvRAM/rtl/ipm2l_spram_v1_8_TagvRAM.v(line number: 142)] Ignore 'system task' $display
W: Verilog-2008: [F:/SocFpga/IP/TagvRAM/rtl/ipm2l_spram_v1_8_TagvRAM.v(line number: 143)] Ignore 'system task' $finish
W: Verilog-2008: [F:/SocFpga/IP/TagvRAM/rtl/ipm2l_spram_v1_8_TagvRAM.v(line number: 146)] Ignore 'system task' $display
W: Verilog-2008: [F:/SocFpga/IP/TagvRAM/rtl/ipm2l_spram_v1_8_TagvRAM.v(line number: 147)] Ignore 'system task' $finish
W: Verilog-2008: [F:/SocFpga/IP/TagvRAM/rtl/ipm2l_spram_v1_8_TagvRAM.v(line number: 150)] Ignore 'system task' $display
W: Verilog-2008: [F:/SocFpga/IP/TagvRAM/rtl/ipm2l_spram_v1_8_TagvRAM.v(line number: 151)] Ignore 'system task' $finish
W: Verilog-2008: [F:/SocFpga/IP/TagvRAM/rtl/ipm2l_spram_v1_8_TagvRAM.v(line number: 154)] Ignore 'system task' $display
W: Verilog-2008: [F:/SocFpga/IP/TagvRAM/rtl/ipm2l_spram_v1_8_TagvRAM.v(line number: 155)] Ignore 'system task' $finish
W: Verilog-2008: [F:/SocFpga/IP/TagvRAM/rtl/ipm2l_spram_v1_8_TagvRAM.v(line number: 158)] Ignore 'system task' $display
W: Verilog-2008: [F:/SocFpga/IP/TagvRAM/rtl/ipm2l_spram_v1_8_TagvRAM.v(line number: 159)] Ignore 'system task' $finish
W: Verilog-2008: [F:/SocFpga/IP/TagvRAM/rtl/ipm2l_spram_v1_8_TagvRAM.v(line number: 162)] Ignore 'system task' $display
W: Verilog-2008: [F:/SocFpga/IP/TagvRAM/rtl/ipm2l_spram_v1_8_TagvRAM.v(line number: 163)] Ignore 'system task' $finish
W: Verilog-2008: [F:/SocFpga/IP/TagvRAM/rtl/ipm2l_spram_v1_8_TagvRAM.v(line number: 166)] Ignore 'system task' $display
W: Verilog-2008: [F:/SocFpga/IP/TagvRAM/rtl/ipm2l_spram_v1_8_TagvRAM.v(line number: 167)] Ignore 'system task' $finish
W: Verilog-2008: [F:/SocFpga/IP/TagvRAM/rtl/ipm2l_spram_v1_8_TagvRAM.v(line number: 170)] Ignore 'system task' $display
W: Verilog-2008: [F:/SocFpga/IP/TagvRAM/rtl/ipm2l_spram_v1_8_TagvRAM.v(line number: 171)] Ignore 'system task' $finish
W: Verilog-2008: [F:/SocFpga/IP/TagvRAM/rtl/ipm2l_spram_v1_8_TagvRAM.v(line number: 174)] Ignore 'system task' $display
W: Verilog-2008: [F:/SocFpga/IP/TagvRAM/rtl/ipm2l_spram_v1_8_TagvRAM.v(line number: 175)] Ignore 'system task' $finish
W: Verilog-2008: [F:/SocFpga/IP/TagvRAM/rtl/ipm2l_spram_v1_8_TagvRAM.v(line number: 178)] Ignore 'system task' $display
W: Verilog-2008: [F:/SocFpga/IP/TagvRAM/rtl/ipm2l_spram_v1_8_TagvRAM.v(line number: 179)] Ignore 'system task' $finish
W: Verilog-2008: [F:/SocFpga/IP/TagvRAM/rtl/ipm2l_spram_v1_8_TagvRAM.v(line number: 183)] Ignore 'system task' $display
W: Verilog-2008: [F:/SocFpga/IP/TagvRAM/rtl/ipm2l_spram_v1_8_TagvRAM.v(line number: 184)] Ignore 'system task' $finish
W: Verilog-2008: [F:/SocFpga/IP/TagvRAM/rtl/ipm2l_spram_v1_8_TagvRAM.v(line number: 187)] Ignore 'system task' $display
W: Verilog-2008: [F:/SocFpga/IP/TagvRAM/rtl/ipm2l_spram_v1_8_TagvRAM.v(line number: 188)] Ignore 'system task' $finish
W: Verilog-2008: [F:/SocFpga/IP/TagvRAM/rtl/ipm2l_spram_v1_8_TagvRAM.v(line number: 192)] Ignore 'system task' $display
W: Verilog-2008: [F:/SocFpga/IP/TagvRAM/rtl/ipm2l_spram_v1_8_TagvRAM.v(line number: 193)] Ignore 'system task' $finish
W: Verilog-2008: [F:/SocFpga/IP/TagvRAM/rtl/ipm2l_spram_v1_8_TagvRAM.v(line number: 196)] Ignore 'system task' $display
W: Verilog-2008: [F:/SocFpga/IP/TagvRAM/rtl/ipm2l_spram_v1_8_TagvRAM.v(line number: 197)] Ignore 'system task' $finish
Parsing done.
Executing : .rtl_analyze -include_path {F:/SocFpga/project} F:/SocFpga/IP/TagvRAM/rtl/ipm2l_spram_v1_8_TagvRAM.v successfully.
Executing : .rtl_analyze -include_path {F:/SocFpga/project} F:/SocFpga/IP/TagvRAM/TagvRAM.v
I: Verilog-0001: Analyzing file F:/SocFpga/IP/TagvRAM/TagvRAM.v
I: Verilog-0002: [F:/SocFpga/IP/TagvRAM/TagvRAM.v(line number: 16)] Analyzing module TagvRAM (library work)
Parsing done.
Executing : .rtl_analyze -include_path {F:/SocFpga/project} F:/SocFpga/IP/TagvRAM/TagvRAM.v successfully.
I: Module "Hnpu_dma" is set as top module.
Executing : rtl-analyze successfully. Time elapsed: 2.689s wall, 0.141s user + 0.000s system = 0.141s CPU (5.2%)

Start rtl-elaborate.
I: Verilog-0003: [F:/SocFpga/soc/Hnpu_dma.v(line number: 14)] Elaborating module Hnpu_dma
I: Module instance {Hnpu_dma} parameter value:
    DDR_BASE = 32'b10000000000000000000000000000000
    DDR_BYTES = 32'b01000000000000000000000000000000
    NPU_AXI_ID = 8'b10000000
    MAX_BURST_BEATS = 5'b10000
W: Verilog-2021: [F:/SocFpga/soc/Hnpu_dma.v(line number: 107)] Net calc_segment_beats.source_to_4k_1 in Hnpu_dma(original module Hnpu_dma) does not have a driver, tie it to 0
W: Verilog-2021: [F:/SocFpga/soc/Hnpu_dma.v(line number: 108)] Net calc_segment_beats.destination_to_4k_1 in Hnpu_dma(original module Hnpu_dma) does not have a driver, tie it to 0
W: Verilog-2021: [F:/SocFpga/soc/Hnpu_dma.v(line number: 109)] Net calc_segment_beats.chosen_1 in Hnpu_dma(original module Hnpu_dma) does not have a driver, tie it to 0
Executing : rtl-elaborate successfully. Time elapsed: 0.003s wall, 0.000s user + 0.000s system = 0.000s CPU (n/a%)

Start rtl-prep.
Executing : rtl-prep successfully. Time elapsed: 0.005s wall, 0.016s user + 0.000s system = 0.016s CPU (286.7%)

Start rtl-infer.
Start DFF-inference.
Executing : DFF-inference successfully.
I: Sdm-0001: [F:/SocFpga/soc/Hnpu_dma.v(line number: 154)] Found Ram data_buffer, depth=16, width=256.
Executing : rtl-infer successfully. Time elapsed: 0.054s wall, 0.016s user + 0.016s system = 0.031s CPU (57.7%)

Start rtl-control-opt.
Executing : rtl-control-opt successfully. Time elapsed: 0.001s wall, 0.000s user + 0.000s system = 0.000s CPU (n/a%)

Start rtl-data-opt.
Executing : rtl-data-opt successfully. Time elapsed: 0.006s wall, 0.000s user + 0.000s system = 0.000s CPU (n/a%)

Start FSM inference.
I: FSM state_fsm[3:0] inferred.
Executing : FSM inference successfully. Time elapsed: 0.011s wall, 0.016s user + 0.000s system = 0.016s CPU (137.2%)

Start sdm2adm.
W: Loop was found during constant probe.
W: Loop was found during constant probe.
W: Loop was found during constant probe.
W: Loop was found during constant probe.
W: Loop was found during constant probe.
W: Loop was found during constant probe.
W: Loop was found during constant probe.
W: Loop was found during constant probe.
W: Loop was found during constant probe.
W: Loop was found during constant probe.
W: Loop was found during constant probe.
W: Loop was found during constant probe.
I: Constant propagation done on N105[31:5] (bmsWIDEMUX).
I: Constant propagation done on N150 (bmsWIDEMUX).
I: Constant propagation done on N135 (bmsWIDEMUX).
I: Constant propagation done on N356 (bmsWIDEMUX).
I: Constant propagation done on N109[31:5] (bmsWIDEMUX).
I: Constant propagation done on N939_1 (bmsWIDEMUX).
I: Constant propagation done on N151 (bmsWIDEMUX).
I: Constant propagation done on N113[31:5] (bmsWIDEMUX).
Executing : sdm2adm successfully. Time elapsed: 0.020s wall, 0.000s user + 0.000s system = 0.000s CPU (n/a%)

Saving design to DB.
Action compile: Real time elapsed is 0h:0m:8s
Action compile: CPU time elapsed is 0h:0m:0s
Action compile: Process CPU time elapsed is 0h:0m:0s
Current time: Sat Sep 26 18:33:19 2026
Action compile: Peak memory pool usage is 147 MB
