IP Generator (Version 2022.2-SP6.4 build 146967)
Check out license ...
Start generating at 2026-09-03 20:42
Instance: imem (F:\Jichuang-small_eyes\small-eyes\small-eyes1\source\IP\imem\imem.idf)
IP: Pango DRM Based Dual Port RAM (1.9)
Part: Logos2-PG2L200H-FBB676--6
Create directory 'rtl' ...
Copy 'rtl\ipm2l_dpram_v1_9.v.xml' to 'rtl' ...
Compile file 'rtl\ipm2l_dpram_v1_9.v.xml' to 'rtl\ipm2l_dpram_v1_9_imem.v' ...
Copy 'ipm2l_dpram_wrapper_v1_9.v.xml' ...
Compile file 'ipm2l_dpram_wrapper_v1_9.v.xml' to 'imem.v' ...
Found top module 'imem' in file 'imem.v'.
Copy 'ipm2l_dpram_wrapper_v1_0_tb.v.xml' ...
Compile file 'ipm2l_dpram_wrapper_v1_0_tb.v.xml' to 'imem_tb.v' ...
Copy 'init_param_bin_exmp.dat' ...
Copy 'init_param_hex_exmp.dat' ...
Run file 'createParam.tcl' ...
Run file 'creatResetValue.tcl' ...
Create template file 'imem_tmpl.v' ...
Create template file 'imem_tmpl.vhdl' ...
There are 2 source files to synthesize.
Synthesis is disabled.
Done: 0 error(s), 0 warning(s)
