#Build: Fabric Compiler 2022.2-SP6.4, Build 146967, Jan 31 01:39 2024
#Install: F:\PDS_2022.2-SP6.4\bin
#Application name: pds_shell.exe
#OS: Windows 10 10.0.22621
#Hostname: ZHAO-Zhenxiang
Generated by Fabric Compiler (version 2022.2-SP6.4 build 146967) at Thu Oct  1 17:48:52 2026
Compiling verification operator library.
Compiling common defs.
Compiling prim grid devices.
Compiling gate devices.
Compiling gate operators.
Building architecture model.
Loading device packaging model.
Reading design from pnr DB.
Start Report Post-PnR timing.
Constructing timing graph ...
Timing graph has been constructed successfully
C: STA-3009: The clock Hfpga_soc|clk_p is not connected to any clock endpoints,it will be treated as a normal port or pin.
W: Timing-4086: Port 'cam1_scl' is not constrained, it is treated as combinational input.
W: Timing-4087: Port 'cam1_scl' is not constrained, it is treated as combinational output.
W: Timing-4086: Port 'cam1_sda' is not constrained, it is treated as combinational input.
W: Timing-4087: Port 'cam1_sda' is not constrained, it is treated as combinational output.
W: Timing-4086: Port 'fpioa[0]' is not constrained, it is treated as combinational input.
W: Timing-4087: Port 'fpioa[0]' is not constrained, it is treated as combinational output.
W: Timing-4086: Port 'fpioa[1]' is not constrained, it is treated as combinational input.
W: Timing-4087: Port 'fpioa[1]' is not constrained, it is treated as combinational output.
W: Timing-4086: Port 'fpioa[2]' is not constrained, it is treated as combinational input.
W: Timing-4087: Port 'fpioa[2]' is not constrained, it is treated as combinational output.
W: Timing-4086: Port 'fpioa[3]' is not constrained, it is treated as combinational input.
W: Timing-4087: Port 'fpioa[3]' is not constrained, it is treated as combinational output.
W: Timing-4086: Port 'fpioa[4]' is not constrained, it is treated as combinational input.
W: Timing-4087: Port 'fpioa[4]' is not constrained, it is treated as combinational output.
W: Timing-4086: Port 'fpioa[5]' is not constrained, it is treated as combinational input.
W: Timing-4087: Port 'fpioa[5]' is not constrained, it is treated as combinational output.
W: Timing-4086: Port 'fpioa[6]' is not constrained, it is treated as combinational input.
W: Timing-4087: Port 'fpioa[6]' is not constrained, it is treated as combinational output.
W: Timing-4086: Port 'fpioa[7]' is not constrained, it is treated as combinational input.
W: Timing-4087: Port 'fpioa[7]' is not constrained, it is treated as combinational output.
W: Timing-4086: Port 'fpioa[8]' is not constrained, it is treated as combinational input.
W: Timing-4087: Port 'fpioa[8]' is not constrained, it is treated as combinational output.
W: Timing-4086: Port 'fpioa[9]' is not constrained, it is treated as combinational input.
W: Timing-4087: Port 'fpioa[9]' is not constrained, it is treated as combinational output.
W: Timing-4086: Port 'fpioa[10]' is not constrained, it is treated as combinational input.
W: Timing-4087: Port 'fpioa[10]' is not constrained, it is treated as combinational output.
W: Timing-4086: Port 'fpioa[11]' is not constrained, it is treated as combinational input.
W: Timing-4087: Port 'fpioa[11]' is not constrained, it is treated as combinational output.
W: Timing-4086: Port 'fpioa[12]' is not constrained, it is treated as combinational input.
W: Timing-4087: Port 'fpioa[12]' is not constrained, it is treated as combinational output.
W: Timing-4086: Port 'fpioa[13]' is not constrained, it is treated as combinational input.
W: Timing-4087: Port 'fpioa[13]' is not constrained, it is treated as combinational output.
W: Timing-4086: Port 'fpioa[14]' is not constrained, it is treated as combinational input.
W: Timing-4087: Port 'fpioa[14]' is not constrained, it is treated as combinational output.
W: Timing-4086: Port 'fpioa[15]' is not constrained, it is treated as combinational input.
W: Timing-4087: Port 'fpioa[15]' is not constrained, it is treated as combinational output.
W: Timing-4086: Port 'fpioa[16]' is not constrained, it is treated as combinational input.
W: Timing-4087: Port 'fpioa[16]' is not constrained, it is treated as combinational output.
W: Timing-4086: Port 'fpioa[17]' is not constrained, it is treated as combinational input.
W: Timing-4087: Port 'fpioa[17]' is not constrained, it is treated as combinational output.
W: Timing-4086: Port 'fpioa[18]' is not constrained, it is treated as combinational input.
W: Timing-4087: Port 'fpioa[18]' is not constrained, it is treated as combinational output.
W: Timing-4086: Port 'fpioa[19]' is not constrained, it is treated as combinational input.
W: Timing-4087: Port 'fpioa[19]' is not constrained, it is treated as combinational output.
W: Timing-4086: Port 'fpioa[20]' is not constrained, it is treated as combinational input.
W: Timing-4087: Port 'fpioa[20]' is not constrained, it is treated as combinational output.
W: Timing-4086: Port 'fpioa[21]' is not constrained, it is treated as combinational input.
W: Timing-4087: Port 'fpioa[21]' is not constrained, it is treated as combinational output.
W: Timing-4086: Port 'fpioa[22]' is not constrained, it is treated as combinational input.
W: Timing-4087: Port 'fpioa[22]' is not constrained, it is treated as combinational output.
W: Timing-4086: Port 'fpioa[23]' is not constrained, it is treated as combinational input.
W: Timing-4087: Port 'fpioa[23]' is not constrained, it is treated as combinational output.
W: Timing-4086: Port 'fpioa[24]' is not constrained, it is treated as combinational input.
W: Timing-4087: Port 'fpioa[24]' is not constrained, it is treated as combinational output.
W: Timing-4086: Port 'fpioa[25]' is not constrained, it is treated as combinational input.
W: Timing-4087: Port 'fpioa[25]' is not constrained, it is treated as combinational output.
W: Timing-4086: Port 'fpioa[26]' is not constrained, it is treated as combinational input.
W: Timing-4087: Port 'fpioa[26]' is not constrained, it is treated as combinational output.
W: Timing-4086: Port 'fpioa[27]' is not constrained, it is treated as combinational input.
W: Timing-4087: Port 'fpioa[27]' is not constrained, it is treated as combinational output.
W: Timing-4086: Port 'fpioa[28]' is not constrained, it is treated as combinational input.
W: Timing-4087: Port 'fpioa[28]' is not constrained, it is treated as combinational output.
W: Timing-4086: Port 'fpioa[29]' is not constrained, it is treated as combinational input.
W: Timing-4087: Port 'fpioa[29]' is not constrained, it is treated as combinational output.
W: Timing-4086: Port 'fpioa[30]' is not constrained, it is treated as combinational input.
W: Timing-4087: Port 'fpioa[30]' is not constrained, it is treated as combinational output.
W: Timing-4086: Port 'fpioa[31]' is not constrained, it is treated as combinational input.
W: Timing-4087: Port 'fpioa[31]' is not constrained, it is treated as combinational output.
W: Timing-4086: Port 'mem_dq[0]' is not constrained, it is treated as combinational input.
W: Timing-4087: Port 'mem_dq[0]' is not constrained, it is treated as combinational output.
W: Timing-4086: Port 'mem_dq[1]' is not constrained, it is treated as combinational input.
W: Timing-4087: Port 'mem_dq[1]' is not constrained, it is treated as combinational output.
W: Timing-4086: Port 'mem_dq[2]' is not constrained, it is treated as combinational input.
W: Timing-4087: Port 'mem_dq[2]' is not constrained, it is treated as combinational output.
W: Timing-4086: Port 'mem_dq[3]' is not constrained, it is treated as combinational input.
W: Timing-4087: Port 'mem_dq[3]' is not constrained, it is treated as combinational output.
W: Timing-4086: Port 'mem_dq[4]' is not constrained, it is treated as combinational input.
W: Timing-4087: Port 'mem_dq[4]' is not constrained, it is treated as combinational output.
W: Timing-4086: Port 'mem_dq[5]' is not constrained, it is treated as combinational input.
W: Timing-4087: Port 'mem_dq[5]' is not constrained, it is treated as combinational output.
W: Timing-4086: Port 'mem_dq[6]' is not constrained, it is treated as combinational input.
W: Timing-4087: Port 'mem_dq[6]' is not constrained, it is treated as combinational output.
W: Timing-4086: Port 'mem_dq[7]' is not constrained, it is treated as combinational input.
W: Timing-4087: Port 'mem_dq[7]' is not constrained, it is treated as combinational output.
W: Timing-4086: Port 'mem_dq[8]' is not constrained, it is treated as combinational input.
W: Timing-4087: Port 'mem_dq[8]' is not constrained, it is treated as combinational output.
W: Timing-4086: Port 'mem_dq[9]' is not constrained, it is treated as combinational input.
W: Timing-4087: Port 'mem_dq[9]' is not constrained, it is treated as combinational output.
W: Timing-4086: Port 'mem_dq[10]' is not constrained, it is treated as combinational input.
W: Timing-4087: Port 'mem_dq[10]' is not constrained, it is treated as combinational output.
W: Timing-4086: Port 'mem_dq[11]' is not constrained, it is treated as combinational input.
W: Timing-4087: Port 'mem_dq[11]' is not constrained, it is treated as combinational output.
W: Timing-4086: Port 'mem_dq[12]' is not constrained, it is treated as combinational input.
W: Timing-4087: Port 'mem_dq[12]' is not constrained, it is treated as combinational output.
W: Timing-4086: Port 'mem_dq[13]' is not constrained, it is treated as combinational input.
W: Timing-4087: Port 'mem_dq[13]' is not constrained, it is treated as combinational output.
W: Timing-4086: Port 'mem_dq[14]' is not constrained, it is treated as combinational input.
W: Timing-4087: Port 'mem_dq[14]' is not constrained, it is treated as combinational output.
W: Timing-4086: Port 'mem_dq[15]' is not constrained, it is treated as combinational input.
W: Timing-4087: Port 'mem_dq[15]' is not constrained, it is treated as combinational output.
W: Timing-4086: Port 'mem_dq[16]' is not constrained, it is treated as combinational input.
W: Timing-4087: Port 'mem_dq[16]' is not constrained, it is treated as combinational output.
W: Timing-4086: Port 'mem_dq[17]' is not constrained, it is treated as combinational input.
W: Timing-4087: Port 'mem_dq[17]' is not constrained, it is treated as combinational output.
W: Timing-4086: Port 'mem_dq[18]' is not constrained, it is treated as combinational input.
W: Timing-4087: Port 'mem_dq[18]' is not constrained, it is treated as combinational output.
W: Timing-4086: Port 'mem_dq[19]' is not constrained, it is treated as combinational input.
W: Timing-4087: Port 'mem_dq[19]' is not constrained, it is treated as combinational output.
W: Timing-4086: Port 'mem_dq[20]' is not constrained, it is treated as combinational input.
W: Timing-4087: Port 'mem_dq[20]' is not constrained, it is treated as combinational output.
W: Timing-4086: Port 'mem_dq[21]' is not constrained, it is treated as combinational input.
W: Timing-4087: Port 'mem_dq[21]' is not constrained, it is treated as combinational output.
W: Timing-4086: Port 'mem_dq[22]' is not constrained, it is treated as combinational input.
W: Timing-4087: Port 'mem_dq[22]' is not constrained, it is treated as combinational output.
W: Timing-4086: Port 'mem_dq[23]' is not constrained, it is treated as combinational input.
W: Timing-4087: Port 'mem_dq[23]' is not constrained, it is treated as combinational output.
W: Timing-4086: Port 'mem_dq[24]' is not constrained, it is treated as combinational input.
W: Timing-4087: Port 'mem_dq[24]' is not constrained, it is treated as combinational output.
W: Timing-4086: Port 'mem_dq[25]' is not constrained, it is treated as combinational input.
W: Timing-4087: Port 'mem_dq[25]' is not constrained, it is treated as combinational output.
W: Timing-4086: Port 'mem_dq[26]' is not constrained, it is treated as combinational input.
W: Timing-4087: Port 'mem_dq[26]' is not constrained, it is treated as combinational output.
W: Timing-4086: Port 'mem_dq[27]' is not constrained, it is treated as combinational input.
W: Timing-4087: Port 'mem_dq[27]' is not constrained, it is treated as combinational output.
W: Timing-4086: Port 'mem_dq[28]' is not constrained, it is treated as combinational input.
W: Timing-4087: Port 'mem_dq[28]' is not constrained, it is treated as combinational output.
W: Timing-4086: Port 'mem_dq[29]' is not constrained, it is treated as combinational input.
W: Timing-4087: Port 'mem_dq[29]' is not constrained, it is treated as combinational output.
W: Timing-4086: Port 'mem_dq[30]' is not constrained, it is treated as combinational input.
W: Timing-4087: Port 'mem_dq[30]' is not constrained, it is treated as combinational output.
W: Timing-4086: Port 'mem_dq[31]' is not constrained, it is treated as combinational input.
W: Timing-4087: Port 'mem_dq[31]' is not constrained, it is treated as combinational output.
W: Timing-4087: Port 'mem_dqs[0]' is not constrained, it is treated as combinational output.
W: Timing-4087: Port 'mem_dqs[1]' is not constrained, it is treated as combinational output.
W: Timing-4087: Port 'mem_dqs[2]' is not constrained, it is treated as combinational output.
W: Timing-4087: Port 'mem_dqs[3]' is not constrained, it is treated as combinational output.
W: Timing-4087: Port 'mem_dqs_n[0]' is not constrained, it is treated as combinational output.
W: Timing-4087: Port 'mem_dqs_n[1]' is not constrained, it is treated as combinational output.
W: Timing-4087: Port 'mem_dqs_n[2]' is not constrained, it is treated as combinational output.
W: Timing-4087: Port 'mem_dqs_n[3]' is not constrained, it is treated as combinational output.
W: Timing-4087: Port 'JTAG_TDO' is not constrained, it is treated as combinational output.
W: Timing-4087: Port 'cam1_reset_n' is not constrained, it is treated as combinational output.
W: Timing-4087: Port 'core_active' is not constrained, it is treated as combinational output.
W: Timing-4087: Port 'flash_cs2_n' is not constrained, it is treated as combinational output.
W: Timing-4087: Port 'flash_cs_n' is not constrained, it is treated as combinational output.
W: Timing-4087: Port 'flash_hold_n' is not constrained, it is treated as combinational output.
W: Timing-4087: Port 'flash_mosi' is not constrained, it is treated as combinational output.
W: Timing-4087: Port 'flash_wp_n' is not constrained, it is treated as combinational output.
W: Timing-4087: Port 'mem_a[0]' is not constrained, it is treated as combinational output.
W: Timing-4087: Port 'mem_a[1]' is not constrained, it is treated as combinational output.
W: Timing-4087: Port 'mem_a[2]' is not constrained, it is treated as combinational output.
W: Timing-4087: Port 'mem_a[3]' is not constrained, it is treated as combinational output.
W: Timing-4087: Port 'mem_a[4]' is not constrained, it is treated as combinational output.
W: Timing-4087: Port 'mem_a[5]' is not constrained, it is treated as combinational output.
W: Timing-4087: Port 'mem_a[6]' is not constrained, it is treated as combinational output.
W: Timing-4087: Port 'mem_a[7]' is not constrained, it is treated as combinational output.
W: Timing-4087: Port 'mem_a[8]' is not constrained, it is treated as combinational output.
W: Timing-4087: Port 'mem_a[9]' is not constrained, it is treated as combinational output.
W: Timing-4087: Port 'mem_a[10]' is not constrained, it is treated as combinational output.
W: Timing-4087: Port 'mem_a[11]' is not constrained, it is treated as combinational output.
W: Timing-4087: Port 'mem_a[12]' is not constrained, it is treated as combinational output.
W: Timing-4087: Port 'mem_a[13]' is not constrained, it is treated as combinational output.
W: Timing-4087: Port 'mem_a[14]' is not constrained, it is treated as combinational output.
W: Timing-4087: Port 'mem_ba[0]' is not constrained, it is treated as combinational output.
W: Timing-4087: Port 'mem_ba[1]' is not constrained, it is treated as combinational output.
W: Timing-4087: Port 'mem_ba[2]' is not constrained, it is treated as combinational output.
W: Timing-4087: Port 'mem_cas_n' is not constrained, it is treated as combinational output.
W: Timing-4087: Port 'mem_ck' is not constrained, it is treated as combinational output.
W: Timing-4087: Port 'mem_ck_n' is not constrained, it is treated as combinational output.
W: Timing-4087: Port 'mem_cke' is not constrained, it is treated as combinational output.
W: Timing-4087: Port 'mem_cs_n' is not constrained, it is treated as combinational output.
W: Timing-4087: Port 'mem_dm[0]' is not constrained, it is treated as combinational output.
W: Timing-4087: Port 'mem_dm[1]' is not constrained, it is treated as combinational output.
W: Timing-4087: Port 'mem_dm[2]' is not constrained, it is treated as combinational output.
W: Timing-4087: Port 'mem_dm[3]' is not constrained, it is treated as combinational output.
W: Timing-4087: Port 'mem_odt' is not constrained, it is treated as combinational output.
W: Timing-4087: Port 'mem_ras_n' is not constrained, it is treated as combinational output.
W: Timing-4087: Port 'mem_rst_n' is not constrained, it is treated as combinational output.
W: Timing-4087: Port 'mem_we_n' is not constrained, it is treated as combinational output.
W: Timing-4086: Port 'JTAG_TDI' is not constrained, it is treated as combinational input.
W: Timing-4086: Port 'JTAG_TMS' is not constrained, it is treated as combinational input.
W: Timing-4086: Port 'cam1_data[0]' is not constrained, it is treated as combinational input.
W: Timing-4086: Port 'cam1_data[1]' is not constrained, it is treated as combinational input.
W: Timing-4086: Port 'cam1_data[2]' is not constrained, it is treated as combinational input.
W: Timing-4086: Port 'cam1_data[3]' is not constrained, it is treated as combinational input.
W: Timing-4086: Port 'cam1_data[4]' is not constrained, it is treated as combinational input.
W: Timing-4086: Port 'cam1_data[5]' is not constrained, it is treated as combinational input.
W: Timing-4086: Port 'cam1_data[6]' is not constrained, it is treated as combinational input.
W: Timing-4086: Port 'cam1_data[7]' is not constrained, it is treated as combinational input.
W: Timing-4086: Port 'cam1_href' is not constrained, it is treated as combinational input.
W: Timing-4086: Port 'cam1_vsync' is not constrained, it is treated as combinational input.
W: Timing-4086: Port 'flash_miso' is not constrained, it is treated as combinational input.
W: Timing-4086: Port 'hard_rst_n' is not constrained, it is treated as combinational input.
Report timing is finished successfully.
Action report_timing: Real time elapsed is 0h:0m:26s
Action report_timing: CPU time elapsed is 0h:0m:5s
Action report_timing: Process CPU time elapsed is 0h:0m:6s
Current time: Thu Oct  1 17:49:16 2026
Action report_timing: Peak memory pool usage is 2,130 MB
