#Build: Fabric Compiler 2022.2-SP6.4, Build 146967, Jan 31 01:39 2024
#Install: F:\PDS_2022.2-SP6.4\bin
#Application name: pds_shell.exe
#OS: Windows 10 10.0.22621
#Hostname: ZHAO-Zhenxiang
Generated by Fabric Compiler (version 2022.2-SP6.4 build 146967) at Tue Sep 29 21:01:03 2026
Compiling verification operator library.
Compiling common defs.
Compiling prim grid devices.
Compiling gate devices.
Compiling gate operators.
Building architecture model.
Loading device packaging model.
pnr strategy configuration : 
strategy name : 0
Building architecture floorplan logic view.
Constraint check start.
Executing : def_port {fpioa[0]} LOC=C24 VCCIO=3.3 IOSTANDARD=LVCMOS33
C: ConstraintEditor-2009: fpioa[0] is lack of SLEW, OUTPUT or INOUT PORT had better set SLEW, the optional value is {SLOW, FAST}.
C: ConstraintEditor-2009: fpioa[0] is lack of DRIVE, OUTPUT or INOUT PORT had better set DRIVE, the optional value is {8, 4, 12, 16}.
Executing : def_port {fpioa[0]} LOC=C24 VCCIO=3.3 IOSTANDARD=LVCMOS33 successfully
Executing : def_port {fpioa[1]} LOC=B24 VCCIO=3.3 IOSTANDARD=LVCMOS33
C: ConstraintEditor-2009: fpioa[1] is lack of SLEW, OUTPUT or INOUT PORT had better set SLEW, the optional value is {SLOW, FAST}.
C: ConstraintEditor-2009: fpioa[1] is lack of DRIVE, OUTPUT or INOUT PORT had better set DRIVE, the optional value is {8, 4, 12, 16}.
Executing : def_port {fpioa[1]} LOC=B24 VCCIO=3.3 IOSTANDARD=LVCMOS33 successfully
Executing : def_port {fpioa[2]} LOC=T22 VCCIO=3.3 IOSTANDARD=LVCMOS33
C: ConstraintEditor-2009: fpioa[2] is lack of SLEW, OUTPUT or INOUT PORT had better set SLEW, the optional value is {SLOW, FAST}.
C: ConstraintEditor-2009: fpioa[2] is lack of DRIVE, OUTPUT or INOUT PORT had better set DRIVE, the optional value is {8, 4, 12, 16}.
C: ConstraintEditor-2002: [F:/SocFpga/project/device_map/Hfpga_soc.pcf(line number: 5)] | Port fpioa[2] has been placed at location T22, whose type is share pin.
Executing : def_port {fpioa[2]} LOC=T22 VCCIO=3.3 IOSTANDARD=LVCMOS33 successfully
Executing : def_port {fpioa[3]} LOC=K25 VCCIO=3.3 IOSTANDARD=LVCMOS33
C: ConstraintEditor-2009: fpioa[3] is lack of SLEW, OUTPUT or INOUT PORT had better set SLEW, the optional value is {SLOW, FAST}.
C: ConstraintEditor-2009: fpioa[3] is lack of DRIVE, OUTPUT or INOUT PORT had better set DRIVE, the optional value is {8, 4, 12, 16}.
C: ConstraintEditor-2002: [F:/SocFpga/project/device_map/Hfpga_soc.pcf(line number: 6)] | Port fpioa[3] has been placed at location K25, whose type is share pin.
Executing : def_port {fpioa[3]} LOC=K25 VCCIO=3.3 IOSTANDARD=LVCMOS33 successfully
Executing : def_port {fpioa[4]} LOC=L22 VCCIO=3.3 IOSTANDARD=LVCMOS33
C: ConstraintEditor-2009: fpioa[4] is lack of SLEW, OUTPUT or INOUT PORT had better set SLEW, the optional value is {SLOW, FAST}.
C: ConstraintEditor-2009: fpioa[4] is lack of DRIVE, OUTPUT or INOUT PORT had better set DRIVE, the optional value is {8, 4, 12, 16}.
Executing : def_port {fpioa[4]} LOC=L22 VCCIO=3.3 IOSTANDARD=LVCMOS33 successfully
Executing : def_port {fpioa[5]} LOC=Y25 VCCIO=3.3 IOSTANDARD=LVCMOS33
C: ConstraintEditor-2009: fpioa[5] is lack of SLEW, OUTPUT or INOUT PORT had better set SLEW, the optional value is {SLOW, FAST}.
C: ConstraintEditor-2009: fpioa[5] is lack of DRIVE, OUTPUT or INOUT PORT had better set DRIVE, the optional value is {8, 4, 12, 16}.
Executing : def_port {fpioa[5]} LOC=Y25 VCCIO=3.3 IOSTANDARD=LVCMOS33 successfully
Executing : def_port {fpioa[6]} LOC=AA24 VCCIO=3.3 IOSTANDARD=LVCMOS33
C: ConstraintEditor-2009: fpioa[6] is lack of SLEW, OUTPUT or INOUT PORT had better set SLEW, the optional value is {SLOW, FAST}.
C: ConstraintEditor-2009: fpioa[6] is lack of DRIVE, OUTPUT or INOUT PORT had better set DRIVE, the optional value is {8, 4, 12, 16}.
Executing : def_port {fpioa[6]} LOC=AA24 VCCIO=3.3 IOSTANDARD=LVCMOS33 successfully
Executing : def_port {fpioa[7]} LOC=AB24 VCCIO=3.3 IOSTANDARD=LVCMOS33
C: ConstraintEditor-2009: fpioa[7] is lack of SLEW, OUTPUT or INOUT PORT had better set SLEW, the optional value is {SLOW, FAST}.
C: ConstraintEditor-2009: fpioa[7] is lack of DRIVE, OUTPUT or INOUT PORT had better set DRIVE, the optional value is {8, 4, 12, 16}.
Executing : def_port {fpioa[7]} LOC=AB24 VCCIO=3.3 IOSTANDARD=LVCMOS33 successfully
Executing : def_port {fpioa[8]} LOC=C19 VCCIO=3.3 IOSTANDARD=LVCMOS33
C: ConstraintEditor-2009: fpioa[8] is lack of SLEW, OUTPUT or INOUT PORT had better set SLEW, the optional value is {SLOW, FAST}.
C: ConstraintEditor-2009: fpioa[8] is lack of DRIVE, OUTPUT or INOUT PORT had better set DRIVE, the optional value is {8, 4, 12, 16}.
Executing : def_port {fpioa[8]} LOC=C19 VCCIO=3.3 IOSTANDARD=LVCMOS33 successfully
Executing : def_port {fpioa[9]} LOC=C18 VCCIO=3.3 IOSTANDARD=LVCMOS33
C: ConstraintEditor-2009: fpioa[9] is lack of SLEW, OUTPUT or INOUT PORT had better set SLEW, the optional value is {SLOW, FAST}.
C: ConstraintEditor-2009: fpioa[9] is lack of DRIVE, OUTPUT or INOUT PORT had better set DRIVE, the optional value is {8, 4, 12, 16}.
Executing : def_port {fpioa[9]} LOC=C18 VCCIO=3.3 IOSTANDARD=LVCMOS33 successfully
Executing : def_port {fpioa[10]} LOC=E18 VCCIO=3.3 IOSTANDARD=LVCMOS33
C: ConstraintEditor-2009: fpioa[10] is lack of SLEW, OUTPUT or INOUT PORT had better set SLEW, the optional value is {SLOW, FAST}.
C: ConstraintEditor-2009: fpioa[10] is lack of DRIVE, OUTPUT or INOUT PORT had better set DRIVE, the optional value is {8, 4, 12, 16}.
Executing : def_port {fpioa[10]} LOC=E18 VCCIO=3.3 IOSTANDARD=LVCMOS33 successfully
Executing : def_port {fpioa[11]} LOC=A17 VCCIO=3.3 IOSTANDARD=LVCMOS33
C: ConstraintEditor-2009: fpioa[11] is lack of SLEW, OUTPUT or INOUT PORT had better set SLEW, the optional value is {SLOW, FAST}.
C: ConstraintEditor-2009: fpioa[11] is lack of DRIVE, OUTPUT or INOUT PORT had better set DRIVE, the optional value is {8, 4, 12, 16}.
Executing : def_port {fpioa[11]} LOC=A17 VCCIO=3.3 IOSTANDARD=LVCMOS33 successfully
Executing : def_port {fpioa[12]} LOC=C23 VCCIO=3.3 IOSTANDARD=LVCMOS33
C: ConstraintEditor-2009: fpioa[12] is lack of SLEW, OUTPUT or INOUT PORT had better set SLEW, the optional value is {SLOW, FAST}.
C: ConstraintEditor-2009: fpioa[12] is lack of DRIVE, OUTPUT or INOUT PORT had better set DRIVE, the optional value is {8, 4, 12, 16}.
Executing : def_port {fpioa[12]} LOC=C23 VCCIO=3.3 IOSTANDARD=LVCMOS33 successfully
Executing : def_port {fpioa[13]} LOC=B22 VCCIO=3.3 IOSTANDARD=LVCMOS33
C: ConstraintEditor-2009: fpioa[13] is lack of SLEW, OUTPUT or INOUT PORT had better set SLEW, the optional value is {SLOW, FAST}.
C: ConstraintEditor-2009: fpioa[13] is lack of DRIVE, OUTPUT or INOUT PORT had better set DRIVE, the optional value is {8, 4, 12, 16}.
Executing : def_port {fpioa[13]} LOC=B22 VCCIO=3.3 IOSTANDARD=LVCMOS33 successfully
Executing : def_port {fpioa[14]} LOC=A22 VCCIO=3.3 IOSTANDARD=LVCMOS33
C: ConstraintEditor-2009: fpioa[14] is lack of SLEW, OUTPUT or INOUT PORT had better set SLEW, the optional value is {SLOW, FAST}.
C: ConstraintEditor-2009: fpioa[14] is lack of DRIVE, OUTPUT or INOUT PORT had better set DRIVE, the optional value is {8, 4, 12, 16}.
Executing : def_port {fpioa[14]} LOC=A22 VCCIO=3.3 IOSTANDARD=LVCMOS33 successfully
Executing : def_port {fpioa[15]} LOC=B20 VCCIO=3.3 IOSTANDARD=LVCMOS33
C: ConstraintEditor-2009: fpioa[15] is lack of SLEW, OUTPUT or INOUT PORT had better set SLEW, the optional value is {SLOW, FAST}.
C: ConstraintEditor-2009: fpioa[15] is lack of DRIVE, OUTPUT or INOUT PORT had better set DRIVE, the optional value is {8, 4, 12, 16}.
Executing : def_port {fpioa[15]} LOC=B20 VCCIO=3.3 IOSTANDARD=LVCMOS33 successfully
Executing : def_port {fpioa[16]} LOC=L23 VCCIO=3.3 IOSTANDARD=LVCMOS33
C: ConstraintEditor-2009: fpioa[16] is lack of SLEW, OUTPUT or INOUT PORT had better set SLEW, the optional value is {SLOW, FAST}.
C: ConstraintEditor-2009: fpioa[16] is lack of DRIVE, OUTPUT or INOUT PORT had better set DRIVE, the optional value is {8, 4, 12, 16}.
Executing : def_port {fpioa[16]} LOC=L23 VCCIO=3.3 IOSTANDARD=LVCMOS33 successfully
Executing : def_port {fpioa[17]} LOC=AA25 VCCIO=3.3 IOSTANDARD=LVCMOS33
C: ConstraintEditor-2009: fpioa[17] is lack of SLEW, OUTPUT or INOUT PORT had better set SLEW, the optional value is {SLOW, FAST}.
C: ConstraintEditor-2009: fpioa[17] is lack of DRIVE, OUTPUT or INOUT PORT had better set DRIVE, the optional value is {8, 4, 12, 16}.
Executing : def_port {fpioa[17]} LOC=AA25 VCCIO=3.3 IOSTANDARD=LVCMOS33 successfully
Executing : def_port {fpioa[18]} LOC=AB25 VCCIO=3.3 IOSTANDARD=LVCMOS33
C: ConstraintEditor-2009: fpioa[18] is lack of SLEW, OUTPUT or INOUT PORT had better set SLEW, the optional value is {SLOW, FAST}.
C: ConstraintEditor-2009: fpioa[18] is lack of DRIVE, OUTPUT or INOUT PORT had better set DRIVE, the optional value is {8, 4, 12, 16}.
Executing : def_port {fpioa[18]} LOC=AB25 VCCIO=3.3 IOSTANDARD=LVCMOS33 successfully
Executing : def_port {fpioa[19]} LOC=AC24 VCCIO=3.3 IOSTANDARD=LVCMOS33
C: ConstraintEditor-2009: fpioa[19] is lack of SLEW, OUTPUT or INOUT PORT had better set SLEW, the optional value is {SLOW, FAST}.
C: ConstraintEditor-2009: fpioa[19] is lack of DRIVE, OUTPUT or INOUT PORT had better set DRIVE, the optional value is {8, 4, 12, 16}.
Executing : def_port {fpioa[19]} LOC=AC24 VCCIO=3.3 IOSTANDARD=LVCMOS33 successfully
Executing : def_port {fpioa[20]} LOC=R23 VCCIO=3.3 IOSTANDARD=LVCMOS33
C: ConstraintEditor-2009: fpioa[20] is lack of SLEW, OUTPUT or INOUT PORT had better set SLEW, the optional value is {SLOW, FAST}.
C: ConstraintEditor-2009: fpioa[20] is lack of DRIVE, OUTPUT or INOUT PORT had better set DRIVE, the optional value is {8, 4, 12, 16}.
C: ConstraintEditor-2002: [F:/SocFpga/project/device_map/Hfpga_soc.pcf(line number: 23)] | Port fpioa[20] has been placed at location R23, whose type is share pin.
Executing : def_port {fpioa[20]} LOC=R23 VCCIO=3.3 IOSTANDARD=LVCMOS33 successfully
Executing : def_port {fpioa[21]} LOC=T23 VCCIO=3.3 IOSTANDARD=LVCMOS33
C: ConstraintEditor-2009: fpioa[21] is lack of SLEW, OUTPUT or INOUT PORT had better set SLEW, the optional value is {SLOW, FAST}.
C: ConstraintEditor-2009: fpioa[21] is lack of DRIVE, OUTPUT or INOUT PORT had better set DRIVE, the optional value is {8, 4, 12, 16}.
C: ConstraintEditor-2002: [F:/SocFpga/project/device_map/Hfpga_soc.pcf(line number: 24)] | Port fpioa[21] has been placed at location T23, whose type is share pin.
Executing : def_port {fpioa[21]} LOC=T23 VCCIO=3.3 IOSTANDARD=LVCMOS33 successfully
Executing : def_port {fpioa[22]} LOC=P26 VCCIO=3.3 IOSTANDARD=LVCMOS33
C: ConstraintEditor-2009: fpioa[22] is lack of SLEW, OUTPUT or INOUT PORT had better set SLEW, the optional value is {SLOW, FAST}.
C: ConstraintEditor-2009: fpioa[22] is lack of DRIVE, OUTPUT or INOUT PORT had better set DRIVE, the optional value is {8, 4, 12, 16}.
C: ConstraintEditor-2002: [F:/SocFpga/project/device_map/Hfpga_soc.pcf(line number: 25)] | Port fpioa[22] has been placed at location P26, whose type is share pin.
Executing : def_port {fpioa[22]} LOC=P26 VCCIO=3.3 IOSTANDARD=LVCMOS33 successfully
Executing : def_port {fpioa[23]} LOC=R26 VCCIO=3.3 IOSTANDARD=LVCMOS33
C: ConstraintEditor-2009: fpioa[23] is lack of SLEW, OUTPUT or INOUT PORT had better set SLEW, the optional value is {SLOW, FAST}.
C: ConstraintEditor-2009: fpioa[23] is lack of DRIVE, OUTPUT or INOUT PORT had better set DRIVE, the optional value is {8, 4, 12, 16}.
C: ConstraintEditor-2002: [F:/SocFpga/project/device_map/Hfpga_soc.pcf(line number: 26)] | Port fpioa[23] has been placed at location R26, whose type is share pin.
Executing : def_port {fpioa[23]} LOC=R26 VCCIO=3.3 IOSTANDARD=LVCMOS33 successfully
Executing : def_port {fpioa[24]} LOC=M26 VCCIO=3.3 IOSTANDARD=LVCMOS33
C: ConstraintEditor-2009: fpioa[24] is lack of SLEW, OUTPUT or INOUT PORT had better set SLEW, the optional value is {SLOW, FAST}.
C: ConstraintEditor-2009: fpioa[24] is lack of DRIVE, OUTPUT or INOUT PORT had better set DRIVE, the optional value is {8, 4, 12, 16}.
C: ConstraintEditor-2002: [F:/SocFpga/project/device_map/Hfpga_soc.pcf(line number: 27)] | Port fpioa[24] has been placed at location M26, whose type is share pin.
Executing : def_port {fpioa[24]} LOC=M26 VCCIO=3.3 IOSTANDARD=LVCMOS33 successfully
Executing : def_port {fpioa[25]} LOC=N26 VCCIO=3.3 IOSTANDARD=LVCMOS33
C: ConstraintEditor-2009: fpioa[25] is lack of SLEW, OUTPUT or INOUT PORT had better set SLEW, the optional value is {SLOW, FAST}.
C: ConstraintEditor-2009: fpioa[25] is lack of DRIVE, OUTPUT or INOUT PORT had better set DRIVE, the optional value is {8, 4, 12, 16}.
C: ConstraintEditor-2002: [F:/SocFpga/project/device_map/Hfpga_soc.pcf(line number: 28)] | Port fpioa[25] has been placed at location N26, whose type is share pin.
Executing : def_port {fpioa[25]} LOC=N26 VCCIO=3.3 IOSTANDARD=LVCMOS33 successfully
Executing : def_port {fpioa[26]} LOC=M22 VCCIO=3.3 IOSTANDARD=LVCMOS33
C: ConstraintEditor-2009: fpioa[26] is lack of SLEW, OUTPUT or INOUT PORT had better set SLEW, the optional value is {SLOW, FAST}.
C: ConstraintEditor-2009: fpioa[26] is lack of DRIVE, OUTPUT or INOUT PORT had better set DRIVE, the optional value is {8, 4, 12, 16}.
Executing : def_port {fpioa[26]} LOC=M22 VCCIO=3.3 IOSTANDARD=LVCMOS33 successfully
Executing : def_port {fpioa[27]} LOC=M21 VCCIO=3.3 IOSTANDARD=LVCMOS33
C: ConstraintEditor-2009: fpioa[27] is lack of SLEW, OUTPUT or INOUT PORT had better set SLEW, the optional value is {SLOW, FAST}.
C: ConstraintEditor-2009: fpioa[27] is lack of DRIVE, OUTPUT or INOUT PORT had better set DRIVE, the optional value is {8, 4, 12, 16}.
Executing : def_port {fpioa[27]} LOC=M21 VCCIO=3.3 IOSTANDARD=LVCMOS33 successfully
Executing : def_port {fpioa[28]} LOC=U26 VCCIO=3.3 IOSTANDARD=LVCMOS33
C: ConstraintEditor-2009: fpioa[28] is lack of SLEW, OUTPUT or INOUT PORT had better set SLEW, the optional value is {SLOW, FAST}.
C: ConstraintEditor-2009: fpioa[28] is lack of DRIVE, OUTPUT or INOUT PORT had better set DRIVE, the optional value is {8, 4, 12, 16}.
Executing : def_port {fpioa[28]} LOC=U26 VCCIO=3.3 IOSTANDARD=LVCMOS33 successfully
Executing : def_port {fpioa[29]} LOC=U25 VCCIO=3.3 IOSTANDARD=LVCMOS33
C: ConstraintEditor-2009: fpioa[29] is lack of SLEW, OUTPUT or INOUT PORT had better set SLEW, the optional value is {SLOW, FAST}.
C: ConstraintEditor-2009: fpioa[29] is lack of DRIVE, OUTPUT or INOUT PORT had better set DRIVE, the optional value is {8, 4, 12, 16}.
Executing : def_port {fpioa[29]} LOC=U25 VCCIO=3.3 IOSTANDARD=LVCMOS33 successfully
Executing : def_port {fpioa[30]} LOC=AC26 VCCIO=3.3 IOSTANDARD=LVCMOS33
C: ConstraintEditor-2009: fpioa[30] is lack of SLEW, OUTPUT or INOUT PORT had better set SLEW, the optional value is {SLOW, FAST}.
C: ConstraintEditor-2009: fpioa[30] is lack of DRIVE, OUTPUT or INOUT PORT had better set DRIVE, the optional value is {8, 4, 12, 16}.
Executing : def_port {fpioa[30]} LOC=AC26 VCCIO=3.3 IOSTANDARD=LVCMOS33 successfully
Executing : def_port {fpioa[31]} LOC=AB26 VCCIO=3.3 IOSTANDARD=LVCMOS33
C: ConstraintEditor-2009: fpioa[31] is lack of SLEW, OUTPUT or INOUT PORT had better set SLEW, the optional value is {SLOW, FAST}.
C: ConstraintEditor-2009: fpioa[31] is lack of DRIVE, OUTPUT or INOUT PORT had better set DRIVE, the optional value is {8, 4, 12, 16}.
Executing : def_port {fpioa[31]} LOC=AB26 VCCIO=3.3 IOSTANDARD=LVCMOS33 successfully
Executing : def_port {mem_dq[0]} LOC=G5 VCCIO=1.5 IOSTANDARD=HSTL15_I DRIVE=8 SLEW=SLOW NONE=TRUE
Executing : def_port {mem_dq[0]} LOC=G5 VCCIO=1.5 IOSTANDARD=HSTL15_I DRIVE=8 SLEW=SLOW NONE=TRUE successfully
Executing : def_port {mem_dq[1]} LOC=J6 VCCIO=1.5 IOSTANDARD=HSTL15_I DRIVE=8 SLEW=SLOW NONE=TRUE
C: ConstraintEditor-2002: [F:/SocFpga/project/device_map/Hfpga_soc.pcf(line number: 36)] | Port mem_dq[1] has been placed at location J6, whose type is share pin.
Executing : def_port {mem_dq[1]} LOC=J6 VCCIO=1.5 IOSTANDARD=HSTL15_I DRIVE=8 SLEW=SLOW NONE=TRUE successfully
Executing : def_port {mem_dq[2]} LOC=F5 VCCIO=1.5 IOSTANDARD=HSTL15_I DRIVE=8 SLEW=SLOW NONE=TRUE
Executing : def_port {mem_dq[2]} LOC=F5 VCCIO=1.5 IOSTANDARD=HSTL15_I DRIVE=8 SLEW=SLOW NONE=TRUE successfully
Executing : def_port {mem_dq[3]} LOC=L8 VCCIO=1.5 IOSTANDARD=HSTL15_I DRIVE=8 SLEW=SLOW NONE=TRUE
C: ConstraintEditor-2002: [F:/SocFpga/project/device_map/Hfpga_soc.pcf(line number: 38)] | Port mem_dq[3] has been placed at location L8, whose type is share pin.
Executing : def_port {mem_dq[3]} LOC=L8 VCCIO=1.5 IOSTANDARD=HSTL15_I DRIVE=8 SLEW=SLOW NONE=TRUE successfully
Executing : def_port {mem_dq[4]} LOC=G4 VCCIO=1.5 IOSTANDARD=HSTL15_I DRIVE=8 SLEW=SLOW NONE=TRUE
Executing : def_port {mem_dq[4]} LOC=G4 VCCIO=1.5 IOSTANDARD=HSTL15_I DRIVE=8 SLEW=SLOW NONE=TRUE successfully
Executing : def_port {mem_dq[5]} LOC=K7 VCCIO=1.5 IOSTANDARD=HSTL15_I DRIVE=8 SLEW=SLOW NONE=TRUE
C: ConstraintEditor-2002: [F:/SocFpga/project/device_map/Hfpga_soc.pcf(line number: 40)] | Port mem_dq[5] has been placed at location K7, whose type is share pin.
Executing : def_port {mem_dq[5]} LOC=K7 VCCIO=1.5 IOSTANDARD=HSTL15_I DRIVE=8 SLEW=SLOW NONE=TRUE successfully
Executing : def_port {mem_dq[6]} LOC=F4 VCCIO=1.5 IOSTANDARD=HSTL15_I DRIVE=8 SLEW=SLOW NONE=TRUE
Executing : def_port {mem_dq[6]} LOC=F4 VCCIO=1.5 IOSTANDARD=HSTL15_I DRIVE=8 SLEW=SLOW NONE=TRUE successfully
Executing : def_port {mem_dq[7]} LOC=J5 VCCIO=1.5 IOSTANDARD=HSTL15_I DRIVE=8 SLEW=SLOW NONE=TRUE
C: ConstraintEditor-2002: [F:/SocFpga/project/device_map/Hfpga_soc.pcf(line number: 42)] | Port mem_dq[7] has been placed at location J5, whose type is share pin.
Executing : def_port {mem_dq[7]} LOC=J5 VCCIO=1.5 IOSTANDARD=HSTL15_I DRIVE=8 SLEW=SLOW NONE=TRUE successfully
Executing : def_port {mem_dq[8]} LOC=H6 VCCIO=1.5 IOSTANDARD=HSTL15_I DRIVE=8 SLEW=SLOW NONE=TRUE
C: ConstraintEditor-2002: [F:/SocFpga/project/device_map/Hfpga_soc.pcf(line number: 43)] | Port mem_dq[8] has been placed at location H6, whose type is share pin.
Executing : def_port {mem_dq[8]} LOC=H6 VCCIO=1.5 IOSTANDARD=HSTL15_I DRIVE=8 SLEW=SLOW NONE=TRUE successfully
Executing : def_port {mem_dq[9]} LOC=F8 VCCIO=1.5 IOSTANDARD=HSTL15_I DRIVE=8 SLEW=SLOW NONE=TRUE
Executing : def_port {mem_dq[9]} LOC=F8 VCCIO=1.5 IOSTANDARD=HSTL15_I DRIVE=8 SLEW=SLOW NONE=TRUE successfully
Executing : def_port {mem_dq[10]} LOC=H8 VCCIO=1.5 IOSTANDARD=HSTL15_I DRIVE=8 SLEW=SLOW NONE=TRUE
C: ConstraintEditor-2002: [F:/SocFpga/project/device_map/Hfpga_soc.pcf(line number: 45)] | Port mem_dq[10] has been placed at location H8, whose type is share pin.
Executing : def_port {mem_dq[10]} LOC=H8 VCCIO=1.5 IOSTANDARD=HSTL15_I DRIVE=8 SLEW=SLOW NONE=TRUE successfully
Executing : def_port {mem_dq[11]} LOC=D6 VCCIO=1.5 IOSTANDARD=HSTL15_I DRIVE=8 SLEW=SLOW NONE=TRUE
C: ConstraintEditor-2002: [F:/SocFpga/project/device_map/Hfpga_soc.pcf(line number: 46)] | Port mem_dq[11] has been placed at location D6, whose type is share pin.
Executing : def_port {mem_dq[11]} LOC=D6 VCCIO=1.5 IOSTANDARD=HSTL15_I DRIVE=8 SLEW=SLOW NONE=TRUE successfully
Executing : def_port {mem_dq[12]} LOC=G8 VCCIO=1.5 IOSTANDARD=HSTL15_I DRIVE=8 SLEW=SLOW NONE=TRUE
C: ConstraintEditor-2002: [F:/SocFpga/project/device_map/Hfpga_soc.pcf(line number: 47)] | Port mem_dq[12] has been placed at location G8, whose type is share pin.
Executing : def_port {mem_dq[12]} LOC=G8 VCCIO=1.5 IOSTANDARD=HSTL15_I DRIVE=8 SLEW=SLOW NONE=TRUE successfully
Executing : def_port {mem_dq[13]} LOC=E6 VCCIO=1.5 IOSTANDARD=HSTL15_I DRIVE=8 SLEW=SLOW NONE=TRUE
C: ConstraintEditor-2002: [F:/SocFpga/project/device_map/Hfpga_soc.pcf(line number: 48)] | Port mem_dq[13] has been placed at location E6, whose type is share pin.
Executing : def_port {mem_dq[13]} LOC=E6 VCCIO=1.5 IOSTANDARD=HSTL15_I DRIVE=8 SLEW=SLOW NONE=TRUE successfully
Executing : def_port {mem_dq[14]} LOC=H9 VCCIO=1.5 IOSTANDARD=HSTL15_I DRIVE=8 SLEW=SLOW NONE=TRUE
Executing : def_port {mem_dq[14]} LOC=H9 VCCIO=1.5 IOSTANDARD=HSTL15_I DRIVE=8 SLEW=SLOW NONE=TRUE successfully
Executing : def_port {mem_dq[15]} LOC=G6 VCCIO=1.5 IOSTANDARD=HSTL15_I DRIVE=8 SLEW=SLOW NONE=TRUE
C: ConstraintEditor-2002: [F:/SocFpga/project/device_map/Hfpga_soc.pcf(line number: 50)] | Port mem_dq[15] has been placed at location G6, whose type is share pin.
Executing : def_port {mem_dq[15]} LOC=G6 VCCIO=1.5 IOSTANDARD=HSTL15_I DRIVE=8 SLEW=SLOW NONE=TRUE successfully
Executing : def_port {mem_dq[16]} LOC=C4 VCCIO=1.5 IOSTANDARD=HSTL15_I DRIVE=8 SLEW=SLOW NONE=TRUE
Executing : def_port {mem_dq[16]} LOC=C4 VCCIO=1.5 IOSTANDARD=HSTL15_I DRIVE=8 SLEW=SLOW NONE=TRUE successfully
Executing : def_port {mem_dq[17]} LOC=D4 VCCIO=1.5 IOSTANDARD=HSTL15_I DRIVE=8 SLEW=SLOW NONE=TRUE
Executing : def_port {mem_dq[17]} LOC=D4 VCCIO=1.5 IOSTANDARD=HSTL15_I DRIVE=8 SLEW=SLOW NONE=TRUE successfully
Executing : def_port {mem_dq[18]} LOC=A4 VCCIO=1.5 IOSTANDARD=HSTL15_I DRIVE=8 SLEW=SLOW NONE=TRUE
Executing : def_port {mem_dq[18]} LOC=A4 VCCIO=1.5 IOSTANDARD=HSTL15_I DRIVE=8 SLEW=SLOW NONE=TRUE successfully
Executing : def_port {mem_dq[19]} LOC=E3 VCCIO=1.5 IOSTANDARD=HSTL15_I DRIVE=8 SLEW=SLOW NONE=TRUE
Executing : def_port {mem_dq[19]} LOC=E3 VCCIO=1.5 IOSTANDARD=HSTL15_I DRIVE=8 SLEW=SLOW NONE=TRUE successfully
Executing : def_port {mem_dq[20]} LOC=C3 VCCIO=1.5 IOSTANDARD=HSTL15_I DRIVE=8 SLEW=SLOW NONE=TRUE
Executing : def_port {mem_dq[20]} LOC=C3 VCCIO=1.5 IOSTANDARD=HSTL15_I DRIVE=8 SLEW=SLOW NONE=TRUE successfully
Executing : def_port {mem_dq[21]} LOC=F3 VCCIO=1.5 IOSTANDARD=HSTL15_I DRIVE=8 SLEW=SLOW NONE=TRUE
Executing : def_port {mem_dq[21]} LOC=F3 VCCIO=1.5 IOSTANDARD=HSTL15_I DRIVE=8 SLEW=SLOW NONE=TRUE successfully
Executing : def_port {mem_dq[22]} LOC=B4 VCCIO=1.5 IOSTANDARD=HSTL15_I DRIVE=8 SLEW=SLOW NONE=TRUE
Executing : def_port {mem_dq[22]} LOC=B4 VCCIO=1.5 IOSTANDARD=HSTL15_I DRIVE=8 SLEW=SLOW NONE=TRUE successfully
Executing : def_port {mem_dq[23]} LOC=D3 VCCIO=1.5 IOSTANDARD=HSTL15_I DRIVE=8 SLEW=SLOW NONE=TRUE
Executing : def_port {mem_dq[23]} LOC=D3 VCCIO=1.5 IOSTANDARD=HSTL15_I DRIVE=8 SLEW=SLOW NONE=TRUE successfully
Executing : def_port {mem_dq[24]} LOC=F2 VCCIO=1.5 IOSTANDARD=HSTL15_I DRIVE=8 SLEW=SLOW NONE=TRUE
Executing : def_port {mem_dq[24]} LOC=F2 VCCIO=1.5 IOSTANDARD=HSTL15_I DRIVE=8 SLEW=SLOW NONE=TRUE successfully
Executing : def_port {mem_dq[25]} LOC=D1 VCCIO=1.5 IOSTANDARD=HSTL15_I DRIVE=8 SLEW=SLOW NONE=TRUE
Executing : def_port {mem_dq[25]} LOC=D1 VCCIO=1.5 IOSTANDARD=HSTL15_I DRIVE=8 SLEW=SLOW NONE=TRUE successfully
Executing : def_port {mem_dq[26]} LOC=G1 VCCIO=1.5 IOSTANDARD=HSTL15_I DRIVE=8 SLEW=SLOW NONE=TRUE
Executing : def_port {mem_dq[26]} LOC=G1 VCCIO=1.5 IOSTANDARD=HSTL15_I DRIVE=8 SLEW=SLOW NONE=TRUE successfully
Executing : def_port {mem_dq[27]} LOC=A2 VCCIO=1.5 IOSTANDARD=HSTL15_I DRIVE=8 SLEW=SLOW NONE=TRUE
Executing : def_port {mem_dq[27]} LOC=A2 VCCIO=1.5 IOSTANDARD=HSTL15_I DRIVE=8 SLEW=SLOW NONE=TRUE successfully
Executing : def_port {mem_dq[28]} LOC=E1 VCCIO=1.5 IOSTANDARD=HSTL15_I DRIVE=8 SLEW=SLOW NONE=TRUE
Executing : def_port {mem_dq[28]} LOC=E1 VCCIO=1.5 IOSTANDARD=HSTL15_I DRIVE=8 SLEW=SLOW NONE=TRUE successfully
Executing : def_port {mem_dq[29]} LOC=A3 VCCIO=1.5 IOSTANDARD=HSTL15_I DRIVE=8 SLEW=SLOW NONE=TRUE
Executing : def_port {mem_dq[29]} LOC=A3 VCCIO=1.5 IOSTANDARD=HSTL15_I DRIVE=8 SLEW=SLOW NONE=TRUE successfully
Executing : def_port {mem_dq[30]} LOC=G2 VCCIO=1.5 IOSTANDARD=HSTL15_I DRIVE=8 SLEW=SLOW NONE=TRUE
Executing : def_port {mem_dq[30]} LOC=G2 VCCIO=1.5 IOSTANDARD=HSTL15_I DRIVE=8 SLEW=SLOW NONE=TRUE successfully
Executing : def_port {mem_dq[31]} LOC=C2 VCCIO=1.5 IOSTANDARD=HSTL15_I DRIVE=8 SLEW=SLOW NONE=TRUE
Executing : def_port {mem_dq[31]} LOC=C2 VCCIO=1.5 IOSTANDARD=HSTL15_I DRIVE=8 SLEW=SLOW NONE=TRUE successfully
Executing : def_port {mem_dqs[0]} LOC=J4 VCCIO=1.5 IOSTANDARD=HSTL15D_I DRIVE=8 SLEW=SLOW NONE=TRUE
C: ConstraintEditor-2002: [F:/SocFpga/project/device_map/Hfpga_soc.pcf(line number: 67)] | Port mem_dqs[0] has been placed at location J4, whose type is share pin.
Executing : def_port {mem_dqs[0]} LOC=J4 VCCIO=1.5 IOSTANDARD=HSTL15D_I DRIVE=8 SLEW=SLOW NONE=TRUE successfully
Executing : def_port {mem_dqs[1]} LOC=H7 VCCIO=1.5 IOSTANDARD=HSTL15D_I DRIVE=8 SLEW=SLOW NONE=TRUE
C: ConstraintEditor-2002: [F:/SocFpga/project/device_map/Hfpga_soc.pcf(line number: 68)] | Port mem_dqs[1] has been placed at location H7, whose type is share pin.
Executing : def_port {mem_dqs[1]} LOC=H7 VCCIO=1.5 IOSTANDARD=HSTL15D_I DRIVE=8 SLEW=SLOW NONE=TRUE successfully
Executing : def_port {mem_dqs[2]} LOC=B5 VCCIO=1.5 IOSTANDARD=HSTL15D_I DRIVE=8 SLEW=SLOW NONE=TRUE
Executing : def_port {mem_dqs[2]} LOC=B5 VCCIO=1.5 IOSTANDARD=HSTL15D_I DRIVE=8 SLEW=SLOW NONE=TRUE successfully
Executing : def_port {mem_dqs[3]} LOC=C1 VCCIO=1.5 IOSTANDARD=HSTL15D_I DRIVE=8 SLEW=SLOW NONE=TRUE
Executing : def_port {mem_dqs[3]} LOC=C1 VCCIO=1.5 IOSTANDARD=HSTL15D_I DRIVE=8 SLEW=SLOW NONE=TRUE successfully
Executing : def_port {mem_dqs_n[0]} LOC=H4 VCCIO=1.5 IOSTANDARD=HSTL15D_I DRIVE=8 SLEW=SLOW NONE=TRUE
C: ConstraintEditor-2002: [F:/SocFpga/project/device_map/Hfpga_soc.pcf(line number: 71)] | Port mem_dqs_n[0] has been placed at location H4, whose type is share pin.
Executing : def_port {mem_dqs_n[0]} LOC=H4 VCCIO=1.5 IOSTANDARD=HSTL15D_I DRIVE=8 SLEW=SLOW NONE=TRUE successfully
Executing : def_port {mem_dqs_n[1]} LOC=G7 VCCIO=1.5 IOSTANDARD=HSTL15D_I DRIVE=8 SLEW=SLOW NONE=TRUE
C: ConstraintEditor-2002: [F:/SocFpga/project/device_map/Hfpga_soc.pcf(line number: 72)] | Port mem_dqs_n[1] has been placed at location G7, whose type is share pin.
Executing : def_port {mem_dqs_n[1]} LOC=G7 VCCIO=1.5 IOSTANDARD=HSTL15D_I DRIVE=8 SLEW=SLOW NONE=TRUE successfully
Executing : def_port {mem_dqs_n[2]} LOC=A5 VCCIO=1.5 IOSTANDARD=HSTL15D_I DRIVE=8 SLEW=SLOW NONE=TRUE
Executing : def_port {mem_dqs_n[2]} LOC=A5 VCCIO=1.5 IOSTANDARD=HSTL15D_I DRIVE=8 SLEW=SLOW NONE=TRUE successfully
Executing : def_port {mem_dqs_n[3]} LOC=B1 VCCIO=1.5 IOSTANDARD=HSTL15D_I DRIVE=8 SLEW=SLOW NONE=TRUE
Executing : def_port {mem_dqs_n[3]} LOC=B1 VCCIO=1.5 IOSTANDARD=HSTL15D_I DRIVE=8 SLEW=SLOW NONE=TRUE successfully
Executing : def_port {JTAG_TDO} LOC=T24 VCCIO=3.3 IOSTANDARD=LVCMOS33 SLEW=FAST
C: ConstraintEditor-2009: JTAG_TDO is lack of DRIVE, OUTPUT or INOUT PORT had better set DRIVE, the optional value is {8, 4, 12, 16}.
Executing : def_port {JTAG_TDO} LOC=T24 VCCIO=3.3 IOSTANDARD=LVCMOS33 SLEW=FAST successfully
Executing : def_port {core_active} LOC=A20 VCCIO=3.3 IOSTANDARD=LVCMOS33
C: ConstraintEditor-2009: core_active is lack of SLEW, OUTPUT or INOUT PORT had better set SLEW, the optional value is {SLOW, FAST}.
C: ConstraintEditor-2009: core_active is lack of DRIVE, OUTPUT or INOUT PORT had better set DRIVE, the optional value is {8, 4, 12, 16}.
Executing : def_port {core_active} LOC=A20 VCCIO=3.3 IOSTANDARD=LVCMOS33 successfully
Executing : def_port {flash_cs2_n} LOC=F25 VCCIO=3.3 IOSTANDARD=LVCMOS33
C: ConstraintEditor-2009: flash_cs2_n is lack of SLEW, OUTPUT or INOUT PORT had better set SLEW, the optional value is {SLOW, FAST}.
C: ConstraintEditor-2009: flash_cs2_n is lack of DRIVE, OUTPUT or INOUT PORT had better set DRIVE, the optional value is {8, 4, 12, 16}.
C: ConstraintEditor-2002: [F:/SocFpga/project/device_map/Hfpga_soc.pcf(line number: 77)] | Port flash_cs2_n has been placed at location F25, whose type is share pin.
Executing : def_port {flash_cs2_n} LOC=F25 VCCIO=3.3 IOSTANDARD=LVCMOS33 successfully
Executing : def_port {flash_cs_n} LOC=P18 VCCIO=3.3 IOSTANDARD=LVCMOS33
C: ConstraintEditor-2009: flash_cs_n is lack of SLEW, OUTPUT or INOUT PORT had better set SLEW, the optional value is {SLOW, FAST}.
C: ConstraintEditor-2009: flash_cs_n is lack of DRIVE, OUTPUT or INOUT PORT had better set DRIVE, the optional value is {8, 4, 12, 16}.
C: ConstraintEditor-2002: [F:/SocFpga/project/device_map/Hfpga_soc.pcf(line number: 78)] | Port flash_cs_n has been placed at location P18, whose type is share pin.
Executing : def_port {flash_cs_n} LOC=P18 VCCIO=3.3 IOSTANDARD=LVCMOS33 successfully
Executing : def_port {flash_hold_n} LOC=N14 VCCIO=3.3 IOSTANDARD=LVCMOS33
C: ConstraintEditor-2009: flash_hold_n is lack of SLEW, OUTPUT or INOUT PORT had better set SLEW, the optional value is {SLOW, FAST}.
C: ConstraintEditor-2009: flash_hold_n is lack of DRIVE, OUTPUT or INOUT PORT had better set DRIVE, the optional value is {8, 4, 12, 16}.
C: ConstraintEditor-2002: [F:/SocFpga/project/device_map/Hfpga_soc.pcf(line number: 79)] | Port flash_hold_n has been placed at location N14, whose type is share pin.
Executing : def_port {flash_hold_n} LOC=N14 VCCIO=3.3 IOSTANDARD=LVCMOS33 successfully
Executing : def_port {flash_mosi} LOC=R14 VCCIO=3.3 IOSTANDARD=LVCMOS33
C: ConstraintEditor-2009: flash_mosi is lack of SLEW, OUTPUT or INOUT PORT had better set SLEW, the optional value is {SLOW, FAST}.
C: ConstraintEditor-2009: flash_mosi is lack of DRIVE, OUTPUT or INOUT PORT had better set DRIVE, the optional value is {8, 4, 12, 16}.
C: ConstraintEditor-2002: [F:/SocFpga/project/device_map/Hfpga_soc.pcf(line number: 80)] | Port flash_mosi has been placed at location R14, whose type is share pin.
Executing : def_port {flash_mosi} LOC=R14 VCCIO=3.3 IOSTANDARD=LVCMOS33 successfully
Executing : def_port {flash_wp_n} LOC=P14 VCCIO=3.3 IOSTANDARD=LVCMOS33
C: ConstraintEditor-2009: flash_wp_n is lack of SLEW, OUTPUT or INOUT PORT had better set SLEW, the optional value is {SLOW, FAST}.
C: ConstraintEditor-2009: flash_wp_n is lack of DRIVE, OUTPUT or INOUT PORT had better set DRIVE, the optional value is {8, 4, 12, 16}.
C: ConstraintEditor-2002: [F:/SocFpga/project/device_map/Hfpga_soc.pcf(line number: 81)] | Port flash_wp_n has been placed at location P14, whose type is share pin.
Executing : def_port {flash_wp_n} LOC=P14 VCCIO=3.3 IOSTANDARD=LVCMOS33 successfully
Executing : def_port {mem_a[0]} LOC=J1 VCCIO=1.5 IOSTANDARD=HSTL15_I DRIVE=8 SLEW=SLOW NONE=TRUE
Executing : def_port {mem_a[0]} LOC=J1 VCCIO=1.5 IOSTANDARD=HSTL15_I DRIVE=8 SLEW=SLOW NONE=TRUE successfully
Executing : def_port {mem_a[1]} LOC=L3 VCCIO=1.5 IOSTANDARD=HSTL15_I DRIVE=8 SLEW=SLOW NONE=TRUE
Executing : def_port {mem_a[1]} LOC=L3 VCCIO=1.5 IOSTANDARD=HSTL15_I DRIVE=8 SLEW=SLOW NONE=TRUE successfully
Executing : def_port {mem_a[2]} LOC=L2 VCCIO=1.5 IOSTANDARD=HSTL15_I DRIVE=8 SLEW=SLOW NONE=TRUE
Executing : def_port {mem_a[2]} LOC=L2 VCCIO=1.5 IOSTANDARD=HSTL15_I DRIVE=8 SLEW=SLOW NONE=TRUE successfully
Executing : def_port {mem_a[3]} LOC=P3 VCCIO=1.5 IOSTANDARD=HSTL15_I DRIVE=8 SLEW=SLOW NONE=TRUE
Executing : def_port {mem_a[3]} LOC=P3 VCCIO=1.5 IOSTANDARD=HSTL15_I DRIVE=8 SLEW=SLOW NONE=TRUE successfully
Executing : def_port {mem_a[4]} LOC=T2 VCCIO=1.5 IOSTANDARD=HSTL15_I DRIVE=8 SLEW=SLOW NONE=TRUE
Executing : def_port {mem_a[4]} LOC=T2 VCCIO=1.5 IOSTANDARD=HSTL15_I DRIVE=8 SLEW=SLOW NONE=TRUE successfully
Executing : def_port {mem_a[5]} LOC=M1 VCCIO=1.5 IOSTANDARD=HSTL15_I DRIVE=8 SLEW=SLOW NONE=TRUE
Executing : def_port {mem_a[5]} LOC=M1 VCCIO=1.5 IOSTANDARD=HSTL15_I DRIVE=8 SLEW=SLOW NONE=TRUE successfully
Executing : def_port {mem_a[6]} LOC=U1 VCCIO=1.5 IOSTANDARD=HSTL15_I DRIVE=8 SLEW=SLOW NONE=TRUE
Executing : def_port {mem_a[6]} LOC=U1 VCCIO=1.5 IOSTANDARD=HSTL15_I DRIVE=8 SLEW=SLOW NONE=TRUE successfully
Executing : def_port {mem_a[7]} LOC=K1 VCCIO=1.5 IOSTANDARD=HSTL15_I DRIVE=8 SLEW=SLOW NONE=TRUE
Executing : def_port {mem_a[7]} LOC=K1 VCCIO=1.5 IOSTANDARD=HSTL15_I DRIVE=8 SLEW=SLOW NONE=TRUE successfully
Executing : def_port {mem_a[8]} LOC=U2 VCCIO=1.5 IOSTANDARD=HSTL15_I DRIVE=8 SLEW=SLOW NONE=TRUE
Executing : def_port {mem_a[8]} LOC=U2 VCCIO=1.5 IOSTANDARD=HSTL15_I DRIVE=8 SLEW=SLOW NONE=TRUE successfully
Executing : def_port {mem_a[9]} LOC=K2 VCCIO=1.5 IOSTANDARD=HSTL15_I DRIVE=8 SLEW=SLOW NONE=TRUE
Executing : def_port {mem_a[9]} LOC=K2 VCCIO=1.5 IOSTANDARD=HSTL15_I DRIVE=8 SLEW=SLOW NONE=TRUE successfully
Executing : def_port {mem_a[10]} LOC=T3 VCCIO=1.5 IOSTANDARD=HSTL15_I DRIVE=8 SLEW=SLOW NONE=TRUE
Executing : def_port {mem_a[10]} LOC=T3 VCCIO=1.5 IOSTANDARD=HSTL15_I DRIVE=8 SLEW=SLOW NONE=TRUE successfully
Executing : def_port {mem_a[11]} LOC=P1 VCCIO=1.5 IOSTANDARD=HSTL15_I DRIVE=8 SLEW=SLOW NONE=TRUE
Executing : def_port {mem_a[11]} LOC=P1 VCCIO=1.5 IOSTANDARD=HSTL15_I DRIVE=8 SLEW=SLOW NONE=TRUE successfully
Executing : def_port {mem_a[12]} LOC=T4 VCCIO=1.5 IOSTANDARD=HSTL15_I DRIVE=8 SLEW=SLOW NONE=TRUE
Executing : def_port {mem_a[12]} LOC=T4 VCCIO=1.5 IOSTANDARD=HSTL15_I DRIVE=8 SLEW=SLOW NONE=TRUE successfully
Executing : def_port {mem_a[13]} LOC=M2 VCCIO=1.5 IOSTANDARD=HSTL15_I DRIVE=8 SLEW=SLOW NONE=TRUE
Executing : def_port {mem_a[13]} LOC=M2 VCCIO=1.5 IOSTANDARD=HSTL15_I DRIVE=8 SLEW=SLOW NONE=TRUE successfully
Executing : def_port {mem_a[14]} LOC=N1 VCCIO=1.5 IOSTANDARD=HSTL15_I DRIVE=8 SLEW=SLOW NONE=TRUE
Executing : def_port {mem_a[14]} LOC=N1 VCCIO=1.5 IOSTANDARD=HSTL15_I DRIVE=8 SLEW=SLOW NONE=TRUE successfully
Executing : def_port {mem_ba[0]} LOC=P4 VCCIO=1.5 IOSTANDARD=HSTL15_I DRIVE=8 SLEW=SLOW NONE=TRUE
Executing : def_port {mem_ba[0]} LOC=P4 VCCIO=1.5 IOSTANDARD=HSTL15_I DRIVE=8 SLEW=SLOW NONE=TRUE successfully
Executing : def_port {mem_ba[1]} LOC=R2 VCCIO=1.5 IOSTANDARD=HSTL15_I DRIVE=8 SLEW=SLOW NONE=TRUE
Executing : def_port {mem_ba[1]} LOC=R2 VCCIO=1.5 IOSTANDARD=HSTL15_I DRIVE=8 SLEW=SLOW NONE=TRUE successfully
Executing : def_port {mem_ba[2]} LOC=T5 VCCIO=1.5 IOSTANDARD=HSTL15_I DRIVE=8 SLEW=SLOW NONE=TRUE
Executing : def_port {mem_ba[2]} LOC=T5 VCCIO=1.5 IOSTANDARD=HSTL15_I DRIVE=8 SLEW=SLOW NONE=TRUE successfully
Executing : def_port {mem_cas_n} LOC=T7 VCCIO=1.5 IOSTANDARD=HSTL15_I DRIVE=8 SLEW=SLOW NONE=TRUE
Executing : def_port {mem_cas_n} LOC=T7 VCCIO=1.5 IOSTANDARD=HSTL15_I DRIVE=8 SLEW=SLOW NONE=TRUE successfully
Executing : def_port {mem_ck} LOC=U6 VCCIO=1.5 IOSTANDARD=HSTL15D_I DRIVE=8 SLEW=SLOW NONE=TRUE
Executing : def_port {mem_ck} LOC=U6 VCCIO=1.5 IOSTANDARD=HSTL15D_I DRIVE=8 SLEW=SLOW NONE=TRUE successfully
Executing : def_port {mem_ck_n} LOC=U5 VCCIO=1.5 IOSTANDARD=HSTL15D_I DRIVE=8 SLEW=SLOW NONE=TRUE
Executing : def_port {mem_ck_n} LOC=U5 VCCIO=1.5 IOSTANDARD=HSTL15D_I DRIVE=8 SLEW=SLOW NONE=TRUE successfully
Executing : def_port {mem_cke} LOC=R1 VCCIO=1.5 IOSTANDARD=HSTL15_I DRIVE=8 SLEW=SLOW NONE=TRUE
Executing : def_port {mem_cke} LOC=R1 VCCIO=1.5 IOSTANDARD=HSTL15_I DRIVE=8 SLEW=SLOW NONE=TRUE successfully
Executing : def_port {mem_cs_n} LOC=N4 VCCIO=1.5 IOSTANDARD=HSTL15_I DRIVE=8 SLEW=SLOW NONE=TRUE
Executing : def_port {mem_cs_n} LOC=N4 VCCIO=1.5 IOSTANDARD=HSTL15_I DRIVE=8 SLEW=SLOW NONE=TRUE successfully
Executing : def_port {mem_dm[0]} LOC=K6 VCCIO=1.5 IOSTANDARD=HSTL15_I DRIVE=8 SLEW=SLOW NONE=TRUE
C: ConstraintEditor-2002: [F:/SocFpga/project/device_map/Hfpga_soc.pcf(line number: 105)] | Port mem_dm[0] has been placed at location K6, whose type is share pin.
Executing : def_port {mem_dm[0]} LOC=K6 VCCIO=1.5 IOSTANDARD=HSTL15_I DRIVE=8 SLEW=SLOW NONE=TRUE successfully
Executing : def_port {mem_dm[1]} LOC=F7 VCCIO=1.5 IOSTANDARD=HSTL15_I DRIVE=8 SLEW=SLOW NONE=TRUE
Executing : def_port {mem_dm[1]} LOC=F7 VCCIO=1.5 IOSTANDARD=HSTL15_I DRIVE=8 SLEW=SLOW NONE=TRUE successfully
Executing : def_port {mem_dm[2]} LOC=D5 VCCIO=1.5 IOSTANDARD=HSTL15_I DRIVE=8 SLEW=SLOW NONE=TRUE
Executing : def_port {mem_dm[2]} LOC=D5 VCCIO=1.5 IOSTANDARD=HSTL15_I DRIVE=8 SLEW=SLOW NONE=TRUE successfully
Executing : def_port {mem_dm[3]} LOC=E2 VCCIO=1.5 IOSTANDARD=HSTL15_I DRIVE=8 SLEW=SLOW NONE=TRUE
Executing : def_port {mem_dm[3]} LOC=E2 VCCIO=1.5 IOSTANDARD=HSTL15_I DRIVE=8 SLEW=SLOW NONE=TRUE successfully
Executing : def_port {mem_odt} LOC=H2 VCCIO=1.5 IOSTANDARD=HSTL15_I DRIVE=8 SLEW=SLOW NONE=TRUE
Executing : def_port {mem_odt} LOC=H2 VCCIO=1.5 IOSTANDARD=HSTL15_I DRIVE=8 SLEW=SLOW NONE=TRUE successfully
Executing : def_port {mem_ras_n} LOC=P6 VCCIO=1.5 IOSTANDARD=HSTL15_I DRIVE=8 SLEW=SLOW NONE=TRUE
Executing : def_port {mem_ras_n} LOC=P6 VCCIO=1.5 IOSTANDARD=HSTL15_I DRIVE=8 SLEW=SLOW NONE=TRUE successfully
Executing : def_port {mem_rst_n} LOC=H1 VCCIO=1.5 IOSTANDARD=HSTL15_I DRIVE=8 SLEW=SLOW NONE=TRUE
Executing : def_port {mem_rst_n} LOC=H1 VCCIO=1.5 IOSTANDARD=HSTL15_I DRIVE=8 SLEW=SLOW NONE=TRUE successfully
Executing : def_port {mem_we_n} LOC=T8 VCCIO=1.5 IOSTANDARD=HSTL15_I DRIVE=8 SLEW=SLOW NONE=TRUE
Executing : def_port {mem_we_n} LOC=T8 VCCIO=1.5 IOSTANDARD=HSTL15_I DRIVE=8 SLEW=SLOW NONE=TRUE successfully
Executing : def_port {JTAG_TCK} LOC=M24 VCCIO=3.3 IOSTANDARD=LVCMOS33 NONE=TRUE
C: ConstraintEditor-2002: [F:/SocFpga/project/device_map/Hfpga_soc.pcf(line number: 113)] | Port JTAG_TCK has been placed at location M24, whose type is share pin.
Executing : def_port {JTAG_TCK} LOC=M24 VCCIO=3.3 IOSTANDARD=LVCMOS33 NONE=TRUE successfully
Executing : def_port {JTAG_TDI} LOC=R20 VCCIO=3.3 IOSTANDARD=LVCMOS33 NONE=TRUE
C: ConstraintEditor-2002: [F:/SocFpga/project/device_map/Hfpga_soc.pcf(line number: 114)] | Port JTAG_TDI has been placed at location R20, whose type is share pin.
Executing : def_port {JTAG_TDI} LOC=R20 VCCIO=3.3 IOSTANDARD=LVCMOS33 NONE=TRUE successfully
Executing : def_port {JTAG_TMS} LOC=P19 VCCIO=3.3 IOSTANDARD=LVCMOS33 NONE=TRUE
C: ConstraintEditor-2002: [F:/SocFpga/project/device_map/Hfpga_soc.pcf(line number: 115)] | Port JTAG_TMS has been placed at location P19, whose type is share pin.
Executing : def_port {JTAG_TMS} LOC=P19 VCCIO=3.3 IOSTANDARD=LVCMOS33 NONE=TRUE successfully
Executing : def_port {clk} LOC=D18 VCCIO=3.3 IOSTANDARD=LVCMOS33
Executing : def_port {clk} LOC=D18 VCCIO=3.3 IOSTANDARD=LVCMOS33 successfully
Executing : def_port {clk_n} LOC=N2 VCCIO=1.5 IOSTANDARD=HSTL15D_I NONE=TRUE
Executing : def_port {clk_n} LOC=N2 VCCIO=1.5 IOSTANDARD=HSTL15D_I NONE=TRUE successfully
Executing : def_port {clk_p} LOC=N3 VCCIO=1.5 IOSTANDARD=HSTL15D_I NONE=TRUE
Executing : def_port {clk_p} LOC=N3 VCCIO=1.5 IOSTANDARD=HSTL15D_I NONE=TRUE successfully
Executing : def_port {flash_miso} LOC=R15 VCCIO=3.3 IOSTANDARD=LVCMOS33
C: ConstraintEditor-2002: [F:/SocFpga/project/device_map/Hfpga_soc.pcf(line number: 119)] | Port flash_miso has been placed at location R15, whose type is share pin.
Executing : def_port {flash_miso} LOC=R15 VCCIO=3.3 IOSTANDARD=LVCMOS33 successfully
Executing : def_port {hard_rst_n} LOC=C22 VCCIO=3.3 IOSTANDARD=LVCMOS33
Executing : def_port {hard_rst_n} LOC=C22 VCCIO=3.3 IOSTANDARD=LVCMOS33 successfully
Constraint check end.
I: Column Clock Check open.
Read Column Clock Map.

Placement started.
Phase 1 Pre global placement started.
Mapping instance GRS_INST/grs_ccs to CCS_75_622.
Mapping instance u_ddr3_ctrl/u_ddrphy_top/ddrphy_gpll/u_gpll/gpll_inst to GPLL_727_769.
Mapping instance u_pll/u_gpll/gpll_inst to GPLL_7_1381.
Mapping instance u_ddr3_ctrl/u_ddrphy_top/ddrphy_slice_top/i_dqs_bank[0].u_ddrphy_ioclkdiv/ddrphy_ioclk_div_inst to DDRPHY_IOCLK_DIV_728_616.
Mapping instance u_ddr3_ctrl/u_ddrphy_top/ddrphy_slice_top/i_dqs_bank[0].ddrphy_ppll/u_ppll/ppll_inst to PPLL_727_613.
Mapping instance u_ddr3_ctrl/u_ddrphy_top/ddrphy_slice_top/i_ca_group.ca_group[0].u_ddc_ca/ddc_inst to DDR_PHY_729_769.
Mapping instance u_ddr3_ctrl/u_ddrphy_top/ddrphy_slice_top/i_ca_group.ca_group[1].u_ddc_ca/ddc_inst to DDR_PHY_729_615.
Mapping instance u_ddr3_ctrl/u_ddrphy_top/ddrphy_slice_top/i_ca_group.ca_group[2].u_ddc_ca/ddc_inst to DDR_PHY_729_613.
Mapping instance u_ddr3_ctrl/u_ddrphy_top/ddrphy_slice_top/i_dqs_bank[1].u_ddrphy_ioclkdiv/ddrphy_ioclk_div_inst to DDRPHY_IOCLK_DIV_728_922.
Mapping instance u_ddr3_ctrl/u_ddrphy_top/ddrphy_slice_top/i_dqs_bank[1].ddrphy_ppll/u_ppll/ppll_inst to PPLL_727_919.
Mapping instance u_ddr3_ctrl/u_ddrphy_top/ddrphy_slice_top/i_dqs_group[0].ddrphy_data_slice/DDC.u_ddc_dq/ddc_inst_PHY to DDR_PHY_729_1075.
Mapping instance u_ddr3_ctrl/u_ddrphy_top/ddrphy_slice_top/i_dqs_group[1].ddrphy_data_slice/DDC.u_ddc_dq/ddc_inst_PHY to DDR_PHY_729_1077.
Mapping instance u_ddr3_ctrl/u_ddrphy_top/ddrphy_slice_top/i_dqs_group[2].ddrphy_data_slice/DDC.u_ddc_dq/ddc_inst_PHY to DDR_PHY_729_921.
Mapping instance u_ddr3_ctrl/u_ddrphy_top/ddrphy_slice_top/i_dqs_group[3].ddrphy_data_slice/DDC.u_ddc_dq/ddc_inst_PHY to DDR_PHY_729_919.
Phase 1.1 1st GP placement started.
Design Utilization : 9%.
Build SRB system takes 4.89 sec.
Wirelength after clock region global placement is 224894 and checksum is F768F4B0AF318224.
1st GP placement takes 9.69 sec.

Phase 1.2 Clock placement started.
Mapping instance u_ddr3_ctrl/u_ddrphy_top/ddrphy_slice_top/i_dqs_bank[0].u_clkbufr/goprclk to RCKB_723_762.
Mapping instance u_ddr3_ctrl/u_ddrphy_top/ddrphy_slice_top/i_dqs_bank[1].u_clkbufr/goprclk to RCKB_723_1068.
Mapping instance u_ddr3_ctrl/u_ddrphy_top/u_clkbufm/clkbufm_inst to MRCKB_721_762.
Mapping instance u_ddr3_ctrl/u_ddrphy_top/u_sysclk_bufg/gopclkbufg to USCM_383_882.
Mapping instance clkbufg_0/gopclkbufg to USCM_383_930.
Mapping instance u_ddr3_ctrl/u_ddrphy_top/rst_clk_gpll/u_gpll/gpll_inst to GPLL_7_769.
Mapping instance u_ddr3_ctrl/u_ddrphy_top/u_rst_clk_bufg/gopclkbufg to USCM_383_885.
C: Place-2028: GLOBAL_CLOCK: the driver GTP_INBUF_inst/opit_1 fixed at IOLHR_16_798 is unreasonable. Sub-optimal placement for a clock source and a clock buffer.
Mapping instance clkbufg_1/gopclkbufg to USCM_383_888.
Clock placement takes 0.53 sec.

Wirelength after Pre Global Placement is 224894 and checksum is F768F4B0AF318224.
Pre global placement takes 11.95 sec.

Phase 2 Global placement started.
Phase 2.1 Fixed placement started.
First map gop timing takes 1.70 sec
Init coarse delay table.
Read place coarse delay table takes 1.73 sec.
Placed fixed group with base inst GTP_INBUF_inst/opit_1 on IOLHR_16_798.
Placed fixed group with base inst JTAG_TDI_ibuf/opit_1 on IOLHR_16_696.
Placed fixed group with base inst JTAG_TDO_obuf/opit_1 on IOLHR_16_660.
Placed fixed group with base inst JTAG_TMS_ibuf/opit_1 on IOLHR_16_720.
Placed fixed group with base inst clk_ibuf/opit_1 on IOLHR_16_1386.
Placed fixed group with base inst core_active_obuf/opit_1 on IOLHR_16_1338.
Placed fixed group with base inst flash_cs2_n_obuf/opit_1 on IOLHR_16_936.
Placed fixed group with base inst flash_cs_n_obuf/opit_1 on IOLHR_16_846.
Placed fixed group with base inst flash_hold_n_obuf/opit_1 on IOLHR_16_888.
Placed fixed group with base inst flash_miso_ibuf/opit_1 on IOLHR_16_900.
Placed fixed group with base inst flash_mosi_obuf/opit_1 on IOLHR_16_906.
Placed fixed group with base inst flash_wp_n_obuf/opit_1 on IOLHR_16_894.
Placed fixed group with base inst hard_rst_n_ibuf/opit_1 on IOLHR_16_1296.
Placed fixed group with base inst mem_rst_n_obuf/opit_1 on IOLHR_724_792.
Placed fixed group with base inst u_ddr3_ctrl/u_ddrphy_top/ddrphy_slice_top/i_dqs_group[0].ddrphy_data_slice/dq_loop[0].u_iobuf_dq/opit_1 on IOLHR_724_1080.
Placed fixed group with base inst u_ddr3_ctrl/u_ddrphy_top/ddrphy_slice_top/i_dqs_group[0].ddrphy_data_slice/dq_loop[1].u_iobuf_dq/opit_1 on IOLHR_724_1140.
Placed fixed group with base inst u_ddr3_ctrl/u_ddrphy_top/ddrphy_slice_top/i_dqs_group[0].ddrphy_data_slice/dq_loop[2].u_iobuf_dq/opit_1 on IOLHR_724_1074.
Placed fixed group with base inst u_ddr3_ctrl/u_ddrphy_top/ddrphy_slice_top/i_dqs_group[0].ddrphy_data_slice/dq_loop[3].u_iobuf_dq/opit_1 on IOLHR_724_1128.
Placed fixed group with base inst u_ddr3_ctrl/u_ddrphy_top/ddrphy_slice_top/i_dqs_group[0].ddrphy_data_slice/dq_loop[4].u_iobuf_dq/opit_1 on IOLHR_724_1092.
Placed fixed group with base inst u_ddr3_ctrl/u_ddrphy_top/ddrphy_slice_top/i_dqs_group[0].ddrphy_data_slice/dq_loop[5].u_iobuf_dq/opit_1 on IOLHR_724_1104.
Placed fixed group with base inst u_ddr3_ctrl/u_ddrphy_top/ddrphy_slice_top/i_dqs_group[0].ddrphy_data_slice/dq_loop[6].u_iobuf_dq/opit_1 on IOLHR_724_1086.
Placed fixed group with base inst u_ddr3_ctrl/u_ddrphy_top/ddrphy_slice_top/i_dqs_group[0].ddrphy_data_slice/dq_loop[7].u_iobuf_dq/opit_1 on IOLHR_724_1134.
Placed fixed group with base inst u_ddr3_ctrl/u_ddrphy_top/ddrphy_slice_top/i_dqs_group[0].ddrphy_data_slice/iobuf.u_iobufco_dqs/opit_2 on IOLHR_724_1116.
Placed fixed group with base inst u_ddr3_ctrl/u_ddrphy_top/ddrphy_slice_top/i_dqs_group[0].ddrphy_data_slice/u_outbuft_dm/opit_1 on IOLHR_724_1098.
Placed fixed group with base inst u_ddr3_ctrl/u_ddrphy_top/ddrphy_slice_top/i_dqs_group[1].ddrphy_data_slice/dq_loop[0].u_iobuf_dq/opit_1 on IOLHR_724_1164.
Placed fixed group with base inst u_ddr3_ctrl/u_ddrphy_top/ddrphy_slice_top/i_dqs_group[1].ddrphy_data_slice/dq_loop[1].u_iobuf_dq/opit_1 on IOLHR_724_1176.
Placed fixed group with base inst u_ddr3_ctrl/u_ddrphy_top/ddrphy_slice_top/i_dqs_group[1].ddrphy_data_slice/dq_loop[2].u_iobuf_dq/opit_1 on IOLHR_724_1200.
Placed fixed group with base inst u_ddr3_ctrl/u_ddrphy_top/ddrphy_slice_top/i_dqs_group[1].ddrphy_data_slice/dq_loop[3].u_iobuf_dq/opit_1 on IOLHR_724_1206.
Placed fixed group with base inst u_ddr3_ctrl/u_ddrphy_top/ddrphy_slice_top/i_dqs_group[1].ddrphy_data_slice/dq_loop[4].u_iobuf_dq/opit_1 on IOLHR_724_1194.
Placed fixed group with base inst u_ddr3_ctrl/u_ddrphy_top/ddrphy_slice_top/i_dqs_group[1].ddrphy_data_slice/dq_loop[5].u_iobuf_dq/opit_1 on IOLHR_724_1212.
Placed fixed group with base inst u_ddr3_ctrl/u_ddrphy_top/ddrphy_slice_top/i_dqs_group[1].ddrphy_data_slice/dq_loop[6].u_iobuf_dq/opit_1 on IOLHR_724_1152.
Placed fixed group with base inst u_ddr3_ctrl/u_ddrphy_top/ddrphy_slice_top/i_dqs_group[1].ddrphy_data_slice/dq_loop[7].u_iobuf_dq/opit_1 on IOLHR_724_1158.
Placed fixed group with base inst u_ddr3_ctrl/u_ddrphy_top/ddrphy_slice_top/i_dqs_group[1].ddrphy_data_slice/iobuf.u_iobufco_dqs/opit_2 on IOLHR_724_1188.
Placed fixed group with base inst u_ddr3_ctrl/u_ddrphy_top/ddrphy_slice_top/i_dqs_group[1].ddrphy_data_slice/u_outbuft_dm/opit_1 on IOLHR_724_1170.
Placed fixed group with base inst u_ddr3_ctrl/u_ddrphy_top/ddrphy_slice_top/i_dqs_group[2].ddrphy_data_slice/dq_loop[0].u_iobuf_dq/opit_1 on IOLHR_724_1044.
Placed fixed group with base inst u_ddr3_ctrl/u_ddrphy_top/ddrphy_slice_top/i_dqs_group[2].ddrphy_data_slice/dq_loop[1].u_iobuf_dq/opit_1 on IOLHR_724_1050.
Placed fixed group with base inst u_ddr3_ctrl/u_ddrphy_top/ddrphy_slice_top/i_dqs_group[2].ddrphy_data_slice/dq_loop[2].u_iobuf_dq/opit_1 on IOLHR_724_1020.
Placed fixed group with base inst u_ddr3_ctrl/u_ddrphy_top/ddrphy_slice_top/i_dqs_group[2].ddrphy_data_slice/dq_loop[3].u_iobuf_dq/opit_1 on IOLHR_724_996.
Placed fixed group with base inst u_ddr3_ctrl/u_ddrphy_top/ddrphy_slice_top/i_dqs_group[2].ddrphy_data_slice/dq_loop[4].u_iobuf_dq/opit_1 on IOLHR_724_1008.
Placed fixed group with base inst u_ddr3_ctrl/u_ddrphy_top/ddrphy_slice_top/i_dqs_group[2].ddrphy_data_slice/dq_loop[5].u_iobuf_dq/opit_1 on IOLHR_724_1002.
Placed fixed group with base inst u_ddr3_ctrl/u_ddrphy_top/ddrphy_slice_top/i_dqs_group[2].ddrphy_data_slice/dq_loop[6].u_iobuf_dq/opit_1 on IOLHR_724_1026.
Placed fixed group with base inst u_ddr3_ctrl/u_ddrphy_top/ddrphy_slice_top/i_dqs_group[2].ddrphy_data_slice/dq_loop[7].u_iobuf_dq/opit_1 on IOLHR_724_1014.
Placed fixed group with base inst u_ddr3_ctrl/u_ddrphy_top/ddrphy_slice_top/i_dqs_group[2].ddrphy_data_slice/iobuf.u_iobufco_dqs/opit_2 on IOLHR_724_1038.
Placed fixed group with base inst u_ddr3_ctrl/u_ddrphy_top/ddrphy_slice_top/i_dqs_group[2].ddrphy_data_slice/u_outbuft_dm/opit_1 on IOLHR_724_1056.
Placed fixed group with base inst u_ddr3_ctrl/u_ddrphy_top/ddrphy_slice_top/i_dqs_group[3].ddrphy_data_slice/dq_loop[0].u_iobuf_dq/opit_1 on IOLHR_724_954.
Placed fixed group with base inst u_ddr3_ctrl/u_ddrphy_top/ddrphy_slice_top/i_dqs_group[3].ddrphy_data_slice/dq_loop[1].u_iobuf_dq/opit_1 on IOLHR_724_936.
Placed fixed group with base inst u_ddr3_ctrl/u_ddrphy_top/ddrphy_slice_top/i_dqs_group[3].ddrphy_data_slice/dq_loop[2].u_iobuf_dq/opit_1 on IOLHR_724_924.
Placed fixed group with base inst u_ddr3_ctrl/u_ddrphy_top/ddrphy_slice_top/i_dqs_group[3].ddrphy_data_slice/dq_loop[3].u_iobuf_dq/opit_1 on IOLHR_724_972.
Placed fixed group with base inst u_ddr3_ctrl/u_ddrphy_top/ddrphy_slice_top/i_dqs_group[3].ddrphy_data_slice/dq_loop[4].u_iobuf_dq/opit_1 on IOLHR_724_942.
Placed fixed group with base inst u_ddr3_ctrl/u_ddrphy_top/ddrphy_slice_top/i_dqs_group[3].ddrphy_data_slice/dq_loop[5].u_iobuf_dq/opit_1 on IOLHR_724_978.
Placed fixed group with base inst u_ddr3_ctrl/u_ddrphy_top/ddrphy_slice_top/i_dqs_group[3].ddrphy_data_slice/dq_loop[6].u_iobuf_dq/opit_1 on IOLHR_724_930.
Placed fixed group with base inst u_ddr3_ctrl/u_ddrphy_top/ddrphy_slice_top/i_dqs_group[3].ddrphy_data_slice/dq_loop[7].u_iobuf_dq/opit_1 on IOLHR_724_990.
Placed fixed group with base inst u_ddr3_ctrl/u_ddrphy_top/ddrphy_slice_top/i_dqs_group[3].ddrphy_data_slice/iobuf.u_iobufco_dqs/opit_2 on IOLHR_724_966.
Placed fixed group with base inst u_ddr3_ctrl/u_ddrphy_top/ddrphy_slice_top/i_dqs_group[3].ddrphy_data_slice/u_outbuft_dm/opit_1 on IOLHR_724_948.
Placed fixed group with base inst u_ddr3_ctrl/u_ddrphy_top/ddrphy_slice_top/i_mem_addr_0[0].u_outbuft_addr0/opit_1 on IOLHR_724_828.
Placed fixed group with base inst u_ddr3_ctrl/u_ddrphy_top/ddrphy_slice_top/i_mem_addr_0[1].u_outbuft_addr0/opit_1 on IOLHR_724_822.
Placed fixed group with base inst u_ddr3_ctrl/u_ddrphy_top/ddrphy_slice_top/i_mem_addr_0[2].u_outbuft_addr0/opit_1 on IOLHR_724_780.
Placed fixed group with base inst u_ddr3_ctrl/u_ddrphy_top/ddrphy_slice_top/i_mem_addr_0[3].u_outbuft_addr0/opit_1 on IOLHR_724_750.
Placed fixed group with base inst u_ddr3_ctrl/u_ddrphy_top/ddrphy_slice_top/i_mem_addr_0[4].u_outbuft_addr0/opit_1 on IOLHR_724_708.
Placed fixed group with base inst u_ddr3_ctrl/u_ddrphy_top/ddrphy_slice_top/i_mem_addr_0[5].u_outbuft_addr0/opit_1 on IOLHR_724_804.
Placed fixed group with base inst u_ddr3_ctrl/u_ddrphy_top/ddrphy_slice_top/i_mem_addr_0[6].u_outbuft_addr0/opit_1 on IOLHR_724_690.
Placed fixed group with base inst u_ddr3_ctrl/u_ddrphy_top/ddrphy_slice_top/i_mem_addr_0[7].u_outbuft_addr0/opit_1 on IOLHR_724_834.
Placed fixed group with base inst u_ddr3_ctrl/u_ddrphy_top/ddrphy_slice_top/i_mem_addr_0[8].u_outbuft_addr0/opit_1 on IOLHR_724_696.
Placed fixed group with base inst u_ddr3_ctrl/u_ddrphy_top/ddrphy_slice_top/i_mem_addr_0[9].u_outbuft_addr0/opit_1 on IOLHR_724_816.
Placed fixed group with base inst u_ddr3_ctrl/u_ddrphy_top/ddrphy_slice_top/i_mem_addr_0[10].u_outbuft_addr0/opit_1 on IOLHR_724_714.
Placed fixed group with base inst u_ddr3_ctrl/u_ddrphy_top/ddrphy_slice_top/i_mem_addr_0[11].u_outbuft_addr0/opit_1 on IOLHR_724_726.
Placed fixed group with base inst u_ddr3_ctrl/u_ddrphy_top/ddrphy_slice_top/i_mem_addr_0[12].u_outbuft_addr0/opit_1 on IOLHR_724_720.
Placed fixed group with base inst u_ddr3_ctrl/u_ddrphy_top/ddrphy_slice_top/i_mem_addr_0[13].u_outbuft_addr0/opit_1 on IOLHR_724_786.
Placed fixed group with base inst u_ddr3_ctrl/u_ddrphy_top/ddrphy_slice_top/i_mem_addr_0[14].u_outbuft_addr0/opit_1 on IOLHR_724_810.
Placed fixed group with base inst u_ddr3_ctrl/u_ddrphy_top/ddrphy_slice_top/k_mem_ba[0].u_outbuft_ba/opit_1 on IOLHR_724_744.
Placed fixed group with base inst u_ddr3_ctrl/u_ddrphy_top/ddrphy_slice_top/k_mem_ba[1].u_outbuft_ba/opit_1 on IOLHR_724_702.
Placed fixed group with base inst u_ddr3_ctrl/u_ddrphy_top/ddrphy_slice_top/k_mem_ba[2].u_outbuft_ba/opit_1 on IOLHR_724_672.
Placed fixed group with base inst u_ddr3_ctrl/u_ddrphy_top/ddrphy_slice_top/u_outbuft_casn/opit_1 on IOLHR_724_618.
Placed fixed group with base inst u_ddr3_ctrl/u_ddrphy_top/ddrphy_slice_top/u_outbuft_cke/opit_1 on IOLHR_724_732.
Placed fixed group with base inst u_ddr3_ctrl/u_ddrphy_top/ddrphy_slice_top/u_outbuft_csn/opit_1 on IOLHR_724_738.
Placed fixed group with base inst u_ddr3_ctrl/u_ddrphy_top/ddrphy_slice_top/u_outbuft_odt/opit_1 on IOLHR_724_798.
Placed fixed group with base inst u_ddr3_ctrl/u_ddrphy_top/ddrphy_slice_top/u_outbuft_rasn/opit_1 on IOLHR_724_684.
Placed fixed group with base inst u_ddr3_ctrl/u_ddrphy_top/ddrphy_slice_top/u_outbuft_wen/opit_1 on IOLHR_724_624.
Placed fixed group with base inst u_ddr3_ctrl/u_ddrphy_top/ddrphy_slice_top/u_outbuftco_ck/opit_3 on IOLHR_724_660.
Placed fixed group with base inst u_ddr_refclk_buf/opit_2 on IOLHR_724_774.
Placed fixed group with base inst u_fpioa.fpioa_tri[0]/opit_1 on IOLHR_16_1248.
Placed fixed group with base inst u_fpioa.fpioa_tri[1]/opit_1 on IOLHR_16_1242.
Placed fixed group with base inst u_fpioa.fpioa_tri[2]/opit_1 on IOLHR_16_636.
Placed fixed group with base inst u_fpioa.fpioa_tri[3]/opit_1 on IOLHR_16_834.
Placed fixed group with base inst u_fpioa.fpioa_tri[4]/opit_1 on IOLHR_16_786.
Placed fixed group with base inst u_fpioa.fpioa_tri[5]/opit_1 on IOLHR_16_552.
Placed fixed group with base inst u_fpioa.fpioa_tri[6]/opit_1 on IOLHR_16_528.
Placed fixed group with base inst u_fpioa.fpioa_tri[7]/opit_1 on IOLHR_16_504.
Placed fixed group with base inst u_fpioa.fpioa_tri[8]/opit_1 on IOLHR_16_1362.
Placed fixed group with base inst u_fpioa.fpioa_tri[9]/opit_1 on IOLHR_16_1380.
Placed fixed group with base inst u_fpioa.fpioa_tri[10]/opit_1 on IOLHR_16_1392.
Placed fixed group with base inst u_fpioa.fpioa_tri[11]/opit_1 on IOLHR_16_1422.
Placed fixed group with base inst u_fpioa.fpioa_tri[12]/opit_1 on IOLHR_16_1290.
Placed fixed group with base inst u_fpioa.fpioa_tri[13]/opit_1 on IOLHR_16_1320.
Placed fixed group with base inst u_fpioa.fpioa_tri[14]/opit_1 on IOLHR_16_1314.
Placed fixed group with base inst u_fpioa.fpioa_tri[15]/opit_1 on IOLHR_16_1344.
Placed fixed group with base inst u_fpioa.fpioa_tri[16]/opit_1 on IOLHR_16_780.
Placed fixed group with base inst u_fpioa.fpioa_tri[17]/opit_1 on IOLHR_16_546.
Placed fixed group with base inst u_fpioa.fpioa_tri[18]/opit_1 on IOLHR_16_522.
Placed fixed group with base inst u_fpioa.fpioa_tri[19]/opit_1 on IOLHR_16_498.
Placed fixed group with base inst u_fpioa.fpioa_tri[20]/opit_1 on IOLHR_16_618.
Placed fixed group with base inst u_fpioa.fpioa_tri[21]/opit_1 on IOLHR_16_624.
Placed fixed group with base inst u_fpioa.fpioa_tri[22]/opit_1 on IOLHR_16_642.
Placed fixed group with base inst u_fpioa.fpioa_tri[23]/opit_1 on IOLHR_16_648.
Placed fixed group with base inst u_fpioa.fpioa_tri[24]/opit_1 on IOLHR_16_666.
Placed fixed group with base inst u_fpioa.fpioa_tri[25]/opit_1 on IOLHR_16_672.
Placed fixed group with base inst u_fpioa.fpioa_tri[26]/opit_1 on IOLHR_16_768.
Placed fixed group with base inst u_fpioa.fpioa_tri[27]/opit_1 on IOLHR_16_774.
Placed fixed group with base inst u_fpioa.fpioa_tri[28]/opit_1 on IOLHR_16_594.
Placed fixed group with base inst u_fpioa.fpioa_tri[29]/opit_1 on IOLHR_16_600.
Placed fixed group with base inst u_fpioa.fpioa_tri[30]/opit_1 on IOLHR_16_570.
Placed fixed group with base inst u_fpioa.fpioa_tri[31]/opit_1 on IOLHR_16_576.
Placed fixed instance GRS_INST/grs_ccs on CCS_75_622.
Placed fixed instance clkbufg_0/gopclkbufg on USCM_383_930.
Placed fixed instance clkbufg_1/gopclkbufg on USCM_383_888.
Placed fixed instance u_ddr3_ctrl/u_ddrphy_top/ddrphy_gpll/u_gpll/gpll_inst on GPLL_727_769.
Placed fixed instance u_ddr3_ctrl/u_ddrphy_top/ddrphy_slice_top/i_ca_group.ca_group[0].u_ddc_ca/ddc_inst on DDR_PHY_729_769.
Placed fixed instance u_ddr3_ctrl/u_ddrphy_top/ddrphy_slice_top/i_ca_group.ca_group[1].u_ddc_ca/ddc_inst on DDR_PHY_729_615.
Placed fixed instance u_ddr3_ctrl/u_ddrphy_top/ddrphy_slice_top/i_ca_group.ca_group[2].u_ddc_ca/ddc_inst on DDR_PHY_729_613.
Placed fixed instance u_ddr3_ctrl/u_ddrphy_top/ddrphy_slice_top/i_dqs_bank[0].ddrphy_ppll/u_ppll/ppll_inst on PPLL_727_613.
Placed fixed instance u_ddr3_ctrl/u_ddrphy_top/ddrphy_slice_top/i_dqs_bank[0].u_clkbufr/goprclk on RCKB_723_762.
Placed fixed instance u_ddr3_ctrl/u_ddrphy_top/ddrphy_slice_top/i_dqs_bank[0].u_ddrphy_ioclkdiv/ddrphy_ioclk_div_inst on DDRPHY_IOCLK_DIV_728_616.
Placed fixed instance u_ddr3_ctrl/u_ddrphy_top/ddrphy_slice_top/i_dqs_bank[1].ddrphy_ppll/u_ppll/ppll_inst on PPLL_727_919.
Placed fixed instance u_ddr3_ctrl/u_ddrphy_top/ddrphy_slice_top/i_dqs_bank[1].u_clkbufr/goprclk on RCKB_723_1068.
Placed fixed instance u_ddr3_ctrl/u_ddrphy_top/ddrphy_slice_top/i_dqs_bank[1].u_ddrphy_ioclkdiv/ddrphy_ioclk_div_inst on DDRPHY_IOCLK_DIV_728_922.
Placed fixed instance u_ddr3_ctrl/u_ddrphy_top/ddrphy_slice_top/i_dqs_group[0].ddrphy_data_slice/DDC.u_ddc_dq/ddc_inst_PHY on DDR_PHY_729_1075.
Placed fixed instance u_ddr3_ctrl/u_ddrphy_top/ddrphy_slice_top/i_dqs_group[1].ddrphy_data_slice/DDC.u_ddc_dq/ddc_inst_PHY on DDR_PHY_729_1077.
Placed fixed instance u_ddr3_ctrl/u_ddrphy_top/ddrphy_slice_top/i_dqs_group[2].ddrphy_data_slice/DDC.u_ddc_dq/ddc_inst_PHY on DDR_PHY_729_921.
Placed fixed instance u_ddr3_ctrl/u_ddrphy_top/ddrphy_slice_top/i_dqs_group[3].ddrphy_data_slice/DDC.u_ddc_dq/ddc_inst_PHY on DDR_PHY_729_919.
Placed fixed instance u_ddr3_ctrl/u_ddrphy_top/rst_clk_gpll/u_gpll/gpll_inst on GPLL_7_769.
Placed fixed instance u_ddr3_ctrl/u_ddrphy_top/u_clkbufm/clkbufm_inst on MRCKB_721_762.
Placed fixed instance u_ddr3_ctrl/u_ddrphy_top/u_rst_clk_bufg/gopclkbufg on USCM_383_885.
Placed fixed instance u_ddr3_ctrl/u_ddrphy_top/u_sysclk_bufg/gopclkbufg on USCM_383_882.
Placed fixed instance u_pll/u_gpll/gpll_inst on GPLL_7_1381.
Placed fixed instance BKCL_auto_0 on BKCL_1_1258.
Placed fixed instance BKCL_auto_1 on BKCL_1_952.
Placed fixed instance BKCL_auto_2 on BKCL_1_646.
Placed fixed instance BKCL_auto_3 on BKCL_1_340.
Placed fixed instance BKCL_auto_4 on BKCL_733_952.
Placed fixed instance BKCL_auto_5 on BKCL_733_646.
Fixed placement takes 4.98 sec.

Phase 2.2 Process placement started.
I: The IO driver of u_ddr3_ctrl/u_ddrphy_top/rst_clk_gpll/u_gpll/gpll_inst(CLKIN1) is not constraint at pllpad, its clock path will pass through SRB.
Process placement takes 0.00 sec.

Phase 2.3 IO placement started.
IO placement takes 0.12 sec.

PBM start.
Total cost after SA planning is 79858.310000.
SA total time: 6893 msec
PBM of GP end, takes 4.03 sec.
Phase 2.4 2nd GP placement started.
Run super clustering :
	Initial slack -12292.
	10 iterations finished.
	Final slack -7072.
Super clustering done.
Design Utilization : 9%.
I: GP end with result: density(0.002774)
Worst slack after global placement is 624
2nd GP placement takes 20.08 sec.

Wirelength after global placement is 210437 and checksum is 77300A1669EA5F0B.
Global placement takes 29.30 sec.

Phase 3 Post global placement started.
Phase 3.1 Macro cell placement started.
I: Process macros using "Global".
Wirelength after macro cell placement is 221393 and checksum is 8395A2F589F8C43C.
Macro cell placement takes 0.44 sec.

PBM start.
PBM of PostGP end, takes 0.00 sec.
Phase 3.2 3rd GP placement started.
Design Utilization : 9%.
I: GP end with result: density(0.001975)
Worst slack after post global placement is 904
3rd GP placement takes 8.41 sec.

Wirelength after post global placement is 206961 and checksum is 161026FE800D95F0.
Packing LUT6D started.
I: LUT6D pack result: There are 6766 LUT6 in collection, pack success:214
Packing LUT6D takes 4.36 sec.
Post global placement takes 13.27 sec.

Phase 4 Legalization started.
The average distance in LP is 0.366542.
Wirelength after legalization is 229623 and checksum is C8C8F9A59F1BE239.
Legalization takes 0.97 sec.

Phase 5 Timing-driven detailed placement started.
Phase 5.1 Replication placement started.
Worst slack before Replication Place is -30.
Replication placement takes 7.66 sec.

Wirelength after replication placement is 230094 and checksum is 37062949ED109502.
Phase 5.2 Swapping placement started.
Worst slack before detailed placement is -5, TNS before detailed placement is -53. 
Cost at Swap iteration 0 : -5, wslk 169, tns 0, takes 2.81 sec.
    wire length at Swap iteration 0 : last 230604.00, curr 230438.00, change rate -0.07%
Cost at DP iteration 0 : 169, wslk 1308, tns 0, takes 2.75 sec.
    wire length at DP iteration 0 : last 230438.00, curr 234335.00, change rate 1.69%
Worst slack after detailed placement is 1308, TNS after detailed placement is 0. 
Swapping placement takes 6.42 sec.

I: Place-6001: Add the new LUT instances CLMA_285_847(/devDL6) replicated by the LUT instance CLMA_285_829(/devAL6).
Origin u_cpu/u_exu/N93_6[12]/gateop replicates:
    CLMA_285_847(/devDL6) : u_cpu/u_exu/N93_6[12]/gateop_1(gopLUT6)
I: Place-6001: Add the new LUT instances CLMA_291_750(/devCL6L5Q) replicated by the LUT instance CLMS_291_787(/devDL6L5Q_S).
Origin u_cpu/u_memu/N87/gateop_LUT6DL5 replicates:
    CLMA_291_750(/devCL6L5Q) : u_cpu/u_memu/N87/gateop_LUT6DL5_1(gopLUT6L5)
I: Place-6001: Add the new LUT instances CLMA_285_799(/devDL6L5Q) replicated by the LUT instance CLMA_291_810(/devBL6L5Q).
Origin u_cpu/u_exu/N94[1]/gateop_LUT6DL5 replicates:
    CLMA_285_799(/devDL6L5Q) : u_cpu/u_exu/N94[1]/gateop_LUT6DL5_1(gopLUT6L5)
I: Place-6001: Add the new LUT instances CLMA_303_804(/devDL6) CLMA_315_816(/devCL6) replicated by the LUT instance CLMA_291_822(/devAL6).
Origin u_cpu/u_exu/N93_6[19]/gateop replicates:
    CLMA_303_804(/devDL6) : u_cpu/u_exu/N93_6[19]/gateop_1(gopLUT6)
    CLMA_315_816(/devCL6) : u_cpu/u_exu/N93_6[19]/gateop_2(gopLUT6)
I: Place-6001: Add the new FF instances CLMA_291_822(/FFAPP2/FF) CLMA_339_798(/FFAPP1/FF) replicated by the FF instance CLMA_273_811(/FFAPP0/FF) .
Origin u_cpu/u_exu/ex_csr_addr[6]/opit_0_L5Q replicates:
    CLMA_291_822(/FFAPP2/FF)  : u_cpu/u_exu/ex_csr_addr[6]/opit_0_L5Q_1(gopLUT6L5Q)
    CLMA_339_798(/FFAPP1/FF)  : u_cpu/u_exu/ex_csr_addr[6]/opit_0_L5Q_2(gopLUT6L5Q)
I: Place-6001: Add the new LUT instances CLMA_303_816(/devDL6) replicated by the LUT instance CLMA_339_816(/devAL6).
Origin u_cpu/u_exu/u_csr/csr_rdata_54[0]/LUT6_inst replicates:
    CLMA_303_816(/devDL6) : u_cpu/u_exu/u_csr/csr_rdata_54[0]/LUT6_inst_1(gopLUT6)
I: Place-6001: Add the new LUT instances CLMS_291_805(/devBL6_S) CLMA_297_835(/devBL6) replicated by the LUT instance CLMA_303_822(/devCL6).
Origin u_cpu/u_exu/N93_6[17]/gateop replicates:
    CLMS_291_805(/devBL6_S) : u_cpu/u_exu/N93_6[17]/gateop_1(gopLUT6)
    CLMA_297_835(/devBL6) : u_cpu/u_exu/N93_6[17]/gateop_2(gopLUT6)
I: Place-6001: Add the new LUT instances CLMA_315_810(/devCL6) replicated by the LUT instance CLMA_285_835(/devBL6).
Origin u_cpu/u_exu/N93_6[20]/gateop replicates:
    CLMA_315_810(/devCL6) : u_cpu/u_exu/N93_6[20]/gateop_1(gopLUT6)
I: Place-6001: Add the new LUT instances CLMA_285_811(/devCL6) replicated by the LUT instance CLMA_297_817(/devBL6).
Origin u_cpu/u_exu/N93_6[1]/gateop replicates:
    CLMA_285_811(/devCL6) : u_cpu/u_exu/N93_6[1]/gateop_1(gopLUT6)
I: Place-6001: Add the new LUT instances CLMA_219_769(/devAL6) replicated by the LUT instance CLMS_207_769(/devAL6_S).
Origin u_cpu/u_dcache/N1041[22]/LUT6_inst replicates:
    CLMA_219_769(/devAL6) : u_cpu/u_dcache/N1041[22]/LUT6_inst_1(gopLUT6)
I: Place-6001: Add the new FF instances CLMA_285_829(/FF0/FF) replicated by the FF instance CLMA_297_822(/FF0/FF) .
Origin u_cpu/u_exu/ex_pc[10]/opit_0 replicates:
    CLMA_285_829(/FF0/FF)  : u_cpu/u_exu/ex_pc[10]/opit_1(gopQ)
I: Place-6001: Add the new LUT instances CLMA_291_852(/devDL6) replicated by the LUT instance CLMA_297_804(/devDL6).
Origin u_cpu/u_exu/N93_6[26]/gateop replicates:
    CLMA_291_852(/devDL6) : u_cpu/u_exu/N93_6[26]/gateop_1(gopLUT6)
I: Place-6001: Add the new LUT instances CLMA_183_703(/devAL6L5Q) CLMS_207_703(/devDL6L5Q_S) replicated by the LUT instance CLMA_213_780(/devDL6L5Q).
Origin u_cpu/u_dcache/N883_0/gateop_LUT6DL5 replicates:
    CLMA_183_703(/devAL6L5Q) : u_cpu/u_dcache/N883_0/gateop_LUT6DL5_1(gopLUT6L5)
    CLMS_207_703(/devDL6L5Q_S) : u_cpu/u_dcache/N883_0/gateop_LUT6DL5_2(gopLUT6L5)
I: Place-6001: Add the new LUT instances CLMA_285_756(/devDL6) replicated by the LUT instance CLMA_303_792(/devAL6).
Origin u_cpu/u_exu/N141_22[7]/gateop replicates:
    CLMA_285_756(/devDL6) : u_cpu/u_exu/N141_22[7]/gateop_1(gopLUT6)
I: Place-6001: Add the new LUT instances CLMA_273_780(/devL7L6CD) replicated by the LUT instance CLMA_303_774(/devL7L6AB).
Origin u_cpu/u_exu/u_alu/N49_33[9]_muxf7 replicates:
    CLMA_273_780(/devL7L6CD) : u_cpu/u_exu/u_alu/N49_33[9]_muxf7_1(gopLUT7L6AB)
I: Place-6001: Add the new LUT instances CLMA_303_817(/devCL6) replicated by the LUT instance CLMA_327_822(/devAL6).
Origin u_cpu/u_exu/u_csr/csr_rdata_54[21]/gateop replicates:
    CLMA_303_817(/devCL6) : u_cpu/u_exu/u_csr/csr_rdata_54[21]/gateop_1(gopLUT6)
I: Place-6001: Add the new LUT instances CLMA_327_811(/devBL6L5Q) CLMA_327_846(/devDL6L5Q) CLMA_315_853(/devBL6L5Q) replicated by the LUT instance CLMA_303_822(/devBL6L5Q).
Origin u_cpu/u_exu/u_csr/csr_rdata_46[5]_1/LUT6D_inst replicates:
    CLMA_327_811(/devBL6L5Q) : u_cpu/u_exu/u_csr/csr_rdata_46[5]_1/LUT6D_inst_1(gopLUT6L5)
    CLMA_327_846(/devDL6L5Q) : u_cpu/u_exu/u_csr/csr_rdata_46[5]_1/LUT6D_inst_2(gopLUT6L5)
    CLMA_315_853(/devBL6L5Q) : u_cpu/u_exu/u_csr/csr_rdata_46[5]_1/LUT6D_inst_3(gopLUT6L5)
I: Place-6001: Add the new LUT instances CLMA_339_834(/devBL6) replicated by the LUT instance CLMA_303_799(/devAL6).
Origin u_cpu/u_exu/u_csr/csr_rdata_54[6]/LUT6_inst replicates:
    CLMA_339_834(/devBL6) : u_cpu/u_exu/u_csr/csr_rdata_54[6]/LUT6_inst_1(gopLUT6)
I: Place-6001: Add the new LUT instances CLMA_273_810(/devDL6L5Q) CLMA_303_847(/devBL6L5Q) replicated by the LUT instance CLMA_339_822(/devBL6L5Q).
Origin u_cpu/u_exu/u_csr/csr_rdata_17[4]_3/LUT6D_inst replicates:
    CLMA_273_810(/devDL6L5Q) : u_cpu/u_exu/u_csr/csr_rdata_17[4]_3/LUT6D_inst_1(gopLUT6L5)
    CLMA_303_847(/devBL6L5Q) : u_cpu/u_exu/u_csr/csr_rdata_17[4]_3/LUT6D_inst_2(gopLUT6L5)
I: Place-6001: Add the new LUT instances CLMS_261_829(/devDL6L5Q_S) replicated by the LUT instance CLMA_297_817(/devAL6L5Q).
Origin u_cpu/u_exu/N103/gateop_LUT6DL5 replicates:
    CLMS_261_829(/devDL6L5Q_S) : u_cpu/u_exu/N103/gateop_LUT6DL5_1(gopLUT6L5)
I: Place-6001: Add the new LUT instances CLMA_273_792(/devCL6L5Q) replicated by the LUT instance CLMS_291_799(/devAL6L5Q_S).
Origin u_cpu/u_exu/N94[9]/LUT6D_inst replicates:
    CLMA_273_792(/devCL6L5Q) : u_cpu/u_exu/N94[9]/LUT6D_inst_1(gopLUT6L5)
I: Place-6001: Add the new LUT instances CLMA_297_817(/devDL6L5Q) CLMA_285_840(/devDL6L5Q) replicated by the LUT instance CLMS_321_829(/devBL6L5Q_S).
Origin u_cpu/u_exu/u_csr/csr_rdata_46[3]_1/LUT6D_inst replicates:
    CLMA_297_817(/devDL6L5Q) : u_cpu/u_exu/u_csr/csr_rdata_46[3]_1/LUT6D_inst_1(gopLUT6L5)
    CLMA_285_840(/devDL6L5Q) : u_cpu/u_exu/u_csr/csr_rdata_46[3]_1/LUT6D_inst_2(gopLUT6L5)
Wirelength after detailed placement is 233908 and checksum is 58920AE098E347DD.
Timing-driven detailed placement takes 14.22 sec.

Worst slack is 1315, TNS after placement is 0.
Placement done.
Total placement takes 74.19 sec.
Finished placement.

Routing started.
Build routing arch for double attribute device.
Enter timing driven router mode.
Route thread size: 5
Building routing graph takes 31.50 sec.
Init coarse delay table.
Read place coarse delay table takes 1.59 sec.
Build SRB system takes 1.61 sec.
Setup STE netlist take 17793 msec.
Dispose control chain take 2496 msec.
Collect const net info take 962 msec.
Worst slack is 1315, TNS before route is 0.
Total nets for routing: 23389.
Total loads for routing: 113603.
Direct connect net size: 3454
Build all design net take 3996 msec.
Processing design graph takes 25.27 sec.
Delay table total memory: 72.75514603 MB
Route graph total memory: 329.61782932 MB
Route design total memory: 33.00607300 MB
Global routing takes 0.00 sec.
Total 23387 subnets.
Unrouted clock nets at iteration 0 (0.429 sec): 5
Unrouted clock nets at iteration 1 (0.315 sec): 3
Unrouted clock nets at iteration 2 (0.047 sec): 2
Unrouted clock nets at iteration 3 (0.040 sec): 2
Unrouted clock nets at iteration 4 (0.036 sec): 2
Unrouted clock nets at iteration 5 (0.026 sec): 2
Unrouted clock nets at iteration 6 (0.023 sec): 2
Unrouted clock nets at iteration 7 (0.023 sec): 2
Unrouted clock nets at iteration 8 (0.022 sec): 2
Unrouted clock nets at iteration 9 (0.017 sec): 0
Total route nets size: 23356
Pre route takes 22.521 sec
Unrouted general nets at iteration 11 (MT total route time: 9.990 sec): 20027(overused: 134009)
Unrouted general nets at iteration 12 (MT total route time: 9.839 sec): 17564(overused: 99011)
Unrouted general nets at iteration 13 (MT total route time: 8.645 sec): 15224(overused: 70815)
Unrouted general nets at iteration 14 (MT total route time: 7.350 sec): 13066(overused: 51422)
Unrouted general nets at iteration 15 (MT total route time: 6.149 sec): 11267(overused: 39587)
Unrouted general nets at iteration 16 (MT total route time: 5.040 sec): 8784(overused: 32409)
Unrouted general nets at iteration 17 (MT total route time: 4.865 sec): 7014(overused: 24930)
Unrouted general nets at iteration 18 (MT total route time: 4.031 sec): 5569(overused: 18878)
Unrouted general nets at iteration 19 (MT total route time: 3.971 sec): 4524(overused: 14128)
Unrouted general nets at iteration 20 (MT total route time: 3.765 sec): 3760(overused: 11572)
Unrouted general nets at iteration 21 (MT total route time: 2.968 sec): 3112(overused: 9042)
Unrouted general nets at iteration 22 (MT total route time: 2.574 sec): 2554(overused: 7034)
Unrouted general nets at iteration 23 (MT total route time: 2.191 sec): 2105(overused: 5613)
Unrouted general nets at iteration 24 (MT total route time: 2.010 sec): 1793(overused: 4719)
Unrouted general nets at iteration 25 (MT total route time: 1.724 sec): 1540(overused: 3754)
Unrouted general nets at iteration 26 (MT total route time: 1.357 sec): 1226(overused: 2872)
Unrouted general nets at iteration 27 (MT total route time: 1.149 sec): 1053(overused: 2358)
Unrouted general nets at iteration 28 (MT total route time: 1.147 sec): 919(overused: 2083)
Unrouted general nets at iteration 29 (MT total route time: 1.000 sec): 808(overused: 1741)
Unrouted general nets at iteration 30 (MT total route time: 0.843 sec): 675(overused: 1510)
Unrouted general nets at iteration 31 (MT total route time: 0.750 sec): 558(overused: 1228)
Unrouted general nets at iteration 32 (MT total route time: 0.623 sec): 472(overused: 975)
Unrouted general nets at iteration 33 (MT total route time: 0.585 sec): 411(overused: 813)
Unrouted general nets at iteration 34 (MT total route time: 0.468 sec): 335(overused: 661)
Unrouted general nets at iteration 35 (MT total route time: 0.503 sec): 313(overused: 634)
Unrouted general nets at iteration 36 (MT total route time: 0.460 sec): 274(overused: 524)
Unrouted general nets at iteration 37 (MT total route time: 0.410 sec): 250(overused: 478)
Unrouted general nets at iteration 38 (MT total route time: 0.386 sec): 206(overused: 416)
Unrouted general nets at iteration 39 (MT total route time: 0.378 sec): 197(overused: 365)
Unrouted general nets at iteration 40 (MT total route time: 0.339 sec): 172(overused: 328)
Unrouted general nets at iteration 41 (MT total route time: 0.360 sec): 186(overused: 358)
Unrouted general nets at iteration 42 (MT total route time: 0.303 sec): 119(overused: 194)
Unrouted general nets at iteration 43 (MT total route time: 0.257 sec): 86(overused: 150)
Unrouted general nets at iteration 44 (MT total route time: 0.226 sec): 84(overused: 140)
Unrouted general nets at iteration 45 (MT total route time: 0.211 sec): 90(overused: 144)
Unrouted general nets at iteration 46 (MT total route time: 0.206 sec): 70(overused: 108)
Unrouted general nets at iteration 47 (MT total route time: 0.214 sec): 53(overused: 106)
Unrouted general nets at iteration 48 (MT total route time: 0.190 sec): 43(overused: 70)
Unrouted general nets at iteration 49 (MT total route time: 0.188 sec): 29(overused: 48)
Unrouted general nets at iteration 50 (MT total route time: 0.169 sec): 19(overused: 30)
Unrouted general nets at iteration 51 (MT total route time: 0.168 sec): 17(overused: 22)
Unrouted general nets at iteration 52 (MT total route time: 0.157 sec): 11(overused: 18)
Unrouted general nets at iteration 53 (MT total route time: 0.148 sec): 9(overused: 14)
Unrouted general nets at iteration 54 (MT total route time: 0.143 sec): 9(overused: 20)
Unrouted general nets at iteration 55 (MT total route time: 0.153 sec): 5(overused: 10)
Unrouted general nets at iteration 56 (MT total route time: 0.154 sec): 3(overused: 6)
Unrouted general nets at iteration 57 (MT total route time: 0.153 sec): 2(overused: 2)
Unrouted general nets at iteration 58 (MT total route time: 0.155 sec): 0(overused: 0)
----General net take 0.185 sec(route net take 0.091 sec, inc cost take 0.094 sec, iter times: 1)
----const net route take 0.247 sec
Unrouted nets at iteration 59 (0.438 sec): 0
Detailed routing takes 151.22 sec.
I: Design net JTAG_TCK_in is routed by general path.
C: Route-2036: The clock path from GTP_INBUF_inst/opit_1:DI_TO_CLK to clkbufg_1/gopclkbufg:CLK is routed by SRB.
I: Design net flash_spi_sck is routed by general path.
C: Route-2036: The clock path from u_flash_ddr_boot/u_flash_reader/spi_sck/opit_0_inv_L6QL5Q:L5Q to GRS_INST/grs_ccs:UMCLK is routed by SRB.
I: Design net ntclkbufg_1 is routed by general path.
C: Route-2036: The clock path from clkbufg_1/gopclkbufg:CLKOUT to u_jtag/u_jtag_driver/jtag_TDO/opit_0_inv:CLK is routed by SRB.
Fix violation Finished.
Fix violation Finished.
Hold Violation Fix in router takes 119.90 sec.
Sort Original Nets take 0.068 sec
Build solution node for device pins which were mapped to more than one design pin take 0.266 sec
Total net: 23389, route succeed net: 23389
Generate routing result take 0.155 sec
Handle PERMUX permutation take 3.859 sec
Handle const net take 0.140 sec
Handle route through take 0.074 sec
Handle loads' routing node take 0.513 sec
Used SRB routing arc is 249729.
Finish routing takes 6.39 sec.
Total routing takes 354.07 sec.


Device Utilization Summary :
+-------------------------------------------------------------------------------------+
| Logic Utilization                 | Used      | Available     | Utilization(%)     
+-------------------------------------------------------------------------------------+
| Use of ADC                        | 0         | 1             | 0                  
| Use of ANALOG                     | 0         | 1             | 0                  
| Use of APM                        | 4         | 740           | 1                  
| Use of BKCL                       | 6         | 10            | 60                 
| Use of CCS                        | 1         | 1             | 100                
| Use of CLMA                       | 4105      | 30075         | 14                 
|   FF                              | 11376     | 240600        | 5                  
|   LUT                             | 10965     | 120300        | 10                 
|   LUT-FF pairs                    | 4858      | 120300        | 5                  
| Use of CLMS                       | 1298      | 9875          | 14                 
|   FF                              | 4134      | 79000         | 6                  
|   LUT                             | 3564      | 39500         | 10                 
|   LUT-FF pairs                    | 1943      | 39500         | 5                  
|   Distributed RAM                 | 774       | 39500         | 2                  
| Use of DDRPHY_CPD                 | 1         | 20            | 5                  
| Use of DDRPHY_IOCLK_DIV           | 2         | 10            | 20                 
| Use of DDR_PHY                    | 7         | 40            | 18                 
| Use of DRM                        | 10        | 415           | 3                  
| Use of GCLK_INBUF_SYN             | 0         | 40            | 0                  
| Use of GPLL                       | 3         | 10            | 30                 
| Use of GSEB                       | 0         | 512           | 0                  
| Use of HARD0                      | 1477      | 25050         | 6                  
| Use of HCKB                       | 11        | 120           | 10                 
|  HCKB dataused                    | 0         | 120           | 0                  
| Use of HCKMUX_TEST                | 0         | 10            | 0                  
| Use of HSSTLP                     | 0         | 2             | 0                  
| Use of IO                         | 118       | 400           | 30                 
|   IOBD                            | 63        | 192           | 33                 
|   IOBS                            | 55        | 208           | 27                 
| Use of IOCKB                      | 0         | 40            | 0                  
| Use of IOCKMUX_TEST               | 0         | 10            | 0                  
| Use of IOLHR                      | 117       | 500           | 24                 
| Use of KEYRAM                     | 0         | 1             | 0                  
| Use of MFG_TEST                   | 0         | 1             | 0                  
| Use of MRCKB                      | 1         | 20            | 5                  
| Use of MRCKMUX_TEST               | 0         | 10            | 0                  
| Use of MRPOSTMUX_TEST             | 0         | 10            | 0                  
| Use of PCIE                       | 0         | 1             | 0                  
| Use of PCKMUX_TEST                | 0         | 20            | 0                  
| Use of PLLMRMUX_TEST              | 0         | 10            | 0                  
| Use of PLLREFMUX_TEST             | 0         | 10            | 0                  
| Use of POSTGMUXLR_TEST            | 0         | 4             | 0                  
| Use of PPLL                       | 2         | 10            | 20                 
| Use of PREGMUXC_TEST              | 0         | 3             | 0                  
| Use of PREGMUXC_X16_200H_TEST     | 0         | 4             | 0                  
| Use of PREGMUXLR_TEST             | 0         | 10            | 0                  
| Use of RCKB                       | 2         | 40            | 5                  
|  RCKB dataused                    | 2         | 40            | 5                  
| Use of RCKMUX_TEST                | 0         | 10            | 0                  
| Use of SCANCHAIN                  | 0         | 1             | 0                  
| Use of SCKMUX_TEST                | 0         | 20            | 0                  
| Use of SFB                        | 0         | 5075          | 0                  
| Use of SPAD                       | 0         | 8             | 0                  
| Use of TSERDES                    | 14        | 80            | 18                 
| Use of USCM                       | 4         | 32            | 13                 
|  USCM dataused                    | 0         | 32            | 0                  
| Use of USCMMUX_TEST               | 0         | 32            | 0                  
+-------------------------------------------------------------------------------------+

Finished routing.
Design 'Hfpga_soc' has been placed and routed successfully.
Saving design to DB.
Finished placement and routing.
Action pnr: Real time elapsed is 0h:11m:40s
Action pnr: CPU time elapsed is 0h:3m:50s
Action pnr: Process CPU time elapsed is 0h:6m:40s
Current time: Tue Sep 29 21:12:41 2026
Action pnr: Peak memory pool usage is 3,375 MB
